[2025-11-12 02:05:24,229][src.utils.utils][INFO] - [rank: 0] Enforcing tags! <cfg.extras.enforce_tags=True>
[2025-11-12 02:05:24,239][src.utils.utils][WARNING] - [rank: 0] Config loss was not found in the config tree. Make sure this is expected.
[2025-11-12 02:05:27,240][src.utils.utils][INFO] - [rank: 0] Printing config tree with Rich! <cfg.extras.print_config=True>
[2025-11-12 02:05:27,241][src.utils.restart_job][INFO] - [rank: 0] should_skip_retry set to True. Skipping retry logic.
[2025-11-12 02:05:27,245][src.utils.launcher_utils][INFO] - [rank: 0] Instantiating datamodule <src.data.loading.datamodules.sequence_datamodule.ItemDataModule>
[2025-11-12 02:05:27,859][src.utils.launcher_utils][INFO] - [rank: 0] Instantiating model <src.modules.clustering.residual_quantization.ResidualQuantization>
[2025-11-12 02:05:28,123][root][INFO] - Device cpu: Verbose mode enabled
[2025-11-12 02:05:28,333][root][INFO] - Device cpu: Using custom training loop function
[2025-11-12 02:05:28,349][src.utils.launcher_utils][INFO] - [rank: 0] Instantiating callbacks...
[2025-11-12 02:05:28,350][src.utils.instantiators][INFO] - [rank: 0] Instantiating callback <lightning.pytorch.callbacks.ModelCheckpoint>
[2025-11-12 02:05:28,355][src.utils.instantiators][INFO] - [rank: 0] Instantiating callback <lightning.pytorch.callbacks.RichModelSummary>
[2025-11-12 02:05:28,357][src.utils.launcher_utils][INFO] - [rank: 0] Instantiating loggers...
[2025-11-12 02:05:28,358][src.utils.instantiators][INFO] - [rank: 0] Instantiating logger <lightning.pytorch.loggers.csv_logs.CSVLogger>
[2025-11-12 02:05:28,361][src.utils.launcher_utils][INFO] - [rank: 0] Instantiating trainer <lightning.pytorch.trainer.Trainer>
[2025-11-12 02:05:28,445][pytorch_lightning.utilities.rank_zero][INFO] - Using bfloat16 Automatic Mixed Precision (AMP)
[2025-11-12 02:05:28,446][pytorch_lightning.utilities.rank_zero][INFO] - Trainer already configured with model summary callbacks: [<class 'lightning.pytorch.callbacks.rich_model_summary.RichModelSummary'>]. Skipping setting a default `ModelSummary` callback.
[2025-11-12 02:05:28,482][pytorch_lightning.utilities.rank_zero][INFO] - GPU available: True (cuda), used: True
[2025-11-12 02:05:28,483][pytorch_lightning.utilities.rank_zero][INFO] - TPU available: False, using: 0 TPU cores
[2025-11-12 02:05:28,483][pytorch_lightning.utilities.rank_zero][INFO] - HPU available: False, using: 0 HPUs
[2025-11-12 02:05:28,484][src.utils.launcher_utils][INFO] - [rank: 0] Logging hyperparameters!
[2025-11-12 02:05:28,808][__main__][INFO] - [rank: 0] Starting training!
[2025-11-12 02:05:47,175][root][INFO] - Device cpu: Verbose mode enabled
[2025-11-12 02:05:47,192][root][INFO] - Device cpu: Verbose mode enabled
[2025-11-12 02:05:47,466][root][INFO] - Device cpu: Verbose mode enabled
[2025-11-12 02:05:47,581][root][INFO] - Device cpu: Using custom training loop function
[2025-11-12 02:05:47,602][root][INFO] - Device cpu: Using custom training loop function
[2025-11-12 02:05:47,776][root][INFO] - Device cpu: Using custom training loop function
[2025-11-12 02:05:48,066][pytorch_lightning.utilities.rank_zero][INFO] - ----------------------------------------------------------------------------------------------------
distributed_backend=nccl
All distributed processes registered. Starting with 4 processes
----------------------------------------------------------------------------------------------------

[2025-11-12 02:06:21,022][root][INFO] - Device cuda:0: Training layers one-at-a-time, each for 4 steps. Ensure that early stopping callbacks are disabled.
[2025-11-12 02:06:21,024][root][INFO] - Device cuda:1: Training layers one-at-a-time, each for 4 steps. Ensure that early stopping callbacks are disabled.
[2025-11-12 02:06:21,037][root][INFO] - Device cuda:3: Training layers one-at-a-time, each for 4 steps. Ensure that early stopping callbacks are disabled.
[2025-11-12 02:06:21,451][root][INFO] - Device cuda:2: Training layers one-at-a-time, each for 4 steps. Ensure that early stopping callbacks are disabled.
[2025-11-12 02:06:39,972][root][INFO] - Device cuda:0: Finished training layer 0 of 7
[2025-11-12 02:06:39,972][root][INFO] - Device cuda:2: Finished training layer 0 of 7
[2025-11-12 02:06:39,972][root][INFO] - Device cuda:1: Finished training layer 0 of 7
[2025-11-12 02:06:39,972][root][INFO] - Device cuda:3: Finished training layer 0 of 7
[2025-11-12 02:06:54,912][root][INFO] - Device cuda:0: Finished training layer 1 of 7
[2025-11-12 02:06:54,913][root][INFO] - Device cuda:1: Finished training layer 1 of 7
[2025-11-12 02:06:54,916][root][INFO] - Device cuda:2: Finished training layer 1 of 7
[2025-11-12 02:06:54,928][root][INFO] - Device cuda:3: Finished training layer 1 of 7
[2025-11-12 02:07:12,307][root][INFO] - Device cuda:2: Finished training layer 2 of 7
[2025-11-12 02:07:12,307][root][INFO] - Device cuda:1: Finished training layer 2 of 7
[2025-11-12 02:07:12,307][root][INFO] - Device cuda:3: Finished training layer 2 of 7
[2025-11-12 02:07:12,307][root][INFO] - Device cuda:0: Finished training layer 2 of 7
[2025-11-12 02:07:28,474][root][INFO] - Device cuda:2: Finished training layer 3 of 7
[2025-11-12 02:07:28,474][root][INFO] - Device cuda:0: Finished training layer 3 of 7
[2025-11-12 02:07:28,474][root][INFO] - Device cuda:1: Finished training layer 3 of 7
[2025-11-12 02:07:28,474][root][INFO] - Device cuda:3: Finished training layer 3 of 7
[2025-11-12 02:07:44,421][root][INFO] - Device cuda:1: Finished training layer 4 of 7
[2025-11-12 02:07:44,421][root][INFO] - Device cuda:0: Finished training layer 4 of 7
[2025-11-12 02:07:44,422][root][INFO] - Device cuda:2: Finished training layer 4 of 7
[2025-11-12 02:07:44,432][root][INFO] - Device cuda:3: Finished training layer 4 of 7
[2025-11-12 02:08:00,181][root][INFO] - Device cuda:0: Finished training layer 5 of 7
[2025-11-12 02:08:00,184][root][INFO] - Device cuda:1: Finished training layer 5 of 7
[2025-11-12 02:08:00,184][root][INFO] - Device cuda:2: Finished training layer 5 of 7
[2025-11-12 02:08:00,186][root][INFO] - Device cuda:3: Finished training layer 5 of 7
[2025-11-12 02:08:14,908][pytorch_lightning.utilities.rank_zero][INFO] - Epoch 0, global step 30: 'train/loss' reached 6.78853 (best 6.78853), saving model to '/data/mhwang/Rec/GRID/logs/train/runs/2025-11-12/02-05-24/checkpoints/checkpoint_000_000030.ckpt' as top 1
[2025-11-12 02:08:21,231][pytorch_lightning.utilities.rank_zero][INFO] - `Trainer.fit` stopped: `max_steps=30` reached.
[2025-11-12 02:08:47,926][__main__][INFO] - [rank: 0] Metrics: {'train/loss': tensor(43.5357), 'train/loss_step': tensor(6.7885), 'train/quantization_loss': tensor(43.5357), 'train/quantization_loss_step': tensor(6.7885), 'train/reconstruction_loss': tensor(0.), 'train/reconstruction_loss_step': tensor(0.), 'train/last_residuals_norm_ratio': tensor(0.0178), 'train/last_residuals_norm_ratio_step': tensor(0.0175), 'train/first_residuals_norm_ratio': tensor(0.0072), 'train/first_residuals_norm_ratio_step': tensor(0.0034), 'train/first_centroids_norm': tensor(11.2734), 'train/first_centroids_norm_step': tensor(15.7284), 'train/last_centroids_norm': tensor(0.), 'train/last_centroids_norm_step': tensor(0.), 'train/frac_unique_ids': tensor(0.5885), 'train/frac_unique_ids_step': tensor(0.9980), 'train/mse': tensor(0.0003), 'train/mse_step': tensor(0.0003), 'train/layer_0/frac_layer_coverages': tensor(0.6712), 'train/layer_0/frac_layer_coverages_step': tensor(0.8711), 'train/layer_1/frac_layer_coverages': tensor(0.5173), 'train/layer_1/frac_layer_coverages_step': tensor(0.9062), 'train/layer_2/frac_layer_coverages': tensor(0.5511), 'train/layer_2/frac_layer_coverages_step': tensor(0.9531), 'train/layer_3/frac_layer_coverages': tensor(0.4153), 'train/layer_3/frac_layer_coverages_step': tensor(0.9609), 'train/layer_4/frac_layer_coverages': tensor(0.4149), 'train/layer_4/frac_layer_coverages_step': tensor(0.9727), 'train/layer_5/frac_layer_coverages': tensor(0.1815), 'train/layer_5/frac_layer_coverages_step': tensor(1.), 'train/layer_6/frac_layer_coverages': tensor(0.0039), 'train/layer_6/frac_layer_coverages_step': tensor(0.0039), 'train/layer_0/id_entropy': tensor(3.8029), 'train/layer_0/id_entropy_step': tensor(5.0717), 'train/layer_1/id_entropy': tensor(2.8886), 'train/layer_1/id_entropy_step': tensor(5.0312), 'train/layer_2/id_entropy': tensor(2.9508), 'train/layer_2/id_entropy_step': tensor(5.1424), 'train/layer_3/id_entropy': tensor(2.2485), 'train/layer_3/id_entropy_step': tensor(5.2126), 'train/layer_4/id_entropy': tensor(2.2181), 'train/layer_4/id_entropy_step': tensor(5.1067), 'train/layer_5/id_entropy': tensor(0.9649), 'train/layer_5/id_entropy_step': tensor(5.4200), 'train/layer_6/id_entropy': tensor(1.1921e-07), 'train/layer_6/id_entropy_step': tensor(1.1921e-07), 'train/loss_epoch': tensor(43.5357), 'train/quantization_loss_epoch': tensor(43.5357), 'train/reconstruction_loss_epoch': tensor(0.), 'train/last_residuals_norm_ratio_epoch': tensor(0.0178), 'train/first_residuals_norm_ratio_epoch': tensor(0.0072), 'train/first_centroids_norm_epoch': tensor(11.2734), 'train/last_centroids_norm_epoch': tensor(0.), 'train/frac_unique_ids_epoch': tensor(0.5885), 'train/mse_epoch': tensor(0.0003), 'train/layer_0/frac_layer_coverages_epoch': tensor(0.6712), 'train/layer_1/frac_layer_coverages_epoch': tensor(0.5173), 'train/layer_2/frac_layer_coverages_epoch': tensor(0.5511), 'train/layer_3/frac_layer_coverages_epoch': tensor(0.4153), 'train/layer_4/frac_layer_coverages_epoch': tensor(0.4149), 'train/layer_5/frac_layer_coverages_epoch': tensor(0.1815), 'train/layer_6/frac_layer_coverages_epoch': tensor(0.0039), 'train/layer_0/id_entropy_epoch': tensor(3.8029), 'train/layer_1/id_entropy_epoch': tensor(2.8886), 'train/layer_2/id_entropy_epoch': tensor(2.9508), 'train/layer_3/id_entropy_epoch': tensor(2.2485), 'train/layer_4/id_entropy_epoch': tensor(2.2181), 'train/layer_5/id_entropy_epoch': tensor(0.9649), 'train/layer_6/id_entropy_epoch': tensor(1.1921e-07)}
