[2025-09-21 16:48:04,056][src.utils.utils][INFO] - [rank: 0] Enforcing tags! <cfg.extras.enforce_tags=True>
[2025-09-21 16:48:04,061][src.utils.utils][INFO] - [rank: 0] Printing config tree with Rich! <cfg.extras.print_config=True>
[2025-09-21 16:48:04,061][src.utils.restart_job][INFO] - [rank: 0] should_skip_retry set to True. Skipping retry logic.
[2025-09-21 16:48:04,063][src.utils.launcher_utils][INFO] - [rank: 0] Instantiating datamodule <src.data.loading.datamodules.sequence_datamodule.SequenceDataModule>
[2025-09-21 16:48:04,111][src.utils.launcher_utils][INFO] - [rank: 0] Instantiating model <src.models.modules.semantic_id.tiger_generation_model.SemanticIDEncoderDecoder>
[2025-09-21 16:48:04,382][src.utils.launcher_utils][INFO] - [rank: 0] Instantiating callbacks...
[2025-09-21 16:48:04,383][src.utils.instantiators][INFO] - [rank: 0] Instantiating callback <lightning.pytorch.callbacks.ModelCheckpoint>
[2025-09-21 16:48:04,385][src.utils.instantiators][INFO] - [rank: 0] Instantiating callback <lightning.pytorch.callbacks.EarlyStopping>
[2025-09-21 16:48:04,387][src.utils.instantiators][INFO] - [rank: 0] Instantiating callback <lightning.pytorch.callbacks.RichModelSummary>
[2025-09-21 16:48:04,388][src.utils.instantiators][INFO] - [rank: 0] Instantiating callback <src.utils.restart_job.RestartAndLoadCheckpointCallback>
[2025-09-21 16:48:04,390][src.utils.restart_job_utils][INFO] - [rank: 0] Trying to load metadata from /data/mhwang/Rec/GRID/logs/train/runs/2025-09-21/16-48-03/metadata/restart_metadata.json
[2025-09-21 16:48:04,390][src.utils.restart_job_utils][WARNING] - [rank: 0] Metadata file not found at /data/mhwang/Rec/GRID/logs/train/runs/2025-09-21/16-48-03/metadata/restart_metadata.json. Creating empty metadata.
[2025-09-21 16:48:04,390][src.utils.restart_job_utils][INFO] - [rank: 0] Saving metadata to /data/mhwang/Rec/GRID/logs/train/runs/2025-09-21/16-48-03/metadata/restart_metadata.json. {'start_time': '2025-09-21T16:48:04.390384', 'restarts': [], 'current_run': 0, 'used_ports': [], 'world_size': 0, 'node_rank': 0, 'master_addr': '', 'original_args': ['/data/mhwang/Rec/GRID/src/train.py', 'experiment=tiger_train_flat', 'data_dir=/data/mhwang/Rec/GRID/amazon_data/beauty', 'semantic_id_path=/data/mhwang/Rec/GRID/logs/inference/runs/2025-09-21/16-36-33/pickle/merged_predictions_tensor.pt', 'num_hierarchies=4', '++should_skip_retry=True']}
[2025-09-21 16:48:04,390][src.utils.launcher_utils][INFO] - [rank: 0] Instantiating loggers...
[2025-09-21 16:48:04,391][src.utils.instantiators][INFO] - [rank: 0] Instantiating logger <lightning.pytorch.loggers.csv_logs.CSVLogger>
[2025-09-21 16:48:04,392][src.utils.launcher_utils][INFO] - [rank: 0] Instantiating trainer <lightning.pytorch.trainer.Trainer>
[2025-09-21 16:48:04,393][src.utils.restart_job_utils][INFO] - [rank: 0] Trying to load metadata from /data/mhwang/Rec/GRID/logs/train/runs/2025-09-21/16-48-03/metadata/restart_metadata.json
[2025-09-21 16:48:04,394][src.utils.restart_job_utils][INFO] - [rank: 0] Metadata loaded successfully from /data/mhwang/Rec/GRID/logs/train/runs/2025-09-21/16-48-03/metadata/restart_metadata.json
[2025-09-21 16:48:04,394][src.utils.restart_job_utils][INFO] - [rank: 0] Retrieved current_run: 0 from metadata /data/mhwang/Rec/GRID/logs/train/runs/2025-09-21/16-48-03/metadata/restart_metadata.json
[2025-09-21 16:48:04,517][src.utils.launcher_utils][INFO] - [rank: 0] Logging hyperparameters!
[2025-09-21 16:48:04,706][__main__][INFO] - [rank: 0] Starting training!
[2025-09-21 16:48:16,335][src.utils.restart_job_utils][INFO] - [rank: 0] Saving metadata to /data/mhwang/Rec/GRID/logs/train/runs/2025-09-21/16-48-03/metadata/restart_metadata.json. {'start_time': '2025-09-21T16:48:04.390384', 'restarts': [], 'current_run': 0, 'used_ports': ['48903'], 'world_size': 3, 'node_rank': 0, 'master_addr': '127.0.0.1', 'original_args': ['/data/mhwang/Rec/GRID/src/train.py', 'experiment=tiger_train_flat', 'data_dir=/data/mhwang/Rec/GRID/amazon_data/beauty', 'semantic_id_path=/data/mhwang/Rec/GRID/logs/inference/runs/2025-09-21/16-36-33/pickle/merged_predictions_tensor.pt', 'num_hierarchies=4', '++should_skip_retry=True']}
[2025-09-21 21:36:46,843][__main__][INFO] - [rank: 0] Starting testing!
[2025-09-21 21:38:28,042][__main__][INFO] - [rank: 0] Best ckpt path: /data/mhwang/Rec/GRID/logs/train/runs/2025-09-21/16-48-03/checkpoints/checkpoint_epoch=000_step=002400.ckpt
[2025-09-21 21:38:28,048][__main__][INFO] - [rank: 0] Metrics: {'train/loss': tensor(7.3980), 'train/loss_step': tensor(7.6527), 'val/loss': tensor(10.1191), 'val/ndcg@5': tensor(0.0372), 'val/ndcg@10': tensor(0.0439), 'val/recall@5': tensor(0.0525), 'val/recall@10': tensor(0.0731), 'train/loss_epoch': tensor(7.3980), 'test/loss': tensor(9.9608), 'test/ndcg@5': tensor(0.0256), 'test/ndcg@10': tensor(0.0314), 'test/recall@5': tensor(0.0377), 'test/recall@10': tensor(0.0556)}
