[2025-09-29 13:56:43,962][src.utils.utils][INFO] - [rank: 0] Enforcing tags! <cfg.extras.enforce_tags=True>
[2025-09-29 13:56:43,971][src.utils.utils][WARNING] - [rank: 0] Config loss was not found in the config tree. Make sure this is expected.
[2025-09-29 13:56:43,971][src.utils.utils][WARNING] - [rank: 0] Config optim was not found in the config tree. Make sure this is expected.
[2025-09-29 13:56:43,972][src.utils.utils][WARNING] - [rank: 0] Config eval was not found in the config tree. Make sure this is expected.
[2025-09-29 13:56:46,972][src.utils.utils][INFO] - [rank: 0] Printing config tree with Rich! <cfg.extras.print_config=True>
[2025-09-29 13:56:46,976][src.utils.launcher_utils][INFO] - [rank: 0] Instantiating datamodule <src.data.loading.datamodules.sequence_datamodule.SequenceDataModule>
[2025-09-29 13:56:47,011][src.utils.launcher_utils][INFO] - [rank: 0] Instantiating model <src.models.modules.semantic_id.tiger_generation_model.SemanticIDEncoderDecoder>
[2025-09-29 13:56:48,161][src.utils.launcher_utils][INFO] - [rank: 0] Instantiating callbacks...
[2025-09-29 13:56:48,162][src.utils.instantiators][INFO] - [rank: 0] Instantiating callback <src.utils.inference_utils.LocalPickleWriter>
[2025-09-29 13:56:48,400][src.utils.launcher_utils][INFO] - [rank: 0] Instantiating loggers...
[2025-09-29 13:56:48,401][src.utils.instantiators][INFO] - [rank: 0] Instantiating logger <lightning.pytorch.loggers.csv_logs.CSVLogger>
[2025-09-29 13:56:48,405][src.utils.launcher_utils][INFO] - [rank: 0] Instantiating trainer <lightning.pytorch.trainer.Trainer>
[2025-09-29 13:56:48,505][src.utils.launcher_utils][INFO] - [rank: 0] Logging hyperparameters!
[2025-09-29 13:56:48,729][__main__][INFO] - [rank: 0] Starting inference!
[2025-09-29 13:57:09,862][src.utils.inference_utils][INFO] - Rank 1 initialized for inference.
[2025-09-29 13:57:09,862][src.utils.inference_utils][INFO] - Rank 0 initialized for inference.
[2025-09-29 13:57:45,056][src.utils.inference_utils][INFO] - Global Rank: 0 wrote 9684 rows to /data/mhwang/Rec/GRID/logs/inference/runs/2025-09-29/13-56-43/pickle/predictions_0_20250929T055744978.pkl.
[2025-09-29 13:57:45,075][src.utils.inference_utils][INFO] - Rank 0 finished writing predictions.
[2025-09-29 13:57:45,110][src.utils.inference_utils][INFO] - Global Rank: 1 wrote 9728 rows to /data/mhwang/Rec/GRID/logs/inference/runs/2025-09-29/13-56-43/pickle/predictions_1_20250929T055745029.pkl.
[2025-09-29 13:57:45,129][src.utils.inference_utils][INFO] - Rank 1 finished writing predictions.
[2025-09-29 13:57:45,130][src.utils.inference_utils][INFO] - Merging pickle files on main process.
[2025-09-29 13:57:45,546][src.utils.inference_utils][INFO] - Merged 19412 rows into merged_predictions.pkl.
[2025-09-29 13:57:46,242][src.utils.inference_utils][INFO] - Merged 19412 rows into merged_predictions_tensor.pt. as pytorch tensor
