[2025-12-02 00:47:41,317][src.utils.utils][INFO] - [rank: 0] Enforcing tags! <cfg.extras.enforce_tags=True>
[2025-12-02 00:47:41,326][src.utils.utils][INFO] - [rank: 0] Printing config tree with Rich! <cfg.extras.print_config=True>
[2025-12-02 00:47:41,327][src.utils.restart_job][INFO] - [rank: 0] should_skip_retry set to True. Skipping retry logic.
[2025-12-02 00:47:41,354][src.utils.launcher_utils][INFO] - [rank: 0] Instantiating datamodule <src.data.loading.datamodules.sequence_datamodule.SequenceDataModule>
[2025-12-02 00:47:41,468][src.utils.launcher_utils][INFO] - [rank: 0] Instantiating model <src.models.modules.semantic_id.tiger_generation_model.SemanticIDEncoderDecoder>
[2025-12-02 00:47:41,792][src.models.modules.semantic_id.tiger_generation_model][INFO] - [rank: 0] 初始化并行生成模型
[2025-12-02 00:47:42,178][src.utils.launcher_utils][INFO] - [rank: 0] Instantiating callbacks...
[2025-12-02 00:47:42,179][src.utils.instantiators][INFO] - [rank: 0] Instantiating callback <lightning.pytorch.callbacks.ModelCheckpoint>
[2025-12-02 00:47:42,185][src.utils.instantiators][INFO] - [rank: 0] Instantiating callback <lightning.pytorch.callbacks.EarlyStopping>
[2025-12-02 00:47:42,188][src.utils.instantiators][INFO] - [rank: 0] Instantiating callback <lightning.pytorch.callbacks.RichModelSummary>
[2025-12-02 00:47:42,189][src.utils.instantiators][INFO] - [rank: 0] Instantiating callback <src.utils.restart_job.RestartAndLoadCheckpointCallback>
[2025-12-02 00:47:42,192][src.utils.restart_job_utils][INFO] - [rank: 0] Trying to load metadata from /data/mhwang/Rec/GRID/logs/train/runs/2025-12-02/00-47-41/metadata/restart_metadata.json
[2025-12-02 00:47:42,193][src.utils.restart_job_utils][WARNING] - [rank: 0] Metadata file not found at /data/mhwang/Rec/GRID/logs/train/runs/2025-12-02/00-47-41/metadata/restart_metadata.json. Creating empty metadata.
[2025-12-02 00:47:42,193][src.utils.restart_job_utils][INFO] - [rank: 0] Saving metadata to /data/mhwang/Rec/GRID/logs/train/runs/2025-12-02/00-47-41/metadata/restart_metadata.json. {'start_time': '2025-12-02T00:47:42.193706', 'restarts': [], 'current_run': 0, 'used_ports': [], 'world_size': 0, 'node_rank': 0, 'master_addr': '', 'original_args': ['/data/mhwang/Rec/GRID/src/train.py', 'experiment=tiger_train_flat', 'data_dir=/data/mhwang/Rec/GRID/amazon_data/beauty', 'semantic_id_path=/data/mhwang/Rec/GRID/logs/inference/runs/2025-09-15/20-54-16/pickle/merged_predictions_tensor.pt', 'num_hierarchies=4', '++should_skip_retry=True']}
[2025-12-02 00:47:42,194][src.utils.launcher_utils][INFO] - [rank: 0] Instantiating loggers...
[2025-12-02 00:47:42,194][src.utils.instantiators][INFO] - [rank: 0] Instantiating logger <lightning.pytorch.loggers.csv_logs.CSVLogger>
[2025-12-02 00:47:42,197][src.utils.launcher_utils][INFO] - [rank: 0] Instantiating trainer <lightning.pytorch.trainer.Trainer>
[2025-12-02 00:47:42,199][src.utils.restart_job_utils][INFO] - [rank: 0] Trying to load metadata from /data/mhwang/Rec/GRID/logs/train/runs/2025-12-02/00-47-41/metadata/restart_metadata.json
[2025-12-02 00:47:42,200][src.utils.restart_job_utils][INFO] - [rank: 0] Metadata loaded successfully from /data/mhwang/Rec/GRID/logs/train/runs/2025-12-02/00-47-41/metadata/restart_metadata.json
[2025-12-02 00:47:42,200][src.utils.restart_job_utils][INFO] - [rank: 0] Retrieved current_run: 0 from metadata /data/mhwang/Rec/GRID/logs/train/runs/2025-12-02/00-47-41/metadata/restart_metadata.json
[2025-12-02 00:47:42,328][src.utils.launcher_utils][INFO] - [rank: 0] Logging hyperparameters!
[2025-12-02 00:47:43,650][__main__][INFO] - [rank: 0] Starting training!
[2025-12-02 00:47:47,806][src.utils.restart_job_utils][INFO] - [rank: 0] Saving metadata to /data/mhwang/Rec/GRID/logs/train/runs/2025-12-02/00-47-41/metadata/restart_metadata.json. {'start_time': '2025-12-02T00:47:42.193706', 'restarts': [], 'current_run': 0, 'used_ports': ['34677'], 'world_size': 1, 'node_rank': 0, 'master_addr': '127.0.0.1', 'original_args': ['/data/mhwang/Rec/GRID/src/train.py', 'experiment=tiger_train_flat', 'data_dir=/data/mhwang/Rec/GRID/amazon_data/beauty', 'semantic_id_path=/data/mhwang/Rec/GRID/logs/inference/runs/2025-09-15/20-54-16/pickle/merged_predictions_tensor.pt', 'num_hierarchies=4', '++should_skip_retry=True']}
[2025-12-02 19:19:12,434][__main__][INFO] - [rank: 0] Starting testing!
[2025-12-02 19:25:01,883][__main__][INFO] - [rank: 0] Best ckpt path: /data/mhwang/Rec/GRID/logs/train/runs/2025-12-02/00-47-41/checkpoints/checkpoint_epoch=000_step=024375.ckpt
[2025-12-02 19:25:01,933][__main__][INFO] - [rank: 0] Metrics: {'train/loss': tensor(12.9262), 'train/loss_step': tensor(16.0099), 'val/loss': tensor(16.7860), 'val/ndcg@5': tensor(0.0119), 'val/ndcg@10': tensor(0.0119), 'val/recall@5': tensor(0.0154), 'val/recall@10': tensor(0.0154), 'train/loss_epoch': tensor(12.9262), 'test/loss': tensor(17.5246), 'test/ndcg@5': tensor(0.0081), 'test/ndcg@10': tensor(0.0081), 'test/recall@5': tensor(0.0102), 'test/recall@10': tensor(0.0102)}
