[2025-11-13 23:39:20,141][src.utils.utils][INFO] - [rank: 0] Enforcing tags! <cfg.extras.enforce_tags=True>
[2025-11-13 23:39:20,153][src.utils.utils][WARNING] - [rank: 0] Config loss was not found in the config tree. Make sure this is expected.
[2025-11-13 23:39:20,154][src.utils.utils][WARNING] - [rank: 0] Config optim was not found in the config tree. Make sure this is expected.
[2025-11-13 23:39:20,154][src.utils.utils][WARNING] - [rank: 0] Config eval was not found in the config tree. Make sure this is expected.
[2025-11-13 23:39:23,155][src.utils.utils][INFO] - [rank: 0] Printing config tree with Rich! <cfg.extras.print_config=True>
[2025-11-13 23:39:23,160][src.utils.launcher_utils][INFO] - [rank: 0] Instantiating datamodule <src.data.loading.datamodules.sequence_datamodule.ItemDataModule>
[2025-11-13 23:39:23,418][src.utils.launcher_utils][INFO] - [rank: 0] Instantiating model <src.modules.clustering.residual_quantization.ResidualQuantization>
[2025-11-13 23:39:23,842][root][INFO] - Device cpu: Verbose mode enabled
[2025-11-13 23:39:23,925][root][INFO] - Device cpu: Using custom training loop function
[2025-11-13 23:39:23,935][src.utils.launcher_utils][INFO] - [rank: 0] Instantiating callbacks...
[2025-11-13 23:39:23,936][src.utils.instantiators][INFO] - [rank: 0] Instantiating callback <src.utils.inference_utils.LocalPickleWriter>
[2025-11-13 23:39:24,223][src.utils.launcher_utils][INFO] - [rank: 0] Instantiating loggers...
[2025-11-13 23:39:24,224][src.utils.instantiators][INFO] - [rank: 0] Instantiating logger <lightning.pytorch.loggers.csv_logs.CSVLogger>
[2025-11-13 23:39:24,228][src.utils.launcher_utils][INFO] - [rank: 0] Instantiating trainer <lightning.pytorch.trainer.Trainer>
[2025-11-13 23:39:24,333][pytorch_lightning.utilities.rank_zero][INFO] - Using bfloat16 Automatic Mixed Precision (AMP)
[2025-11-13 23:39:24,371][pytorch_lightning.utilities.rank_zero][INFO] - GPU available: True (cuda), used: True
[2025-11-13 23:39:24,372][pytorch_lightning.utilities.rank_zero][INFO] - TPU available: False, using: 0 TPU cores
[2025-11-13 23:39:24,372][pytorch_lightning.utilities.rank_zero][INFO] - HPU available: False, using: 0 HPUs
[2025-11-13 23:39:24,373][src.utils.launcher_utils][INFO] - [rank: 0] Logging hyperparameters!
[2025-11-13 23:39:24,646][__main__][INFO] - [rank: 0] Starting inference!
[2025-11-13 23:39:24,866][pytorch_lightning.utilities.rank_zero][INFO] - You are using a CUDA device ('NVIDIA A800 80GB PCIe') that has Tensor Cores. To properly utilize them, you should set `torch.set_float32_matmul_precision('medium' | 'high')` which will trade-off precision for performance. For more details, read https://pytorch.org/docs/stable/generated/torch.set_float32_matmul_precision.html#torch.set_float32_matmul_precision
[2025-11-13 23:39:45,646][root][INFO] - Device cpu: Verbose mode enabled
[2025-11-13 23:39:45,705][root][INFO] - Device cpu: Using custom training loop function
[2025-11-13 23:39:46,786][root][INFO] - Device cpu: Verbose mode enabled
[2025-11-13 23:39:46,821][root][INFO] - Device cpu: Verbose mode enabled
[2025-11-13 23:39:46,849][root][INFO] - Device cpu: Using custom training loop function
[2025-11-13 23:39:46,937][root][INFO] - Device cpu: Using custom training loop function
[2025-11-13 23:39:47,607][pytorch_lightning.utilities.rank_zero][INFO] - ----------------------------------------------------------------------------------------------------
distributed_backend=nccl
All distributed processes registered. Starting with 4 processes
----------------------------------------------------------------------------------------------------

[2025-11-13 23:39:51,971][src.utils.inference_utils][INFO] - Rank 1 initialized for inference.
[2025-11-13 23:39:51,973][src.utils.inference_utils][INFO] - Rank 0 initialized for inference.
[2025-11-13 23:39:51,975][src.utils.inference_utils][INFO] - Rank 2 initialized for inference.
[2025-11-13 23:39:51,976][src.utils.inference_utils][INFO] - Rank 3 initialized for inference.
[2025-11-13 23:39:51,980][pytorch_lightning.utilities.rank_zero][INFO] - Restoring states from the checkpoint path at /data/mhwang/Rec/GRID/logs/train/runs/2025-11-13/22-45-12/checkpoints/checkpoint_000_000030.ckpt
[2025-11-13 23:39:52,828][pytorch_lightning.utilities.rank_zero][INFO] - Loaded model weights from the checkpoint at /data/mhwang/Rec/GRID/logs/train/runs/2025-11-13/22-45-12/checkpoints/checkpoint_000_000030.ckpt
[2025-11-13 23:39:58,935][src.utils.inference_utils][INFO] - Global Rank: 2 wrote 2885 rows to /data/mhwang/Rec/GRID/logs/inference/runs/2025-11-13/23-39-19/pickle/predictions_2_20251113T153958931.pkl.
[2025-11-13 23:39:58,938][src.utils.inference_utils][INFO] - Rank 2 finished writing predictions.
[2025-11-13 23:39:59,621][src.utils.inference_utils][INFO] - Global Rank: 0 wrote 3072 rows to /data/mhwang/Rec/GRID/logs/inference/runs/2025-11-13/23-39-19/pickle/predictions_0_20251113T153959617.pkl.
[2025-11-13 23:39:59,623][src.utils.inference_utils][INFO] - Rank 0 finished writing predictions.
[2025-11-13 23:39:59,802][src.utils.inference_utils][INFO] - Global Rank: 3 wrote 3072 rows to /data/mhwang/Rec/GRID/logs/inference/runs/2025-11-13/23-39-19/pickle/predictions_3_20251113T153959798.pkl.
[2025-11-13 23:39:59,805][src.utils.inference_utils][INFO] - Rank 3 finished writing predictions.
[2025-11-13 23:40:04,046][src.utils.inference_utils][INFO] - Global Rank: 1 wrote 3072 rows to /data/mhwang/Rec/GRID/logs/inference/runs/2025-11-13/23-39-19/pickle/predictions_1_20251113T154004042.pkl.
[2025-11-13 23:40:04,048][src.utils.inference_utils][INFO] - Rank 1 finished writing predictions.
[2025-11-13 23:40:04,055][src.utils.inference_utils][INFO] - Merging pickle files on main process.
[2025-11-13 23:40:04,117][src.utils.inference_utils][INFO] - Merged 12101 rows into merged_predictions.pkl.
[2025-11-13 23:40:04,266][src.utils.inference_utils][INFO] - Merged 12101 rows into merged_predictions_tensor.pt. as pytorch tensor
