[2025-09-21 23:39:28,789][src.utils.utils][INFO] - [rank: 0] Enforcing tags! <cfg.extras.enforce_tags=True>
[2025-09-21 23:39:28,796][src.utils.utils][INFO] - [rank: 0] Printing config tree with Rich! <cfg.extras.print_config=True>
[2025-09-21 23:39:28,797][src.utils.restart_job][INFO] - [rank: 0] should_skip_retry set to True. Skipping retry logic.
[2025-09-21 23:39:28,799][src.utils.launcher_utils][INFO] - [rank: 0] Instantiating datamodule <src.data.loading.datamodules.sequence_datamodule.SequenceDataModule>
[2025-09-21 23:39:28,835][src.utils.decorators][WARNING] - [rank: 0] [Errno 2] No such file or directory: '/data/mhwang/Rec/GRID/logs/inference/runs/2025-09-21/23-35-30/merged_predictions_tensor.pt', Retrying src.utils.file_utils:open_local_or_remote in 3 seconds...
[2025-09-21 23:39:31,835][src.utils.decorators][WARNING] - [rank: 0] [Errno 2] No such file or directory: '/data/mhwang/Rec/GRID/logs/inference/runs/2025-09-21/23-35-30/merged_predictions_tensor.pt', Retrying src.utils.file_utils:open_local_or_remote in 6 seconds...
[2025-09-21 23:39:37,836][src.utils.decorators][WARNING] - [rank: 0] [Errno 2] No such file or directory: '/data/mhwang/Rec/GRID/logs/inference/runs/2025-09-21/23-35-30/merged_predictions_tensor.pt', Retrying src.utils.file_utils:open_local_or_remote in 12 seconds...
[2025-09-21 23:39:49,837][src.utils.decorators][WARNING] - [rank: 0] [Errno 2] No such file or directory: '/data/mhwang/Rec/GRID/logs/inference/runs/2025-09-21/23-35-30/merged_predictions_tensor.pt', Retrying src.utils.file_utils:open_local_or_remote in 24 seconds...
[2025-09-21 23:40:13,838][src.utils.decorators][WARNING] - [rank: 0] [Errno 2] No such file or directory: '/data/mhwang/Rec/GRID/logs/inference/runs/2025-09-21/23-35-30/merged_predictions_tensor.pt', Retrying src.utils.file_utils:open_local_or_remote in 48 seconds...
[2025-09-21 23:41:01,838][src.utils.decorators][ERROR] - [rank: 0] Failed for the last time: [Errno 2] No such file or directory: '/data/mhwang/Rec/GRID/logs/inference/runs/2025-09-21/23-35-30/merged_predictions_tensor.pt'
Traceback (most recent call last):
  File "/data/mhwang/Rec/GRID/src/utils/decorators.py", line 135, in f_retry
    ret_val = fn(*args, **kwargs)
              ^^^^^^^^^^^^^^^^^^^
  File "/data/mhwang/Rec/GRID/src/utils/decorators.py", line 121, in fn
    return f(*args, **kwargs)
           ^^^^^^^^^^^^^^^^^^
  File "/data/mhwang/Rec/GRID/src/utils/file_utils.py", line 40, in open_local_or_remote
    return fs.open(file_path, mode)
           ^^^^^^^^^^^^^^^^^^^^^^^^
  File "/data_sdc/mhwang/miniconda3/envs/GRs/lib/python3.12/site-packages/fsspec/spec.py", line 1303, in open
    f = self._open(
        ^^^^^^^^^^^
  File "/data_sdc/mhwang/miniconda3/envs/GRs/lib/python3.12/site-packages/fsspec/implementations/local.py", line 195, in _open
    return LocalFileOpener(path, mode, fs=self, **kwargs)
           ^^^^^^^^^^^^^^^^^^^^^^^^^^^^^^^^^^^^^^^^^^^^^^
  File "/data_sdc/mhwang/miniconda3/envs/GRs/lib/python3.12/site-packages/fsspec/implementations/local.py", line 359, in __init__
    self._open()
  File "/data_sdc/mhwang/miniconda3/envs/GRs/lib/python3.12/site-packages/fsspec/implementations/local.py", line 364, in _open
    self.f = open(self.path, mode=self.mode)
             ^^^^^^^^^^^^^^^^^^^^^^^^^^^^^^^
FileNotFoundError: [Errno 2] No such file or directory: '/data/mhwang/Rec/GRID/logs/inference/runs/2025-09-21/23-35-30/merged_predictions_tensor.pt'
