[2025-11-12 22:50:44,700][src.utils.utils][INFO] - [rank: 0] Enforcing tags! <cfg.extras.enforce_tags=True>
[2025-11-12 22:50:44,710][src.utils.utils][WARNING] - [rank: 0] Config loss was not found in the config tree. Make sure this is expected.
[2025-11-12 22:50:44,711][src.utils.utils][WARNING] - [rank: 0] Config optim was not found in the config tree. Make sure this is expected.
[2025-11-12 22:50:44,712][src.utils.utils][WARNING] - [rank: 0] Config eval was not found in the config tree. Make sure this is expected.
[2025-11-12 22:50:47,713][src.utils.utils][INFO] - [rank: 0] Printing config tree with Rich! <cfg.extras.print_config=True>
[2025-11-12 22:50:47,717][src.utils.launcher_utils][INFO] - [rank: 0] Instantiating datamodule <src.data.loading.datamodules.sequence_datamodule.SequenceDataModule>
[2025-11-12 22:50:47,807][src.utils.launcher_utils][INFO] - [rank: 0] Instantiating model <src.models.modules.semantic_id.tiger_generation_model.SemanticIDEncoderDecoder>
[2025-11-12 22:50:48,050][src.models.modules.semantic_id.tiger_generation_model][INFO] - [rank: 0] i am here
[2025-11-12 22:50:48,419][src.utils.launcher_utils][INFO] - [rank: 0] Instantiating callbacks...
[2025-11-12 22:50:48,419][src.utils.instantiators][INFO] - [rank: 0] Instantiating callback <src.utils.inference_utils.LocalPickleWriter>
[2025-11-12 22:50:48,637][src.utils.launcher_utils][INFO] - [rank: 0] Instantiating loggers...
[2025-11-12 22:50:48,638][src.utils.instantiators][INFO] - [rank: 0] Instantiating logger <lightning.pytorch.loggers.csv_logs.CSVLogger>
[2025-11-12 22:50:48,641][src.utils.launcher_utils][INFO] - [rank: 0] Instantiating trainer <lightning.pytorch.trainer.Trainer>
[2025-11-12 22:50:48,761][src.utils.launcher_utils][INFO] - [rank: 0] Logging hyperparameters!
[2025-11-12 22:50:48,991][__main__][INFO] - [rank: 0] Starting inference!
[2025-11-12 22:51:12,036][src.utils.inference_utils][INFO] - Rank 3 initialized for inference.
[2025-11-12 22:51:12,036][src.utils.inference_utils][INFO] - Rank 1 initialized for inference.
[2025-11-12 22:51:12,037][src.utils.inference_utils][INFO] - Rank 2 initialized for inference.
[2025-11-12 22:51:12,041][src.utils.inference_utils][INFO] - Rank 0 initialized for inference.
[2025-11-12 22:51:18,553][src.models.modules.semantic_id.tiger_generation_model][INFO] - [rank: 0] 开始统计训练集中的item流行度...
[2025-11-12 22:51:18,559][src.models.modules.semantic_id.tiger_generation_model][INFO] - [rank: 0] 训练集dataloader类型: <class 'tuple'>
[2025-11-12 22:51:18,560][src.models.modules.semantic_id.tiger_generation_model][INFO] - [rank: 0] 实际dataloader类型: <class 'src.data.loading.components.custom_dataloader.DataloaderWithIterationRetry'>
[2025-11-12 22:51:28,802][src.models.modules.semantic_id.tiger_generation_model][INFO] - [rank: 0] 已处理 1000 个batch，累计统计 46259 个item交互
[2025-11-12 22:51:53,797][src.models.modules.semantic_id.tiger_generation_model][INFO] - [rank: 0] 已处理 2000 个batch，累计统计 92030 个item交互
[2025-11-12 22:52:07,834][src.models.modules.semantic_id.tiger_generation_model][INFO] - [rank: 0] 已处理 3000 个batch，累计统计 137755 个item交互
[2025-11-12 22:52:16,837][src.models.modules.semantic_id.tiger_generation_model][INFO] - [rank: 0] 已处理 4000 个batch，累计统计 183631 个item交互
[2025-11-12 22:52:35,856][src.models.modules.semantic_id.tiger_generation_model][INFO] - [rank: 0] 已处理 5000 个batch，累计统计 229362 个item交互
[2025-11-12 22:52:59,480][src.models.modules.semantic_id.tiger_generation_model][INFO] - [rank: 0] 已处理 6000 个batch，累计统计 275324 个item交互
[2025-11-12 22:53:13,829][src.models.modules.semantic_id.tiger_generation_model][INFO] - [rank: 0] 已处理 7000 个batch，累计统计 321050 个item交互
[2025-11-12 22:53:33,006][src.models.modules.semantic_id.tiger_generation_model][INFO] - [rank: 0] 已处理 8000 个batch，累计统计 366600 个item交互
[2025-11-12 22:53:42,459][src.models.modules.semantic_id.tiger_generation_model][INFO] - [rank: 0] 已处理 9000 个batch，累计统计 412591 个item交互
[2025-11-12 22:53:50,097][src.models.modules.semantic_id.tiger_generation_model][INFO] - [rank: 0] 已处理 10000 个batch，累计统计 458560 个item交互
[2025-11-12 22:53:50,103][src.models.modules.semantic_id.tiger_generation_model][INFO] - [rank: 0] 已达到最大batch限制(10000)，停止统计
[2025-11-12 22:53:50,241][src.models.modules.semantic_id.tiger_generation_model][INFO] - [rank: 0] 训练集统计完成：共 9290 个唯一item，总交互次数 458560
[2025-11-12 22:53:50,257][src.models.modules.semantic_id.tiger_generation_model][INFO] - [rank: 0] 流行度分组完成:
[2025-11-12 22:53:50,257][src.models.modules.semantic_id.tiger_generation_model][INFO] - [rank: 0]   Head组 (前20%): 1858 个item
[2025-11-12 22:53:50,257][src.models.modules.semantic_id.tiger_generation_model][INFO] - [rank: 0]   Body组 (20%-50%): 2787 个item
[2025-11-12 22:53:50,257][src.models.modules.semantic_id.tiger_generation_model][INFO] - [rank: 0]   Tail组 (后50%): 4645 个item
[2025-11-12 22:53:50,258][src.models.modules.semantic_id.tiger_generation_model][INFO] - [rank: 0]   Head组示例: item (104, 234, 177, 172, 233, 77, 243, 0) 出现 855 次
[2025-11-12 22:53:50,258][src.models.modules.semantic_id.tiger_generation_model][INFO] - [rank: 0]   Tail组示例: item (98, 203, 49, 244, 180, 33, 135, 0) 出现 15 次
[2025-11-12 22:53:50,258][src.models.modules.semantic_id.tiger_generation_model][INFO] - [rank: 0] 已启用按流行度分组的评测（Head/Body/Tail）。
[2025-11-12 23:00:29,510][src.models.modules.semantic_id.tiger_generation_model][INFO] - [rank: 0] 
================================================================================
[2025-11-12 23:00:29,511][src.models.modules.semantic_id.tiger_generation_model][INFO] - [rank: 0] === 生成的语义ID Embedding相似度矩阵 (平均自 304 个batch) ===
[2025-11-12 23:00:29,514][src.models.modules.semantic_id.tiger_generation_model][INFO] - [rank: 0] 
[[ 1.0000000e+00  1.2380457e-02  1.9568486e-02  9.4759800e-03
   1.2104828e-02  1.3300969e-02  6.2086983e-03  1.0403194e-02]
 [ 1.2380457e-02  1.0000000e+00  1.4363960e-02  1.5459675e-02
   1.0635939e-02  8.6128721e-03  9.9816080e-04  1.2722504e-02]
 [ 1.9568486e-02  1.4363960e-02  1.0000000e+00  1.2769575e-02
   1.5244954e-02  1.4892291e-02  4.2215977e-03  1.1343344e-02]
 [ 9.4759800e-03  1.5459675e-02  1.2769575e-02  1.0000000e+00
   1.0905343e-02  1.1971111e-02  3.3995262e-03  1.0269592e-02]
 [ 1.2104828e-02  1.0635939e-02  1.5244954e-02  1.0905343e-02
   1.0000000e+00  1.5477620e-02 -3.6479940e-03  1.5593717e-02]
 [ 1.3300969e-02  8.6128721e-03  1.4892291e-02  1.1971111e-02
   1.5477620e-02  1.0000000e+00 -4.5234952e-03  5.7815327e-03]
 [ 6.2086983e-03  9.9816080e-04  4.2215977e-03  3.3995262e-03
  -3.6479940e-03 -4.5234952e-03  1.0000000e+00 -3.3237606e-02]
 [ 1.0403194e-02  1.2722504e-02  1.1343344e-02  1.0269592e-02
   1.5593717e-02  5.7815327e-03 -3.3237606e-02  1.0000000e+00]]
[2025-11-12 23:00:29,514][src.models.modules.semantic_id.tiger_generation_model][INFO] - [rank: 0] ================================================================================

[2025-11-12 23:00:29,515][src.models.modules.semantic_id.tiger_generation_model][INFO] - [rank: 0] 
================================================================================
[2025-11-12 23:00:29,515][src.models.modules.semantic_id.tiger_generation_model][INFO] - [rank: 0] === 输入序列中每个Item的Hierarchy Embedding相似度矩阵 (平均自 304 个batch) ===
[2025-11-12 23:00:29,517][src.models.modules.semantic_id.tiger_generation_model][INFO] - [rank: 0] 
[[ 1.0000000e+00  1.0749454e-02  1.8615870e-02  9.1991192e-03
   8.7804785e-03  8.6629800e-03  5.6232684e-03  1.2033142e-02]
 [ 1.0749454e-02  1.0000000e+00  1.2364822e-02  1.2608958e-02
   1.2399810e-02  7.2281123e-03 -3.5991089e-03  2.0305397e-02]
 [ 1.8615870e-02  1.2364822e-02  1.0000000e+00  1.6055519e-02
   1.6951188e-02  1.5942980e-02  5.7665509e-04  1.0748720e-02]
 [ 9.1991192e-03  1.2608958e-02  1.6055519e-02  1.0000000e+00
   1.5247744e-02  1.3649349e-02 -2.0377943e-04  1.0317771e-02]
 [ 8.7804785e-03  1.2399810e-02  1.6951188e-02  1.5247744e-02
   1.0000000e+00  1.3723069e-02 -6.3814111e-03  1.7720232e-02]
 [ 8.6629800e-03  7.2281123e-03  1.5942980e-02  1.3649349e-02
   1.3723069e-02  1.0000000e+00 -1.9713235e-03  4.0660310e-03]
 [ 5.6232684e-03 -3.5991089e-03  5.7665509e-04 -2.0377943e-04
  -6.3814111e-03 -1.9713235e-03  1.0000000e+00 -3.9483253e-02]
 [ 1.2033142e-02  2.0305397e-02  1.0748720e-02  1.0317771e-02
   1.7720232e-02  4.0660310e-03 -3.9483253e-02  1.0000000e+00]]
[2025-11-12 23:00:29,517][src.models.modules.semantic_id.tiger_generation_model][INFO] - [rank: 0] ================================================================================

[2025-11-12 23:00:29,667][src.models.modules.semantic_id.tiger_generation_model][INFO] - [rank: 0] 
================================================================================
[2025-11-12 23:00:29,667][src.models.modules.semantic_id.tiger_generation_model][INFO] - [rank: 0] === 按流行度分组的评测指标（累计到当前阶段）===
[2025-11-12 23:00:29,667][src.models.modules.semantic_id.tiger_generation_model][INFO] - [rank: 0] [Head] ndcg@5: 0.040016  ndcg@10: 0.048059  recall@5: 0.060320  recall@10: 0.084987
[2025-11-12 23:00:29,668][src.models.modules.semantic_id.tiger_generation_model][INFO] - [rank: 0] [Body] ndcg@5: 0.042267  ndcg@10: 0.050422  recall@5: 0.061809  recall@10: 0.087085
[2025-11-12 23:00:29,668][src.models.modules.semantic_id.tiger_generation_model][INFO] - [rank: 0] [Tail] ndcg@5: 0.018781  ndcg@10: 0.024395  recall@5: 0.028242  recall@10: 0.045692
[2025-11-12 23:00:29,668][src.models.modules.semantic_id.tiger_generation_model][INFO] - [rank: 0] ================================================================================

