[2025-09-16 12:37:21,507][src.utils.utils][INFO] - [rank: 0] Enforcing tags! <cfg.extras.enforce_tags=True>
[2025-09-16 12:37:21,515][src.utils.utils][WARNING] - [rank: 0] Config loss was not found in the config tree. Make sure this is expected.
[2025-09-16 12:37:21,516][src.utils.utils][WARNING] - [rank: 0] Config optim was not found in the config tree. Make sure this is expected.
[2025-09-16 12:37:21,516][src.utils.utils][WARNING] - [rank: 0] Config eval was not found in the config tree. Make sure this is expected.
[2025-09-16 12:37:24,516][src.utils.utils][INFO] - [rank: 0] Printing config tree with Rich! <cfg.extras.print_config=True>
[2025-09-16 12:37:24,520][src.utils.launcher_utils][INFO] - [rank: 0] Instantiating datamodule <src.data.loading.datamodules.sequence_datamodule.ItemDataModule>
[2025-09-16 12:37:25,545][src.utils.launcher_utils][INFO] - [rank: 0] Instantiating model <src.modules.semantic_embedding_inference_module.SemanticEmbeddingInferenceModule>
[2025-09-16 12:38:05,078][src.utils.launcher_utils][INFO] - [rank: 0] Instantiating callbacks...
[2025-09-16 12:38:05,079][src.utils.instantiators][INFO] - [rank: 0] Instantiating callback <src.utils.inference_utils.LocalPickleWriter>
[2025-09-16 12:38:05,304][src.utils.launcher_utils][INFO] - [rank: 0] Instantiating loggers...
[2025-09-16 12:38:05,305][src.utils.instantiators][INFO] - [rank: 0] Instantiating logger <lightning.pytorch.loggers.csv_logs.CSVLogger>
[2025-09-16 12:38:05,308][src.utils.launcher_utils][INFO] - [rank: 0] Instantiating trainer <lightning.pytorch.trainer.Trainer>
[2025-09-16 12:38:05,407][src.utils.launcher_utils][INFO] - [rank: 0] Logging hyperparameters!
[2025-09-16 12:38:05,624][__main__][INFO] - [rank: 0] Starting inference!
[2025-09-16 12:38:05,625][__main__][WARNING] - [rank: 0] No ckpt_path was provided. If using a model you trained, this is mandatory. Only leave ckpt_path=None if using a pre-trained model.
[2025-09-16 12:39:04,273][src.utils.inference_utils][INFO] - Rank 0 initialized for inference.
[2025-09-16 12:39:04,273][src.utils.inference_utils][INFO] - Rank 1 initialized for inference.
[2025-09-16 12:39:12,304][src.utils.inference_utils][INFO] - Global Rank: 0 wrote 64 rows to /data/mhwang/Rec/GRID/logs/inference/runs/2025-09-16/12-37-21/pickle/predictions_0_20250916T043912280.pkl.
[2025-09-16 12:39:12,311][src.utils.inference_utils][INFO] - Global Rank: 1 wrote 64 rows to /data/mhwang/Rec/GRID/logs/inference/runs/2025-09-16/12-37-21/pickle/predictions_1_20250916T043912283.pkl.
[2025-09-16 12:39:13,803][src.utils.inference_utils][INFO] - Global Rank: 0 wrote 64 rows to /data/mhwang/Rec/GRID/logs/inference/runs/2025-09-16/12-37-21/pickle/predictions_0_20250916T043913779.pkl.
[2025-09-16 12:39:13,807][src.utils.inference_utils][INFO] - Global Rank: 1 wrote 64 rows to /data/mhwang/Rec/GRID/logs/inference/runs/2025-09-16/12-37-21/pickle/predictions_1_20250916T043913778.pkl.
[2025-09-16 12:39:15,296][src.utils.inference_utils][INFO] - Global Rank: 1 wrote 64 rows to /data/mhwang/Rec/GRID/logs/inference/runs/2025-09-16/12-37-21/pickle/predictions_1_20250916T043915271.pkl.
[2025-09-16 12:39:15,304][src.utils.inference_utils][INFO] - Global Rank: 0 wrote 64 rows to /data/mhwang/Rec/GRID/logs/inference/runs/2025-09-16/12-37-21/pickle/predictions_0_20250916T043915272.pkl.
[2025-09-16 12:39:16,778][src.utils.inference_utils][INFO] - Global Rank: 1 wrote 64 rows to /data/mhwang/Rec/GRID/logs/inference/runs/2025-09-16/12-37-21/pickle/predictions_1_20250916T043916754.pkl.
[2025-09-16 12:39:16,800][src.utils.inference_utils][INFO] - Global Rank: 0 wrote 64 rows to /data/mhwang/Rec/GRID/logs/inference/runs/2025-09-16/12-37-21/pickle/predictions_0_20250916T043916776.pkl.
[2025-09-16 12:39:18,278][src.utils.inference_utils][INFO] - Global Rank: 1 wrote 64 rows to /data/mhwang/Rec/GRID/logs/inference/runs/2025-09-16/12-37-21/pickle/predictions_1_20250916T043918249.pkl.
[2025-09-16 12:39:18,305][src.utils.inference_utils][INFO] - Global Rank: 0 wrote 64 rows to /data/mhwang/Rec/GRID/logs/inference/runs/2025-09-16/12-37-21/pickle/predictions_0_20250916T043918277.pkl.
[2025-09-16 12:39:19,778][src.utils.inference_utils][INFO] - Global Rank: 1 wrote 64 rows to /data/mhwang/Rec/GRID/logs/inference/runs/2025-09-16/12-37-21/pickle/predictions_1_20250916T043919750.pkl.
[2025-09-16 12:39:19,813][src.utils.inference_utils][INFO] - Global Rank: 0 wrote 64 rows to /data/mhwang/Rec/GRID/logs/inference/runs/2025-09-16/12-37-21/pickle/predictions_0_20250916T043919787.pkl.
[2025-09-16 12:39:21,269][src.utils.inference_utils][INFO] - Global Rank: 1 wrote 64 rows to /data/mhwang/Rec/GRID/logs/inference/runs/2025-09-16/12-37-21/pickle/predictions_1_20250916T043921245.pkl.
[2025-09-16 12:39:21,326][src.utils.inference_utils][INFO] - Global Rank: 0 wrote 64 rows to /data/mhwang/Rec/GRID/logs/inference/runs/2025-09-16/12-37-21/pickle/predictions_0_20250916T043921298.pkl.
[2025-09-16 12:39:22,774][src.utils.inference_utils][INFO] - Global Rank: 1 wrote 64 rows to /data/mhwang/Rec/GRID/logs/inference/runs/2025-09-16/12-37-21/pickle/predictions_1_20250916T043922743.pkl.
[2025-09-16 12:39:22,831][src.utils.inference_utils][INFO] - Global Rank: 0 wrote 64 rows to /data/mhwang/Rec/GRID/logs/inference/runs/2025-09-16/12-37-21/pickle/predictions_0_20250916T043922806.pkl.
[2025-09-16 12:39:24,286][src.utils.inference_utils][INFO] - Global Rank: 1 wrote 64 rows to /data/mhwang/Rec/GRID/logs/inference/runs/2025-09-16/12-37-21/pickle/predictions_1_20250916T043924258.pkl.
[2025-09-16 12:39:24,339][src.utils.inference_utils][INFO] - Global Rank: 0 wrote 64 rows to /data/mhwang/Rec/GRID/logs/inference/runs/2025-09-16/12-37-21/pickle/predictions_0_20250916T043924314.pkl.
[2025-09-16 12:39:25,800][src.utils.inference_utils][INFO] - Global Rank: 1 wrote 64 rows to /data/mhwang/Rec/GRID/logs/inference/runs/2025-09-16/12-37-21/pickle/predictions_1_20250916T043925771.pkl.
[2025-09-16 12:39:25,859][src.utils.inference_utils][INFO] - Global Rank: 0 wrote 64 rows to /data/mhwang/Rec/GRID/logs/inference/runs/2025-09-16/12-37-21/pickle/predictions_0_20250916T043925835.pkl.
[2025-09-16 12:39:27,303][src.utils.inference_utils][INFO] - Global Rank: 1 wrote 64 rows to /data/mhwang/Rec/GRID/logs/inference/runs/2025-09-16/12-37-21/pickle/predictions_1_20250916T043927276.pkl.
[2025-09-16 12:39:27,363][src.utils.inference_utils][INFO] - Global Rank: 0 wrote 64 rows to /data/mhwang/Rec/GRID/logs/inference/runs/2025-09-16/12-37-21/pickle/predictions_0_20250916T043927339.pkl.
[2025-09-16 12:39:28,817][src.utils.inference_utils][INFO] - Global Rank: 1 wrote 64 rows to /data/mhwang/Rec/GRID/logs/inference/runs/2025-09-16/12-37-21/pickle/predictions_1_20250916T043928790.pkl.
[2025-09-16 12:39:28,876][src.utils.inference_utils][INFO] - Global Rank: 0 wrote 64 rows to /data/mhwang/Rec/GRID/logs/inference/runs/2025-09-16/12-37-21/pickle/predictions_0_20250916T043928850.pkl.
[2025-09-16 12:39:30,328][src.utils.inference_utils][INFO] - Global Rank: 1 wrote 64 rows to /data/mhwang/Rec/GRID/logs/inference/runs/2025-09-16/12-37-21/pickle/predictions_1_20250916T043930299.pkl.
[2025-09-16 12:39:30,385][src.utils.inference_utils][INFO] - Global Rank: 0 wrote 64 rows to /data/mhwang/Rec/GRID/logs/inference/runs/2025-09-16/12-37-21/pickle/predictions_0_20250916T043930358.pkl.
[2025-09-16 12:39:31,829][src.utils.inference_utils][INFO] - Global Rank: 1 wrote 64 rows to /data/mhwang/Rec/GRID/logs/inference/runs/2025-09-16/12-37-21/pickle/predictions_1_20250916T043931803.pkl.
[2025-09-16 12:39:31,893][src.utils.inference_utils][INFO] - Global Rank: 0 wrote 64 rows to /data/mhwang/Rec/GRID/logs/inference/runs/2025-09-16/12-37-21/pickle/predictions_0_20250916T043931868.pkl.
[2025-09-16 12:39:33,331][src.utils.inference_utils][INFO] - Global Rank: 1 wrote 64 rows to /data/mhwang/Rec/GRID/logs/inference/runs/2025-09-16/12-37-21/pickle/predictions_1_20250916T043933306.pkl.
[2025-09-16 12:39:33,400][src.utils.inference_utils][INFO] - Global Rank: 0 wrote 64 rows to /data/mhwang/Rec/GRID/logs/inference/runs/2025-09-16/12-37-21/pickle/predictions_0_20250916T043933372.pkl.
[2025-09-16 12:39:34,837][src.utils.inference_utils][INFO] - Global Rank: 1 wrote 64 rows to /data/mhwang/Rec/GRID/logs/inference/runs/2025-09-16/12-37-21/pickle/predictions_1_20250916T043934811.pkl.
[2025-09-16 12:39:34,907][src.utils.inference_utils][INFO] - Global Rank: 0 wrote 64 rows to /data/mhwang/Rec/GRID/logs/inference/runs/2025-09-16/12-37-21/pickle/predictions_0_20250916T043934883.pkl.
[2025-09-16 12:39:36,346][src.utils.inference_utils][INFO] - Global Rank: 1 wrote 64 rows to /data/mhwang/Rec/GRID/logs/inference/runs/2025-09-16/12-37-21/pickle/predictions_1_20250916T043936318.pkl.
[2025-09-16 12:39:36,416][src.utils.inference_utils][INFO] - Global Rank: 0 wrote 64 rows to /data/mhwang/Rec/GRID/logs/inference/runs/2025-09-16/12-37-21/pickle/predictions_0_20250916T043936391.pkl.
[2025-09-16 12:39:37,866][src.utils.inference_utils][INFO] - Global Rank: 1 wrote 64 rows to /data/mhwang/Rec/GRID/logs/inference/runs/2025-09-16/12-37-21/pickle/predictions_1_20250916T043937836.pkl.
[2025-09-16 12:39:37,929][src.utils.inference_utils][INFO] - Global Rank: 0 wrote 64 rows to /data/mhwang/Rec/GRID/logs/inference/runs/2025-09-16/12-37-21/pickle/predictions_0_20250916T043937902.pkl.
[2025-09-16 12:39:39,382][src.utils.inference_utils][INFO] - Global Rank: 1 wrote 64 rows to /data/mhwang/Rec/GRID/logs/inference/runs/2025-09-16/12-37-21/pickle/predictions_1_20250916T043939357.pkl.
[2025-09-16 12:39:39,438][src.utils.inference_utils][INFO] - Global Rank: 0 wrote 64 rows to /data/mhwang/Rec/GRID/logs/inference/runs/2025-09-16/12-37-21/pickle/predictions_0_20250916T043939414.pkl.
[2025-09-16 12:39:40,888][src.utils.inference_utils][INFO] - Global Rank: 1 wrote 64 rows to /data/mhwang/Rec/GRID/logs/inference/runs/2025-09-16/12-37-21/pickle/predictions_1_20250916T043940861.pkl.
[2025-09-16 12:39:40,949][src.utils.inference_utils][INFO] - Global Rank: 0 wrote 64 rows to /data/mhwang/Rec/GRID/logs/inference/runs/2025-09-16/12-37-21/pickle/predictions_0_20250916T043940924.pkl.
[2025-09-16 12:39:42,392][src.utils.inference_utils][INFO] - Global Rank: 1 wrote 64 rows to /data/mhwang/Rec/GRID/logs/inference/runs/2025-09-16/12-37-21/pickle/predictions_1_20250916T043942367.pkl.
[2025-09-16 12:39:42,459][src.utils.inference_utils][INFO] - Global Rank: 0 wrote 64 rows to /data/mhwang/Rec/GRID/logs/inference/runs/2025-09-16/12-37-21/pickle/predictions_0_20250916T043942432.pkl.
[2025-09-16 12:39:43,897][src.utils.inference_utils][INFO] - Global Rank: 1 wrote 64 rows to /data/mhwang/Rec/GRID/logs/inference/runs/2025-09-16/12-37-21/pickle/predictions_1_20250916T043943868.pkl.
[2025-09-16 12:39:43,966][src.utils.inference_utils][INFO] - Global Rank: 0 wrote 64 rows to /data/mhwang/Rec/GRID/logs/inference/runs/2025-09-16/12-37-21/pickle/predictions_0_20250916T043943942.pkl.
[2025-09-16 12:39:45,404][src.utils.inference_utils][INFO] - Global Rank: 1 wrote 64 rows to /data/mhwang/Rec/GRID/logs/inference/runs/2025-09-16/12-37-21/pickle/predictions_1_20250916T043945379.pkl.
[2025-09-16 12:39:45,475][src.utils.inference_utils][INFO] - Global Rank: 0 wrote 64 rows to /data/mhwang/Rec/GRID/logs/inference/runs/2025-09-16/12-37-21/pickle/predictions_0_20250916T043945449.pkl.
[2025-09-16 12:39:46,910][src.utils.inference_utils][INFO] - Global Rank: 1 wrote 64 rows to /data/mhwang/Rec/GRID/logs/inference/runs/2025-09-16/12-37-21/pickle/predictions_1_20250916T043946885.pkl.
[2025-09-16 12:39:46,982][src.utils.inference_utils][INFO] - Global Rank: 0 wrote 64 rows to /data/mhwang/Rec/GRID/logs/inference/runs/2025-09-16/12-37-21/pickle/predictions_0_20250916T043946958.pkl.
[2025-09-16 12:39:48,421][src.utils.inference_utils][INFO] - Global Rank: 1 wrote 64 rows to /data/mhwang/Rec/GRID/logs/inference/runs/2025-09-16/12-37-21/pickle/predictions_1_20250916T043948393.pkl.
[2025-09-16 12:39:48,496][src.utils.inference_utils][INFO] - Global Rank: 0 wrote 64 rows to /data/mhwang/Rec/GRID/logs/inference/runs/2025-09-16/12-37-21/pickle/predictions_0_20250916T043948470.pkl.
[2025-09-16 12:39:49,929][src.utils.inference_utils][INFO] - Global Rank: 1 wrote 64 rows to /data/mhwang/Rec/GRID/logs/inference/runs/2025-09-16/12-37-21/pickle/predictions_1_20250916T043949904.pkl.
[2025-09-16 12:39:50,009][src.utils.inference_utils][INFO] - Global Rank: 0 wrote 64 rows to /data/mhwang/Rec/GRID/logs/inference/runs/2025-09-16/12-37-21/pickle/predictions_0_20250916T043949984.pkl.
[2025-09-16 12:39:51,436][src.utils.inference_utils][INFO] - Global Rank: 1 wrote 64 rows to /data/mhwang/Rec/GRID/logs/inference/runs/2025-09-16/12-37-21/pickle/predictions_1_20250916T043951411.pkl.
[2025-09-16 12:39:51,518][src.utils.inference_utils][INFO] - Global Rank: 0 wrote 64 rows to /data/mhwang/Rec/GRID/logs/inference/runs/2025-09-16/12-37-21/pickle/predictions_0_20250916T043951494.pkl.
[2025-09-16 12:39:52,947][src.utils.inference_utils][INFO] - Global Rank: 1 wrote 64 rows to /data/mhwang/Rec/GRID/logs/inference/runs/2025-09-16/12-37-21/pickle/predictions_1_20250916T043952921.pkl.
[2025-09-16 12:39:53,036][src.utils.inference_utils][INFO] - Global Rank: 0 wrote 64 rows to /data/mhwang/Rec/GRID/logs/inference/runs/2025-09-16/12-37-21/pickle/predictions_0_20250916T043953011.pkl.
[2025-09-16 12:39:54,455][src.utils.inference_utils][INFO] - Global Rank: 1 wrote 64 rows to /data/mhwang/Rec/GRID/logs/inference/runs/2025-09-16/12-37-21/pickle/predictions_1_20250916T043954430.pkl.
[2025-09-16 12:39:54,554][src.utils.inference_utils][INFO] - Global Rank: 0 wrote 64 rows to /data/mhwang/Rec/GRID/logs/inference/runs/2025-09-16/12-37-21/pickle/predictions_0_20250916T043954527.pkl.
[2025-09-16 12:39:55,978][src.utils.inference_utils][INFO] - Global Rank: 1 wrote 64 rows to /data/mhwang/Rec/GRID/logs/inference/runs/2025-09-16/12-37-21/pickle/predictions_1_20250916T043955949.pkl.
[2025-09-16 12:39:56,068][src.utils.inference_utils][INFO] - Global Rank: 0 wrote 64 rows to /data/mhwang/Rec/GRID/logs/inference/runs/2025-09-16/12-37-21/pickle/predictions_0_20250916T043956044.pkl.
[2025-09-16 12:39:57,499][src.utils.inference_utils][INFO] - Global Rank: 1 wrote 64 rows to /data/mhwang/Rec/GRID/logs/inference/runs/2025-09-16/12-37-21/pickle/predictions_1_20250916T043957472.pkl.
[2025-09-16 12:39:57,584][src.utils.inference_utils][INFO] - Global Rank: 0 wrote 64 rows to /data/mhwang/Rec/GRID/logs/inference/runs/2025-09-16/12-37-21/pickle/predictions_0_20250916T043957559.pkl.
[2025-09-16 12:39:59,017][src.utils.inference_utils][INFO] - Global Rank: 1 wrote 64 rows to /data/mhwang/Rec/GRID/logs/inference/runs/2025-09-16/12-37-21/pickle/predictions_1_20250916T043958991.pkl.
[2025-09-16 12:39:59,101][src.utils.inference_utils][INFO] - Global Rank: 0 wrote 64 rows to /data/mhwang/Rec/GRID/logs/inference/runs/2025-09-16/12-37-21/pickle/predictions_0_20250916T043959077.pkl.
[2025-09-16 12:40:00,536][src.utils.inference_utils][INFO] - Global Rank: 1 wrote 64 rows to /data/mhwang/Rec/GRID/logs/inference/runs/2025-09-16/12-37-21/pickle/predictions_1_20250916T044000510.pkl.
[2025-09-16 12:40:00,617][src.utils.inference_utils][INFO] - Global Rank: 0 wrote 64 rows to /data/mhwang/Rec/GRID/logs/inference/runs/2025-09-16/12-37-21/pickle/predictions_0_20250916T044000593.pkl.
[2025-09-16 12:40:02,057][src.utils.inference_utils][INFO] - Global Rank: 1 wrote 64 rows to /data/mhwang/Rec/GRID/logs/inference/runs/2025-09-16/12-37-21/pickle/predictions_1_20250916T044002033.pkl.
[2025-09-16 12:40:02,134][src.utils.inference_utils][INFO] - Global Rank: 0 wrote 64 rows to /data/mhwang/Rec/GRID/logs/inference/runs/2025-09-16/12-37-21/pickle/predictions_0_20250916T044002110.pkl.
[2025-09-16 12:40:03,575][src.utils.inference_utils][INFO] - Global Rank: 1 wrote 64 rows to /data/mhwang/Rec/GRID/logs/inference/runs/2025-09-16/12-37-21/pickle/predictions_1_20250916T044003547.pkl.
[2025-09-16 12:40:03,657][src.utils.inference_utils][INFO] - Global Rank: 0 wrote 64 rows to /data/mhwang/Rec/GRID/logs/inference/runs/2025-09-16/12-37-21/pickle/predictions_0_20250916T044003631.pkl.
[2025-09-16 12:40:05,090][src.utils.inference_utils][INFO] - Global Rank: 1 wrote 64 rows to /data/mhwang/Rec/GRID/logs/inference/runs/2025-09-16/12-37-21/pickle/predictions_1_20250916T044005064.pkl.
[2025-09-16 12:40:05,175][src.utils.inference_utils][INFO] - Global Rank: 0 wrote 64 rows to /data/mhwang/Rec/GRID/logs/inference/runs/2025-09-16/12-37-21/pickle/predictions_0_20250916T044005151.pkl.
[2025-09-16 12:40:06,606][src.utils.inference_utils][INFO] - Global Rank: 1 wrote 64 rows to /data/mhwang/Rec/GRID/logs/inference/runs/2025-09-16/12-37-21/pickle/predictions_1_20250916T044006581.pkl.
[2025-09-16 12:40:06,692][src.utils.inference_utils][INFO] - Global Rank: 0 wrote 64 rows to /data/mhwang/Rec/GRID/logs/inference/runs/2025-09-16/12-37-21/pickle/predictions_0_20250916T044006668.pkl.
[2025-09-16 12:40:08,123][src.utils.inference_utils][INFO] - Global Rank: 1 wrote 64 rows to /data/mhwang/Rec/GRID/logs/inference/runs/2025-09-16/12-37-21/pickle/predictions_1_20250916T044008094.pkl.
[2025-09-16 12:40:08,214][src.utils.inference_utils][INFO] - Global Rank: 0 wrote 64 rows to /data/mhwang/Rec/GRID/logs/inference/runs/2025-09-16/12-37-21/pickle/predictions_0_20250916T044008189.pkl.
[2025-09-16 12:40:09,637][src.utils.inference_utils][INFO] - Global Rank: 1 wrote 64 rows to /data/mhwang/Rec/GRID/logs/inference/runs/2025-09-16/12-37-21/pickle/predictions_1_20250916T044009612.pkl.
[2025-09-16 12:40:09,733][src.utils.inference_utils][INFO] - Global Rank: 0 wrote 64 rows to /data/mhwang/Rec/GRID/logs/inference/runs/2025-09-16/12-37-21/pickle/predictions_0_20250916T044009709.pkl.
[2025-09-16 12:40:11,153][src.utils.inference_utils][INFO] - Global Rank: 1 wrote 64 rows to /data/mhwang/Rec/GRID/logs/inference/runs/2025-09-16/12-37-21/pickle/predictions_1_20250916T044011125.pkl.
[2025-09-16 12:40:11,252][src.utils.inference_utils][INFO] - Global Rank: 0 wrote 64 rows to /data/mhwang/Rec/GRID/logs/inference/runs/2025-09-16/12-37-21/pickle/predictions_0_20250916T044011228.pkl.
[2025-09-16 12:40:12,665][src.utils.inference_utils][INFO] - Global Rank: 1 wrote 64 rows to /data/mhwang/Rec/GRID/logs/inference/runs/2025-09-16/12-37-21/pickle/predictions_1_20250916T044012640.pkl.
[2025-09-16 12:40:12,771][src.utils.inference_utils][INFO] - Global Rank: 0 wrote 64 rows to /data/mhwang/Rec/GRID/logs/inference/runs/2025-09-16/12-37-21/pickle/predictions_0_20250916T044012747.pkl.
[2025-09-16 12:40:14,181][src.utils.inference_utils][INFO] - Global Rank: 1 wrote 64 rows to /data/mhwang/Rec/GRID/logs/inference/runs/2025-09-16/12-37-21/pickle/predictions_1_20250916T044014153.pkl.
[2025-09-16 12:40:14,296][src.utils.inference_utils][INFO] - Global Rank: 0 wrote 64 rows to /data/mhwang/Rec/GRID/logs/inference/runs/2025-09-16/12-37-21/pickle/predictions_0_20250916T044014271.pkl.
[2025-09-16 12:40:15,710][src.utils.inference_utils][INFO] - Global Rank: 1 wrote 64 rows to /data/mhwang/Rec/GRID/logs/inference/runs/2025-09-16/12-37-21/pickle/predictions_1_20250916T044015683.pkl.
[2025-09-16 12:40:15,818][src.utils.inference_utils][INFO] - Global Rank: 0 wrote 64 rows to /data/mhwang/Rec/GRID/logs/inference/runs/2025-09-16/12-37-21/pickle/predictions_0_20250916T044015793.pkl.
[2025-09-16 12:40:17,224][src.utils.inference_utils][INFO] - Global Rank: 1 wrote 64 rows to /data/mhwang/Rec/GRID/logs/inference/runs/2025-09-16/12-37-21/pickle/predictions_1_20250916T044017199.pkl.
[2025-09-16 12:40:17,343][src.utils.inference_utils][INFO] - Global Rank: 0 wrote 64 rows to /data/mhwang/Rec/GRID/logs/inference/runs/2025-09-16/12-37-21/pickle/predictions_0_20250916T044017318.pkl.
[2025-09-16 12:40:18,738][src.utils.inference_utils][INFO] - Global Rank: 1 wrote 64 rows to /data/mhwang/Rec/GRID/logs/inference/runs/2025-09-16/12-37-21/pickle/predictions_1_20250916T044018712.pkl.
[2025-09-16 12:40:18,865][src.utils.inference_utils][INFO] - Global Rank: 0 wrote 64 rows to /data/mhwang/Rec/GRID/logs/inference/runs/2025-09-16/12-37-21/pickle/predictions_0_20250916T044018841.pkl.
[2025-09-16 12:40:20,258][src.utils.inference_utils][INFO] - Global Rank: 1 wrote 64 rows to /data/mhwang/Rec/GRID/logs/inference/runs/2025-09-16/12-37-21/pickle/predictions_1_20250916T044020233.pkl.
[2025-09-16 12:40:20,387][src.utils.inference_utils][INFO] - Global Rank: 0 wrote 64 rows to /data/mhwang/Rec/GRID/logs/inference/runs/2025-09-16/12-37-21/pickle/predictions_0_20250916T044020362.pkl.
[2025-09-16 12:40:21,773][src.utils.inference_utils][INFO] - Global Rank: 1 wrote 64 rows to /data/mhwang/Rec/GRID/logs/inference/runs/2025-09-16/12-37-21/pickle/predictions_1_20250916T044021748.pkl.
[2025-09-16 12:40:21,910][src.utils.inference_utils][INFO] - Global Rank: 0 wrote 64 rows to /data/mhwang/Rec/GRID/logs/inference/runs/2025-09-16/12-37-21/pickle/predictions_0_20250916T044021886.pkl.
[2025-09-16 12:40:23,287][src.utils.inference_utils][INFO] - Global Rank: 1 wrote 64 rows to /data/mhwang/Rec/GRID/logs/inference/runs/2025-09-16/12-37-21/pickle/predictions_1_20250916T044023262.pkl.
[2025-09-16 12:40:23,435][src.utils.inference_utils][INFO] - Global Rank: 0 wrote 64 rows to /data/mhwang/Rec/GRID/logs/inference/runs/2025-09-16/12-37-21/pickle/predictions_0_20250916T044023407.pkl.
[2025-09-16 12:40:24,808][src.utils.inference_utils][INFO] - Global Rank: 1 wrote 64 rows to /data/mhwang/Rec/GRID/logs/inference/runs/2025-09-16/12-37-21/pickle/predictions_1_20250916T044024783.pkl.
[2025-09-16 12:40:24,955][src.utils.inference_utils][INFO] - Global Rank: 0 wrote 64 rows to /data/mhwang/Rec/GRID/logs/inference/runs/2025-09-16/12-37-21/pickle/predictions_0_20250916T044024931.pkl.
[2025-09-16 12:40:26,320][src.utils.inference_utils][INFO] - Global Rank: 1 wrote 64 rows to /data/mhwang/Rec/GRID/logs/inference/runs/2025-09-16/12-37-21/pickle/predictions_1_20250916T044026295.pkl.
[2025-09-16 12:40:26,483][src.utils.inference_utils][INFO] - Global Rank: 0 wrote 64 rows to /data/mhwang/Rec/GRID/logs/inference/runs/2025-09-16/12-37-21/pickle/predictions_0_20250916T044026456.pkl.
[2025-09-16 12:40:27,836][src.utils.inference_utils][INFO] - Global Rank: 1 wrote 64 rows to /data/mhwang/Rec/GRID/logs/inference/runs/2025-09-16/12-37-21/pickle/predictions_1_20250916T044027812.pkl.
[2025-09-16 12:40:28,004][src.utils.inference_utils][INFO] - Global Rank: 0 wrote 64 rows to /data/mhwang/Rec/GRID/logs/inference/runs/2025-09-16/12-37-21/pickle/predictions_0_20250916T044027980.pkl.
[2025-09-16 12:40:29,351][src.utils.inference_utils][INFO] - Global Rank: 1 wrote 64 rows to /data/mhwang/Rec/GRID/logs/inference/runs/2025-09-16/12-37-21/pickle/predictions_1_20250916T044029325.pkl.
[2025-09-16 12:40:29,526][src.utils.inference_utils][INFO] - Global Rank: 0 wrote 64 rows to /data/mhwang/Rec/GRID/logs/inference/runs/2025-09-16/12-37-21/pickle/predictions_0_20250916T044029502.pkl.
[2025-09-16 12:40:30,869][src.utils.inference_utils][INFO] - Global Rank: 1 wrote 64 rows to /data/mhwang/Rec/GRID/logs/inference/runs/2025-09-16/12-37-21/pickle/predictions_1_20250916T044030842.pkl.
[2025-09-16 12:40:31,047][src.utils.inference_utils][INFO] - Global Rank: 0 wrote 64 rows to /data/mhwang/Rec/GRID/logs/inference/runs/2025-09-16/12-37-21/pickle/predictions_0_20250916T044031023.pkl.
[2025-09-16 12:40:32,394][src.utils.inference_utils][INFO] - Global Rank: 1 wrote 64 rows to /data/mhwang/Rec/GRID/logs/inference/runs/2025-09-16/12-37-21/pickle/predictions_1_20250916T044032369.pkl.
[2025-09-16 12:40:32,572][src.utils.inference_utils][INFO] - Global Rank: 0 wrote 64 rows to /data/mhwang/Rec/GRID/logs/inference/runs/2025-09-16/12-37-21/pickle/predictions_0_20250916T044032548.pkl.
[2025-09-16 12:40:33,920][src.utils.inference_utils][INFO] - Global Rank: 1 wrote 64 rows to /data/mhwang/Rec/GRID/logs/inference/runs/2025-09-16/12-37-21/pickle/predictions_1_20250916T044033895.pkl.
[2025-09-16 12:40:34,094][src.utils.inference_utils][INFO] - Global Rank: 0 wrote 64 rows to /data/mhwang/Rec/GRID/logs/inference/runs/2025-09-16/12-37-21/pickle/predictions_0_20250916T044034069.pkl.
[2025-09-16 12:40:35,444][src.utils.inference_utils][INFO] - Global Rank: 1 wrote 64 rows to /data/mhwang/Rec/GRID/logs/inference/runs/2025-09-16/12-37-21/pickle/predictions_1_20250916T044035419.pkl.
[2025-09-16 12:40:35,615][src.utils.inference_utils][INFO] - Global Rank: 0 wrote 64 rows to /data/mhwang/Rec/GRID/logs/inference/runs/2025-09-16/12-37-21/pickle/predictions_0_20250916T044035591.pkl.
[2025-09-16 12:40:36,971][src.utils.inference_utils][INFO] - Global Rank: 1 wrote 64 rows to /data/mhwang/Rec/GRID/logs/inference/runs/2025-09-16/12-37-21/pickle/predictions_1_20250916T044036945.pkl.
[2025-09-16 12:40:37,137][src.utils.inference_utils][INFO] - Global Rank: 0 wrote 64 rows to /data/mhwang/Rec/GRID/logs/inference/runs/2025-09-16/12-37-21/pickle/predictions_0_20250916T044037112.pkl.
[2025-09-16 12:40:38,508][src.utils.inference_utils][INFO] - Global Rank: 1 wrote 64 rows to /data/mhwang/Rec/GRID/logs/inference/runs/2025-09-16/12-37-21/pickle/predictions_1_20250916T044038470.pkl.
[2025-09-16 12:40:38,659][src.utils.inference_utils][INFO] - Global Rank: 0 wrote 64 rows to /data/mhwang/Rec/GRID/logs/inference/runs/2025-09-16/12-37-21/pickle/predictions_0_20250916T044038635.pkl.
[2025-09-16 12:40:40,037][src.utils.inference_utils][INFO] - Global Rank: 1 wrote 64 rows to /data/mhwang/Rec/GRID/logs/inference/runs/2025-09-16/12-37-21/pickle/predictions_1_20250916T044040012.pkl.
[2025-09-16 12:40:40,185][src.utils.inference_utils][INFO] - Global Rank: 0 wrote 64 rows to /data/mhwang/Rec/GRID/logs/inference/runs/2025-09-16/12-37-21/pickle/predictions_0_20250916T044040161.pkl.
[2025-09-16 12:40:41,561][src.utils.inference_utils][INFO] - Global Rank: 1 wrote 64 rows to /data/mhwang/Rec/GRID/logs/inference/runs/2025-09-16/12-37-21/pickle/predictions_1_20250916T044041536.pkl.
[2025-09-16 12:40:41,713][src.utils.inference_utils][INFO] - Global Rank: 0 wrote 64 rows to /data/mhwang/Rec/GRID/logs/inference/runs/2025-09-16/12-37-21/pickle/predictions_0_20250916T044041686.pkl.
[2025-09-16 12:40:43,082][src.utils.inference_utils][INFO] - Global Rank: 1 wrote 64 rows to /data/mhwang/Rec/GRID/logs/inference/runs/2025-09-16/12-37-21/pickle/predictions_1_20250916T044043058.pkl.
[2025-09-16 12:40:43,234][src.utils.inference_utils][INFO] - Global Rank: 0 wrote 64 rows to /data/mhwang/Rec/GRID/logs/inference/runs/2025-09-16/12-37-21/pickle/predictions_0_20250916T044043210.pkl.
[2025-09-16 12:40:44,604][src.utils.inference_utils][INFO] - Global Rank: 1 wrote 64 rows to /data/mhwang/Rec/GRID/logs/inference/runs/2025-09-16/12-37-21/pickle/predictions_1_20250916T044044579.pkl.
[2025-09-16 12:40:44,758][src.utils.inference_utils][INFO] - Global Rank: 0 wrote 64 rows to /data/mhwang/Rec/GRID/logs/inference/runs/2025-09-16/12-37-21/pickle/predictions_0_20250916T044044733.pkl.
[2025-09-16 12:40:46,125][src.utils.inference_utils][INFO] - Global Rank: 1 wrote 64 rows to /data/mhwang/Rec/GRID/logs/inference/runs/2025-09-16/12-37-21/pickle/predictions_1_20250916T044046100.pkl.
[2025-09-16 12:40:46,280][src.utils.inference_utils][INFO] - Global Rank: 0 wrote 64 rows to /data/mhwang/Rec/GRID/logs/inference/runs/2025-09-16/12-37-21/pickle/predictions_0_20250916T044046256.pkl.
[2025-09-16 12:40:47,655][src.utils.inference_utils][INFO] - Global Rank: 1 wrote 64 rows to /data/mhwang/Rec/GRID/logs/inference/runs/2025-09-16/12-37-21/pickle/predictions_1_20250916T044047631.pkl.
[2025-09-16 12:40:47,804][src.utils.inference_utils][INFO] - Global Rank: 0 wrote 64 rows to /data/mhwang/Rec/GRID/logs/inference/runs/2025-09-16/12-37-21/pickle/predictions_0_20250916T044047780.pkl.
[2025-09-16 12:40:49,178][src.utils.inference_utils][INFO] - Global Rank: 1 wrote 64 rows to /data/mhwang/Rec/GRID/logs/inference/runs/2025-09-16/12-37-21/pickle/predictions_1_20250916T044049154.pkl.
[2025-09-16 12:40:49,327][src.utils.inference_utils][INFO] - Global Rank: 0 wrote 64 rows to /data/mhwang/Rec/GRID/logs/inference/runs/2025-09-16/12-37-21/pickle/predictions_0_20250916T044049303.pkl.
[2025-09-16 12:40:50,701][src.utils.inference_utils][INFO] - Global Rank: 1 wrote 64 rows to /data/mhwang/Rec/GRID/logs/inference/runs/2025-09-16/12-37-21/pickle/predictions_1_20250916T044050676.pkl.
[2025-09-16 12:40:50,851][src.utils.inference_utils][INFO] - Global Rank: 0 wrote 64 rows to /data/mhwang/Rec/GRID/logs/inference/runs/2025-09-16/12-37-21/pickle/predictions_0_20250916T044050827.pkl.
[2025-09-16 12:40:52,223][src.utils.inference_utils][INFO] - Global Rank: 1 wrote 64 rows to /data/mhwang/Rec/GRID/logs/inference/runs/2025-09-16/12-37-21/pickle/predictions_1_20250916T044052199.pkl.
[2025-09-16 12:40:52,374][src.utils.inference_utils][INFO] - Global Rank: 0 wrote 64 rows to /data/mhwang/Rec/GRID/logs/inference/runs/2025-09-16/12-37-21/pickle/predictions_0_20250916T044052350.pkl.
[2025-09-16 12:40:53,745][src.utils.inference_utils][INFO] - Global Rank: 1 wrote 64 rows to /data/mhwang/Rec/GRID/logs/inference/runs/2025-09-16/12-37-21/pickle/predictions_1_20250916T044053721.pkl.
[2025-09-16 12:40:53,897][src.utils.inference_utils][INFO] - Global Rank: 0 wrote 64 rows to /data/mhwang/Rec/GRID/logs/inference/runs/2025-09-16/12-37-21/pickle/predictions_0_20250916T044053873.pkl.
[2025-09-16 12:40:55,266][src.utils.inference_utils][INFO] - Global Rank: 1 wrote 64 rows to /data/mhwang/Rec/GRID/logs/inference/runs/2025-09-16/12-37-21/pickle/predictions_1_20250916T044055241.pkl.
[2025-09-16 12:40:55,422][src.utils.inference_utils][INFO] - Global Rank: 0 wrote 64 rows to /data/mhwang/Rec/GRID/logs/inference/runs/2025-09-16/12-37-21/pickle/predictions_0_20250916T044055397.pkl.
[2025-09-16 12:40:56,789][src.utils.inference_utils][INFO] - Global Rank: 1 wrote 64 rows to /data/mhwang/Rec/GRID/logs/inference/runs/2025-09-16/12-37-21/pickle/predictions_1_20250916T044056765.pkl.
[2025-09-16 12:40:56,946][src.utils.inference_utils][INFO] - Global Rank: 0 wrote 64 rows to /data/mhwang/Rec/GRID/logs/inference/runs/2025-09-16/12-37-21/pickle/predictions_0_20250916T044056921.pkl.
[2025-09-16 12:40:58,318][src.utils.inference_utils][INFO] - Global Rank: 1 wrote 64 rows to /data/mhwang/Rec/GRID/logs/inference/runs/2025-09-16/12-37-21/pickle/predictions_1_20250916T044058291.pkl.
[2025-09-16 12:40:58,472][src.utils.inference_utils][INFO] - Global Rank: 0 wrote 64 rows to /data/mhwang/Rec/GRID/logs/inference/runs/2025-09-16/12-37-21/pickle/predictions_0_20250916T044058448.pkl.
[2025-09-16 12:40:59,840][src.utils.inference_utils][INFO] - Global Rank: 1 wrote 64 rows to /data/mhwang/Rec/GRID/logs/inference/runs/2025-09-16/12-37-21/pickle/predictions_1_20250916T044059815.pkl.
[2025-09-16 12:41:00,002][src.utils.inference_utils][INFO] - Global Rank: 0 wrote 64 rows to /data/mhwang/Rec/GRID/logs/inference/runs/2025-09-16/12-37-21/pickle/predictions_0_20250916T044059975.pkl.
[2025-09-16 12:41:01,364][src.utils.inference_utils][INFO] - Global Rank: 1 wrote 64 rows to /data/mhwang/Rec/GRID/logs/inference/runs/2025-09-16/12-37-21/pickle/predictions_1_20250916T044101340.pkl.
[2025-09-16 12:41:01,527][src.utils.inference_utils][INFO] - Global Rank: 0 wrote 64 rows to /data/mhwang/Rec/GRID/logs/inference/runs/2025-09-16/12-37-21/pickle/predictions_0_20250916T044101503.pkl.
[2025-09-16 12:41:02,886][src.utils.inference_utils][INFO] - Global Rank: 1 wrote 64 rows to /data/mhwang/Rec/GRID/logs/inference/runs/2025-09-16/12-37-21/pickle/predictions_1_20250916T044102862.pkl.
[2025-09-16 12:41:03,060][src.utils.inference_utils][INFO] - Global Rank: 0 wrote 64 rows to /data/mhwang/Rec/GRID/logs/inference/runs/2025-09-16/12-37-21/pickle/predictions_0_20250916T044103036.pkl.
[2025-09-16 12:41:04,409][src.utils.inference_utils][INFO] - Global Rank: 1 wrote 64 rows to /data/mhwang/Rec/GRID/logs/inference/runs/2025-09-16/12-37-21/pickle/predictions_1_20250916T044104385.pkl.
[2025-09-16 12:41:04,587][src.utils.inference_utils][INFO] - Global Rank: 0 wrote 64 rows to /data/mhwang/Rec/GRID/logs/inference/runs/2025-09-16/12-37-21/pickle/predictions_0_20250916T044104563.pkl.
[2025-09-16 12:41:05,934][src.utils.inference_utils][INFO] - Global Rank: 1 wrote 64 rows to /data/mhwang/Rec/GRID/logs/inference/runs/2025-09-16/12-37-21/pickle/predictions_1_20250916T044105909.pkl.
[2025-09-16 12:41:06,116][src.utils.inference_utils][INFO] - Global Rank: 0 wrote 64 rows to /data/mhwang/Rec/GRID/logs/inference/runs/2025-09-16/12-37-21/pickle/predictions_0_20250916T044106091.pkl.
[2025-09-16 12:41:07,455][src.utils.inference_utils][INFO] - Global Rank: 1 wrote 64 rows to /data/mhwang/Rec/GRID/logs/inference/runs/2025-09-16/12-37-21/pickle/predictions_1_20250916T044107430.pkl.
[2025-09-16 12:41:07,642][src.utils.inference_utils][INFO] - Global Rank: 0 wrote 64 rows to /data/mhwang/Rec/GRID/logs/inference/runs/2025-09-16/12-37-21/pickle/predictions_0_20250916T044107618.pkl.
[2025-09-16 12:41:08,992][src.utils.inference_utils][INFO] - Global Rank: 1 wrote 64 rows to /data/mhwang/Rec/GRID/logs/inference/runs/2025-09-16/12-37-21/pickle/predictions_1_20250916T044108966.pkl.
[2025-09-16 12:41:09,174][src.utils.inference_utils][INFO] - Global Rank: 0 wrote 64 rows to /data/mhwang/Rec/GRID/logs/inference/runs/2025-09-16/12-37-21/pickle/predictions_0_20250916T044109150.pkl.
[2025-09-16 12:41:10,525][src.utils.inference_utils][INFO] - Global Rank: 1 wrote 64 rows to /data/mhwang/Rec/GRID/logs/inference/runs/2025-09-16/12-37-21/pickle/predictions_1_20250916T044110501.pkl.
[2025-09-16 12:41:10,703][src.utils.inference_utils][INFO] - Global Rank: 0 wrote 64 rows to /data/mhwang/Rec/GRID/logs/inference/runs/2025-09-16/12-37-21/pickle/predictions_0_20250916T044110678.pkl.
[2025-09-16 12:41:12,054][src.utils.inference_utils][INFO] - Global Rank: 1 wrote 64 rows to /data/mhwang/Rec/GRID/logs/inference/runs/2025-09-16/12-37-21/pickle/predictions_1_20250916T044112028.pkl.
[2025-09-16 12:41:12,232][src.utils.inference_utils][INFO] - Global Rank: 0 wrote 64 rows to /data/mhwang/Rec/GRID/logs/inference/runs/2025-09-16/12-37-21/pickle/predictions_0_20250916T044112208.pkl.
[2025-09-16 12:41:13,578][src.utils.inference_utils][INFO] - Global Rank: 1 wrote 64 rows to /data/mhwang/Rec/GRID/logs/inference/runs/2025-09-16/12-37-21/pickle/predictions_1_20250916T044113554.pkl.
[2025-09-16 12:41:13,766][src.utils.inference_utils][INFO] - Global Rank: 0 wrote 64 rows to /data/mhwang/Rec/GRID/logs/inference/runs/2025-09-16/12-37-21/pickle/predictions_0_20250916T044113741.pkl.
[2025-09-16 12:41:15,101][src.utils.inference_utils][INFO] - Global Rank: 1 wrote 64 rows to /data/mhwang/Rec/GRID/logs/inference/runs/2025-09-16/12-37-21/pickle/predictions_1_20250916T044115077.pkl.
[2025-09-16 12:41:15,295][src.utils.inference_utils][INFO] - Global Rank: 0 wrote 64 rows to /data/mhwang/Rec/GRID/logs/inference/runs/2025-09-16/12-37-21/pickle/predictions_0_20250916T044115270.pkl.
[2025-09-16 12:41:16,626][src.utils.inference_utils][INFO] - Global Rank: 1 wrote 64 rows to /data/mhwang/Rec/GRID/logs/inference/runs/2025-09-16/12-37-21/pickle/predictions_1_20250916T044116601.pkl.
[2025-09-16 12:41:16,824][src.utils.inference_utils][INFO] - Global Rank: 0 wrote 64 rows to /data/mhwang/Rec/GRID/logs/inference/runs/2025-09-16/12-37-21/pickle/predictions_0_20250916T044116800.pkl.
[2025-09-16 12:41:18,154][src.utils.inference_utils][INFO] - Global Rank: 1 wrote 64 rows to /data/mhwang/Rec/GRID/logs/inference/runs/2025-09-16/12-37-21/pickle/predictions_1_20250916T044118129.pkl.
[2025-09-16 12:41:18,354][src.utils.inference_utils][INFO] - Global Rank: 0 wrote 64 rows to /data/mhwang/Rec/GRID/logs/inference/runs/2025-09-16/12-37-21/pickle/predictions_0_20250916T044118330.pkl.
[2025-09-16 12:41:19,678][src.utils.inference_utils][INFO] - Global Rank: 1 wrote 64 rows to /data/mhwang/Rec/GRID/logs/inference/runs/2025-09-16/12-37-21/pickle/predictions_1_20250916T044119653.pkl.
[2025-09-16 12:41:19,883][src.utils.inference_utils][INFO] - Global Rank: 0 wrote 64 rows to /data/mhwang/Rec/GRID/logs/inference/runs/2025-09-16/12-37-21/pickle/predictions_0_20250916T044119859.pkl.
[2025-09-16 12:41:21,203][src.utils.inference_utils][INFO] - Global Rank: 1 wrote 64 rows to /data/mhwang/Rec/GRID/logs/inference/runs/2025-09-16/12-37-21/pickle/predictions_1_20250916T044121178.pkl.
[2025-09-16 12:41:21,417][src.utils.inference_utils][INFO] - Global Rank: 0 wrote 64 rows to /data/mhwang/Rec/GRID/logs/inference/runs/2025-09-16/12-37-21/pickle/predictions_0_20250916T044121389.pkl.
[2025-09-16 12:41:22,731][src.utils.inference_utils][INFO] - Global Rank: 1 wrote 64 rows to /data/mhwang/Rec/GRID/logs/inference/runs/2025-09-16/12-37-21/pickle/predictions_1_20250916T044122706.pkl.
[2025-09-16 12:41:22,948][src.utils.inference_utils][INFO] - Global Rank: 0 wrote 64 rows to /data/mhwang/Rec/GRID/logs/inference/runs/2025-09-16/12-37-21/pickle/predictions_0_20250916T044122924.pkl.
[2025-09-16 12:41:24,261][src.utils.inference_utils][INFO] - Global Rank: 1 wrote 64 rows to /data/mhwang/Rec/GRID/logs/inference/runs/2025-09-16/12-37-21/pickle/predictions_1_20250916T044124235.pkl.
[2025-09-16 12:41:24,479][src.utils.inference_utils][INFO] - Global Rank: 0 wrote 64 rows to /data/mhwang/Rec/GRID/logs/inference/runs/2025-09-16/12-37-21/pickle/predictions_0_20250916T044124455.pkl.
[2025-09-16 12:41:25,789][src.utils.inference_utils][INFO] - Global Rank: 1 wrote 64 rows to /data/mhwang/Rec/GRID/logs/inference/runs/2025-09-16/12-37-21/pickle/predictions_1_20250916T044125764.pkl.
[2025-09-16 12:41:26,016][src.utils.inference_utils][INFO] - Global Rank: 0 wrote 64 rows to /data/mhwang/Rec/GRID/logs/inference/runs/2025-09-16/12-37-21/pickle/predictions_0_20250916T044125991.pkl.
[2025-09-16 12:41:27,317][src.utils.inference_utils][INFO] - Global Rank: 1 wrote 64 rows to /data/mhwang/Rec/GRID/logs/inference/runs/2025-09-16/12-37-21/pickle/predictions_1_20250916T044127292.pkl.
[2025-09-16 12:41:27,546][src.utils.inference_utils][INFO] - Global Rank: 0 wrote 64 rows to /data/mhwang/Rec/GRID/logs/inference/runs/2025-09-16/12-37-21/pickle/predictions_0_20250916T044127521.pkl.
[2025-09-16 12:41:28,852][src.utils.inference_utils][INFO] - Global Rank: 1 wrote 64 rows to /data/mhwang/Rec/GRID/logs/inference/runs/2025-09-16/12-37-21/pickle/predictions_1_20250916T044128827.pkl.
[2025-09-16 12:41:29,195][src.utils.inference_utils][INFO] - Global Rank: 0 wrote 64 rows to /data/mhwang/Rec/GRID/logs/inference/runs/2025-09-16/12-37-21/pickle/predictions_0_20250916T044129171.pkl.
[2025-09-16 12:41:30,380][src.utils.inference_utils][INFO] - Global Rank: 1 wrote 64 rows to /data/mhwang/Rec/GRID/logs/inference/runs/2025-09-16/12-37-21/pickle/predictions_1_20250916T044130355.pkl.
[2025-09-16 12:41:30,728][src.utils.inference_utils][INFO] - Global Rank: 0 wrote 64 rows to /data/mhwang/Rec/GRID/logs/inference/runs/2025-09-16/12-37-21/pickle/predictions_0_20250916T044130704.pkl.
[2025-09-16 12:41:31,906][src.utils.inference_utils][INFO] - Global Rank: 1 wrote 64 rows to /data/mhwang/Rec/GRID/logs/inference/runs/2025-09-16/12-37-21/pickle/predictions_1_20250916T044131882.pkl.
[2025-09-16 12:41:32,257][src.utils.inference_utils][INFO] - Global Rank: 0 wrote 64 rows to /data/mhwang/Rec/GRID/logs/inference/runs/2025-09-16/12-37-21/pickle/predictions_0_20250916T044132233.pkl.
[2025-09-16 12:41:32,275][src.utils.inference_utils][INFO] - Global Rank: 0 wrote 5 rows to /data/mhwang/Rec/GRID/logs/inference/runs/2025-09-16/12-37-21/pickle/predictions_0_20250916T044132272.pkl.
[2025-09-16 12:41:32,276][src.utils.inference_utils][INFO] - Rank 0 finished writing predictions.
[2025-09-16 12:41:33,438][src.utils.inference_utils][INFO] - Global Rank: 1 wrote 64 rows to /data/mhwang/Rec/GRID/logs/inference/runs/2025-09-16/12-37-21/pickle/predictions_1_20250916T044133414.pkl.
[2025-09-16 12:41:34,965][src.utils.inference_utils][INFO] - Global Rank: 1 wrote 64 rows to /data/mhwang/Rec/GRID/logs/inference/runs/2025-09-16/12-37-21/pickle/predictions_1_20250916T044134940.pkl.
[2025-09-16 12:41:36,489][src.utils.inference_utils][INFO] - Global Rank: 1 wrote 64 rows to /data/mhwang/Rec/GRID/logs/inference/runs/2025-09-16/12-37-21/pickle/predictions_1_20250916T044136464.pkl.
[2025-09-16 12:41:36,504][src.utils.inference_utils][INFO] - Buffer is empty, nothing to flush.
[2025-09-16 12:41:36,505][src.utils.inference_utils][INFO] - Rank 1 finished writing predictions.
[2025-09-16 12:41:36,506][src.utils.inference_utils][INFO] - Merging pickle files on main process.
[2025-09-16 12:41:48,861][src.utils.inference_utils][INFO] - Merged 12101 rows into merged_predictions.pkl.
[2025-09-16 12:42:05,957][src.utils.inference_utils][INFO] - Merged 12101 rows into merged_predictions_tensor.pt. as pytorch tensor
