[2025-09-16 14:04:27,241][src.utils.utils][INFO] - [rank: 0] Enforcing tags! <cfg.extras.enforce_tags=True>
[2025-09-16 14:04:27,246][src.utils.utils][INFO] - [rank: 0] Printing config tree with Rich! <cfg.extras.print_config=True>
[2025-09-16 14:04:27,246][src.utils.restart_job][INFO] - [rank: 0] should_skip_retry set to True. Skipping retry logic.
[2025-09-16 14:04:27,249][src.utils.launcher_utils][INFO] - [rank: 0] Instantiating datamodule <src.data.loading.datamodules.sequence_datamodule.SequenceDataModule>
[2025-09-16 14:04:27,298][src.utils.launcher_utils][INFO] - [rank: 0] Instantiating model <src.models.modules.semantic_id.tiger_generation_model.SemanticIDEncoderDecoder>
[2025-09-16 14:04:27,576][src.utils.launcher_utils][INFO] - [rank: 0] Instantiating callbacks...
[2025-09-16 14:04:27,577][src.utils.instantiators][INFO] - [rank: 0] Instantiating callback <lightning.pytorch.callbacks.ModelCheckpoint>
[2025-09-16 14:04:27,579][src.utils.instantiators][INFO] - [rank: 0] Instantiating callback <lightning.pytorch.callbacks.EarlyStopping>
[2025-09-16 14:04:27,581][src.utils.instantiators][INFO] - [rank: 0] Instantiating callback <lightning.pytorch.callbacks.RichModelSummary>
[2025-09-16 14:04:27,582][src.utils.instantiators][INFO] - [rank: 0] Instantiating callback <src.utils.restart_job.RestartAndLoadCheckpointCallback>
[2025-09-16 14:04:27,583][src.utils.restart_job_utils][INFO] - [rank: 0] Trying to load metadata from /data/mhwang/Rec/GRID/logs/train/runs/2025-09-16/14-04-27/metadata/restart_metadata.json
[2025-09-16 14:04:27,584][src.utils.restart_job_utils][WARNING] - [rank: 0] Metadata file not found at /data/mhwang/Rec/GRID/logs/train/runs/2025-09-16/14-04-27/metadata/restart_metadata.json. Creating empty metadata.
[2025-09-16 14:04:27,584][src.utils.restart_job_utils][INFO] - [rank: 0] Saving metadata to /data/mhwang/Rec/GRID/logs/train/runs/2025-09-16/14-04-27/metadata/restart_metadata.json. {'start_time': '2025-09-16T14:04:27.584314', 'restarts': [], 'current_run': 0, 'used_ports': [], 'world_size': 0, 'node_rank': 0, 'master_addr': '', 'original_args': ['/data/mhwang/Rec/GRID/src/train.py', 'experiment=tiger_train_flat', 'data_dir=/data/mhwang/Rec/GRID/amazon_data/beauty', 'semantic_id_path=/data/mhwang/Rec/GRID/logs/inference/runs/2025-09-16/14-01-58/pickle/merged_predictions_tensor.pt', 'num_hierarchies=4', '++should_skip_retry=True']}
[2025-09-16 14:04:27,584][src.utils.launcher_utils][INFO] - [rank: 0] Instantiating loggers...
[2025-09-16 14:04:27,584][src.utils.instantiators][INFO] - [rank: 0] Instantiating logger <lightning.pytorch.loggers.csv_logs.CSVLogger>
[2025-09-16 14:04:27,586][src.utils.launcher_utils][INFO] - [rank: 0] Instantiating trainer <lightning.pytorch.trainer.Trainer>
[2025-09-16 14:04:27,587][src.utils.restart_job_utils][INFO] - [rank: 0] Trying to load metadata from /data/mhwang/Rec/GRID/logs/train/runs/2025-09-16/14-04-27/metadata/restart_metadata.json
[2025-09-16 14:04:27,587][src.utils.restart_job_utils][INFO] - [rank: 0] Metadata loaded successfully from /data/mhwang/Rec/GRID/logs/train/runs/2025-09-16/14-04-27/metadata/restart_metadata.json
[2025-09-16 14:04:27,588][src.utils.restart_job_utils][INFO] - [rank: 0] Retrieved current_run: 0 from metadata /data/mhwang/Rec/GRID/logs/train/runs/2025-09-16/14-04-27/metadata/restart_metadata.json
[2025-09-16 14:04:27,693][src.utils.launcher_utils][INFO] - [rank: 0] Logging hyperparameters!
[2025-09-16 14:04:27,871][__main__][INFO] - [rank: 0] Starting training!
[2025-09-16 14:04:39,263][src.utils.restart_job_utils][INFO] - [rank: 0] Saving metadata to /data/mhwang/Rec/GRID/logs/train/runs/2025-09-16/14-04-27/metadata/restart_metadata.json. {'start_time': '2025-09-16T14:04:27.584314', 'restarts': [], 'current_run': 0, 'used_ports': ['58463'], 'world_size': 2, 'node_rank': 0, 'master_addr': '127.0.0.1', 'original_args': ['/data/mhwang/Rec/GRID/src/train.py', 'experiment=tiger_train_flat', 'data_dir=/data/mhwang/Rec/GRID/amazon_data/beauty', 'semantic_id_path=/data/mhwang/Rec/GRID/logs/inference/runs/2025-09-16/14-01-58/pickle/merged_predictions_tensor.pt', 'num_hierarchies=4', '++should_skip_retry=True']}
[2025-09-16 19:04:39,531][__main__][INFO] - [rank: 0] Starting testing!
[2025-09-16 19:07:26,383][__main__][INFO] - [rank: 0] Best ckpt path: /data/mhwang/Rec/GRID/logs/train/runs/2025-09-16/14-04-27/checkpoints/checkpoint_epoch=000_step=002900.ckpt
[2025-09-16 19:07:26,392][__main__][INFO] - [rank: 0] Metrics: {'train/loss': tensor(7.4117), 'train/loss_step': tensor(3.7420), 'val/loss': tensor(9.5450), 'val/ndcg@5': tensor(0.0393), 'val/ndcg@10': tensor(0.0470), 'val/recall@5': tensor(0.0577), 'val/recall@10': tensor(0.0817), 'train/loss_epoch': tensor(7.4117), 'test/loss': tensor(9.8822), 'test/ndcg@5': tensor(0.0298), 'test/ndcg@10': tensor(0.0364), 'test/recall@5': tensor(0.0439), 'test/recall@10': tensor(0.0644)}
