[2025-09-17 22:00:55,464][src.utils.utils][INFO] - [rank: 0] Enforcing tags! <cfg.extras.enforce_tags=True>
[2025-09-17 22:00:55,468][src.utils.utils][INFO] - [rank: 0] Printing config tree with Rich! <cfg.extras.print_config=True>
[2025-09-17 22:00:55,469][src.utils.restart_job][INFO] - [rank: 0] should_skip_retry set to True. Skipping retry logic.
[2025-09-17 22:00:55,471][src.utils.launcher_utils][INFO] - [rank: 0] Instantiating datamodule <src.data.loading.datamodules.sequence_datamodule.SequenceDataModule>
[2025-09-17 22:00:55,521][src.utils.launcher_utils][INFO] - [rank: 0] Instantiating model <src.models.modules.semantic_id.tiger_generation_model.SemanticIDEncoderDecoder>
[2025-09-17 22:00:55,846][src.utils.launcher_utils][INFO] - [rank: 0] Instantiating callbacks...
[2025-09-17 22:00:55,847][src.utils.instantiators][INFO] - [rank: 0] Instantiating callback <lightning.pytorch.callbacks.ModelCheckpoint>
[2025-09-17 22:00:55,849][src.utils.instantiators][INFO] - [rank: 0] Instantiating callback <lightning.pytorch.callbacks.EarlyStopping>
[2025-09-17 22:00:55,851][src.utils.instantiators][INFO] - [rank: 0] Instantiating callback <lightning.pytorch.callbacks.RichModelSummary>
[2025-09-17 22:00:55,852][src.utils.instantiators][INFO] - [rank: 0] Instantiating callback <src.utils.restart_job.RestartAndLoadCheckpointCallback>
[2025-09-17 22:00:55,853][src.utils.restart_job_utils][INFO] - [rank: 0] Trying to load metadata from /data/mhwang/Rec/GRID/logs/train/runs/2025-09-17/22-00-55/metadata/restart_metadata.json
[2025-09-17 22:00:55,854][src.utils.restart_job_utils][WARNING] - [rank: 0] Metadata file not found at /data/mhwang/Rec/GRID/logs/train/runs/2025-09-17/22-00-55/metadata/restart_metadata.json. Creating empty metadata.
[2025-09-17 22:00:55,854][src.utils.restart_job_utils][INFO] - [rank: 0] Saving metadata to /data/mhwang/Rec/GRID/logs/train/runs/2025-09-17/22-00-55/metadata/restart_metadata.json. {'start_time': '2025-09-17T22:00:55.854310', 'restarts': [], 'current_run': 0, 'used_ports': [], 'world_size': 0, 'node_rank': 0, 'master_addr': '', 'original_args': ['/data/mhwang/Rec/GRID/src/train.py', 'experiment=tiger_train_flat', 'data_dir=/data/mhwang/Rec/GRID/amazon_data/toys', 'semantic_id_path=/data/mhwang/Rec/GRID/logs/inference/runs/2025-09-17/21-57-54/pickle/merged_predictions_tensor.pt', 'num_hierarchies=4', '++should_skip_retry=True']}
[2025-09-17 22:00:55,854][src.utils.launcher_utils][INFO] - [rank: 0] Instantiating loggers...
[2025-09-17 22:00:55,854][src.utils.instantiators][INFO] - [rank: 0] Instantiating logger <lightning.pytorch.loggers.csv_logs.CSVLogger>
[2025-09-17 22:00:55,856][src.utils.launcher_utils][INFO] - [rank: 0] Instantiating trainer <lightning.pytorch.trainer.Trainer>
[2025-09-17 22:00:55,857][src.utils.restart_job_utils][INFO] - [rank: 0] Trying to load metadata from /data/mhwang/Rec/GRID/logs/train/runs/2025-09-17/22-00-55/metadata/restart_metadata.json
[2025-09-17 22:00:55,857][src.utils.restart_job_utils][INFO] - [rank: 0] Metadata loaded successfully from /data/mhwang/Rec/GRID/logs/train/runs/2025-09-17/22-00-55/metadata/restart_metadata.json
[2025-09-17 22:00:55,858][src.utils.restart_job_utils][INFO] - [rank: 0] Retrieved current_run: 0 from metadata /data/mhwang/Rec/GRID/logs/train/runs/2025-09-17/22-00-55/metadata/restart_metadata.json
[2025-09-17 22:00:55,976][src.utils.launcher_utils][INFO] - [rank: 0] Logging hyperparameters!
[2025-09-17 22:00:56,162][__main__][INFO] - [rank: 0] Starting training!
[2025-09-17 22:01:08,392][src.utils.restart_job_utils][INFO] - [rank: 0] Saving metadata to /data/mhwang/Rec/GRID/logs/train/runs/2025-09-17/22-00-55/metadata/restart_metadata.json. {'start_time': '2025-09-17T22:00:55.854310', 'restarts': [], 'current_run': 0, 'used_ports': ['38959'], 'world_size': 2, 'node_rank': 0, 'master_addr': '127.0.0.1', 'original_args': ['/data/mhwang/Rec/GRID/src/train.py', 'experiment=tiger_train_flat', 'data_dir=/data/mhwang/Rec/GRID/amazon_data/toys', 'semantic_id_path=/data/mhwang/Rec/GRID/logs/inference/runs/2025-09-17/21-57-54/pickle/merged_predictions_tensor.pt', 'num_hierarchies=4', '++should_skip_retry=True']}
[2025-09-18 07:30:02,912][__main__][INFO] - [rank: 0] Starting testing!
[2025-09-18 07:32:09,434][__main__][INFO] - [rank: 0] Best ckpt path: /data/mhwang/Rec/GRID/logs/train/runs/2025-09-17/22-00-55/checkpoints/checkpoint_epoch=000_step=004600.ckpt
[2025-09-18 07:32:09,440][__main__][INFO] - [rank: 0] Metrics: {'train/loss': tensor(6.4926), 'train/loss_step': tensor(3.5335), 'val/loss': tensor(11.6881), 'val/ndcg@5': tensor(0.0363), 'val/ndcg@10': tensor(0.0425), 'val/recall@5': tensor(0.0521), 'val/recall@10': tensor(0.0713), 'train/loss_epoch': tensor(6.4926), 'test/loss': tensor(12.0733), 'test/ndcg@5': tensor(0.0276), 'test/ndcg@10': tensor(0.0328), 'test/recall@5': tensor(0.0398), 'test/recall@10': tensor(0.0558)}
