[2025-09-29 13:26:56,802][src.utils.utils][INFO] - [rank: 0] Enforcing tags! <cfg.extras.enforce_tags=True>
[2025-09-29 13:26:56,815][src.utils.utils][WARNING] - [rank: 0] Config loss was not found in the config tree. Make sure this is expected.
[2025-09-29 13:26:56,816][src.utils.utils][WARNING] - [rank: 0] Config optim was not found in the config tree. Make sure this is expected.
[2025-09-29 13:26:56,816][src.utils.utils][WARNING] - [rank: 0] Config eval was not found in the config tree. Make sure this is expected.
[2025-09-29 13:26:59,817][src.utils.utils][INFO] - [rank: 0] Printing config tree with Rich! <cfg.extras.print_config=True>
[2025-09-29 13:26:59,822][src.utils.launcher_utils][INFO] - [rank: 0] Instantiating datamodule <src.data.loading.datamodules.sequence_datamodule.SequenceDataModule>
[2025-09-29 13:26:59,860][src.utils.launcher_utils][INFO] - [rank: 0] Instantiating model <src.models.modules.semantic_id.tiger_generation_model.SemanticIDEncoderDecoder>
[2025-09-29 13:27:01,011][src.utils.launcher_utils][INFO] - [rank: 0] Instantiating callbacks...
[2025-09-29 13:27:01,012][src.utils.instantiators][INFO] - [rank: 0] Instantiating callback <src.utils.inference_utils.LocalPickleWriter>
[2025-09-29 13:27:01,257][src.utils.launcher_utils][INFO] - [rank: 0] Instantiating loggers...
[2025-09-29 13:27:01,257][src.utils.instantiators][INFO] - [rank: 0] Instantiating logger <lightning.pytorch.loggers.csv_logs.CSVLogger>
[2025-09-29 13:27:01,261][src.utils.launcher_utils][INFO] - [rank: 0] Instantiating trainer <lightning.pytorch.trainer.Trainer>
[2025-09-29 13:27:01,365][src.utils.launcher_utils][INFO] - [rank: 0] Logging hyperparameters!
[2025-09-29 13:27:01,598][__main__][INFO] - [rank: 0] Starting inference!
[2025-09-29 13:27:23,083][src.utils.inference_utils][INFO] - Rank 1 initialized for inference.
[2025-09-29 13:27:23,085][src.utils.inference_utils][INFO] - Rank 0 initialized for inference.
[2025-09-29 13:27:59,136][src.utils.inference_utils][INFO] - Global Rank: 1 wrote 9728 rows to /data/mhwang/Rec/GRID/logs/inference/runs/2025-09-29/13-26-56/pickle/predictions_1_20250929T052759053.pkl.
[2025-09-29 13:27:59,156][src.utils.inference_utils][INFO] - Rank 1 finished writing predictions.
[2025-09-29 13:27:59,340][src.utils.inference_utils][INFO] - Global Rank: 0 wrote 9684 rows to /data/mhwang/Rec/GRID/logs/inference/runs/2025-09-29/13-26-56/pickle/predictions_0_20250929T052759251.pkl.
[2025-09-29 13:27:59,360][src.utils.inference_utils][INFO] - Rank 0 finished writing predictions.
[2025-09-29 13:27:59,361][src.utils.inference_utils][INFO] - Merging pickle files on main process.
[2025-09-29 13:27:59,764][src.utils.inference_utils][INFO] - Merged 19412 rows into merged_predictions.pkl.
[2025-09-29 13:28:00,465][src.utils.inference_utils][INFO] - Merged 19412 rows into merged_predictions_tensor.pt. as pytorch tensor
