[2025-11-12 01:58:14,907][src.utils.utils][INFO] - [rank: 0] Enforcing tags! <cfg.extras.enforce_tags=True>
[2025-11-12 01:58:14,915][src.utils.utils][WARNING] - [rank: 0] Config loss was not found in the config tree. Make sure this is expected.
[2025-11-12 01:58:17,916][src.utils.utils][INFO] - [rank: 0] Printing config tree with Rich! <cfg.extras.print_config=True>
[2025-11-12 01:58:17,916][src.utils.restart_job][INFO] - [rank: 0] should_skip_retry set to True. Skipping retry logic.
[2025-11-12 01:58:17,920][src.utils.launcher_utils][INFO] - [rank: 0] Instantiating datamodule <src.data.loading.datamodules.sequence_datamodule.ItemDataModule>
[2025-11-12 01:58:18,553][src.utils.launcher_utils][INFO] - [rank: 0] Instantiating model <src.modules.clustering.residual_quantization.ResidualQuantization>
[2025-11-12 01:58:19,192][root][INFO] - Device cpu: Verbose mode enabled
[2025-11-12 01:58:19,329][root][INFO] - Device cpu: Using custom training loop function
[2025-11-12 01:58:19,340][src.utils.launcher_utils][INFO] - [rank: 0] Instantiating callbacks...
[2025-11-12 01:58:19,341][src.utils.instantiators][INFO] - [rank: 0] Instantiating callback <lightning.pytorch.callbacks.ModelCheckpoint>
[2025-11-12 01:58:19,346][src.utils.instantiators][INFO] - [rank: 0] Instantiating callback <lightning.pytorch.callbacks.RichModelSummary>
[2025-11-12 01:58:19,348][src.utils.launcher_utils][INFO] - [rank: 0] Instantiating loggers...
[2025-11-12 01:58:19,349][src.utils.instantiators][INFO] - [rank: 0] Instantiating logger <lightning.pytorch.loggers.csv_logs.CSVLogger>
[2025-11-12 01:58:19,352][src.utils.launcher_utils][INFO] - [rank: 0] Instantiating trainer <lightning.pytorch.trainer.Trainer>
[2025-11-12 01:58:19,435][pytorch_lightning.utilities.rank_zero][INFO] - Using bfloat16 Automatic Mixed Precision (AMP)
[2025-11-12 01:58:19,436][pytorch_lightning.utilities.rank_zero][INFO] - Trainer already configured with model summary callbacks: [<class 'lightning.pytorch.callbacks.rich_model_summary.RichModelSummary'>]. Skipping setting a default `ModelSummary` callback.
[2025-11-12 01:58:19,472][pytorch_lightning.utilities.rank_zero][INFO] - GPU available: True (cuda), used: True
[2025-11-12 01:58:19,473][pytorch_lightning.utilities.rank_zero][INFO] - TPU available: False, using: 0 TPU cores
[2025-11-12 01:58:19,473][pytorch_lightning.utilities.rank_zero][INFO] - HPU available: False, using: 0 HPUs
[2025-11-12 01:58:19,474][src.utils.launcher_utils][INFO] - [rank: 0] Logging hyperparameters!
[2025-11-12 01:58:19,788][__main__][INFO] - [rank: 0] Starting training!
[2025-11-12 01:58:38,220][root][INFO] - Device cpu: Verbose mode enabled
[2025-11-12 01:58:38,268][root][INFO] - Device cpu: Verbose mode enabled
[2025-11-12 01:58:38,461][root][INFO] - Device cpu: Using custom training loop function
[2025-11-12 01:58:38,476][root][INFO] - Device cpu: Using custom training loop function
[2025-11-12 01:58:38,967][root][INFO] - Device cpu: Verbose mode enabled
[2025-11-12 01:58:39,096][root][INFO] - Device cpu: Using custom training loop function
[2025-11-12 01:58:39,560][pytorch_lightning.utilities.rank_zero][INFO] - ----------------------------------------------------------------------------------------------------
distributed_backend=nccl
All distributed processes registered. Starting with 4 processes
----------------------------------------------------------------------------------------------------

[2025-11-12 01:59:08,312][root][INFO] - Device cuda:3: Training layers one-at-a-time, each for 6 steps. Ensure that early stopping callbacks are disabled.
[2025-11-12 01:59:08,314][root][INFO] - Device cuda:1: Training layers one-at-a-time, each for 6 steps. Ensure that early stopping callbacks are disabled.
[2025-11-12 01:59:08,315][root][INFO] - Device cuda:2: Training layers one-at-a-time, each for 6 steps. Ensure that early stopping callbacks are disabled.
[2025-11-12 01:59:08,324][root][INFO] - Device cuda:0: Training layers one-at-a-time, each for 6 steps. Ensure that early stopping callbacks are disabled.
[2025-11-12 01:59:20,336][root][INFO] - Device cuda:3: Finished training layer 0 of 5
[2025-11-12 01:59:20,336][root][INFO] - Device cuda:1: Finished training layer 0 of 5
[2025-11-12 01:59:20,336][root][INFO] - Device cuda:2: Finished training layer 0 of 5
[2025-11-12 01:59:20,336][root][INFO] - Device cuda:0: Finished training layer 0 of 5
[2025-11-12 01:59:31,380][root][INFO] - Device cuda:3: Finished training layer 1 of 5
[2025-11-12 01:59:31,380][root][INFO] - Device cuda:1: Finished training layer 1 of 5
[2025-11-12 01:59:31,380][root][INFO] - Device cuda:2: Finished training layer 1 of 5
[2025-11-12 01:59:31,385][root][INFO] - Device cuda:0: Finished training layer 1 of 5
[2025-11-12 01:59:46,675][root][INFO] - Device cuda:3: Finished training layer 2 of 5
[2025-11-12 01:59:46,677][root][INFO] - Device cuda:1: Finished training layer 2 of 5
[2025-11-12 01:59:46,677][root][INFO] - Device cuda:2: Finished training layer 2 of 5
[2025-11-12 01:59:46,677][root][INFO] - Device cuda:0: Finished training layer 2 of 5
[2025-11-12 02:00:00,351][root][INFO] - Device cuda:1: Finished training layer 3 of 5
[2025-11-12 02:00:00,352][root][INFO] - Device cuda:3: Finished training layer 3 of 5
[2025-11-12 02:00:00,353][root][INFO] - Device cuda:2: Finished training layer 3 of 5
[2025-11-12 02:00:00,357][root][INFO] - Device cuda:0: Finished training layer 3 of 5
[2025-11-12 02:00:11,855][pytorch_lightning.utilities.rank_zero][INFO] - Epoch 0, global step 30: 'train/loss' reached 7.31440 (best 7.31440), saving model to '/data/mhwang/Rec/GRID/logs/train/runs/2025-11-12/01-58-14/checkpoints/checkpoint_000_000030.ckpt' as top 1
[2025-11-12 02:00:19,004][pytorch_lightning.utilities.rank_zero][INFO] - `Trainer.fit` stopped: `max_steps=30` reached.
[2025-11-12 02:00:25,486][__main__][INFO] - [rank: 0] Metrics: {'train/loss': tensor(33.3356), 'train/loss_step': tensor(7.3144), 'train/quantization_loss': tensor(33.3356), 'train/quantization_loss_step': tensor(7.3144), 'train/reconstruction_loss': tensor(0.), 'train/reconstruction_loss_step': tensor(0.), 'train/last_residuals_norm_ratio': tensor(0.0178), 'train/last_residuals_norm_ratio_step': tensor(0.0179), 'train/first_residuals_norm_ratio': tensor(0.0088), 'train/first_residuals_norm_ratio_step': tensor(0.0034), 'train/first_centroids_norm': tensor(9.4880), 'train/first_centroids_norm_step': tensor(15.7200), 'train/last_centroids_norm': tensor(0.), 'train/last_centroids_norm_step': tensor(0.), 'train/frac_unique_ids': tensor(0.4039), 'train/frac_unique_ids_step': tensor(0.9971), 'train/mse': tensor(0.0003), 'train/mse_step': tensor(0.0003), 'train/layer_0/frac_layer_coverages': tensor(0.5951), 'train/layer_0/frac_layer_coverages_step': tensor(0.8945), 'train/layer_1/frac_layer_coverages': tensor(0.3680), 'train/layer_1/frac_layer_coverages_step': tensor(0.9062), 'train/layer_2/frac_layer_coverages': tensor(0.1957), 'train/layer_2/frac_layer_coverages_step': tensor(0.9570), 'train/layer_3/frac_layer_coverages': tensor(0.1971), 'train/layer_3/frac_layer_coverages_step': tensor(0.9844), 'train/layer_4/frac_layer_coverages': tensor(0.0039), 'train/layer_4/frac_layer_coverages_step': tensor(0.0039), 'train/layer_0/id_entropy': tensor(3.3550), 'train/layer_0/id_entropy_step': tensor(5.1890), 'train/layer_1/id_entropy': tensor(2.0329), 'train/layer_1/id_entropy_step': tensor(5.0947), 'train/layer_2/id_entropy': tensor(1.0411), 'train/layer_2/id_entropy_step': tensor(5.2360), 'train/layer_3/id_entropy': tensor(1.0482), 'train/layer_3/id_entropy_step': tensor(5.3017), 'train/layer_4/id_entropy': tensor(1.1921e-07), 'train/layer_4/id_entropy_step': tensor(1.1921e-07), 'train/loss_epoch': tensor(33.3356), 'train/quantization_loss_epoch': tensor(33.3356), 'train/reconstruction_loss_epoch': tensor(0.), 'train/last_residuals_norm_ratio_epoch': tensor(0.0178), 'train/first_residuals_norm_ratio_epoch': tensor(0.0088), 'train/first_centroids_norm_epoch': tensor(9.4880), 'train/last_centroids_norm_epoch': tensor(0.), 'train/frac_unique_ids_epoch': tensor(0.4039), 'train/mse_epoch': tensor(0.0003), 'train/layer_0/frac_layer_coverages_epoch': tensor(0.5951), 'train/layer_1/frac_layer_coverages_epoch': tensor(0.3680), 'train/layer_2/frac_layer_coverages_epoch': tensor(0.1957), 'train/layer_3/frac_layer_coverages_epoch': tensor(0.1971), 'train/layer_4/frac_layer_coverages_epoch': tensor(0.0039), 'train/layer_0/id_entropy_epoch': tensor(3.3550), 'train/layer_1/id_entropy_epoch': tensor(2.0329), 'train/layer_2/id_entropy_epoch': tensor(1.0411), 'train/layer_3/id_entropy_epoch': tensor(1.0482), 'train/layer_4/id_entropy_epoch': tensor(1.1921e-07)}
