[2025-11-12 01:19:05,413][src.utils.utils][INFO] - [rank: 0] Enforcing tags! <cfg.extras.enforce_tags=True>
[2025-11-12 01:19:05,423][src.utils.utils][WARNING] - [rank: 0] Config loss was not found in the config tree. Make sure this is expected.
[2025-11-12 01:19:05,424][src.utils.utils][WARNING] - [rank: 0] Config optim was not found in the config tree. Make sure this is expected.
[2025-11-12 01:19:05,424][src.utils.utils][WARNING] - [rank: 0] Config eval was not found in the config tree. Make sure this is expected.
[2025-11-12 01:19:08,425][src.utils.utils][INFO] - [rank: 0] Printing config tree with Rich! <cfg.extras.print_config=True>
[2025-11-12 01:19:08,429][src.utils.launcher_utils][INFO] - [rank: 0] Instantiating datamodule <src.data.loading.datamodules.sequence_datamodule.SequenceDataModule>
[2025-11-12 01:19:08,523][src.utils.launcher_utils][INFO] - [rank: 0] Instantiating model <src.models.modules.semantic_id.tiger_generation_model.SemanticIDEncoderDecoder>
[2025-11-12 01:19:08,777][src.models.modules.semantic_id.tiger_generation_model][INFO] - [rank: 0] i am here
[2025-11-12 01:19:09,164][src.utils.launcher_utils][INFO] - [rank: 0] Instantiating callbacks...
[2025-11-12 01:19:09,165][src.utils.instantiators][INFO] - [rank: 0] Instantiating callback <src.utils.inference_utils.LocalPickleWriter>
[2025-11-12 01:19:09,406][src.utils.launcher_utils][INFO] - [rank: 0] Instantiating loggers...
[2025-11-12 01:19:09,406][src.utils.instantiators][INFO] - [rank: 0] Instantiating logger <lightning.pytorch.loggers.csv_logs.CSVLogger>
[2025-11-12 01:19:09,410][src.utils.launcher_utils][INFO] - [rank: 0] Instantiating trainer <lightning.pytorch.trainer.Trainer>
[2025-11-12 01:19:09,540][src.utils.launcher_utils][INFO] - [rank: 0] Logging hyperparameters!
[2025-11-12 01:19:09,783][__main__][INFO] - [rank: 0] Starting inference!
[2025-11-12 01:19:31,436][src.utils.inference_utils][INFO] - Rank 2 initialized for inference.
[2025-11-12 01:19:31,437][src.utils.inference_utils][INFO] - Rank 0 initialized for inference.
[2025-11-12 01:19:31,437][src.utils.inference_utils][INFO] - Rank 3 initialized for inference.
[2025-11-12 01:19:31,438][src.utils.inference_utils][INFO] - Rank 1 initialized for inference.
[2025-11-12 01:19:37,264][src.models.modules.semantic_id.tiger_generation_model][INFO] - [rank: 0] 开始统计训练集中的item流行度...
[2025-11-12 01:19:37,265][src.models.modules.semantic_id.tiger_generation_model][INFO] - [rank: 0] 训练集dataloader类型: <class 'tuple'>
[2025-11-12 01:19:37,266][src.models.modules.semantic_id.tiger_generation_model][INFO] - [rank: 0] 实际dataloader类型: <class 'src.data.loading.components.custom_dataloader.DataloaderWithIterationRetry'>
[2025-11-12 01:19:46,775][src.models.modules.semantic_id.tiger_generation_model][INFO] - [rank: 0] 已处理 1000 个batch，累计统计 55467 个item交互
[2025-11-12 01:19:59,769][src.models.modules.semantic_id.tiger_generation_model][INFO] - [rank: 0] 已处理 2000 个batch，累计统计 105669 个item交互
[2025-11-12 01:20:07,918][src.models.modules.semantic_id.tiger_generation_model][INFO] - [rank: 0] 已处理 3000 个batch，累计统计 159298 个item交互
[2025-11-12 01:20:15,827][src.models.modules.semantic_id.tiger_generation_model][INFO] - [rank: 0] 已处理 4000 个batch，累计统计 210840 个item交互
[2025-11-12 01:20:28,434][src.models.modules.semantic_id.tiger_generation_model][INFO] - [rank: 0] 已处理 5000 个batch，累计统计 261987 个item交互
[2025-11-12 01:20:36,238][src.models.modules.semantic_id.tiger_generation_model][INFO] - [rank: 0] 已处理 6000 个batch，累计统计 315527 个item交互
[2025-11-12 01:20:43,981][src.models.modules.semantic_id.tiger_generation_model][INFO] - [rank: 0] 已处理 7000 个batch，累计统计 364905 个item交互
[2025-11-12 01:20:56,379][src.models.modules.semantic_id.tiger_generation_model][INFO] - [rank: 0] 已处理 8000 个batch，累计统计 419727 个item交互
[2025-11-12 01:21:08,869][src.models.modules.semantic_id.tiger_generation_model][INFO] - [rank: 0] 已处理 9000 个batch，累计统计 470372 个item交互
[2025-11-12 01:21:16,635][src.models.modules.semantic_id.tiger_generation_model][INFO] - [rank: 0] 已处理 10000 个batch，累计统计 523242 个item交互
[2025-11-12 01:21:16,641][src.models.modules.semantic_id.tiger_generation_model][INFO] - [rank: 0] 已达到最大batch限制(10000)，停止统计
[2025-11-12 01:21:16,757][src.models.modules.semantic_id.tiger_generation_model][INFO] - [rank: 0] 训练集统计完成：共 9257 个唯一item，总交互次数 523242
[2025-11-12 01:21:16,770][src.models.modules.semantic_id.tiger_generation_model][INFO] - [rank: 0] 流行度分组完成:
[2025-11-12 01:21:16,771][src.models.modules.semantic_id.tiger_generation_model][INFO] - [rank: 0]   Head组 (前20%): 1851 个item
[2025-11-12 01:21:16,771][src.models.modules.semantic_id.tiger_generation_model][INFO] - [rank: 0]   Body组 (20%-50%): 2777 个item
[2025-11-12 01:21:16,771][src.models.modules.semantic_id.tiger_generation_model][INFO] - [rank: 0]   Tail组 (后50%): 4629 个item
[2025-11-12 01:21:16,771][src.models.modules.semantic_id.tiger_generation_model][INFO] - [rank: 0]   Head组示例: item (176, 221, 71, 0) 出现 1856 次
[2025-11-12 01:21:16,771][src.models.modules.semantic_id.tiger_generation_model][INFO] - [rank: 0]   Tail组示例: item (20, 13, 136, 0) 出现 14 次
[2025-11-12 01:21:16,772][src.models.modules.semantic_id.tiger_generation_model][INFO] - [rank: 0] 已启用按流行度分组的评测（Head/Body/Tail）。
[2025-11-12 01:23:43,323][src.models.modules.semantic_id.tiger_generation_model][INFO] - [rank: 0] 
================================================================================
[2025-11-12 01:23:43,323][src.models.modules.semantic_id.tiger_generation_model][INFO] - [rank: 0] === 生成的语义ID Embedding相似度矩阵 (平均自 350 个batch) ===
[2025-11-12 01:23:43,325][src.models.modules.semantic_id.tiger_generation_model][INFO] - [rank: 0] 
[[ 1.         -0.00822364  0.00262281 -0.01946567]
 [-0.00822364  1.          0.00946332 -0.02428459]
 [ 0.00262281  0.00946332  1.          0.00149919]
 [-0.01946567 -0.02428459  0.00149919  1.        ]]
[2025-11-12 01:23:43,325][src.models.modules.semantic_id.tiger_generation_model][INFO] - [rank: 0] ================================================================================

[2025-11-12 01:23:43,325][src.models.modules.semantic_id.tiger_generation_model][INFO] - [rank: 0] 
================================================================================
[2025-11-12 01:23:43,326][src.models.modules.semantic_id.tiger_generation_model][INFO] - [rank: 0] === 输入序列中每个Item的Hierarchy Embedding相似度矩阵 (平均自 350 个batch) ===
[2025-11-12 01:23:43,327][src.models.modules.semantic_id.tiger_generation_model][INFO] - [rank: 0] 
[[ 1.0000000e+00 -3.7287907e-03 -3.4952010e-03 -1.0100247e-02]
 [-3.7287907e-03  1.0000000e+00  7.6780125e-04 -1.2309516e-02]
 [-3.4952010e-03  7.6780125e-04  1.0000000e+00 -4.3549812e-03]
 [-1.0100247e-02 -1.2309516e-02 -4.3549812e-03  1.0000000e+00]]
[2025-11-12 01:23:43,327][src.models.modules.semantic_id.tiger_generation_model][INFO] - [rank: 0] ================================================================================

[2025-11-12 01:23:43,440][src.models.modules.semantic_id.tiger_generation_model][INFO] - [rank: 0] 
================================================================================
[2025-11-12 01:23:43,441][src.models.modules.semantic_id.tiger_generation_model][INFO] - [rank: 0] === 按流行度分组的评测指标（累计到当前阶段）===
[2025-11-12 01:23:43,441][src.models.modules.semantic_id.tiger_generation_model][INFO] - [rank: 0] [Body] ndcg@5: 0.007202  ndcg@10: 0.007596  recall@5: 0.007880  recall@10: 0.009126
[2025-11-12 01:23:43,441][src.models.modules.semantic_id.tiger_generation_model][INFO] - [rank: 0] [Tail] ndcg@5: 0.005582  ndcg@10: 0.005946  recall@5: 0.006269  recall@10: 0.007389
[2025-11-12 01:23:43,441][src.models.modules.semantic_id.tiger_generation_model][INFO] - [rank: 0] [Head] ndcg@5: 0.010168  ndcg@10: 0.010665  recall@5: 0.011659  recall@10: 0.013212
[2025-11-12 01:23:43,441][src.models.modules.semantic_id.tiger_generation_model][INFO] - [rank: 0] ================================================================================

