[2025-09-17 19:44:38,524][src.utils.utils][INFO] - [rank: 0] Enforcing tags! <cfg.extras.enforce_tags=True>
[2025-09-17 19:44:38,530][src.utils.utils][WARNING] - [rank: 0] Config loss was not found in the config tree. Make sure this is expected.
[2025-09-17 19:44:38,530][src.utils.utils][WARNING] - [rank: 0] Config optim was not found in the config tree. Make sure this is expected.
[2025-09-17 19:44:38,530][src.utils.utils][WARNING] - [rank: 0] Config eval was not found in the config tree. Make sure this is expected.
[2025-09-17 19:44:41,531][src.utils.utils][INFO] - [rank: 0] Printing config tree with Rich! <cfg.extras.print_config=True>
[2025-09-17 19:44:41,537][src.utils.launcher_utils][INFO] - [rank: 0] Instantiating datamodule <src.data.loading.datamodules.sequence_datamodule.ItemDataModule>
[2025-09-17 19:44:41,693][src.utils.launcher_utils][INFO] - [rank: 0] Instantiating model <src.modules.semantic_embedding_inference_module.SemanticEmbeddingInferenceModule>
[2025-09-17 19:44:41,948][src.utils.launcher_utils][INFO] - [rank: 0] Instantiating callbacks...
[2025-09-17 19:44:41,948][src.utils.instantiators][INFO] - [rank: 0] Instantiating callback <src.utils.inference_utils.LocalPickleWriter>
[2025-09-17 19:44:42,075][src.utils.launcher_utils][INFO] - [rank: 0] Instantiating loggers...
[2025-09-17 19:44:42,075][src.utils.instantiators][INFO] - [rank: 0] Instantiating logger <lightning.pytorch.loggers.csv_logs.CSVLogger>
[2025-09-17 19:44:42,077][src.utils.launcher_utils][INFO] - [rank: 0] Instantiating trainer <lightning.pytorch.trainer.Trainer>
[2025-09-17 19:44:42,180][src.utils.launcher_utils][INFO] - [rank: 0] Logging hyperparameters!
[2025-09-17 19:44:42,302][__main__][INFO] - [rank: 0] Starting inference!
[2025-09-17 19:44:42,303][__main__][WARNING] - [rank: 0] No ckpt_path was provided. If using a model you trained, this is mandatory. Only leave ckpt_path=None if using a pre-trained model.
[2025-09-17 19:44:55,783][src.utils.inference_utils][INFO] - Rank 1 initialized for inference.
[2025-09-17 19:44:55,784][src.utils.inference_utils][INFO] - Rank 0 initialized for inference.
[2025-09-17 19:44:57,249][src.utils.inference_utils][INFO] - Global Rank: 0 wrote 64 rows to /data/mhwang/Rec/GRID/logs/inference/runs/2025-09-17/19-44-38/pickle/predictions_0_20250917T114457247.pkl.
[2025-09-17 19:44:57,286][src.utils.inference_utils][INFO] - Global Rank: 1 wrote 64 rows to /data/mhwang/Rec/GRID/logs/inference/runs/2025-09-17/19-44-38/pickle/predictions_1_20250917T114457283.pkl.
[2025-09-17 19:44:57,378][src.utils.inference_utils][INFO] - Global Rank: 0 wrote 64 rows to /data/mhwang/Rec/GRID/logs/inference/runs/2025-09-17/19-44-38/pickle/predictions_0_20250917T114457376.pkl.
[2025-09-17 19:44:57,391][src.utils.inference_utils][INFO] - Global Rank: 1 wrote 64 rows to /data/mhwang/Rec/GRID/logs/inference/runs/2025-09-17/19-44-38/pickle/predictions_1_20250917T114457389.pkl.
[2025-09-17 19:44:57,496][src.utils.inference_utils][INFO] - Global Rank: 1 wrote 64 rows to /data/mhwang/Rec/GRID/logs/inference/runs/2025-09-17/19-44-38/pickle/predictions_1_20250917T114457494.pkl.
[2025-09-17 19:44:57,519][src.utils.inference_utils][INFO] - Global Rank: 0 wrote 64 rows to /data/mhwang/Rec/GRID/logs/inference/runs/2025-09-17/19-44-38/pickle/predictions_0_20250917T114457516.pkl.
[2025-09-17 19:44:57,600][src.utils.inference_utils][INFO] - Global Rank: 1 wrote 64 rows to /data/mhwang/Rec/GRID/logs/inference/runs/2025-09-17/19-44-38/pickle/predictions_1_20250917T114457599.pkl.
[2025-09-17 19:44:57,644][src.utils.inference_utils][INFO] - Global Rank: 0 wrote 64 rows to /data/mhwang/Rec/GRID/logs/inference/runs/2025-09-17/19-44-38/pickle/predictions_0_20250917T114457642.pkl.
[2025-09-17 19:44:57,753][src.utils.inference_utils][INFO] - Global Rank: 1 wrote 64 rows to /data/mhwang/Rec/GRID/logs/inference/runs/2025-09-17/19-44-38/pickle/predictions_1_20250917T114457747.pkl.
[2025-09-17 19:44:57,805][src.utils.inference_utils][INFO] - Global Rank: 0 wrote 64 rows to /data/mhwang/Rec/GRID/logs/inference/runs/2025-09-17/19-44-38/pickle/predictions_0_20250917T114457802.pkl.
[2025-09-17 19:44:57,890][src.utils.inference_utils][INFO] - Global Rank: 1 wrote 64 rows to /data/mhwang/Rec/GRID/logs/inference/runs/2025-09-17/19-44-38/pickle/predictions_1_20250917T114457887.pkl.
[2025-09-17 19:44:57,969][src.utils.inference_utils][INFO] - Global Rank: 0 wrote 64 rows to /data/mhwang/Rec/GRID/logs/inference/runs/2025-09-17/19-44-38/pickle/predictions_0_20250917T114457967.pkl.
[2025-09-17 19:44:58,014][src.utils.inference_utils][INFO] - Global Rank: 1 wrote 64 rows to /data/mhwang/Rec/GRID/logs/inference/runs/2025-09-17/19-44-38/pickle/predictions_1_20250917T114458011.pkl.
[2025-09-17 19:44:58,136][src.utils.inference_utils][INFO] - Global Rank: 1 wrote 64 rows to /data/mhwang/Rec/GRID/logs/inference/runs/2025-09-17/19-44-38/pickle/predictions_1_20250917T114458134.pkl.
[2025-09-17 19:44:58,155][src.utils.inference_utils][INFO] - Global Rank: 0 wrote 64 rows to /data/mhwang/Rec/GRID/logs/inference/runs/2025-09-17/19-44-38/pickle/predictions_0_20250917T114458152.pkl.
[2025-09-17 19:44:58,244][src.utils.inference_utils][INFO] - Global Rank: 1 wrote 64 rows to /data/mhwang/Rec/GRID/logs/inference/runs/2025-09-17/19-44-38/pickle/predictions_1_20250917T114458242.pkl.
[2025-09-17 19:44:58,292][src.utils.inference_utils][INFO] - Global Rank: 0 wrote 64 rows to /data/mhwang/Rec/GRID/logs/inference/runs/2025-09-17/19-44-38/pickle/predictions_0_20250917T114458290.pkl.
[2025-09-17 19:44:58,366][src.utils.inference_utils][INFO] - Global Rank: 1 wrote 64 rows to /data/mhwang/Rec/GRID/logs/inference/runs/2025-09-17/19-44-38/pickle/predictions_1_20250917T114458363.pkl.
[2025-09-17 19:44:58,453][src.utils.inference_utils][INFO] - Global Rank: 0 wrote 64 rows to /data/mhwang/Rec/GRID/logs/inference/runs/2025-09-17/19-44-38/pickle/predictions_0_20250917T114458451.pkl.
[2025-09-17 19:44:58,472][src.utils.inference_utils][INFO] - Global Rank: 1 wrote 64 rows to /data/mhwang/Rec/GRID/logs/inference/runs/2025-09-17/19-44-38/pickle/predictions_1_20250917T114458470.pkl.
[2025-09-17 19:44:58,573][src.utils.inference_utils][INFO] - Global Rank: 1 wrote 64 rows to /data/mhwang/Rec/GRID/logs/inference/runs/2025-09-17/19-44-38/pickle/predictions_1_20250917T114458571.pkl.
[2025-09-17 19:44:58,618][src.utils.inference_utils][INFO] - Global Rank: 0 wrote 64 rows to /data/mhwang/Rec/GRID/logs/inference/runs/2025-09-17/19-44-38/pickle/predictions_0_20250917T114458616.pkl.
[2025-09-17 19:44:58,735][src.utils.inference_utils][INFO] - Global Rank: 1 wrote 64 rows to /data/mhwang/Rec/GRID/logs/inference/runs/2025-09-17/19-44-38/pickle/predictions_1_20250917T114458733.pkl.
[2025-09-17 19:44:58,787][src.utils.inference_utils][INFO] - Global Rank: 0 wrote 64 rows to /data/mhwang/Rec/GRID/logs/inference/runs/2025-09-17/19-44-38/pickle/predictions_0_20250917T114458785.pkl.
[2025-09-17 19:44:58,865][src.utils.inference_utils][INFO] - Global Rank: 1 wrote 64 rows to /data/mhwang/Rec/GRID/logs/inference/runs/2025-09-17/19-44-38/pickle/predictions_1_20250917T114458863.pkl.
[2025-09-17 19:44:58,952][src.utils.inference_utils][INFO] - Global Rank: 0 wrote 64 rows to /data/mhwang/Rec/GRID/logs/inference/runs/2025-09-17/19-44-38/pickle/predictions_0_20250917T114458949.pkl.
[2025-09-17 19:44:59,007][src.utils.inference_utils][INFO] - Global Rank: 1 wrote 64 rows to /data/mhwang/Rec/GRID/logs/inference/runs/2025-09-17/19-44-38/pickle/predictions_1_20250917T114459003.pkl.
[2025-09-17 19:44:59,109][src.utils.inference_utils][INFO] - Global Rank: 0 wrote 64 rows to /data/mhwang/Rec/GRID/logs/inference/runs/2025-09-17/19-44-38/pickle/predictions_0_20250917T114459107.pkl.
[2025-09-17 19:44:59,135][src.utils.inference_utils][INFO] - Global Rank: 1 wrote 64 rows to /data/mhwang/Rec/GRID/logs/inference/runs/2025-09-17/19-44-38/pickle/predictions_1_20250917T114459134.pkl.
[2025-09-17 19:44:59,238][src.utils.inference_utils][INFO] - Global Rank: 0 wrote 64 rows to /data/mhwang/Rec/GRID/logs/inference/runs/2025-09-17/19-44-38/pickle/predictions_0_20250917T114459236.pkl.
[2025-09-17 19:44:59,287][src.utils.inference_utils][INFO] - Global Rank: 1 wrote 64 rows to /data/mhwang/Rec/GRID/logs/inference/runs/2025-09-17/19-44-38/pickle/predictions_1_20250917T114459284.pkl.
[2025-09-17 19:44:59,391][src.utils.inference_utils][INFO] - Global Rank: 0 wrote 64 rows to /data/mhwang/Rec/GRID/logs/inference/runs/2025-09-17/19-44-38/pickle/predictions_0_20250917T114459389.pkl.
[2025-09-17 19:44:59,435][src.utils.inference_utils][INFO] - Global Rank: 1 wrote 64 rows to /data/mhwang/Rec/GRID/logs/inference/runs/2025-09-17/19-44-38/pickle/predictions_1_20250917T114459432.pkl.
[2025-09-17 19:44:59,549][src.utils.inference_utils][INFO] - Global Rank: 0 wrote 64 rows to /data/mhwang/Rec/GRID/logs/inference/runs/2025-09-17/19-44-38/pickle/predictions_0_20250917T114459547.pkl.
[2025-09-17 19:44:59,591][src.utils.inference_utils][INFO] - Global Rank: 1 wrote 64 rows to /data/mhwang/Rec/GRID/logs/inference/runs/2025-09-17/19-44-38/pickle/predictions_1_20250917T114459588.pkl.
[2025-09-17 19:44:59,696][src.utils.inference_utils][INFO] - Global Rank: 0 wrote 64 rows to /data/mhwang/Rec/GRID/logs/inference/runs/2025-09-17/19-44-38/pickle/predictions_0_20250917T114459694.pkl.
[2025-09-17 19:44:59,752][src.utils.inference_utils][INFO] - Global Rank: 1 wrote 64 rows to /data/mhwang/Rec/GRID/logs/inference/runs/2025-09-17/19-44-38/pickle/predictions_1_20250917T114459749.pkl.
[2025-09-17 19:44:59,852][src.utils.inference_utils][INFO] - Global Rank: 0 wrote 64 rows to /data/mhwang/Rec/GRID/logs/inference/runs/2025-09-17/19-44-38/pickle/predictions_0_20250917T114459850.pkl.
[2025-09-17 19:44:59,915][src.utils.inference_utils][INFO] - Global Rank: 1 wrote 64 rows to /data/mhwang/Rec/GRID/logs/inference/runs/2025-09-17/19-44-38/pickle/predictions_1_20250917T114459913.pkl.
[2025-09-17 19:45:00,012][src.utils.inference_utils][INFO] - Global Rank: 0 wrote 64 rows to /data/mhwang/Rec/GRID/logs/inference/runs/2025-09-17/19-44-38/pickle/predictions_0_20250917T114500010.pkl.
[2025-09-17 19:45:00,072][src.utils.inference_utils][INFO] - Global Rank: 1 wrote 64 rows to /data/mhwang/Rec/GRID/logs/inference/runs/2025-09-17/19-44-38/pickle/predictions_1_20250917T114500070.pkl.
[2025-09-17 19:45:00,179][src.utils.inference_utils][INFO] - Global Rank: 0 wrote 64 rows to /data/mhwang/Rec/GRID/logs/inference/runs/2025-09-17/19-44-38/pickle/predictions_0_20250917T114500177.pkl.
[2025-09-17 19:45:00,211][src.utils.inference_utils][INFO] - Global Rank: 1 wrote 64 rows to /data/mhwang/Rec/GRID/logs/inference/runs/2025-09-17/19-44-38/pickle/predictions_1_20250917T114500208.pkl.
[2025-09-17 19:45:00,335][src.utils.inference_utils][INFO] - Global Rank: 0 wrote 64 rows to /data/mhwang/Rec/GRID/logs/inference/runs/2025-09-17/19-44-38/pickle/predictions_0_20250917T114500332.pkl.
[2025-09-17 19:45:00,375][src.utils.inference_utils][INFO] - Global Rank: 1 wrote 64 rows to /data/mhwang/Rec/GRID/logs/inference/runs/2025-09-17/19-44-38/pickle/predictions_1_20250917T114500372.pkl.
[2025-09-17 19:45:00,503][src.utils.inference_utils][INFO] - Global Rank: 0 wrote 64 rows to /data/mhwang/Rec/GRID/logs/inference/runs/2025-09-17/19-44-38/pickle/predictions_0_20250917T114500500.pkl.
[2025-09-17 19:45:00,510][src.utils.inference_utils][INFO] - Global Rank: 1 wrote 64 rows to /data/mhwang/Rec/GRID/logs/inference/runs/2025-09-17/19-44-38/pickle/predictions_1_20250917T114500508.pkl.
[2025-09-17 19:45:00,664][src.utils.inference_utils][INFO] - Global Rank: 1 wrote 64 rows to /data/mhwang/Rec/GRID/logs/inference/runs/2025-09-17/19-44-38/pickle/predictions_1_20250917T114500662.pkl.
[2025-09-17 19:45:00,669][src.utils.inference_utils][INFO] - Global Rank: 0 wrote 64 rows to /data/mhwang/Rec/GRID/logs/inference/runs/2025-09-17/19-44-38/pickle/predictions_0_20250917T114500666.pkl.
[2025-09-17 19:45:00,825][src.utils.inference_utils][INFO] - Global Rank: 1 wrote 64 rows to /data/mhwang/Rec/GRID/logs/inference/runs/2025-09-17/19-44-38/pickle/predictions_1_20250917T114500823.pkl.
[2025-09-17 19:45:00,829][src.utils.inference_utils][INFO] - Global Rank: 0 wrote 64 rows to /data/mhwang/Rec/GRID/logs/inference/runs/2025-09-17/19-44-38/pickle/predictions_0_20250917T114500827.pkl.
[2025-09-17 19:45:00,959][src.utils.inference_utils][INFO] - Global Rank: 1 wrote 64 rows to /data/mhwang/Rec/GRID/logs/inference/runs/2025-09-17/19-44-38/pickle/predictions_1_20250917T114500956.pkl.
[2025-09-17 19:45:01,008][src.utils.inference_utils][INFO] - Global Rank: 0 wrote 64 rows to /data/mhwang/Rec/GRID/logs/inference/runs/2025-09-17/19-44-38/pickle/predictions_0_20250917T114501005.pkl.
[2025-09-17 19:45:01,090][src.utils.inference_utils][INFO] - Global Rank: 1 wrote 64 rows to /data/mhwang/Rec/GRID/logs/inference/runs/2025-09-17/19-44-38/pickle/predictions_1_20250917T114501087.pkl.
[2025-09-17 19:45:01,122][src.utils.inference_utils][INFO] - Global Rank: 0 wrote 64 rows to /data/mhwang/Rec/GRID/logs/inference/runs/2025-09-17/19-44-38/pickle/predictions_0_20250917T114501120.pkl.
[2025-09-17 19:45:01,231][src.utils.inference_utils][INFO] - Global Rank: 1 wrote 64 rows to /data/mhwang/Rec/GRID/logs/inference/runs/2025-09-17/19-44-38/pickle/predictions_1_20250917T114501228.pkl.
[2025-09-17 19:45:01,311][src.utils.inference_utils][INFO] - Global Rank: 0 wrote 64 rows to /data/mhwang/Rec/GRID/logs/inference/runs/2025-09-17/19-44-38/pickle/predictions_0_20250917T114501308.pkl.
[2025-09-17 19:45:01,397][src.utils.inference_utils][INFO] - Global Rank: 1 wrote 64 rows to /data/mhwang/Rec/GRID/logs/inference/runs/2025-09-17/19-44-38/pickle/predictions_1_20250917T114501394.pkl.
[2025-09-17 19:45:01,472][src.utils.inference_utils][INFO] - Global Rank: 0 wrote 64 rows to /data/mhwang/Rec/GRID/logs/inference/runs/2025-09-17/19-44-38/pickle/predictions_0_20250917T114501470.pkl.
[2025-09-17 19:45:01,572][src.utils.inference_utils][INFO] - Global Rank: 1 wrote 64 rows to /data/mhwang/Rec/GRID/logs/inference/runs/2025-09-17/19-44-38/pickle/predictions_1_20250917T114501570.pkl.
[2025-09-17 19:45:01,608][src.utils.inference_utils][INFO] - Global Rank: 0 wrote 64 rows to /data/mhwang/Rec/GRID/logs/inference/runs/2025-09-17/19-44-38/pickle/predictions_0_20250917T114501606.pkl.
[2025-09-17 19:45:01,724][src.utils.inference_utils][INFO] - Global Rank: 1 wrote 64 rows to /data/mhwang/Rec/GRID/logs/inference/runs/2025-09-17/19-44-38/pickle/predictions_1_20250917T114501722.pkl.
[2025-09-17 19:45:01,761][src.utils.inference_utils][INFO] - Global Rank: 0 wrote 64 rows to /data/mhwang/Rec/GRID/logs/inference/runs/2025-09-17/19-44-38/pickle/predictions_0_20250917T114501759.pkl.
[2025-09-17 19:45:01,886][src.utils.inference_utils][INFO] - Global Rank: 1 wrote 64 rows to /data/mhwang/Rec/GRID/logs/inference/runs/2025-09-17/19-44-38/pickle/predictions_1_20250917T114501885.pkl.
[2025-09-17 19:45:01,925][src.utils.inference_utils][INFO] - Global Rank: 0 wrote 64 rows to /data/mhwang/Rec/GRID/logs/inference/runs/2025-09-17/19-44-38/pickle/predictions_0_20250917T114501922.pkl.
[2025-09-17 19:45:02,020][src.utils.inference_utils][INFO] - Global Rank: 1 wrote 64 rows to /data/mhwang/Rec/GRID/logs/inference/runs/2025-09-17/19-44-38/pickle/predictions_1_20250917T114502018.pkl.
[2025-09-17 19:45:02,082][src.utils.inference_utils][INFO] - Global Rank: 0 wrote 64 rows to /data/mhwang/Rec/GRID/logs/inference/runs/2025-09-17/19-44-38/pickle/predictions_0_20250917T114502080.pkl.
[2025-09-17 19:45:02,192][src.utils.inference_utils][INFO] - Global Rank: 1 wrote 64 rows to /data/mhwang/Rec/GRID/logs/inference/runs/2025-09-17/19-44-38/pickle/predictions_1_20250917T114502190.pkl.
[2025-09-17 19:45:02,233][src.utils.inference_utils][INFO] - Global Rank: 0 wrote 64 rows to /data/mhwang/Rec/GRID/logs/inference/runs/2025-09-17/19-44-38/pickle/predictions_0_20250917T114502231.pkl.
[2025-09-17 19:45:02,336][src.utils.inference_utils][INFO] - Global Rank: 1 wrote 64 rows to /data/mhwang/Rec/GRID/logs/inference/runs/2025-09-17/19-44-38/pickle/predictions_1_20250917T114502333.pkl.
[2025-09-17 19:45:02,411][src.utils.inference_utils][INFO] - Global Rank: 0 wrote 64 rows to /data/mhwang/Rec/GRID/logs/inference/runs/2025-09-17/19-44-38/pickle/predictions_0_20250917T114502408.pkl.
[2025-09-17 19:45:02,502][src.utils.inference_utils][INFO] - Global Rank: 1 wrote 64 rows to /data/mhwang/Rec/GRID/logs/inference/runs/2025-09-17/19-44-38/pickle/predictions_1_20250917T114502500.pkl.
[2025-09-17 19:45:02,540][src.utils.inference_utils][INFO] - Global Rank: 0 wrote 64 rows to /data/mhwang/Rec/GRID/logs/inference/runs/2025-09-17/19-44-38/pickle/predictions_0_20250917T114502538.pkl.
[2025-09-17 19:45:02,655][src.utils.inference_utils][INFO] - Global Rank: 1 wrote 64 rows to /data/mhwang/Rec/GRID/logs/inference/runs/2025-09-17/19-44-38/pickle/predictions_1_20250917T114502654.pkl.
[2025-09-17 19:45:02,695][src.utils.inference_utils][INFO] - Global Rank: 0 wrote 64 rows to /data/mhwang/Rec/GRID/logs/inference/runs/2025-09-17/19-44-38/pickle/predictions_0_20250917T114502693.pkl.
[2025-09-17 19:45:02,806][src.utils.inference_utils][INFO] - Global Rank: 1 wrote 64 rows to /data/mhwang/Rec/GRID/logs/inference/runs/2025-09-17/19-44-38/pickle/predictions_1_20250917T114502804.pkl.
[2025-09-17 19:45:02,829][src.utils.inference_utils][INFO] - Global Rank: 0 wrote 64 rows to /data/mhwang/Rec/GRID/logs/inference/runs/2025-09-17/19-44-38/pickle/predictions_0_20250917T114502826.pkl.
[2025-09-17 19:45:02,969][src.utils.inference_utils][INFO] - Global Rank: 0 wrote 64 rows to /data/mhwang/Rec/GRID/logs/inference/runs/2025-09-17/19-44-38/pickle/predictions_0_20250917T114502967.pkl.
[2025-09-17 19:45:02,988][src.utils.inference_utils][INFO] - Global Rank: 1 wrote 64 rows to /data/mhwang/Rec/GRID/logs/inference/runs/2025-09-17/19-44-38/pickle/predictions_1_20250917T114502986.pkl.
[2025-09-17 19:45:03,103][src.utils.inference_utils][INFO] - Global Rank: 0 wrote 64 rows to /data/mhwang/Rec/GRID/logs/inference/runs/2025-09-17/19-44-38/pickle/predictions_0_20250917T114503101.pkl.
[2025-09-17 19:45:03,121][src.utils.inference_utils][INFO] - Global Rank: 1 wrote 64 rows to /data/mhwang/Rec/GRID/logs/inference/runs/2025-09-17/19-44-38/pickle/predictions_1_20250917T114503118.pkl.
[2025-09-17 19:45:03,240][src.utils.inference_utils][INFO] - Global Rank: 0 wrote 64 rows to /data/mhwang/Rec/GRID/logs/inference/runs/2025-09-17/19-44-38/pickle/predictions_0_20250917T114503238.pkl.
[2025-09-17 19:45:03,259][src.utils.inference_utils][INFO] - Global Rank: 1 wrote 64 rows to /data/mhwang/Rec/GRID/logs/inference/runs/2025-09-17/19-44-38/pickle/predictions_1_20250917T114503256.pkl.
[2025-09-17 19:45:03,378][src.utils.inference_utils][INFO] - Global Rank: 0 wrote 64 rows to /data/mhwang/Rec/GRID/logs/inference/runs/2025-09-17/19-44-38/pickle/predictions_0_20250917T114503376.pkl.
[2025-09-17 19:45:03,431][src.utils.inference_utils][INFO] - Global Rank: 1 wrote 64 rows to /data/mhwang/Rec/GRID/logs/inference/runs/2025-09-17/19-44-38/pickle/predictions_1_20250917T114503428.pkl.
[2025-09-17 19:45:03,543][src.utils.inference_utils][INFO] - Global Rank: 0 wrote 64 rows to /data/mhwang/Rec/GRID/logs/inference/runs/2025-09-17/19-44-38/pickle/predictions_0_20250917T114503539.pkl.
[2025-09-17 19:45:03,579][src.utils.inference_utils][INFO] - Global Rank: 1 wrote 64 rows to /data/mhwang/Rec/GRID/logs/inference/runs/2025-09-17/19-44-38/pickle/predictions_1_20250917T114503577.pkl.
[2025-09-17 19:45:03,680][src.utils.inference_utils][INFO] - Global Rank: 0 wrote 64 rows to /data/mhwang/Rec/GRID/logs/inference/runs/2025-09-17/19-44-38/pickle/predictions_0_20250917T114503679.pkl.
[2025-09-17 19:45:03,715][src.utils.inference_utils][INFO] - Global Rank: 1 wrote 64 rows to /data/mhwang/Rec/GRID/logs/inference/runs/2025-09-17/19-44-38/pickle/predictions_1_20250917T114503713.pkl.
[2025-09-17 19:45:03,819][src.utils.inference_utils][INFO] - Global Rank: 0 wrote 64 rows to /data/mhwang/Rec/GRID/logs/inference/runs/2025-09-17/19-44-38/pickle/predictions_0_20250917T114503817.pkl.
[2025-09-17 19:45:03,839][src.utils.inference_utils][INFO] - Global Rank: 1 wrote 64 rows to /data/mhwang/Rec/GRID/logs/inference/runs/2025-09-17/19-44-38/pickle/predictions_1_20250917T114503837.pkl.
[2025-09-17 19:45:03,954][src.utils.inference_utils][INFO] - Global Rank: 0 wrote 64 rows to /data/mhwang/Rec/GRID/logs/inference/runs/2025-09-17/19-44-38/pickle/predictions_0_20250917T114503952.pkl.
[2025-09-17 19:45:04,012][src.utils.inference_utils][INFO] - Global Rank: 1 wrote 64 rows to /data/mhwang/Rec/GRID/logs/inference/runs/2025-09-17/19-44-38/pickle/predictions_1_20250917T114504009.pkl.
[2025-09-17 19:45:04,090][src.utils.inference_utils][INFO] - Global Rank: 0 wrote 64 rows to /data/mhwang/Rec/GRID/logs/inference/runs/2025-09-17/19-44-38/pickle/predictions_0_20250917T114504087.pkl.
[2025-09-17 19:45:04,142][src.utils.inference_utils][INFO] - Global Rank: 1 wrote 64 rows to /data/mhwang/Rec/GRID/logs/inference/runs/2025-09-17/19-44-38/pickle/predictions_1_20250917T114504140.pkl.
[2025-09-17 19:45:04,212][src.utils.inference_utils][INFO] - Global Rank: 0 wrote 64 rows to /data/mhwang/Rec/GRID/logs/inference/runs/2025-09-17/19-44-38/pickle/predictions_0_20250917T114504211.pkl.
[2025-09-17 19:45:04,298][src.utils.inference_utils][INFO] - Global Rank: 1 wrote 64 rows to /data/mhwang/Rec/GRID/logs/inference/runs/2025-09-17/19-44-38/pickle/predictions_1_20250917T114504295.pkl.
[2025-09-17 19:45:04,386][src.utils.inference_utils][INFO] - Global Rank: 0 wrote 64 rows to /data/mhwang/Rec/GRID/logs/inference/runs/2025-09-17/19-44-38/pickle/predictions_0_20250917T114504383.pkl.
[2025-09-17 19:45:04,421][src.utils.inference_utils][INFO] - Global Rank: 1 wrote 64 rows to /data/mhwang/Rec/GRID/logs/inference/runs/2025-09-17/19-44-38/pickle/predictions_1_20250917T114504419.pkl.
[2025-09-17 19:45:04,547][src.utils.inference_utils][INFO] - Global Rank: 0 wrote 64 rows to /data/mhwang/Rec/GRID/logs/inference/runs/2025-09-17/19-44-38/pickle/predictions_0_20250917T114504544.pkl.
[2025-09-17 19:45:04,564][src.utils.inference_utils][INFO] - Global Rank: 1 wrote 64 rows to /data/mhwang/Rec/GRID/logs/inference/runs/2025-09-17/19-44-38/pickle/predictions_1_20250917T114504561.pkl.
[2025-09-17 19:45:04,689][src.utils.inference_utils][INFO] - Global Rank: 0 wrote 64 rows to /data/mhwang/Rec/GRID/logs/inference/runs/2025-09-17/19-44-38/pickle/predictions_0_20250917T114504686.pkl.
[2025-09-17 19:45:04,694][src.utils.inference_utils][INFO] - Global Rank: 1 wrote 64 rows to /data/mhwang/Rec/GRID/logs/inference/runs/2025-09-17/19-44-38/pickle/predictions_1_20250917T114504691.pkl.
[2025-09-17 19:45:04,809][src.utils.inference_utils][INFO] - Global Rank: 0 wrote 64 rows to /data/mhwang/Rec/GRID/logs/inference/runs/2025-09-17/19-44-38/pickle/predictions_0_20250917T114504807.pkl.
[2025-09-17 19:45:04,840][src.utils.inference_utils][INFO] - Global Rank: 1 wrote 64 rows to /data/mhwang/Rec/GRID/logs/inference/runs/2025-09-17/19-44-38/pickle/predictions_1_20250917T114504838.pkl.
[2025-09-17 19:45:04,980][src.utils.inference_utils][INFO] - Global Rank: 1 wrote 64 rows to /data/mhwang/Rec/GRID/logs/inference/runs/2025-09-17/19-44-38/pickle/predictions_1_20250917T114504978.pkl.
[2025-09-17 19:45:05,005][src.utils.inference_utils][INFO] - Global Rank: 0 wrote 64 rows to /data/mhwang/Rec/GRID/logs/inference/runs/2025-09-17/19-44-38/pickle/predictions_0_20250917T114505001.pkl.
[2025-09-17 19:45:05,114][src.utils.inference_utils][INFO] - Global Rank: 1 wrote 64 rows to /data/mhwang/Rec/GRID/logs/inference/runs/2025-09-17/19-44-38/pickle/predictions_1_20250917T114505111.pkl.
[2025-09-17 19:45:05,147][src.utils.inference_utils][INFO] - Global Rank: 0 wrote 64 rows to /data/mhwang/Rec/GRID/logs/inference/runs/2025-09-17/19-44-38/pickle/predictions_0_20250917T114505145.pkl.
[2025-09-17 19:45:05,256][src.utils.inference_utils][INFO] - Global Rank: 1 wrote 64 rows to /data/mhwang/Rec/GRID/logs/inference/runs/2025-09-17/19-44-38/pickle/predictions_1_20250917T114505254.pkl.
[2025-09-17 19:45:05,296][src.utils.inference_utils][INFO] - Global Rank: 0 wrote 64 rows to /data/mhwang/Rec/GRID/logs/inference/runs/2025-09-17/19-44-38/pickle/predictions_0_20250917T114505293.pkl.
[2025-09-17 19:45:05,426][src.utils.inference_utils][INFO] - Global Rank: 1 wrote 64 rows to /data/mhwang/Rec/GRID/logs/inference/runs/2025-09-17/19-44-38/pickle/predictions_1_20250917T114505424.pkl.
[2025-09-17 19:45:05,451][src.utils.inference_utils][INFO] - Global Rank: 0 wrote 64 rows to /data/mhwang/Rec/GRID/logs/inference/runs/2025-09-17/19-44-38/pickle/predictions_0_20250917T114505449.pkl.
[2025-09-17 19:45:05,559][src.utils.inference_utils][INFO] - Global Rank: 1 wrote 64 rows to /data/mhwang/Rec/GRID/logs/inference/runs/2025-09-17/19-44-38/pickle/predictions_1_20250917T114505557.pkl.
[2025-09-17 19:45:05,598][src.utils.inference_utils][INFO] - Global Rank: 0 wrote 64 rows to /data/mhwang/Rec/GRID/logs/inference/runs/2025-09-17/19-44-38/pickle/predictions_0_20250917T114505595.pkl.
[2025-09-17 19:45:05,701][src.utils.inference_utils][INFO] - Global Rank: 1 wrote 64 rows to /data/mhwang/Rec/GRID/logs/inference/runs/2025-09-17/19-44-38/pickle/predictions_1_20250917T114505698.pkl.
[2025-09-17 19:45:05,731][src.utils.inference_utils][INFO] - Global Rank: 0 wrote 64 rows to /data/mhwang/Rec/GRID/logs/inference/runs/2025-09-17/19-44-38/pickle/predictions_0_20250917T114505728.pkl.
[2025-09-17 19:45:05,830][src.utils.inference_utils][INFO] - Global Rank: 1 wrote 64 rows to /data/mhwang/Rec/GRID/logs/inference/runs/2025-09-17/19-44-38/pickle/predictions_1_20250917T114505828.pkl.
[2025-09-17 19:45:05,874][src.utils.inference_utils][INFO] - Global Rank: 0 wrote 64 rows to /data/mhwang/Rec/GRID/logs/inference/runs/2025-09-17/19-44-38/pickle/predictions_0_20250917T114505871.pkl.
[2025-09-17 19:45:05,984][src.utils.inference_utils][INFO] - Global Rank: 1 wrote 64 rows to /data/mhwang/Rec/GRID/logs/inference/runs/2025-09-17/19-44-38/pickle/predictions_1_20250917T114505981.pkl.
[2025-09-17 19:45:06,008][src.utils.inference_utils][INFO] - Global Rank: 0 wrote 64 rows to /data/mhwang/Rec/GRID/logs/inference/runs/2025-09-17/19-44-38/pickle/predictions_0_20250917T114506006.pkl.
[2025-09-17 19:45:06,105][src.utils.inference_utils][INFO] - Global Rank: 1 wrote 64 rows to /data/mhwang/Rec/GRID/logs/inference/runs/2025-09-17/19-44-38/pickle/predictions_1_20250917T114506103.pkl.
[2025-09-17 19:45:06,143][src.utils.inference_utils][INFO] - Global Rank: 0 wrote 64 rows to /data/mhwang/Rec/GRID/logs/inference/runs/2025-09-17/19-44-38/pickle/predictions_0_20250917T114506141.pkl.
[2025-09-17 19:45:06,267][src.utils.inference_utils][INFO] - Global Rank: 1 wrote 64 rows to /data/mhwang/Rec/GRID/logs/inference/runs/2025-09-17/19-44-38/pickle/predictions_1_20250917T114506265.pkl.
[2025-09-17 19:45:06,297][src.utils.inference_utils][INFO] - Global Rank: 0 wrote 64 rows to /data/mhwang/Rec/GRID/logs/inference/runs/2025-09-17/19-44-38/pickle/predictions_0_20250917T114506294.pkl.
[2025-09-17 19:45:06,414][src.utils.inference_utils][INFO] - Global Rank: 1 wrote 64 rows to /data/mhwang/Rec/GRID/logs/inference/runs/2025-09-17/19-44-38/pickle/predictions_1_20250917T114506412.pkl.
[2025-09-17 19:45:06,462][src.utils.inference_utils][INFO] - Global Rank: 0 wrote 64 rows to /data/mhwang/Rec/GRID/logs/inference/runs/2025-09-17/19-44-38/pickle/predictions_0_20250917T114506460.pkl.
[2025-09-17 19:45:06,558][src.utils.inference_utils][INFO] - Global Rank: 1 wrote 64 rows to /data/mhwang/Rec/GRID/logs/inference/runs/2025-09-17/19-44-38/pickle/predictions_1_20250917T114506556.pkl.
[2025-09-17 19:45:06,580][src.utils.inference_utils][INFO] - Global Rank: 0 wrote 64 rows to /data/mhwang/Rec/GRID/logs/inference/runs/2025-09-17/19-44-38/pickle/predictions_0_20250917T114506579.pkl.
[2025-09-17 19:45:06,682][src.utils.inference_utils][INFO] - Global Rank: 1 wrote 64 rows to /data/mhwang/Rec/GRID/logs/inference/runs/2025-09-17/19-44-38/pickle/predictions_1_20250917T114506680.pkl.
[2025-09-17 19:45:06,725][src.utils.inference_utils][INFO] - Global Rank: 0 wrote 64 rows to /data/mhwang/Rec/GRID/logs/inference/runs/2025-09-17/19-44-38/pickle/predictions_0_20250917T114506722.pkl.
[2025-09-17 19:45:06,821][src.utils.inference_utils][INFO] - Global Rank: 1 wrote 64 rows to /data/mhwang/Rec/GRID/logs/inference/runs/2025-09-17/19-44-38/pickle/predictions_1_20250917T114506819.pkl.
[2025-09-17 19:45:06,843][src.utils.inference_utils][INFO] - Global Rank: 0 wrote 64 rows to /data/mhwang/Rec/GRID/logs/inference/runs/2025-09-17/19-44-38/pickle/predictions_0_20250917T114506841.pkl.
[2025-09-17 19:45:06,955][src.utils.inference_utils][INFO] - Global Rank: 1 wrote 64 rows to /data/mhwang/Rec/GRID/logs/inference/runs/2025-09-17/19-44-38/pickle/predictions_1_20250917T114506953.pkl.
[2025-09-17 19:45:07,010][src.utils.inference_utils][INFO] - Global Rank: 0 wrote 64 rows to /data/mhwang/Rec/GRID/logs/inference/runs/2025-09-17/19-44-38/pickle/predictions_0_20250917T114507007.pkl.
[2025-09-17 19:45:07,099][src.utils.inference_utils][INFO] - Global Rank: 1 wrote 64 rows to /data/mhwang/Rec/GRID/logs/inference/runs/2025-09-17/19-44-38/pickle/predictions_1_20250917T114507097.pkl.
[2025-09-17 19:45:07,136][src.utils.inference_utils][INFO] - Global Rank: 0 wrote 64 rows to /data/mhwang/Rec/GRID/logs/inference/runs/2025-09-17/19-44-38/pickle/predictions_0_20250917T114507134.pkl.
[2025-09-17 19:45:07,241][src.utils.inference_utils][INFO] - Global Rank: 0 wrote 64 rows to /data/mhwang/Rec/GRID/logs/inference/runs/2025-09-17/19-44-38/pickle/predictions_0_20250917T114507239.pkl.
[2025-09-17 19:45:07,255][src.utils.inference_utils][INFO] - Global Rank: 1 wrote 64 rows to /data/mhwang/Rec/GRID/logs/inference/runs/2025-09-17/19-44-38/pickle/predictions_1_20250917T114507252.pkl.
[2025-09-17 19:45:07,361][src.utils.inference_utils][INFO] - Global Rank: 0 wrote 64 rows to /data/mhwang/Rec/GRID/logs/inference/runs/2025-09-17/19-44-38/pickle/predictions_0_20250917T114507359.pkl.
[2025-09-17 19:45:07,424][src.utils.inference_utils][INFO] - Global Rank: 1 wrote 64 rows to /data/mhwang/Rec/GRID/logs/inference/runs/2025-09-17/19-44-38/pickle/predictions_1_20250917T114507420.pkl.
[2025-09-17 19:45:07,469][src.utils.inference_utils][INFO] - Global Rank: 0 wrote 64 rows to /data/mhwang/Rec/GRID/logs/inference/runs/2025-09-17/19-44-38/pickle/predictions_0_20250917T114507467.pkl.
[2025-09-17 19:45:07,599][src.utils.inference_utils][INFO] - Global Rank: 0 wrote 64 rows to /data/mhwang/Rec/GRID/logs/inference/runs/2025-09-17/19-44-38/pickle/predictions_0_20250917T114507596.pkl.
[2025-09-17 19:45:07,607][src.utils.inference_utils][INFO] - Global Rank: 1 wrote 64 rows to /data/mhwang/Rec/GRID/logs/inference/runs/2025-09-17/19-44-38/pickle/predictions_1_20250917T114507603.pkl.
[2025-09-17 19:45:07,711][src.utils.inference_utils][INFO] - Global Rank: 0 wrote 64 rows to /data/mhwang/Rec/GRID/logs/inference/runs/2025-09-17/19-44-38/pickle/predictions_0_20250917T114507709.pkl.
[2025-09-17 19:45:07,760][src.utils.inference_utils][INFO] - Global Rank: 1 wrote 64 rows to /data/mhwang/Rec/GRID/logs/inference/runs/2025-09-17/19-44-38/pickle/predictions_1_20250917T114507757.pkl.
[2025-09-17 19:45:07,810][src.utils.inference_utils][INFO] - Global Rank: 0 wrote 64 rows to /data/mhwang/Rec/GRID/logs/inference/runs/2025-09-17/19-44-38/pickle/predictions_0_20250917T114507808.pkl.
[2025-09-17 19:45:07,909][src.utils.inference_utils][INFO] - Global Rank: 0 wrote 64 rows to /data/mhwang/Rec/GRID/logs/inference/runs/2025-09-17/19-44-38/pickle/predictions_0_20250917T114507907.pkl.
[2025-09-17 19:45:07,920][src.utils.inference_utils][INFO] - Global Rank: 1 wrote 64 rows to /data/mhwang/Rec/GRID/logs/inference/runs/2025-09-17/19-44-38/pickle/predictions_1_20250917T114507917.pkl.
[2025-09-17 19:45:08,050][src.utils.inference_utils][INFO] - Global Rank: 1 wrote 64 rows to /data/mhwang/Rec/GRID/logs/inference/runs/2025-09-17/19-44-38/pickle/predictions_1_20250917T114508047.pkl.
[2025-09-17 19:45:08,067][src.utils.inference_utils][INFO] - Global Rank: 0 wrote 64 rows to /data/mhwang/Rec/GRID/logs/inference/runs/2025-09-17/19-44-38/pickle/predictions_0_20250917T114508063.pkl.
[2025-09-17 19:45:08,179][src.utils.inference_utils][INFO] - Global Rank: 0 wrote 64 rows to /data/mhwang/Rec/GRID/logs/inference/runs/2025-09-17/19-44-38/pickle/predictions_0_20250917T114508177.pkl.
[2025-09-17 19:45:08,203][src.utils.inference_utils][INFO] - Global Rank: 1 wrote 64 rows to /data/mhwang/Rec/GRID/logs/inference/runs/2025-09-17/19-44-38/pickle/predictions_1_20250917T114508201.pkl.
[2025-09-17 19:45:08,314][src.utils.inference_utils][INFO] - Global Rank: 0 wrote 64 rows to /data/mhwang/Rec/GRID/logs/inference/runs/2025-09-17/19-44-38/pickle/predictions_0_20250917T114508311.pkl.
[2025-09-17 19:45:08,395][src.utils.inference_utils][INFO] - Global Rank: 1 wrote 64 rows to /data/mhwang/Rec/GRID/logs/inference/runs/2025-09-17/19-44-38/pickle/predictions_1_20250917T114508390.pkl.
[2025-09-17 19:45:08,440][src.utils.inference_utils][INFO] - Global Rank: 0 wrote 64 rows to /data/mhwang/Rec/GRID/logs/inference/runs/2025-09-17/19-44-38/pickle/predictions_0_20250917T114508436.pkl.
[2025-09-17 19:45:08,574][src.utils.inference_utils][INFO] - Global Rank: 1 wrote 64 rows to /data/mhwang/Rec/GRID/logs/inference/runs/2025-09-17/19-44-38/pickle/predictions_1_20250917T114508571.pkl.
[2025-09-17 19:45:08,580][src.utils.inference_utils][INFO] - Global Rank: 0 wrote 64 rows to /data/mhwang/Rec/GRID/logs/inference/runs/2025-09-17/19-44-38/pickle/predictions_0_20250917T114508577.pkl.
[2025-09-17 19:45:08,716][src.utils.inference_utils][INFO] - Global Rank: 1 wrote 64 rows to /data/mhwang/Rec/GRID/logs/inference/runs/2025-09-17/19-44-38/pickle/predictions_1_20250917T114508714.pkl.
[2025-09-17 19:45:08,725][src.utils.inference_utils][INFO] - Global Rank: 0 wrote 64 rows to /data/mhwang/Rec/GRID/logs/inference/runs/2025-09-17/19-44-38/pickle/predictions_0_20250917T114508721.pkl.
[2025-09-17 19:45:08,852][src.utils.inference_utils][INFO] - Global Rank: 1 wrote 64 rows to /data/mhwang/Rec/GRID/logs/inference/runs/2025-09-17/19-44-38/pickle/predictions_1_20250917T114508848.pkl.
[2025-09-17 19:45:08,876][src.utils.inference_utils][INFO] - Global Rank: 0 wrote 64 rows to /data/mhwang/Rec/GRID/logs/inference/runs/2025-09-17/19-44-38/pickle/predictions_0_20250917T114508873.pkl.
[2025-09-17 19:45:09,001][src.utils.inference_utils][INFO] - Global Rank: 0 wrote 64 rows to /data/mhwang/Rec/GRID/logs/inference/runs/2025-09-17/19-44-38/pickle/predictions_0_20250917T114508998.pkl.
[2025-09-17 19:45:09,033][src.utils.inference_utils][INFO] - Global Rank: 1 wrote 64 rows to /data/mhwang/Rec/GRID/logs/inference/runs/2025-09-17/19-44-38/pickle/predictions_1_20250917T114509030.pkl.
[2025-09-17 19:45:09,177][src.utils.inference_utils][INFO] - Global Rank: 0 wrote 64 rows to /data/mhwang/Rec/GRID/logs/inference/runs/2025-09-17/19-44-38/pickle/predictions_0_20250917T114509173.pkl.
[2025-09-17 19:45:09,192][src.utils.inference_utils][INFO] - Global Rank: 1 wrote 64 rows to /data/mhwang/Rec/GRID/logs/inference/runs/2025-09-17/19-44-38/pickle/predictions_1_20250917T114509188.pkl.
[2025-09-17 19:45:09,342][src.utils.inference_utils][INFO] - Global Rank: 0 wrote 64 rows to /data/mhwang/Rec/GRID/logs/inference/runs/2025-09-17/19-44-38/pickle/predictions_0_20250917T114509339.pkl.
[2025-09-17 19:45:09,353][src.utils.inference_utils][INFO] - Global Rank: 1 wrote 64 rows to /data/mhwang/Rec/GRID/logs/inference/runs/2025-09-17/19-44-38/pickle/predictions_1_20250917T114509350.pkl.
[2025-09-17 19:45:09,480][src.utils.inference_utils][INFO] - Global Rank: 0 wrote 64 rows to /data/mhwang/Rec/GRID/logs/inference/runs/2025-09-17/19-44-38/pickle/predictions_0_20250917T114509478.pkl.
[2025-09-17 19:45:09,506][src.utils.inference_utils][INFO] - Global Rank: 1 wrote 64 rows to /data/mhwang/Rec/GRID/logs/inference/runs/2025-09-17/19-44-38/pickle/predictions_1_20250917T114509504.pkl.
[2025-09-17 19:45:09,642][src.utils.inference_utils][INFO] - Global Rank: 0 wrote 64 rows to /data/mhwang/Rec/GRID/logs/inference/runs/2025-09-17/19-44-38/pickle/predictions_0_20250917T114509639.pkl.
[2025-09-17 19:45:09,647][src.utils.inference_utils][INFO] - Global Rank: 1 wrote 64 rows to /data/mhwang/Rec/GRID/logs/inference/runs/2025-09-17/19-44-38/pickle/predictions_1_20250917T114509642.pkl.
[2025-09-17 19:45:09,784][src.utils.inference_utils][INFO] - Global Rank: 0 wrote 64 rows to /data/mhwang/Rec/GRID/logs/inference/runs/2025-09-17/19-44-38/pickle/predictions_0_20250917T114509781.pkl.
[2025-09-17 19:45:09,800][src.utils.inference_utils][INFO] - Global Rank: 1 wrote 64 rows to /data/mhwang/Rec/GRID/logs/inference/runs/2025-09-17/19-44-38/pickle/predictions_1_20250917T114509798.pkl.
[2025-09-17 19:45:09,906][src.utils.inference_utils][INFO] - Global Rank: 0 wrote 64 rows to /data/mhwang/Rec/GRID/logs/inference/runs/2025-09-17/19-44-38/pickle/predictions_0_20250917T114509904.pkl.
[2025-09-17 19:45:09,934][src.utils.inference_utils][INFO] - Global Rank: 1 wrote 64 rows to /data/mhwang/Rec/GRID/logs/inference/runs/2025-09-17/19-44-38/pickle/predictions_1_20250917T114509931.pkl.
[2025-09-17 19:45:10,035][src.utils.inference_utils][INFO] - Global Rank: 0 wrote 64 rows to /data/mhwang/Rec/GRID/logs/inference/runs/2025-09-17/19-44-38/pickle/predictions_0_20250917T114510033.pkl.
[2025-09-17 19:45:10,079][src.utils.inference_utils][INFO] - Global Rank: 1 wrote 64 rows to /data/mhwang/Rec/GRID/logs/inference/runs/2025-09-17/19-44-38/pickle/predictions_1_20250917T114510076.pkl.
[2025-09-17 19:45:10,190][src.utils.inference_utils][INFO] - Global Rank: 0 wrote 64 rows to /data/mhwang/Rec/GRID/logs/inference/runs/2025-09-17/19-44-38/pickle/predictions_0_20250917T114510188.pkl.
[2025-09-17 19:45:10,214][src.utils.inference_utils][INFO] - Global Rank: 1 wrote 64 rows to /data/mhwang/Rec/GRID/logs/inference/runs/2025-09-17/19-44-38/pickle/predictions_1_20250917T114510211.pkl.
[2025-09-17 19:45:10,375][src.utils.inference_utils][INFO] - Global Rank: 1 wrote 64 rows to /data/mhwang/Rec/GRID/logs/inference/runs/2025-09-17/19-44-38/pickle/predictions_1_20250917T114510373.pkl.
[2025-09-17 19:45:10,427][src.utils.inference_utils][INFO] - Global Rank: 0 wrote 64 rows to /data/mhwang/Rec/GRID/logs/inference/runs/2025-09-17/19-44-38/pickle/predictions_0_20250917T114510424.pkl.
[2025-09-17 19:45:10,502][src.utils.inference_utils][INFO] - Global Rank: 1 wrote 64 rows to /data/mhwang/Rec/GRID/logs/inference/runs/2025-09-17/19-44-38/pickle/predictions_1_20250917T114510500.pkl.
[2025-09-17 19:45:10,616][src.utils.inference_utils][INFO] - Global Rank: 0 wrote 64 rows to /data/mhwang/Rec/GRID/logs/inference/runs/2025-09-17/19-44-38/pickle/predictions_0_20250917T114510613.pkl.
[2025-09-17 19:45:10,624][src.utils.inference_utils][INFO] - Global Rank: 1 wrote 64 rows to /data/mhwang/Rec/GRID/logs/inference/runs/2025-09-17/19-44-38/pickle/predictions_1_20250917T114510622.pkl.
[2025-09-17 19:45:10,770][src.utils.inference_utils][INFO] - Global Rank: 0 wrote 64 rows to /data/mhwang/Rec/GRID/logs/inference/runs/2025-09-17/19-44-38/pickle/predictions_0_20250917T114510768.pkl.
[2025-09-17 19:45:10,772][src.utils.inference_utils][INFO] - Global Rank: 0 wrote 5 rows to /data/mhwang/Rec/GRID/logs/inference/runs/2025-09-17/19-44-38/pickle/predictions_0_20250917T114510771.pkl.
[2025-09-17 19:45:10,772][src.utils.inference_utils][INFO] - Rank 0 finished writing predictions.
[2025-09-17 19:45:10,775][src.utils.inference_utils][INFO] - Global Rank: 1 wrote 64 rows to /data/mhwang/Rec/GRID/logs/inference/runs/2025-09-17/19-44-38/pickle/predictions_1_20250917T114510772.pkl.
[2025-09-17 19:45:10,908][src.utils.inference_utils][INFO] - Global Rank: 1 wrote 64 rows to /data/mhwang/Rec/GRID/logs/inference/runs/2025-09-17/19-44-38/pickle/predictions_1_20250917T114510906.pkl.
[2025-09-17 19:45:11,033][src.utils.inference_utils][INFO] - Global Rank: 1 wrote 64 rows to /data/mhwang/Rec/GRID/logs/inference/runs/2025-09-17/19-44-38/pickle/predictions_1_20250917T114511031.pkl.
[2025-09-17 19:45:11,035][src.utils.inference_utils][INFO] - Buffer is empty, nothing to flush.
[2025-09-17 19:45:11,035][src.utils.inference_utils][INFO] - Rank 1 finished writing predictions.
[2025-09-17 19:45:11,039][src.utils.inference_utils][INFO] - Merging pickle files on main process.
[2025-09-17 19:45:12,154][src.utils.inference_utils][INFO] - Merged 12101 rows into merged_predictions.pkl.
[2025-09-17 19:45:13,636][src.utils.inference_utils][INFO] - Merged 12101 rows into merged_predictions_tensor.pt. as pytorch tensor
