[2025-09-16 16:01:20,399][src.utils.utils][INFO] - [rank: 0] Enforcing tags! <cfg.extras.enforce_tags=True>
[2025-09-16 16:01:20,405][src.utils.utils][WARNING] - [rank: 0] Config loss was not found in the config tree. Make sure this is expected.
[2025-09-16 16:01:23,405][src.utils.utils][INFO] - [rank: 0] Printing config tree with Rich! <cfg.extras.print_config=True>
[2025-09-16 16:01:23,407][src.utils.restart_job][INFO] - [rank: 0] should_skip_retry set to True. Skipping retry logic.
[2025-09-16 16:01:23,415][src.utils.launcher_utils][INFO] - [rank: 0] Instantiating datamodule <src.data.loading.datamodules.sequence_datamodule.ItemDataModule>
[2025-09-16 16:01:23,583][src.utils.launcher_utils][INFO] - [rank: 0] Instantiating model <src.modules.clustering.residual_quantization.ResidualQuantization>
[2025-09-16 16:01:23,797][root][INFO] - Device cpu: Verbose mode enabled
[2025-09-16 16:01:23,822][root][INFO] - Device cpu: Using custom training loop function
[2025-09-16 16:01:23,832][src.utils.launcher_utils][INFO] - [rank: 0] Instantiating callbacks...
[2025-09-16 16:01:23,832][src.utils.instantiators][INFO] - [rank: 0] Instantiating callback <lightning.pytorch.callbacks.ModelCheckpoint>
[2025-09-16 16:01:23,835][src.utils.instantiators][INFO] - [rank: 0] Instantiating callback <lightning.pytorch.callbacks.RichModelSummary>
[2025-09-16 16:01:23,835][src.utils.launcher_utils][INFO] - [rank: 0] Instantiating loggers...
[2025-09-16 16:01:23,836][src.utils.instantiators][INFO] - [rank: 0] Instantiating logger <lightning.pytorch.loggers.csv_logs.CSVLogger>
[2025-09-16 16:01:23,837][src.utils.launcher_utils][INFO] - [rank: 0] Instantiating trainer <lightning.pytorch.trainer.Trainer>
[2025-09-16 16:01:23,921][pytorch_lightning.utilities.rank_zero][INFO] - Using bfloat16 Automatic Mixed Precision (AMP)
[2025-09-16 16:01:23,922][pytorch_lightning.utilities.rank_zero][INFO] - Trainer already configured with model summary callbacks: [<class 'lightning.pytorch.callbacks.rich_model_summary.RichModelSummary'>]. Skipping setting a default `ModelSummary` callback.
[2025-09-16 16:01:23,956][pytorch_lightning.utilities.rank_zero][INFO] - GPU available: True (cuda), used: True
[2025-09-16 16:01:23,956][pytorch_lightning.utilities.rank_zero][INFO] - TPU available: False, using: 0 TPU cores
[2025-09-16 16:01:23,956][pytorch_lightning.utilities.rank_zero][INFO] - HPU available: False, using: 0 HPUs
[2025-09-16 16:01:23,957][src.utils.launcher_utils][INFO] - [rank: 0] Logging hyperparameters!
[2025-09-16 16:01:24,133][__main__][INFO] - [rank: 0] Starting training!
[2025-09-16 16:01:36,462][root][INFO] - Device cpu: Verbose mode enabled
[2025-09-16 16:01:36,467][root][INFO] - Device cpu: Using custom training loop function
[2025-09-16 16:01:36,754][pytorch_lightning.utilities.rank_zero][INFO] - ----------------------------------------------------------------------------------------------------
distributed_backend=nccl
All distributed processes registered. Starting with 2 processes
----------------------------------------------------------------------------------------------------

[2025-09-16 16:01:57,373][root][INFO] - Device cuda:1: Training layers one-at-a-time, each for 10 steps. Ensure that early stopping callbacks are disabled.
[2025-09-16 16:01:57,378][root][INFO] - Device cuda:0: Training layers one-at-a-time, each for 10 steps. Ensure that early stopping callbacks are disabled.
[2025-09-16 16:02:16,601][root][INFO] - Device cuda:1: Finished training layer 0 of 3
[2025-09-16 16:02:16,604][root][INFO] - Device cuda:0: Finished training layer 0 of 3
[2025-09-16 16:02:32,740][root][INFO] - Device cuda:1: Finished training layer 1 of 3
[2025-09-16 16:02:32,744][root][INFO] - Device cuda:0: Finished training layer 1 of 3
[2025-09-16 16:02:46,291][pytorch_lightning.utilities.rank_zero][INFO] - Epoch 0, global step 30: 'train/loss' reached 3.34571 (best 3.34571), saving model to '/data/mhwang/Rec/GRID/logs/train/runs/2025-09-16/16-01-20/checkpoints/checkpoint_000_000030.ckpt' as top 1
[2025-09-16 16:02:47,818][pytorch_lightning.utilities.rank_zero][INFO] - `Trainer.fit` stopped: `max_steps=30` reached.
[2025-09-16 16:02:49,263][__main__][INFO] - [rank: 0] Metrics: {'train/loss': tensor(23.9155), 'train/loss_step': tensor(3.3457), 'train/quantization_loss': tensor(23.9155), 'train/quantization_loss_step': tensor(3.3457), 'train/reconstruction_loss': tensor(0.), 'train/reconstruction_loss_step': tensor(0.), 'train/last_residuals_norm_ratio': tensor(0.0369), 'train/last_residuals_norm_ratio_step': tensor(0.0426), 'train/first_residuals_norm_ratio': tensor(0.0125), 'train/first_residuals_norm_ratio_step': tensor(0.0073), 'train/first_centroids_norm': tensor(12.2409), 'train/first_centroids_norm_step': tensor(15.6947), 'train/last_centroids_norm': tensor(1.7778), 'train/last_centroids_norm_step': tensor(16.0000), 'train/frac_unique_ids': tensor(0.5111), 'train/frac_unique_ids_step': tensor(0.9956), 'train/mse': tensor(0.0012), 'train/mse_step': tensor(0.0016), 'train/layer_0/frac_layer_coverages': tensor(0.7485), 'train/layer_0/frac_layer_coverages_step': tensor(0.9062), 'train/layer_1/frac_layer_coverages': tensor(0.4850), 'train/layer_1/frac_layer_coverages_step': tensor(0.9453), 'train/layer_2/frac_layer_coverages': tensor(0.1684), 'train/layer_2/frac_layer_coverages_step': tensor(0.9922), 'train/layer_0/id_entropy': tensor(4.2743), 'train/layer_0/id_entropy_step': tensor(5.1694), 'train/layer_1/id_entropy': tensor(2.6554), 'train/layer_1/id_entropy_step': tensor(5.2949), 'train/layer_2/id_entropy': tensor(0.8986), 'train/layer_2/id_entropy_step': tensor(5.3826), 'train/loss_epoch': tensor(23.9155), 'train/quantization_loss_epoch': tensor(23.9155), 'train/reconstruction_loss_epoch': tensor(0.), 'train/last_residuals_norm_ratio_epoch': tensor(0.0369), 'train/first_residuals_norm_ratio_epoch': tensor(0.0125), 'train/first_centroids_norm_epoch': tensor(12.2409), 'train/last_centroids_norm_epoch': tensor(1.7778), 'train/frac_unique_ids_epoch': tensor(0.5111), 'train/mse_epoch': tensor(0.0012), 'train/layer_0/frac_layer_coverages_epoch': tensor(0.7485), 'train/layer_1/frac_layer_coverages_epoch': tensor(0.4850), 'train/layer_2/frac_layer_coverages_epoch': tensor(0.1684), 'train/layer_0/id_entropy_epoch': tensor(4.2743), 'train/layer_1/id_entropy_epoch': tensor(2.6554), 'train/layer_2/id_entropy_epoch': tensor(0.8986)}
