[2025-09-17 21:33:47,850][src.utils.utils][INFO] - [rank: 0] Enforcing tags! <cfg.extras.enforce_tags=True>
[2025-09-17 21:33:47,854][src.utils.utils][WARNING] - [rank: 0] Config loss was not found in the config tree. Make sure this is expected.
[2025-09-17 21:33:50,855][src.utils.utils][INFO] - [rank: 0] Printing config tree with Rich! <cfg.extras.print_config=True>
[2025-09-17 21:33:50,855][src.utils.restart_job][INFO] - [rank: 0] should_skip_retry set to True. Skipping retry logic.
[2025-09-17 21:33:50,859][src.utils.launcher_utils][INFO] - [rank: 0] Instantiating datamodule <src.data.loading.datamodules.sequence_datamodule.ItemDataModule>
[2025-09-17 21:33:51,291][src.utils.launcher_utils][INFO] - [rank: 0] Instantiating model <src.modules.clustering.residual_quantization.ResidualQuantization>
[2025-09-17 21:33:51,425][root][INFO] - Device cpu: Verbose mode enabled
[2025-09-17 21:33:51,430][root][INFO] - Device cpu: Using custom training loop function
[2025-09-17 21:33:51,438][src.utils.launcher_utils][INFO] - [rank: 0] Instantiating callbacks...
[2025-09-17 21:33:51,438][src.utils.instantiators][INFO] - [rank: 0] Instantiating callback <lightning.pytorch.callbacks.ModelCheckpoint>
[2025-09-17 21:33:51,442][src.utils.instantiators][INFO] - [rank: 0] Instantiating callback <lightning.pytorch.callbacks.RichModelSummary>
[2025-09-17 21:33:51,443][src.utils.launcher_utils][INFO] - [rank: 0] Instantiating loggers...
[2025-09-17 21:33:51,443][src.utils.instantiators][INFO] - [rank: 0] Instantiating logger <lightning.pytorch.loggers.csv_logs.CSVLogger>
[2025-09-17 21:33:51,445][src.utils.launcher_utils][INFO] - [rank: 0] Instantiating trainer <lightning.pytorch.trainer.Trainer>
[2025-09-17 21:33:51,519][pytorch_lightning.utilities.rank_zero][INFO] - Using bfloat16 Automatic Mixed Precision (AMP)
[2025-09-17 21:33:51,520][pytorch_lightning.utilities.rank_zero][INFO] - Trainer already configured with model summary callbacks: [<class 'lightning.pytorch.callbacks.rich_model_summary.RichModelSummary'>]. Skipping setting a default `ModelSummary` callback.
[2025-09-17 21:33:51,552][pytorch_lightning.utilities.rank_zero][INFO] - GPU available: True (cuda), used: True
[2025-09-17 21:33:51,552][pytorch_lightning.utilities.rank_zero][INFO] - TPU available: False, using: 0 TPU cores
[2025-09-17 21:33:51,552][pytorch_lightning.utilities.rank_zero][INFO] - HPU available: False, using: 0 HPUs
[2025-09-17 21:33:51,553][src.utils.launcher_utils][INFO] - [rank: 0] Logging hyperparameters!
[2025-09-17 21:33:51,725][__main__][INFO] - [rank: 0] Starting training!
[2025-09-17 21:34:03,574][root][INFO] - Device cpu: Verbose mode enabled
[2025-09-17 21:34:03,580][root][INFO] - Device cpu: Using custom training loop function
[2025-09-17 21:34:03,805][pytorch_lightning.utilities.rank_zero][INFO] - ----------------------------------------------------------------------------------------------------
distributed_backend=nccl
All distributed processes registered. Starting with 2 processes
----------------------------------------------------------------------------------------------------

[2025-09-17 21:34:21,159][root][INFO] - Device cuda:1: Training layers one-at-a-time, each for 10 steps. Ensure that early stopping callbacks are disabled.
[2025-09-17 21:34:21,164][root][INFO] - Device cuda:0: Training layers one-at-a-time, each for 10 steps. Ensure that early stopping callbacks are disabled.
[2025-09-17 21:34:37,054][root][INFO] - Device cuda:0: Finished training layer 0 of 3
[2025-09-17 21:34:37,057][root][INFO] - Device cuda:1: Finished training layer 0 of 3
[2025-09-17 21:34:49,340][root][INFO] - Device cuda:0: Finished training layer 1 of 3
[2025-09-17 21:34:49,340][root][INFO] - Device cuda:1: Finished training layer 1 of 3
[2025-09-17 21:35:05,874][pytorch_lightning.utilities.rank_zero][INFO] - Epoch 0, global step 30: 'train/loss' reached 3.94379 (best 3.94379), saving model to '/data/mhwang/Rec/GRID/logs/train/runs/2025-09-17/21-33-47/checkpoints/checkpoint_000_000030.ckpt' as top 1
[2025-09-17 21:35:11,191][pytorch_lightning.utilities.rank_zero][INFO] - `Trainer.fit` stopped: `max_steps=30` reached.
[2025-09-17 21:35:12,012][__main__][INFO] - [rank: 0] Metrics: {'train/loss': tensor(25.9594), 'train/loss_step': tensor(3.9438), 'train/quantization_loss': tensor(25.9594), 'train/quantization_loss_step': tensor(3.9438), 'train/reconstruction_loss': tensor(0.), 'train/reconstruction_loss_step': tensor(0.), 'train/last_residuals_norm_ratio': tensor(0.0184), 'train/last_residuals_norm_ratio_step': tensor(0.0217), 'train/first_residuals_norm_ratio': tensor(0.0060), 'train/first_residuals_norm_ratio_step': tensor(0.0034), 'train/first_centroids_norm': tensor(12.2673), 'train/first_centroids_norm_step': tensor(15.7343), 'train/last_centroids_norm': tensor(1.7778), 'train/last_centroids_norm_step': tensor(16.), 'train/frac_unique_ids': tensor(0.4929), 'train/frac_unique_ids_step': tensor(0.9878), 'train/mse': tensor(0.0003), 'train/mse_step': tensor(0.0004), 'train/layer_0/frac_layer_coverages': tensor(0.7370), 'train/layer_0/frac_layer_coverages_step': tensor(0.8633), 'train/layer_1/frac_layer_coverages': tensor(0.4599), 'train/layer_1/frac_layer_coverages_step': tensor(0.8633), 'train/layer_2/frac_layer_coverages': tensor(0.1684), 'train/layer_2/frac_layer_coverages_step': tensor(0.9883), 'train/layer_0/id_entropy': tensor(4.2557), 'train/layer_0/id_entropy_step': tensor(5.1063), 'train/layer_1/id_entropy': tensor(2.5188), 'train/layer_1/id_entropy_step': tensor(4.9348), 'train/layer_2/id_entropy': tensor(0.8886), 'train/layer_2/id_entropy_step': tensor(5.3257), 'train/loss_epoch': tensor(25.9594), 'train/quantization_loss_epoch': tensor(25.9594), 'train/reconstruction_loss_epoch': tensor(0.), 'train/last_residuals_norm_ratio_epoch': tensor(0.0184), 'train/first_residuals_norm_ratio_epoch': tensor(0.0060), 'train/first_centroids_norm_epoch': tensor(12.2673), 'train/last_centroids_norm_epoch': tensor(1.7778), 'train/frac_unique_ids_epoch': tensor(0.4929), 'train/mse_epoch': tensor(0.0003), 'train/layer_0/frac_layer_coverages_epoch': tensor(0.7370), 'train/layer_1/frac_layer_coverages_epoch': tensor(0.4599), 'train/layer_2/frac_layer_coverages_epoch': tensor(0.1684), 'train/layer_0/id_entropy_epoch': tensor(4.2557), 'train/layer_1/id_entropy_epoch': tensor(2.5188), 'train/layer_2/id_entropy_epoch': tensor(0.8886)}
