[2025-11-12 00:29:42,559][src.utils.utils][INFO] - [rank: 0] Enforcing tags! <cfg.extras.enforce_tags=True>
[2025-11-12 00:29:42,569][src.utils.utils][WARNING] - [rank: 0] Config loss was not found in the config tree. Make sure this is expected.
[2025-11-12 00:29:42,569][src.utils.utils][WARNING] - [rank: 0] Config optim was not found in the config tree. Make sure this is expected.
[2025-11-12 00:29:42,570][src.utils.utils][WARNING] - [rank: 0] Config eval was not found in the config tree. Make sure this is expected.
[2025-11-12 00:29:45,570][src.utils.utils][INFO] - [rank: 0] Printing config tree with Rich! <cfg.extras.print_config=True>
[2025-11-12 00:29:45,574][src.utils.launcher_utils][INFO] - [rank: 0] Instantiating datamodule <src.data.loading.datamodules.sequence_datamodule.SequenceDataModule>
[2025-11-12 00:29:45,665][src.utils.launcher_utils][INFO] - [rank: 0] Instantiating model <src.models.modules.semantic_id.tiger_generation_model.SemanticIDEncoderDecoder>
[2025-11-12 00:29:45,928][src.models.modules.semantic_id.tiger_generation_model][INFO] - [rank: 0] i am here
[2025-11-12 00:29:46,280][src.utils.launcher_utils][INFO] - [rank: 0] Instantiating callbacks...
[2025-11-12 00:29:46,281][src.utils.instantiators][INFO] - [rank: 0] Instantiating callback <src.utils.inference_utils.LocalPickleWriter>
[2025-11-12 00:29:46,499][src.utils.launcher_utils][INFO] - [rank: 0] Instantiating loggers...
[2025-11-12 00:29:46,500][src.utils.instantiators][INFO] - [rank: 0] Instantiating logger <lightning.pytorch.loggers.csv_logs.CSVLogger>
[2025-11-12 00:29:46,503][src.utils.launcher_utils][INFO] - [rank: 0] Instantiating trainer <lightning.pytorch.trainer.Trainer>
[2025-11-12 00:29:46,623][src.utils.launcher_utils][INFO] - [rank: 0] Logging hyperparameters!
[2025-11-12 00:29:46,852][__main__][INFO] - [rank: 0] Starting inference!
[2025-11-12 00:30:07,646][src.utils.inference_utils][INFO] - Rank 1 initialized for inference.
[2025-11-12 00:30:07,648][src.utils.inference_utils][INFO] - Rank 0 initialized for inference.
[2025-11-12 00:30:13,905][src.models.modules.semantic_id.tiger_generation_model][INFO] - [rank: 0] 开始统计训练集中的item流行度...
[2025-11-12 00:30:13,906][src.models.modules.semantic_id.tiger_generation_model][INFO] - [rank: 0] 训练集dataloader类型: <class 'src.data.loading.components.custom_dataloader.DataloaderWithIterationRetry'>
[2025-11-12 00:30:14,472][src.models.modules.semantic_id.tiger_generation_model][INFO] - [rank: 0] Batch 0: type=<class 'src.data.loading.components.interfaces.SequentialModelInputData'>, len=N/A
[2025-11-12 00:30:14,474][src.models.modules.semantic_id.tiger_generation_model][WARNING] - [rank: 0] Unexpected batch format: <class 'src.data.loading.components.interfaces.SequentialModelInputData'>
[2025-11-12 00:30:14,565][src.models.modules.semantic_id.tiger_generation_model][INFO] - [rank: 0] Batch 1: type=<class 'src.data.loading.components.interfaces.SequentialModelInputData'>, len=N/A
[2025-11-12 00:30:14,565][src.models.modules.semantic_id.tiger_generation_model][WARNING] - [rank: 0] Unexpected batch format: <class 'src.data.loading.components.interfaces.SequentialModelInputData'>
[2025-11-12 00:30:14,567][src.models.modules.semantic_id.tiger_generation_model][INFO] - [rank: 0] Batch 2: type=<class 'src.data.loading.components.interfaces.SequentialModelInputData'>, len=N/A
[2025-11-12 00:30:14,567][src.models.modules.semantic_id.tiger_generation_model][WARNING] - [rank: 0] Unexpected batch format: <class 'src.data.loading.components.interfaces.SequentialModelInputData'>
[2025-11-12 00:30:14,986][src.models.modules.semantic_id.tiger_generation_model][WARNING] - [rank: 0] 未能从训练集统计到任何有效item，跳过分组评测。
[2025-11-12 00:33:40,308][src.models.modules.semantic_id.tiger_generation_model][INFO] - [rank: 0] 
================================================================================
[2025-11-12 00:33:40,309][src.models.modules.semantic_id.tiger_generation_model][INFO] - [rank: 0] === 生成的语义ID Embedding相似度矩阵 (平均自 702 个batch) ===
[2025-11-12 00:33:40,310][src.models.modules.semantic_id.tiger_generation_model][INFO] - [rank: 0] 
[[ 1.0000000e+00 -7.8174956e-03  3.5880457e-03 -2.1411050e-02]
 [-7.8174956e-03  1.0000000e+00  9.6909506e-03 -2.4151172e-02]
 [ 3.5880457e-03  9.6909506e-03  1.0000000e+00  7.2655542e-04]
 [-2.1411050e-02 -2.4151172e-02  7.2655542e-04  1.0000001e+00]]
[2025-11-12 00:33:40,311][src.models.modules.semantic_id.tiger_generation_model][INFO] - [rank: 0] ================================================================================

[2025-11-12 00:33:40,311][src.models.modules.semantic_id.tiger_generation_model][INFO] - [rank: 0] 
================================================================================
[2025-11-12 00:33:40,311][src.models.modules.semantic_id.tiger_generation_model][INFO] - [rank: 0] === 输入序列中每个Item的Hierarchy Embedding相似度矩阵 (平均自 702 个batch) ===
[2025-11-12 00:33:40,312][src.models.modules.semantic_id.tiger_generation_model][INFO] - [rank: 0] 
[[ 1.0000000e+00 -3.8262103e-03 -1.8129485e-03 -1.0928203e-02]
 [-3.8262103e-03  1.0000000e+00  5.5409846e-04 -1.2765567e-02]
 [-1.8129485e-03  5.5409846e-04  1.0000000e+00 -5.0307964e-03]
 [-1.0928203e-02 -1.2765567e-02 -5.0307964e-03  1.0000000e+00]]
[2025-11-12 00:33:40,313][src.models.modules.semantic_id.tiger_generation_model][INFO] - [rank: 0] ================================================================================

