[2025-11-13 15:11:05,507][src.utils.utils][INFO] - [rank: 0] Enforcing tags! <cfg.extras.enforce_tags=True>
[2025-11-13 15:11:05,518][src.utils.utils][INFO] - [rank: 0] Printing config tree with Rich! <cfg.extras.print_config=True>
[2025-11-13 15:11:05,519][src.utils.restart_job][INFO] - [rank: 0] should_skip_retry set to True. Skipping retry logic.
[2025-11-13 15:11:05,523][src.utils.launcher_utils][INFO] - [rank: 0] Instantiating datamodule <src.data.loading.datamodules.sequence_datamodule.SequenceDataModule>
[2025-11-13 15:11:05,616][src.utils.launcher_utils][INFO] - [rank: 0] Instantiating model <src.models.modules.semantic_id.tiger_generation_model.SemanticIDEncoderDecoder>
[2025-11-13 15:11:05,868][src.models.modules.semantic_id.tiger_generation_model][INFO] - [rank: 0] i am here
[2025-11-13 15:11:06,445][src.utils.launcher_utils][INFO] - [rank: 0] Instantiating callbacks...
[2025-11-13 15:11:06,449][src.utils.instantiators][INFO] - [rank: 0] Instantiating callback <lightning.pytorch.callbacks.ModelCheckpoint>
[2025-11-13 15:11:06,454][src.utils.instantiators][INFO] - [rank: 0] Instantiating callback <lightning.pytorch.callbacks.EarlyStopping>
[2025-11-13 15:11:06,474][src.utils.instantiators][INFO] - [rank: 0] Instantiating callback <lightning.pytorch.callbacks.RichModelSummary>
[2025-11-13 15:11:06,475][src.utils.instantiators][INFO] - [rank: 0] Instantiating callback <src.utils.restart_job.RestartAndLoadCheckpointCallback>
[2025-11-13 15:11:06,479][src.utils.restart_job_utils][INFO] - [rank: 0] Trying to load metadata from /data/mhwang/Rec/GRID/logs/train/runs/2025-11-13/15-11-05/metadata/restart_metadata.json
[2025-11-13 15:11:06,480][src.utils.restart_job_utils][WARNING] - [rank: 0] Metadata file not found at /data/mhwang/Rec/GRID/logs/train/runs/2025-11-13/15-11-05/metadata/restart_metadata.json. Creating empty metadata.
[2025-11-13 15:11:06,481][src.utils.restart_job_utils][INFO] - [rank: 0] Saving metadata to /data/mhwang/Rec/GRID/logs/train/runs/2025-11-13/15-11-05/metadata/restart_metadata.json. {'start_time': '2025-11-13T15:11:06.481110', 'restarts': [], 'current_run': 0, 'used_ports': [], 'world_size': 0, 'node_rank': 0, 'master_addr': '', 'original_args': ['/data/mhwang/Rec/GRID/src/train.py', 'experiment=tiger_train_flat', 'data_dir=/data/mhwang/Rec/GRID/amazon_data/beauty', 'semantic_id_path=/data/mhwang/Rec/GRID/logs/inference/runs/2025-11-12/23-32-34/pickle/merged_predictions_tensor.pt', 'num_hierarchies=8', '++should_skip_retry=True']}
[2025-11-13 15:11:06,482][src.utils.launcher_utils][INFO] - [rank: 0] Instantiating loggers...
[2025-11-13 15:11:06,483][src.utils.instantiators][INFO] - [rank: 0] Instantiating logger <lightning.pytorch.loggers.csv_logs.CSVLogger>
[2025-11-13 15:11:06,486][src.utils.launcher_utils][INFO] - [rank: 0] Instantiating trainer <lightning.pytorch.trainer.Trainer>
[2025-11-13 15:11:06,488][src.utils.restart_job_utils][INFO] - [rank: 0] Trying to load metadata from /data/mhwang/Rec/GRID/logs/train/runs/2025-11-13/15-11-05/metadata/restart_metadata.json
[2025-11-13 15:11:06,490][src.utils.restart_job_utils][INFO] - [rank: 0] Metadata loaded successfully from /data/mhwang/Rec/GRID/logs/train/runs/2025-11-13/15-11-05/metadata/restart_metadata.json
[2025-11-13 15:11:06,490][src.utils.restart_job_utils][INFO] - [rank: 0] Retrieved current_run: 0 from metadata /data/mhwang/Rec/GRID/logs/train/runs/2025-11-13/15-11-05/metadata/restart_metadata.json
[2025-11-13 15:11:06,677][src.utils.launcher_utils][INFO] - [rank: 0] Logging hyperparameters!
[2025-11-13 15:11:07,298][__main__][INFO] - [rank: 0] Starting training!
[2025-11-13 15:11:33,847][src.utils.restart_job_utils][INFO] - [rank: 0] Saving metadata to /data/mhwang/Rec/GRID/logs/train/runs/2025-11-13/15-11-05/metadata/restart_metadata.json. {'start_time': '2025-11-13T15:11:06.481110', 'restarts': [], 'current_run': 0, 'used_ports': ['59551'], 'world_size': 2, 'node_rank': 0, 'master_addr': '127.0.0.1', 'original_args': ['/data/mhwang/Rec/GRID/src/train.py', 'experiment=tiger_train_flat', 'data_dir=/data/mhwang/Rec/GRID/amazon_data/beauty', 'semantic_id_path=/data/mhwang/Rec/GRID/logs/inference/runs/2025-11-12/23-32-34/pickle/merged_predictions_tensor.pt', 'num_hierarchies=8', '++should_skip_retry=True']}
[2025-11-13 15:11:41,514][src.models.modules.semantic_id.tiger_generation_model][INFO] - [rank: 0] 开始统计训练集中的item流行度...
[2025-11-13 15:11:41,526][src.models.modules.semantic_id.tiger_generation_model][INFO] - [rank: 0] 训练集dataloader类型: <class 'tuple'>
[2025-11-13 15:11:41,526][src.models.modules.semantic_id.tiger_generation_model][INFO] - [rank: 0] 实际dataloader类型: <class 'src.data.loading.components.custom_dataloader.DataloaderWithIterationRetry'>
[2025-11-13 15:13:06,067][src.models.modules.semantic_id.tiger_generation_model][INFO] - [rank: 0] 已处理 1000 个batch，累计统计 1986266 个item交互
[2025-11-13 15:13:18,053][src.utils.restart_job][ERROR] - [rank: 0] Exception caught: DataLoader worker (pid 3377536) is killed by signal: Terminated. 
[2025-11-13 15:13:18,077][src.utils.restart_job][ERROR] - [rank: 0] Stack trace: Traceback (most recent call last):
  File "/data/mhwang/Rec/GRID/src/models/modules/semantic_id/tiger_generation_model.py", line 907, in _maybe_init_popularity_groups
    valid_items_mask = masks.sum(dim=2) > 0  # [B, num_items]
                       ^^^^^^^^^^^^^^^^
  File "/data_sdc/mhwang/miniconda3/envs/GRs/lib/python3.12/site-packages/torch/utils/data/_utils/signal_handling.py", line 73, in handler
    _error_if_any_worker_fails()
RuntimeError: DataLoader worker (pid 3371614) is killed by signal: Terminated. 

During handling of the above exception, another exception occurred:

Traceback (most recent call last):
  File "/data_sdc/mhwang/miniconda3/envs/GRs/lib/python3.12/site-packages/lightning/pytorch/trainer/call.py", line 46, in _call_and_handle_interrupt
    return trainer.strategy.launcher.launch(trainer_fn, *args, trainer=trainer, **kwargs)
           ^^^^^^^^^^^^^^^^^^^^^^^^^^^^^^^^^^^^^^^^^^^^^^^^^^^^^^^^^^^^^^^^^^^^^^^^^^^^^^
  File "/data_sdc/mhwang/miniconda3/envs/GRs/lib/python3.12/site-packages/lightning/pytorch/strategies/launchers/subprocess_script.py", line 105, in launch
    return function(*args, **kwargs)
           ^^^^^^^^^^^^^^^^^^^^^^^^^
  File "/data_sdc/mhwang/miniconda3/envs/GRs/lib/python3.12/site-packages/lightning/pytorch/trainer/trainer.py", line 575, in _fit_impl
    self._run(model, ckpt_path=ckpt_path)
  File "/data_sdc/mhwang/miniconda3/envs/GRs/lib/python3.12/site-packages/lightning/pytorch/trainer/trainer.py", line 982, in _run
    results = self._run_stage()
              ^^^^^^^^^^^^^^^^^
  File "/data_sdc/mhwang/miniconda3/envs/GRs/lib/python3.12/site-packages/lightning/pytorch/trainer/trainer.py", line 1026, in _run_stage
    self.fit_loop.run()
  File "/data_sdc/mhwang/miniconda3/envs/GRs/lib/python3.12/site-packages/lightning/pytorch/loops/fit_loop.py", line 216, in run
    self.advance()
  File "/data_sdc/mhwang/miniconda3/envs/GRs/lib/python3.12/site-packages/lightning/pytorch/loops/fit_loop.py", line 455, in advance
    self.epoch_loop.run(self._data_fetcher)
  File "/data_sdc/mhwang/miniconda3/envs/GRs/lib/python3.12/site-packages/lightning/pytorch/loops/training_epoch_loop.py", line 151, in run
    self.on_advance_end(data_fetcher)
  File "/data_sdc/mhwang/miniconda3/envs/GRs/lib/python3.12/site-packages/lightning/pytorch/loops/training_epoch_loop.py", line 370, in on_advance_end
    self.val_loop.run()
  File "/data_sdc/mhwang/miniconda3/envs/GRs/lib/python3.12/site-packages/lightning/pytorch/loops/utilities.py", line 179, in _decorator
    return loop_run(self, *args, **kwargs)
           ^^^^^^^^^^^^^^^^^^^^^^^^^^^^^^^
  File "/data_sdc/mhwang/miniconda3/envs/GRs/lib/python3.12/site-packages/lightning/pytorch/loops/evaluation_loop.py", line 123, in run
    self.on_run_start()
  File "/data_sdc/mhwang/miniconda3/envs/GRs/lib/python3.12/site-packages/lightning/pytorch/loops/evaluation_loop.py", line 281, in on_run_start
    self._on_evaluation_start()
  File "/data_sdc/mhwang/miniconda3/envs/GRs/lib/python3.12/site-packages/lightning/pytorch/loops/evaluation_loop.py", line 327, in _on_evaluation_start
    call._call_lightning_module_hook(trainer, hook_name, *args, **kwargs)
  File "/data_sdc/mhwang/miniconda3/envs/GRs/lib/python3.12/site-packages/lightning/pytorch/trainer/call.py", line 171, in _call_lightning_module_hook
    output = fn(*args, **kwargs)
             ^^^^^^^^^^^^^^^^^^^
  File "/data/mhwang/Rec/GRID/src/models/modules/semantic_id/tiger_generation_model.py", line 610, in on_validation_start
    self._maybe_init_popularity_groups()
  File "/data/mhwang/Rec/GRID/src/models/modules/semantic_id/tiger_generation_model.py", line 926, in _maybe_init_popularity_groups
    command_line_logger.error(f"遍历训练集时出错: {e}")
  File "/data_sdc/mhwang/miniconda3/envs/GRs/lib/python3.12/logging/__init__.py", line 1941, in error
    self.log(ERROR, msg, *args, **kwargs)
  File "/data/mhwang/Rec/GRID/src/utils/pylogger.py", line 42, in log
    current_rank = getattr(rank_zero_only, "rank", None)
                   ^^^^^^^^^^^^^^^^^^^^^^^^^^^^^^^^^^^^^
  File "/data_sdc/mhwang/miniconda3/envs/GRs/lib/python3.12/site-packages/torch/utils/data/_utils/signal_handling.py", line 73, in handler
    _error_if_any_worker_fails()
RuntimeError: DataLoader worker (pid 3377536) is killed by signal: Terminated. 

[2025-11-13 15:13:18,077][src.utils.restart_job][INFO] - [rank: 0] Cleaning up and handling restart logic
[2025-11-13 15:13:18,078][src.utils.restart_job_utils][INFO] - [rank: 0] Trying to load metadata from /data/mhwang/Rec/GRID/logs/train/runs/2025-11-13/15-11-05/metadata/restart_metadata.json
[2025-11-13 15:13:18,080][src.utils.restart_job_utils][INFO] - [rank: 0] Metadata loaded successfully from /data/mhwang/Rec/GRID/logs/train/runs/2025-11-13/15-11-05/metadata/restart_metadata.json
[2025-11-13 15:13:18,080][src.utils.restart_job_utils][INFO] - [rank: 0] Retrieved current_run: 0 from metadata /data/mhwang/Rec/GRID/logs/train/runs/2025-11-13/15-11-05/metadata/restart_metadata.json
[2025-11-13 15:13:18,081][src.utils.restart_job][INFO] - [rank: 0] Restarting job. Current metadata: JobCheckpointMetadata(start_time='2025-11-13T15:11:06.481110', restarts=[{'time': '2025-11-13T15:13:18.080846', 'exception': 'DataLoader worker (pid 3377536) is killed by signal: Terminated. ', 'run_number': 0}], current_run=1, used_ports=['59551'], world_size=2, node_rank=0, master_addr='127.0.0.1', original_args=['/data/mhwang/Rec/GRID/src/train.py', 'experiment=tiger_train_flat', 'data_dir=/data/mhwang/Rec/GRID/amazon_data/beauty', 'semantic_id_path=/data/mhwang/Rec/GRID/logs/inference/runs/2025-11-12/23-32-34/pickle/merged_predictions_tensor.pt', 'num_hierarchies=8', '++should_skip_retry=True'])
[2025-11-13 15:13:18,081][src.utils.restart_job_utils][INFO] - [rank: 0] Saving metadata to /data/mhwang/Rec/GRID/logs/train/runs/2025-11-13/15-11-05/metadata/restart_metadata.json. {'start_time': '2025-11-13T15:11:06.481110', 'restarts': [{'time': '2025-11-13T15:13:18.080846', 'exception': 'DataLoader worker (pid 3377536) is killed by signal: Terminated. ', 'run_number': 0}], 'current_run': 1, 'used_ports': ['59551'], 'world_size': 2, 'node_rank': 0, 'master_addr': '127.0.0.1', 'original_args': ['/data/mhwang/Rec/GRID/src/train.py', 'experiment=tiger_train_flat', 'data_dir=/data/mhwang/Rec/GRID/amazon_data/beauty', 'semantic_id_path=/data/mhwang/Rec/GRID/logs/inference/runs/2025-11-12/23-32-34/pickle/merged_predictions_tensor.pt', 'num_hierarchies=8', '++should_skip_retry=True']}
[2025-11-13 15:13:18,082][src.utils.restart_job_utils][INFO] - [rank: 0] Cleaning up distributed process group
