[2025-11-13 21:08:03,449][src.utils.utils][INFO] - [rank: 0] Enforcing tags! <cfg.extras.enforce_tags=True>
[2025-11-13 21:08:03,459][src.utils.utils][WARNING] - [rank: 0] Config loss was not found in the config tree. Make sure this is expected.
[2025-11-13 21:08:03,460][src.utils.utils][WARNING] - [rank: 0] Config optim was not found in the config tree. Make sure this is expected.
[2025-11-13 21:08:03,461][src.utils.utils][WARNING] - [rank: 0] Config eval was not found in the config tree. Make sure this is expected.
[2025-11-13 21:08:06,461][src.utils.utils][INFO] - [rank: 0] Printing config tree with Rich! <cfg.extras.print_config=True>
[2025-11-13 21:08:06,466][src.utils.launcher_utils][INFO] - [rank: 0] Instantiating datamodule <src.data.loading.datamodules.sequence_datamodule.SequenceDataModule>
[2025-11-13 21:08:06,591][src.utils.launcher_utils][INFO] - [rank: 0] Instantiating model <src.models.modules.semantic_id.tiger_generation_model.SemanticIDEncoderDecoder>
[2025-11-13 21:08:06,867][src.models.modules.semantic_id.tiger_generation_model][INFO] - [rank: 0] i am here
[2025-11-13 21:08:07,337][src.utils.launcher_utils][INFO] - [rank: 0] Instantiating callbacks...
[2025-11-13 21:08:07,339][src.utils.instantiators][INFO] - [rank: 0] Instantiating callback <src.utils.inference_utils.LocalPickleWriter>
[2025-11-13 21:08:07,590][src.utils.launcher_utils][INFO] - [rank: 0] Instantiating loggers...
[2025-11-13 21:08:07,590][src.utils.instantiators][INFO] - [rank: 0] Instantiating logger <lightning.pytorch.loggers.csv_logs.CSVLogger>
[2025-11-13 21:08:07,594][src.utils.launcher_utils][INFO] - [rank: 0] Instantiating trainer <lightning.pytorch.trainer.Trainer>
[2025-11-13 21:08:07,758][src.utils.launcher_utils][INFO] - [rank: 0] Logging hyperparameters!
[2025-11-13 21:08:08,044][__main__][INFO] - [rank: 0] Starting inference!
[2025-11-13 21:08:32,485][src.utils.inference_utils][INFO] - Rank 0 initialized for inference.
[2025-11-13 21:08:32,486][src.utils.inference_utils][INFO] - Rank 2 initialized for inference.
[2025-11-13 21:08:32,487][src.utils.inference_utils][INFO] - Rank 1 initialized for inference.
[2025-11-13 21:08:32,498][src.utils.inference_utils][INFO] - Rank 3 initialized for inference.
[2025-11-13 21:08:41,376][src.models.modules.semantic_id.tiger_generation_model][INFO] - [rank: 0] 开始统计训练集中的item流行度...
[2025-11-13 21:08:41,378][src.models.modules.semantic_id.tiger_generation_model][INFO] - [rank: 0] 训练集dataloader类型: <class 'tuple'>
[2025-11-13 21:08:41,378][src.models.modules.semantic_id.tiger_generation_model][INFO] - [rank: 0] 实际dataloader类型: <class 'src.data.loading.components.custom_dataloader.DataloaderWithIterationRetry'>
[2025-11-13 21:08:56,178][src.models.modules.semantic_id.tiger_generation_model][INFO] - [rank: 0] 已处理 1000 个batch，累计统计 46733 个item交互
[2025-11-13 21:09:09,265][src.models.modules.semantic_id.tiger_generation_model][INFO] - [rank: 0] 已处理 2000 个batch，累计统计 91057 个item交互
[2025-11-13 21:09:24,598][src.models.modules.semantic_id.tiger_generation_model][INFO] - [rank: 0] 已处理 3000 个batch，累计统计 136650 个item交互
[2025-11-13 21:09:40,228][src.models.modules.semantic_id.tiger_generation_model][INFO] - [rank: 0] 已处理 4000 个batch，累计统计 181744 个item交互
[2025-11-13 21:10:15,096][src.models.modules.semantic_id.tiger_generation_model][INFO] - [rank: 0] 已处理 5000 个batch，累计统计 226103 个item交互
[2025-11-13 21:10:31,627][src.models.modules.semantic_id.tiger_generation_model][INFO] - [rank: 0] 已处理 6000 个batch，累计统计 272151 个item交互
[2025-11-13 21:10:45,390][src.models.modules.semantic_id.tiger_generation_model][INFO] - [rank: 0] 已处理 7000 个batch，累计统计 315824 个item交互
[2025-11-13 21:11:10,031][src.models.modules.semantic_id.tiger_generation_model][INFO] - [rank: 0] 已处理 8000 个batch，累计统计 362126 个item交互
[2025-11-13 21:11:24,251][src.models.modules.semantic_id.tiger_generation_model][INFO] - [rank: 0] 已处理 9000 个batch，累计统计 406707 个item交互
[2025-11-13 21:11:38,605][src.models.modules.semantic_id.tiger_generation_model][INFO] - [rank: 0] 已处理 10000 个batch，累计统计 451925 个item交互
[2025-11-13 21:11:38,626][src.models.modules.semantic_id.tiger_generation_model][INFO] - [rank: 0] 已达到最大batch限制(10000)，停止统计
[2025-11-13 21:11:38,750][src.models.modules.semantic_id.tiger_generation_model][INFO] - [rank: 0] 训练集统计完成：共 8950 个唯一item，总交互次数 451925
[2025-11-13 21:11:38,764][src.models.modules.semantic_id.tiger_generation_model][INFO] - [rank: 0] 流行度分组完成:
[2025-11-13 21:11:38,764][src.models.modules.semantic_id.tiger_generation_model][INFO] - [rank: 0]   Head组 (前20%): 1790 个item
[2025-11-13 21:11:38,764][src.models.modules.semantic_id.tiger_generation_model][INFO] - [rank: 0]   Body组 (20%-50%): 2685 个item
[2025-11-13 21:11:38,765][src.models.modules.semantic_id.tiger_generation_model][INFO] - [rank: 0]   Tail组 (后50%): 4475 个item
[2025-11-13 21:11:38,765][src.models.modules.semantic_id.tiger_generation_model][INFO] - [rank: 0]   Head组示例: item (119, 198, 185, 226, 150, 193, 178, 161, 111, 0) 出现 1661 次
[2025-11-13 21:11:38,765][src.models.modules.semantic_id.tiger_generation_model][INFO] - [rank: 0]   Tail组示例: item (122, 120, 254, 38, 134, 174, 163, 251, 206, 0) 出现 14 次
[2025-11-13 21:11:38,765][src.models.modules.semantic_id.tiger_generation_model][INFO] - [rank: 0] 已启用按流行度分组的评测（Head/Body/Tail）。
[2025-11-13 21:15:50,759][src.models.modules.semantic_id.tiger_generation_model][INFO] - [rank: 0] 
================================================================================
[2025-11-13 21:15:50,760][src.models.modules.semantic_id.tiger_generation_model][INFO] - [rank: 0] === 生成的语义ID Embedding相似度矩阵 (平均自 350 个batch) ===
[2025-11-13 21:15:50,764][src.models.modules.semantic_id.tiger_generation_model][INFO] - [rank: 0] 
[[ 1.00000000e+00  1.05112605e-02  1.98794045e-02  3.91592691e-03
  -2.55521783e-03  7.75088905e-04  1.29436338e-02 -2.43574427e-03
  -1.52727347e-02 -2.55280416e-02]
 [ 1.05112605e-02  1.00000000e+00  9.47529636e-03  8.49072635e-03
   1.02796284e-02  4.64589940e-03 -1.51300838e-03  2.65418109e-03
   1.58732373e-03  9.46604926e-03]
 [ 1.98794045e-02  9.47529636e-03  1.00000000e+00 -2.26393295e-03
   8.36736336e-03  6.66052336e-03  1.86456717e-03  1.21024009e-02
   2.79779988e-03 -7.15757441e-03]
 [ 3.91592691e-03  8.49072635e-03 -2.26393295e-03  1.00000000e+00
   5.96704008e-03  6.87119598e-03  3.28319892e-03 -3.08753253e-04
   1.04902629e-02 -7.36044580e-03]
 [-2.55521783e-03  1.02796284e-02  8.36736336e-03  5.96704008e-03
   1.00000000e+00 -3.49145918e-03  1.23678735e-02  1.53102614e-02
  -5.94909443e-03 -1.48462625e-02]
 [ 7.75088905e-04  4.64589940e-03  6.66052336e-03  6.87119598e-03
  -3.49145918e-03  1.00000000e+00  6.50416175e-03  1.01576196e-02
  -1.35111306e-02  1.31650339e-03]
 [ 1.29436338e-02 -1.51300838e-03  1.86456717e-03  3.28319892e-03
   1.23678735e-02  6.50416175e-03  1.00000000e+00  4.90033068e-04
  -2.75486941e-03  4.92248731e-03]
 [-2.43574427e-03  2.65418109e-03  1.21024009e-02 -3.08753253e-04
   1.53102614e-02  1.01576196e-02  4.90033068e-04  1.00000000e+00
  -1.30007733e-02  2.86711613e-03]
 [-1.52727347e-02  1.58732373e-03  2.79779988e-03  1.04902629e-02
  -5.94909443e-03 -1.35111306e-02 -2.75486941e-03 -1.30007733e-02
   1.00000000e+00  3.32040600e-02]
 [-2.55280416e-02  9.46604926e-03 -7.15757441e-03 -7.36044580e-03
  -1.48462625e-02  1.31650339e-03  4.92248731e-03  2.86711613e-03
   3.32040600e-02  9.99999881e-01]]
[2025-11-13 21:15:50,765][src.models.modules.semantic_id.tiger_generation_model][INFO] - [rank: 0] ================================================================================

[2025-11-13 21:15:50,766][src.models.modules.semantic_id.tiger_generation_model][INFO] - [rank: 0] 
================================================================================
[2025-11-13 21:15:50,767][src.models.modules.semantic_id.tiger_generation_model][INFO] - [rank: 0] === 输入序列中每个Item的Hierarchy Embedding相似度矩阵 (平均自 350 个batch) ===
[2025-11-13 21:15:50,769][src.models.modules.semantic_id.tiger_generation_model][INFO] - [rank: 0] 
[[ 1.          0.00763359  0.00743092  0.00475372  0.00284081  0.00246718
   0.00215537 -0.00273294 -0.00528507 -0.01450451]
 [ 0.00763359  1.          0.00653575  0.00871594  0.00779347  0.00406151
   0.00756886  0.0042433  -0.00346829  0.00997141]
 [ 0.00743092  0.00653575  1.          0.00893059  0.00825521  0.00631573
   0.00284987  0.00526905 -0.00188813 -0.00218049]
 [ 0.00475372  0.00871594  0.00893059  1.          0.00736215  0.00684003
   0.00338278  0.00302707 -0.0048382  -0.0031454 ]
 [ 0.00284081  0.00779347  0.00825521  0.00736215  1.          0.00641056
   0.00687706  0.00581865 -0.00456236 -0.00628173]
 [ 0.00246718  0.00406151  0.00631573  0.00684003  0.00641056  1.
   0.00588131  0.00699585 -0.00496359  0.00357686]
 [ 0.00215537  0.00756886  0.00284987  0.00338278  0.00687706  0.00588131
   1.          0.0079594  -0.00697414 -0.00254131]
 [-0.00273294  0.0042433   0.00526905  0.00302707  0.00581865  0.00699585
   0.0079594   1.         -0.01079475  0.00133959]
 [-0.00528507 -0.00346829 -0.00188813 -0.0048382  -0.00456236 -0.00496359
  -0.00697414 -0.01079475  1.          0.03668023]
 [-0.01450451  0.00997141 -0.00218049 -0.0031454  -0.00628173  0.00357686
  -0.00254131  0.00133959  0.03668023  0.99999994]]
[2025-11-13 21:15:50,770][src.models.modules.semantic_id.tiger_generation_model][INFO] - [rank: 0] ================================================================================

[2025-11-13 21:15:51,060][src.models.modules.semantic_id.tiger_generation_model][INFO] - [rank: 0] 
================================================================================
[2025-11-13 21:15:51,061][src.models.modules.semantic_id.tiger_generation_model][INFO] - [rank: 0] === 按流行度分组的评测指标（累计到当前阶段）===
[2025-11-13 21:15:51,062][src.models.modules.semantic_id.tiger_generation_model][INFO] - [rank: 0] [Head] ndcg@5: 0.044667  ndcg@10: 0.053545  recall@5: 0.067081  recall@10: 0.094488
[2025-11-13 21:15:51,063][src.models.modules.semantic_id.tiger_generation_model][INFO] - [rank: 0] [Body] ndcg@5: 0.031337  ndcg@10: 0.039150  recall@5: 0.043704  recall@10: 0.068158
[2025-11-13 21:15:51,063][src.models.modules.semantic_id.tiger_generation_model][INFO] - [rank: 0] [Tail] ndcg@5: 0.029265  ndcg@10: 0.035600  recall@5: 0.043724  recall@10: 0.063342
[2025-11-13 21:15:51,064][src.models.modules.semantic_id.tiger_generation_model][INFO] - [rank: 0] ================================================================================

