[2025-10-24 15:10:17,126][src.utils.utils][INFO] - [rank: 0] Enforcing tags! <cfg.extras.enforce_tags=True>
[2025-10-24 15:10:17,131][src.utils.utils][INFO] - [rank: 0] Printing config tree with Rich! <cfg.extras.print_config=True>
[2025-10-24 15:10:17,131][src.utils.restart_job][INFO] - [rank: 0] should_skip_retry set to True. Skipping retry logic.
[2025-10-24 15:10:17,133][src.utils.launcher_utils][INFO] - [rank: 0] Instantiating datamodule <src.data.loading.datamodules.sequence_datamodule.SequenceDataModule>
[2025-10-24 15:10:17,183][src.utils.launcher_utils][INFO] - [rank: 0] Instantiating model <src.models.modules.semantic_id.tiger_generation_model.SemanticIDEncoderDecoder>
[2025-10-24 15:10:17,312][src.models.modules.semantic_id.tiger_generation_model][INFO] - [rank: 0] i am here
[2025-10-24 15:10:17,480][src.utils.launcher_utils][INFO] - [rank: 0] Instantiating callbacks...
[2025-10-24 15:10:17,480][src.utils.instantiators][INFO] - [rank: 0] Instantiating callback <lightning.pytorch.callbacks.ModelCheckpoint>
[2025-10-24 15:10:17,483][src.utils.instantiators][INFO] - [rank: 0] Instantiating callback <lightning.pytorch.callbacks.EarlyStopping>
[2025-10-24 15:10:17,485][src.utils.instantiators][INFO] - [rank: 0] Instantiating callback <lightning.pytorch.callbacks.RichModelSummary>
[2025-10-24 15:10:17,485][src.utils.instantiators][INFO] - [rank: 0] Instantiating callback <src.utils.restart_job.RestartAndLoadCheckpointCallback>
[2025-10-24 15:10:17,487][src.utils.restart_job_utils][INFO] - [rank: 0] Trying to load metadata from /data/mhwang/Rec/GRID/logs/train/runs/2025-10-24/15-10-17/metadata/restart_metadata.json
[2025-10-24 15:10:17,487][src.utils.restart_job_utils][WARNING] - [rank: 0] Metadata file not found at /data/mhwang/Rec/GRID/logs/train/runs/2025-10-24/15-10-17/metadata/restart_metadata.json. Creating empty metadata.
[2025-10-24 15:10:17,487][src.utils.restart_job_utils][INFO] - [rank: 0] Saving metadata to /data/mhwang/Rec/GRID/logs/train/runs/2025-10-24/15-10-17/metadata/restart_metadata.json. {'start_time': '2025-10-24T15:10:17.487659', 'restarts': [], 'current_run': 0, 'used_ports': [], 'world_size': 0, 'node_rank': 0, 'master_addr': '', 'original_args': ['/data/mhwang/Rec/GRID/src/train.py', 'experiment=tiger_train_flat', 'data_dir=/data/mhwang/Rec/GRID/amazon_data/beauty', 'semantic_id_path=/data/mhwang/Rec/GRID/logs/inference/runs/2025-09-21/16-36-33/pickle/merged_predictions_tensor.pt', 'num_hierarchies=4', '++should_skip_retry=True']}
[2025-10-24 15:10:17,488][src.utils.launcher_utils][INFO] - [rank: 0] Instantiating loggers...
[2025-10-24 15:10:17,488][src.utils.instantiators][INFO] - [rank: 0] Instantiating logger <lightning.pytorch.loggers.csv_logs.CSVLogger>
[2025-10-24 15:10:17,489][src.utils.launcher_utils][INFO] - [rank: 0] Instantiating trainer <lightning.pytorch.trainer.Trainer>
[2025-10-24 15:10:17,491][src.utils.restart_job_utils][INFO] - [rank: 0] Trying to load metadata from /data/mhwang/Rec/GRID/logs/train/runs/2025-10-24/15-10-17/metadata/restart_metadata.json
[2025-10-24 15:10:17,491][src.utils.restart_job_utils][INFO] - [rank: 0] Metadata loaded successfully from /data/mhwang/Rec/GRID/logs/train/runs/2025-10-24/15-10-17/metadata/restart_metadata.json
[2025-10-24 15:10:17,491][src.utils.restart_job_utils][INFO] - [rank: 0] Retrieved current_run: 0 from metadata /data/mhwang/Rec/GRID/logs/train/runs/2025-10-24/15-10-17/metadata/restart_metadata.json
[2025-10-24 15:10:17,612][src.utils.launcher_utils][INFO] - [rank: 0] Logging hyperparameters!
[2025-10-24 15:10:17,797][__main__][INFO] - [rank: 0] Starting training!
[2025-10-24 15:10:32,191][src.utils.restart_job_utils][INFO] - [rank: 0] Saving metadata to /data/mhwang/Rec/GRID/logs/train/runs/2025-10-24/15-10-17/metadata/restart_metadata.json. {'start_time': '2025-10-24T15:10:17.487659', 'restarts': [], 'current_run': 0, 'used_ports': ['59623'], 'world_size': 4, 'node_rank': 0, 'master_addr': '127.0.0.1', 'original_args': ['/data/mhwang/Rec/GRID/src/train.py', 'experiment=tiger_train_flat', 'data_dir=/data/mhwang/Rec/GRID/amazon_data/beauty', 'semantic_id_path=/data/mhwang/Rec/GRID/logs/inference/runs/2025-09-21/16-36-33/pickle/merged_predictions_tensor.pt', 'num_hierarchies=4', '++should_skip_retry=True']}
[2025-10-24 17:08:17,058][__main__][INFO] - [rank: 0] Starting testing!
[2025-10-24 17:09:15,731][__main__][INFO] - [rank: 0] Best ckpt path: /data/mhwang/Rec/GRID/logs/train/runs/2025-10-24/15-10-17/checkpoints/checkpoint_epoch=000_step=002500.ckpt
[2025-10-24 17:09:15,738][__main__][INFO] - [rank: 0] Metrics: {'train/loss': tensor(7.3611), 'train/loss_step': tensor(4.7073), 'val/loss': tensor(9.9704), 'val/ndcg@5': tensor(0.0402), 'val/ndcg@10': tensor(0.0472), 'val/recall@5': tensor(0.0561), 'val/recall@10': tensor(0.0780), 'train/loss_epoch': tensor(7.3611), 'test/loss': tensor(9.9243), 'test/ndcg@5': tensor(0.0300), 'test/ndcg@10': tensor(0.0361), 'test/recall@5': tensor(0.0436), 'test/recall@10': tensor(0.0623)}
