[2025-09-21 17:32:52,624][src.utils.utils][INFO] - [rank: 0] Enforcing tags! <cfg.extras.enforce_tags=True>
[2025-09-21 17:32:52,632][src.utils.utils][WARNING] - [rank: 0] Config loss was not found in the config tree. Make sure this is expected.
[2025-09-21 17:32:52,632][src.utils.utils][WARNING] - [rank: 0] Config optim was not found in the config tree. Make sure this is expected.
[2025-09-21 17:32:52,632][src.utils.utils][WARNING] - [rank: 0] Config eval was not found in the config tree. Make sure this is expected.
[2025-09-21 17:32:55,633][src.utils.utils][INFO] - [rank: 0] Printing config tree with Rich! <cfg.extras.print_config=True>
[2025-09-21 17:32:55,643][src.utils.launcher_utils][INFO] - [rank: 0] Instantiating datamodule <src.data.loading.datamodules.sequence_datamodule.ItemDataModule>
[2025-09-21 17:32:56,276][src.utils.launcher_utils][INFO] - [rank: 0] Instantiating model <src.modules.semantic_embedding_inference_module.SemanticEmbeddingInferenceModule>
[2025-09-21 17:33:01,434][src.utils.launcher_utils][INFO] - [rank: 0] Instantiating callbacks...
[2025-09-21 17:33:01,435][src.utils.instantiators][INFO] - [rank: 0] Instantiating callback <src.utils.inference_utils.LocalPickleWriter>
[2025-09-21 17:33:01,641][src.utils.launcher_utils][INFO] - [rank: 0] Instantiating loggers...
[2025-09-21 17:33:01,642][src.utils.instantiators][INFO] - [rank: 0] Instantiating logger <lightning.pytorch.loggers.csv_logs.CSVLogger>
[2025-09-21 17:33:01,644][src.utils.launcher_utils][INFO] - [rank: 0] Instantiating trainer <lightning.pytorch.trainer.Trainer>
[2025-09-21 17:33:01,773][src.utils.launcher_utils][INFO] - [rank: 0] Logging hyperparameters!
[2025-09-21 17:33:01,956][__main__][INFO] - [rank: 0] Starting inference!
[2025-09-21 17:33:01,956][__main__][WARNING] - [rank: 0] No ckpt_path was provided. If using a model you trained, this is mandatory. Only leave ckpt_path=None if using a pre-trained model.
[2025-09-21 17:33:24,656][src.utils.inference_utils][INFO] - Rank 0 initialized for inference.
[2025-09-21 17:33:24,663][src.utils.inference_utils][INFO] - Rank 1 initialized for inference.
[2025-09-21 17:33:27,980][src.utils.inference_utils][INFO] - Global Rank: 0 wrote 64 rows to /data/mhwang/Rec/GRID/logs/inference/runs/2025-09-21/17-32-52/pickle/predictions_0_20250921T093327975.pkl.
[2025-09-21 17:33:28,157][src.utils.inference_utils][INFO] - Global Rank: 1 wrote 64 rows to /data/mhwang/Rec/GRID/logs/inference/runs/2025-09-21/17-32-52/pickle/predictions_1_20250921T093328153.pkl.
[2025-09-21 17:33:28,948][src.utils.inference_utils][INFO] - Global Rank: 0 wrote 64 rows to /data/mhwang/Rec/GRID/logs/inference/runs/2025-09-21/17-32-52/pickle/predictions_0_20250921T093328942.pkl.
[2025-09-21 17:33:29,088][src.utils.inference_utils][INFO] - Global Rank: 1 wrote 64 rows to /data/mhwang/Rec/GRID/logs/inference/runs/2025-09-21/17-32-52/pickle/predictions_1_20250921T093329084.pkl.
[2025-09-21 17:33:29,874][src.utils.inference_utils][INFO] - Global Rank: 0 wrote 64 rows to /data/mhwang/Rec/GRID/logs/inference/runs/2025-09-21/17-32-52/pickle/predictions_0_20250921T093329868.pkl.
[2025-09-21 17:33:30,094][src.utils.inference_utils][INFO] - Global Rank: 1 wrote 64 rows to /data/mhwang/Rec/GRID/logs/inference/runs/2025-09-21/17-32-52/pickle/predictions_1_20250921T093330087.pkl.
[2025-09-21 17:33:30,797][src.utils.inference_utils][INFO] - Global Rank: 0 wrote 64 rows to /data/mhwang/Rec/GRID/logs/inference/runs/2025-09-21/17-32-52/pickle/predictions_0_20250921T093330791.pkl.
[2025-09-21 17:33:31,100][src.utils.inference_utils][INFO] - Global Rank: 1 wrote 64 rows to /data/mhwang/Rec/GRID/logs/inference/runs/2025-09-21/17-32-52/pickle/predictions_1_20250921T093331095.pkl.
[2025-09-21 17:33:31,702][src.utils.inference_utils][INFO] - Global Rank: 0 wrote 64 rows to /data/mhwang/Rec/GRID/logs/inference/runs/2025-09-21/17-32-52/pickle/predictions_0_20250921T093331694.pkl.
[2025-09-21 17:33:32,214][src.utils.inference_utils][INFO] - Global Rank: 1 wrote 64 rows to /data/mhwang/Rec/GRID/logs/inference/runs/2025-09-21/17-32-52/pickle/predictions_1_20250921T093332208.pkl.
[2025-09-21 17:33:32,611][src.utils.inference_utils][INFO] - Global Rank: 0 wrote 64 rows to /data/mhwang/Rec/GRID/logs/inference/runs/2025-09-21/17-32-52/pickle/predictions_0_20250921T093332601.pkl.
[2025-09-21 17:33:33,247][src.utils.inference_utils][INFO] - Global Rank: 1 wrote 64 rows to /data/mhwang/Rec/GRID/logs/inference/runs/2025-09-21/17-32-52/pickle/predictions_1_20250921T093333242.pkl.
[2025-09-21 17:33:33,396][src.utils.inference_utils][INFO] - Global Rank: 0 wrote 64 rows to /data/mhwang/Rec/GRID/logs/inference/runs/2025-09-21/17-32-52/pickle/predictions_0_20250921T093333390.pkl.
[2025-09-21 17:33:34,127][src.utils.inference_utils][INFO] - Global Rank: 1 wrote 64 rows to /data/mhwang/Rec/GRID/logs/inference/runs/2025-09-21/17-32-52/pickle/predictions_1_20250921T093334123.pkl.
[2025-09-21 17:33:34,252][src.utils.inference_utils][INFO] - Global Rank: 0 wrote 64 rows to /data/mhwang/Rec/GRID/logs/inference/runs/2025-09-21/17-32-52/pickle/predictions_0_20250921T093334245.pkl.
[2025-09-21 17:33:34,806][src.utils.inference_utils][INFO] - Global Rank: 1 wrote 64 rows to /data/mhwang/Rec/GRID/logs/inference/runs/2025-09-21/17-32-52/pickle/predictions_1_20250921T093334801.pkl.
[2025-09-21 17:33:35,313][src.utils.inference_utils][INFO] - Global Rank: 0 wrote 64 rows to /data/mhwang/Rec/GRID/logs/inference/runs/2025-09-21/17-32-52/pickle/predictions_0_20250921T093335307.pkl.
[2025-09-21 17:33:35,514][src.utils.inference_utils][INFO] - Global Rank: 1 wrote 64 rows to /data/mhwang/Rec/GRID/logs/inference/runs/2025-09-21/17-32-52/pickle/predictions_1_20250921T093335509.pkl.
[2025-09-21 17:33:36,328][src.utils.inference_utils][INFO] - Global Rank: 1 wrote 64 rows to /data/mhwang/Rec/GRID/logs/inference/runs/2025-09-21/17-32-52/pickle/predictions_1_20250921T093336323.pkl.
[2025-09-21 17:33:36,334][src.utils.inference_utils][INFO] - Global Rank: 0 wrote 64 rows to /data/mhwang/Rec/GRID/logs/inference/runs/2025-09-21/17-32-52/pickle/predictions_0_20250921T093336326.pkl.
[2025-09-21 17:33:37,113][src.utils.inference_utils][INFO] - Global Rank: 1 wrote 64 rows to /data/mhwang/Rec/GRID/logs/inference/runs/2025-09-21/17-32-52/pickle/predictions_1_20250921T093337107.pkl.
[2025-09-21 17:33:37,217][src.utils.inference_utils][INFO] - Global Rank: 0 wrote 64 rows to /data/mhwang/Rec/GRID/logs/inference/runs/2025-09-21/17-32-52/pickle/predictions_0_20250921T093337211.pkl.
[2025-09-21 17:33:37,965][src.utils.inference_utils][INFO] - Global Rank: 1 wrote 64 rows to /data/mhwang/Rec/GRID/logs/inference/runs/2025-09-21/17-32-52/pickle/predictions_1_20250921T093337961.pkl.
[2025-09-21 17:33:38,235][src.utils.inference_utils][INFO] - Global Rank: 0 wrote 64 rows to /data/mhwang/Rec/GRID/logs/inference/runs/2025-09-21/17-32-52/pickle/predictions_0_20250921T093338231.pkl.
[2025-09-21 17:33:38,837][src.utils.inference_utils][INFO] - Global Rank: 1 wrote 64 rows to /data/mhwang/Rec/GRID/logs/inference/runs/2025-09-21/17-32-52/pickle/predictions_1_20250921T093338831.pkl.
[2025-09-21 17:33:39,078][src.utils.inference_utils][INFO] - Global Rank: 0 wrote 64 rows to /data/mhwang/Rec/GRID/logs/inference/runs/2025-09-21/17-32-52/pickle/predictions_0_20250921T093339073.pkl.
[2025-09-21 17:33:39,610][src.utils.inference_utils][INFO] - Global Rank: 1 wrote 64 rows to /data/mhwang/Rec/GRID/logs/inference/runs/2025-09-21/17-32-52/pickle/predictions_1_20250921T093339604.pkl.
[2025-09-21 17:33:39,979][src.utils.inference_utils][INFO] - Global Rank: 0 wrote 64 rows to /data/mhwang/Rec/GRID/logs/inference/runs/2025-09-21/17-32-52/pickle/predictions_0_20250921T093339974.pkl.
[2025-09-21 17:33:40,590][src.utils.inference_utils][INFO] - Global Rank: 1 wrote 64 rows to /data/mhwang/Rec/GRID/logs/inference/runs/2025-09-21/17-32-52/pickle/predictions_1_20250921T093340584.pkl.
[2025-09-21 17:33:40,778][src.utils.inference_utils][INFO] - Global Rank: 0 wrote 64 rows to /data/mhwang/Rec/GRID/logs/inference/runs/2025-09-21/17-32-52/pickle/predictions_0_20250921T093340772.pkl.
[2025-09-21 17:33:41,480][src.utils.inference_utils][INFO] - Global Rank: 1 wrote 64 rows to /data/mhwang/Rec/GRID/logs/inference/runs/2025-09-21/17-32-52/pickle/predictions_1_20250921T093341474.pkl.
[2025-09-21 17:33:41,737][src.utils.inference_utils][INFO] - Global Rank: 0 wrote 64 rows to /data/mhwang/Rec/GRID/logs/inference/runs/2025-09-21/17-32-52/pickle/predictions_0_20250921T093341730.pkl.
[2025-09-21 17:33:42,314][src.utils.inference_utils][INFO] - Global Rank: 1 wrote 64 rows to /data/mhwang/Rec/GRID/logs/inference/runs/2025-09-21/17-32-52/pickle/predictions_1_20250921T093342308.pkl.
[2025-09-21 17:33:42,659][src.utils.inference_utils][INFO] - Global Rank: 0 wrote 64 rows to /data/mhwang/Rec/GRID/logs/inference/runs/2025-09-21/17-32-52/pickle/predictions_0_20250921T093342654.pkl.
[2025-09-21 17:33:43,356][src.utils.inference_utils][INFO] - Global Rank: 1 wrote 64 rows to /data/mhwang/Rec/GRID/logs/inference/runs/2025-09-21/17-32-52/pickle/predictions_1_20250921T093343350.pkl.
[2025-09-21 17:33:43,568][src.utils.inference_utils][INFO] - Global Rank: 0 wrote 64 rows to /data/mhwang/Rec/GRID/logs/inference/runs/2025-09-21/17-32-52/pickle/predictions_0_20250921T093343563.pkl.
[2025-09-21 17:33:44,159][src.utils.inference_utils][INFO] - Global Rank: 1 wrote 64 rows to /data/mhwang/Rec/GRID/logs/inference/runs/2025-09-21/17-32-52/pickle/predictions_1_20250921T093344152.pkl.
[2025-09-21 17:33:44,308][src.utils.inference_utils][INFO] - Global Rank: 0 wrote 64 rows to /data/mhwang/Rec/GRID/logs/inference/runs/2025-09-21/17-32-52/pickle/predictions_0_20250921T093344304.pkl.
[2025-09-21 17:33:45,069][src.utils.inference_utils][INFO] - Global Rank: 1 wrote 64 rows to /data/mhwang/Rec/GRID/logs/inference/runs/2025-09-21/17-32-52/pickle/predictions_1_20250921T093345063.pkl.
[2025-09-21 17:33:45,181][src.utils.inference_utils][INFO] - Global Rank: 0 wrote 64 rows to /data/mhwang/Rec/GRID/logs/inference/runs/2025-09-21/17-32-52/pickle/predictions_0_20250921T093345176.pkl.
[2025-09-21 17:33:46,032][src.utils.inference_utils][INFO] - Global Rank: 1 wrote 64 rows to /data/mhwang/Rec/GRID/logs/inference/runs/2025-09-21/17-32-52/pickle/predictions_1_20250921T093346026.pkl.
[2025-09-21 17:33:46,048][src.utils.inference_utils][INFO] - Global Rank: 0 wrote 64 rows to /data/mhwang/Rec/GRID/logs/inference/runs/2025-09-21/17-32-52/pickle/predictions_0_20250921T093346043.pkl.
[2025-09-21 17:33:46,905][src.utils.inference_utils][INFO] - Global Rank: 0 wrote 64 rows to /data/mhwang/Rec/GRID/logs/inference/runs/2025-09-21/17-32-52/pickle/predictions_0_20250921T093346899.pkl.
[2025-09-21 17:33:47,040][src.utils.inference_utils][INFO] - Global Rank: 1 wrote 64 rows to /data/mhwang/Rec/GRID/logs/inference/runs/2025-09-21/17-32-52/pickle/predictions_1_20250921T093347034.pkl.
[2025-09-21 17:33:47,728][src.utils.inference_utils][INFO] - Global Rank: 0 wrote 64 rows to /data/mhwang/Rec/GRID/logs/inference/runs/2025-09-21/17-32-52/pickle/predictions_0_20250921T093347724.pkl.
[2025-09-21 17:33:48,063][src.utils.inference_utils][INFO] - Global Rank: 1 wrote 64 rows to /data/mhwang/Rec/GRID/logs/inference/runs/2025-09-21/17-32-52/pickle/predictions_1_20250921T093348059.pkl.
[2025-09-21 17:33:48,517][src.utils.inference_utils][INFO] - Global Rank: 0 wrote 64 rows to /data/mhwang/Rec/GRID/logs/inference/runs/2025-09-21/17-32-52/pickle/predictions_0_20250921T093348511.pkl.
[2025-09-21 17:33:49,072][src.utils.inference_utils][INFO] - Global Rank: 1 wrote 64 rows to /data/mhwang/Rec/GRID/logs/inference/runs/2025-09-21/17-32-52/pickle/predictions_1_20250921T093349068.pkl.
[2025-09-21 17:33:49,270][src.utils.inference_utils][INFO] - Global Rank: 0 wrote 64 rows to /data/mhwang/Rec/GRID/logs/inference/runs/2025-09-21/17-32-52/pickle/predictions_0_20250921T093349265.pkl.
[2025-09-21 17:33:49,770][src.utils.inference_utils][INFO] - Global Rank: 1 wrote 64 rows to /data/mhwang/Rec/GRID/logs/inference/runs/2025-09-21/17-32-52/pickle/predictions_1_20250921T093349765.pkl.
[2025-09-21 17:33:50,002][src.utils.inference_utils][INFO] - Global Rank: 0 wrote 64 rows to /data/mhwang/Rec/GRID/logs/inference/runs/2025-09-21/17-32-52/pickle/predictions_0_20250921T093349997.pkl.
[2025-09-21 17:33:50,594][src.utils.inference_utils][INFO] - Global Rank: 1 wrote 64 rows to /data/mhwang/Rec/GRID/logs/inference/runs/2025-09-21/17-32-52/pickle/predictions_1_20250921T093350590.pkl.
[2025-09-21 17:33:50,690][src.utils.inference_utils][INFO] - Global Rank: 0 wrote 64 rows to /data/mhwang/Rec/GRID/logs/inference/runs/2025-09-21/17-32-52/pickle/predictions_0_20250921T093350684.pkl.
[2025-09-21 17:33:51,454][src.utils.inference_utils][INFO] - Global Rank: 1 wrote 64 rows to /data/mhwang/Rec/GRID/logs/inference/runs/2025-09-21/17-32-52/pickle/predictions_1_20250921T093351450.pkl.
[2025-09-21 17:33:51,554][src.utils.inference_utils][INFO] - Global Rank: 0 wrote 64 rows to /data/mhwang/Rec/GRID/logs/inference/runs/2025-09-21/17-32-52/pickle/predictions_0_20250921T093351548.pkl.
[2025-09-21 17:33:52,401][src.utils.inference_utils][INFO] - Global Rank: 1 wrote 64 rows to /data/mhwang/Rec/GRID/logs/inference/runs/2025-09-21/17-32-52/pickle/predictions_1_20250921T093352397.pkl.
[2025-09-21 17:33:52,625][src.utils.inference_utils][INFO] - Global Rank: 0 wrote 64 rows to /data/mhwang/Rec/GRID/logs/inference/runs/2025-09-21/17-32-52/pickle/predictions_0_20250921T093352620.pkl.
[2025-09-21 17:33:53,373][src.utils.inference_utils][INFO] - Global Rank: 1 wrote 64 rows to /data/mhwang/Rec/GRID/logs/inference/runs/2025-09-21/17-32-52/pickle/predictions_1_20250921T093353367.pkl.
[2025-09-21 17:33:53,628][src.utils.inference_utils][INFO] - Global Rank: 0 wrote 64 rows to /data/mhwang/Rec/GRID/logs/inference/runs/2025-09-21/17-32-52/pickle/predictions_0_20250921T093353623.pkl.
[2025-09-21 17:33:54,313][src.utils.inference_utils][INFO] - Global Rank: 1 wrote 64 rows to /data/mhwang/Rec/GRID/logs/inference/runs/2025-09-21/17-32-52/pickle/predictions_1_20250921T093354309.pkl.
[2025-09-21 17:33:54,589][src.utils.inference_utils][INFO] - Global Rank: 0 wrote 64 rows to /data/mhwang/Rec/GRID/logs/inference/runs/2025-09-21/17-32-52/pickle/predictions_0_20250921T093354584.pkl.
[2025-09-21 17:33:55,332][src.utils.inference_utils][INFO] - Global Rank: 1 wrote 64 rows to /data/mhwang/Rec/GRID/logs/inference/runs/2025-09-21/17-32-52/pickle/predictions_1_20250921T093355326.pkl.
[2025-09-21 17:33:55,440][src.utils.inference_utils][INFO] - Global Rank: 0 wrote 64 rows to /data/mhwang/Rec/GRID/logs/inference/runs/2025-09-21/17-32-52/pickle/predictions_0_20250921T093355434.pkl.
[2025-09-21 17:33:56,342][src.utils.inference_utils][INFO] - Global Rank: 0 wrote 64 rows to /data/mhwang/Rec/GRID/logs/inference/runs/2025-09-21/17-32-52/pickle/predictions_0_20250921T093356336.pkl.
[2025-09-21 17:33:56,481][src.utils.inference_utils][INFO] - Global Rank: 1 wrote 64 rows to /data/mhwang/Rec/GRID/logs/inference/runs/2025-09-21/17-32-52/pickle/predictions_1_20250921T093356474.pkl.
[2025-09-21 17:33:57,104][src.utils.inference_utils][INFO] - Global Rank: 0 wrote 64 rows to /data/mhwang/Rec/GRID/logs/inference/runs/2025-09-21/17-32-52/pickle/predictions_0_20250921T093357099.pkl.
[2025-09-21 17:33:57,571][src.utils.inference_utils][INFO] - Global Rank: 1 wrote 64 rows to /data/mhwang/Rec/GRID/logs/inference/runs/2025-09-21/17-32-52/pickle/predictions_1_20250921T093357566.pkl.
[2025-09-21 17:33:57,865][src.utils.inference_utils][INFO] - Global Rank: 0 wrote 64 rows to /data/mhwang/Rec/GRID/logs/inference/runs/2025-09-21/17-32-52/pickle/predictions_0_20250921T093357861.pkl.
[2025-09-21 17:33:58,461][src.utils.inference_utils][INFO] - Global Rank: 0 wrote 64 rows to /data/mhwang/Rec/GRID/logs/inference/runs/2025-09-21/17-32-52/pickle/predictions_0_20250921T093358457.pkl.
[2025-09-21 17:33:58,790][src.utils.inference_utils][INFO] - Global Rank: 1 wrote 64 rows to /data/mhwang/Rec/GRID/logs/inference/runs/2025-09-21/17-32-52/pickle/predictions_1_20250921T093358785.pkl.
[2025-09-21 17:33:59,091][src.utils.inference_utils][INFO] - Global Rank: 0 wrote 64 rows to /data/mhwang/Rec/GRID/logs/inference/runs/2025-09-21/17-32-52/pickle/predictions_0_20250921T093359086.pkl.
[2025-09-21 17:33:59,538][src.utils.inference_utils][INFO] - Global Rank: 1 wrote 64 rows to /data/mhwang/Rec/GRID/logs/inference/runs/2025-09-21/17-32-52/pickle/predictions_1_20250921T093359534.pkl.
[2025-09-21 17:34:00,090][src.utils.inference_utils][INFO] - Global Rank: 0 wrote 64 rows to /data/mhwang/Rec/GRID/logs/inference/runs/2025-09-21/17-32-52/pickle/predictions_0_20250921T093400085.pkl.
[2025-09-21 17:34:00,354][src.utils.inference_utils][INFO] - Global Rank: 1 wrote 64 rows to /data/mhwang/Rec/GRID/logs/inference/runs/2025-09-21/17-32-52/pickle/predictions_1_20250921T093400348.pkl.
[2025-09-21 17:34:01,152][src.utils.inference_utils][INFO] - Global Rank: 1 wrote 64 rows to /data/mhwang/Rec/GRID/logs/inference/runs/2025-09-21/17-32-52/pickle/predictions_1_20250921T093401146.pkl.
[2025-09-21 17:34:01,239][src.utils.inference_utils][INFO] - Global Rank: 0 wrote 64 rows to /data/mhwang/Rec/GRID/logs/inference/runs/2025-09-21/17-32-52/pickle/predictions_0_20250921T093401234.pkl.
[2025-09-21 17:34:02,014][src.utils.inference_utils][INFO] - Global Rank: 0 wrote 64 rows to /data/mhwang/Rec/GRID/logs/inference/runs/2025-09-21/17-32-52/pickle/predictions_0_20250921T093402008.pkl.
[2025-09-21 17:34:02,226][src.utils.inference_utils][INFO] - Global Rank: 1 wrote 64 rows to /data/mhwang/Rec/GRID/logs/inference/runs/2025-09-21/17-32-52/pickle/predictions_1_20250921T093402221.pkl.
[2025-09-21 17:34:02,901][src.utils.inference_utils][INFO] - Global Rank: 0 wrote 64 rows to /data/mhwang/Rec/GRID/logs/inference/runs/2025-09-21/17-32-52/pickle/predictions_0_20250921T093402896.pkl.
[2025-09-21 17:34:03,250][src.utils.inference_utils][INFO] - Global Rank: 1 wrote 64 rows to /data/mhwang/Rec/GRID/logs/inference/runs/2025-09-21/17-32-52/pickle/predictions_1_20250921T093403244.pkl.
[2025-09-21 17:34:03,666][src.utils.inference_utils][INFO] - Global Rank: 0 wrote 64 rows to /data/mhwang/Rec/GRID/logs/inference/runs/2025-09-21/17-32-52/pickle/predictions_0_20250921T093403662.pkl.
[2025-09-21 17:34:04,218][src.utils.inference_utils][INFO] - Global Rank: 1 wrote 64 rows to /data/mhwang/Rec/GRID/logs/inference/runs/2025-09-21/17-32-52/pickle/predictions_1_20250921T093404213.pkl.
[2025-09-21 17:34:04,580][src.utils.inference_utils][INFO] - Global Rank: 0 wrote 64 rows to /data/mhwang/Rec/GRID/logs/inference/runs/2025-09-21/17-32-52/pickle/predictions_0_20250921T093404576.pkl.
[2025-09-21 17:34:05,110][src.utils.inference_utils][INFO] - Global Rank: 1 wrote 64 rows to /data/mhwang/Rec/GRID/logs/inference/runs/2025-09-21/17-32-52/pickle/predictions_1_20250921T093405105.pkl.
[2025-09-21 17:34:05,606][src.utils.inference_utils][INFO] - Global Rank: 0 wrote 64 rows to /data/mhwang/Rec/GRID/logs/inference/runs/2025-09-21/17-32-52/pickle/predictions_0_20250921T093405601.pkl.
[2025-09-21 17:34:05,955][src.utils.inference_utils][INFO] - Global Rank: 1 wrote 64 rows to /data/mhwang/Rec/GRID/logs/inference/runs/2025-09-21/17-32-52/pickle/predictions_1_20250921T093405951.pkl.
[2025-09-21 17:34:06,261][src.utils.inference_utils][INFO] - Global Rank: 0 wrote 64 rows to /data/mhwang/Rec/GRID/logs/inference/runs/2025-09-21/17-32-52/pickle/predictions_0_20250921T093406255.pkl.
[2025-09-21 17:34:06,787][src.utils.inference_utils][INFO] - Global Rank: 1 wrote 64 rows to /data/mhwang/Rec/GRID/logs/inference/runs/2025-09-21/17-32-52/pickle/predictions_1_20250921T093406783.pkl.
[2025-09-21 17:34:06,964][src.utils.inference_utils][INFO] - Global Rank: 0 wrote 64 rows to /data/mhwang/Rec/GRID/logs/inference/runs/2025-09-21/17-32-52/pickle/predictions_0_20250921T093406958.pkl.
[2025-09-21 17:34:07,752][src.utils.inference_utils][INFO] - Global Rank: 0 wrote 64 rows to /data/mhwang/Rec/GRID/logs/inference/runs/2025-09-21/17-32-52/pickle/predictions_0_20250921T093407745.pkl.
[2025-09-21 17:34:07,935][src.utils.inference_utils][INFO] - Global Rank: 1 wrote 64 rows to /data/mhwang/Rec/GRID/logs/inference/runs/2025-09-21/17-32-52/pickle/predictions_1_20250921T093407928.pkl.
[2025-09-21 17:34:08,545][src.utils.inference_utils][INFO] - Global Rank: 0 wrote 64 rows to /data/mhwang/Rec/GRID/logs/inference/runs/2025-09-21/17-32-52/pickle/predictions_0_20250921T093408541.pkl.
[2025-09-21 17:34:08,943][src.utils.inference_utils][INFO] - Global Rank: 1 wrote 64 rows to /data/mhwang/Rec/GRID/logs/inference/runs/2025-09-21/17-32-52/pickle/predictions_1_20250921T093408936.pkl.
[2025-09-21 17:34:09,335][src.utils.inference_utils][INFO] - Global Rank: 0 wrote 64 rows to /data/mhwang/Rec/GRID/logs/inference/runs/2025-09-21/17-32-52/pickle/predictions_0_20250921T093409329.pkl.
[2025-09-21 17:34:09,820][src.utils.inference_utils][INFO] - Global Rank: 1 wrote 64 rows to /data/mhwang/Rec/GRID/logs/inference/runs/2025-09-21/17-32-52/pickle/predictions_1_20250921T093409815.pkl.
[2025-09-21 17:34:10,129][src.utils.inference_utils][INFO] - Global Rank: 0 wrote 64 rows to /data/mhwang/Rec/GRID/logs/inference/runs/2025-09-21/17-32-52/pickle/predictions_0_20250921T093410124.pkl.
[2025-09-21 17:34:10,766][src.utils.inference_utils][INFO] - Global Rank: 1 wrote 64 rows to /data/mhwang/Rec/GRID/logs/inference/runs/2025-09-21/17-32-52/pickle/predictions_1_20250921T093410761.pkl.
[2025-09-21 17:34:10,999][src.utils.inference_utils][INFO] - Global Rank: 0 wrote 64 rows to /data/mhwang/Rec/GRID/logs/inference/runs/2025-09-21/17-32-52/pickle/predictions_0_20250921T093410995.pkl.
[2025-09-21 17:34:11,620][src.utils.inference_utils][INFO] - Global Rank: 1 wrote 64 rows to /data/mhwang/Rec/GRID/logs/inference/runs/2025-09-21/17-32-52/pickle/predictions_1_20250921T093411614.pkl.
[2025-09-21 17:34:12,035][src.utils.inference_utils][INFO] - Global Rank: 0 wrote 64 rows to /data/mhwang/Rec/GRID/logs/inference/runs/2025-09-21/17-32-52/pickle/predictions_0_20250921T093412030.pkl.
[2025-09-21 17:34:12,242][src.utils.inference_utils][INFO] - Global Rank: 1 wrote 64 rows to /data/mhwang/Rec/GRID/logs/inference/runs/2025-09-21/17-32-52/pickle/predictions_1_20250921T093412238.pkl.
[2025-09-21 17:34:12,870][src.utils.inference_utils][INFO] - Global Rank: 0 wrote 64 rows to /data/mhwang/Rec/GRID/logs/inference/runs/2025-09-21/17-32-52/pickle/predictions_0_20250921T093412866.pkl.
[2025-09-21 17:34:13,063][src.utils.inference_utils][INFO] - Global Rank: 1 wrote 64 rows to /data/mhwang/Rec/GRID/logs/inference/runs/2025-09-21/17-32-52/pickle/predictions_1_20250921T093413058.pkl.
[2025-09-21 17:34:13,691][src.utils.inference_utils][INFO] - Global Rank: 0 wrote 64 rows to /data/mhwang/Rec/GRID/logs/inference/runs/2025-09-21/17-32-52/pickle/predictions_0_20250921T093413686.pkl.
[2025-09-21 17:34:14,139][src.utils.inference_utils][INFO] - Global Rank: 1 wrote 64 rows to /data/mhwang/Rec/GRID/logs/inference/runs/2025-09-21/17-32-52/pickle/predictions_1_20250921T093414135.pkl.
[2025-09-21 17:34:14,492][src.utils.inference_utils][INFO] - Global Rank: 0 wrote 64 rows to /data/mhwang/Rec/GRID/logs/inference/runs/2025-09-21/17-32-52/pickle/predictions_0_20250921T093414486.pkl.
[2025-09-21 17:34:15,078][src.utils.inference_utils][INFO] - Global Rank: 1 wrote 64 rows to /data/mhwang/Rec/GRID/logs/inference/runs/2025-09-21/17-32-52/pickle/predictions_1_20250921T093415073.pkl.
[2025-09-21 17:34:15,252][src.utils.inference_utils][INFO] - Global Rank: 0 wrote 64 rows to /data/mhwang/Rec/GRID/logs/inference/runs/2025-09-21/17-32-52/pickle/predictions_0_20250921T093415247.pkl.
[2025-09-21 17:34:16,078][src.utils.inference_utils][INFO] - Global Rank: 1 wrote 64 rows to /data/mhwang/Rec/GRID/logs/inference/runs/2025-09-21/17-32-52/pickle/predictions_1_20250921T093416073.pkl.
[2025-09-21 17:34:16,159][src.utils.inference_utils][INFO] - Global Rank: 0 wrote 64 rows to /data/mhwang/Rec/GRID/logs/inference/runs/2025-09-21/17-32-52/pickle/predictions_0_20250921T093416153.pkl.
[2025-09-21 17:34:17,098][src.utils.inference_utils][INFO] - Global Rank: 1 wrote 64 rows to /data/mhwang/Rec/GRID/logs/inference/runs/2025-09-21/17-32-52/pickle/predictions_1_20250921T093417093.pkl.
[2025-09-21 17:34:17,139][src.utils.inference_utils][INFO] - Global Rank: 0 wrote 64 rows to /data/mhwang/Rec/GRID/logs/inference/runs/2025-09-21/17-32-52/pickle/predictions_0_20250921T093417134.pkl.
[2025-09-21 17:34:17,954][src.utils.inference_utils][INFO] - Global Rank: 0 wrote 64 rows to /data/mhwang/Rec/GRID/logs/inference/runs/2025-09-21/17-32-52/pickle/predictions_0_20250921T093417949.pkl.
[2025-09-21 17:34:18,228][src.utils.inference_utils][INFO] - Global Rank: 1 wrote 64 rows to /data/mhwang/Rec/GRID/logs/inference/runs/2025-09-21/17-32-52/pickle/predictions_1_20250921T093418223.pkl.
[2025-09-21 17:34:18,679][src.utils.inference_utils][INFO] - Global Rank: 0 wrote 64 rows to /data/mhwang/Rec/GRID/logs/inference/runs/2025-09-21/17-32-52/pickle/predictions_0_20250921T093418673.pkl.
[2025-09-21 17:34:19,340][src.utils.inference_utils][INFO] - Global Rank: 1 wrote 64 rows to /data/mhwang/Rec/GRID/logs/inference/runs/2025-09-21/17-32-52/pickle/predictions_1_20250921T093419335.pkl.
[2025-09-21 17:34:19,446][src.utils.inference_utils][INFO] - Global Rank: 0 wrote 64 rows to /data/mhwang/Rec/GRID/logs/inference/runs/2025-09-21/17-32-52/pickle/predictions_0_20250921T093419440.pkl.
[2025-09-21 17:34:20,233][src.utils.inference_utils][INFO] - Global Rank: 0 wrote 64 rows to /data/mhwang/Rec/GRID/logs/inference/runs/2025-09-21/17-32-52/pickle/predictions_0_20250921T093420228.pkl.
[2025-09-21 17:34:20,278][src.utils.inference_utils][INFO] - Global Rank: 1 wrote 64 rows to /data/mhwang/Rec/GRID/logs/inference/runs/2025-09-21/17-32-52/pickle/predictions_1_20250921T093420272.pkl.
[2025-09-21 17:34:21,101][src.utils.inference_utils][INFO] - Global Rank: 0 wrote 64 rows to /data/mhwang/Rec/GRID/logs/inference/runs/2025-09-21/17-32-52/pickle/predictions_0_20250921T093421096.pkl.
[2025-09-21 17:34:21,151][src.utils.inference_utils][INFO] - Global Rank: 1 wrote 64 rows to /data/mhwang/Rec/GRID/logs/inference/runs/2025-09-21/17-32-52/pickle/predictions_1_20250921T093421147.pkl.
[2025-09-21 17:34:21,918][src.utils.inference_utils][INFO] - Global Rank: 1 wrote 64 rows to /data/mhwang/Rec/GRID/logs/inference/runs/2025-09-21/17-32-52/pickle/predictions_1_20250921T093421912.pkl.
[2025-09-21 17:34:21,995][src.utils.inference_utils][INFO] - Global Rank: 0 wrote 64 rows to /data/mhwang/Rec/GRID/logs/inference/runs/2025-09-21/17-32-52/pickle/predictions_0_20250921T093421989.pkl.
[2025-09-21 17:34:22,613][src.utils.inference_utils][INFO] - Global Rank: 1 wrote 64 rows to /data/mhwang/Rec/GRID/logs/inference/runs/2025-09-21/17-32-52/pickle/predictions_1_20250921T093422606.pkl.
[2025-09-21 17:34:22,804][src.utils.inference_utils][INFO] - Global Rank: 0 wrote 64 rows to /data/mhwang/Rec/GRID/logs/inference/runs/2025-09-21/17-32-52/pickle/predictions_0_20250921T093422798.pkl.
[2025-09-21 17:34:23,404][src.utils.inference_utils][INFO] - Global Rank: 1 wrote 64 rows to /data/mhwang/Rec/GRID/logs/inference/runs/2025-09-21/17-32-52/pickle/predictions_1_20250921T093423397.pkl.
[2025-09-21 17:34:23,687][src.utils.inference_utils][INFO] - Global Rank: 0 wrote 64 rows to /data/mhwang/Rec/GRID/logs/inference/runs/2025-09-21/17-32-52/pickle/predictions_0_20250921T093423681.pkl.
[2025-09-21 17:34:24,484][src.utils.inference_utils][INFO] - Global Rank: 1 wrote 64 rows to /data/mhwang/Rec/GRID/logs/inference/runs/2025-09-21/17-32-52/pickle/predictions_1_20250921T093424480.pkl.
[2025-09-21 17:34:24,514][src.utils.inference_utils][INFO] - Global Rank: 0 wrote 64 rows to /data/mhwang/Rec/GRID/logs/inference/runs/2025-09-21/17-32-52/pickle/predictions_0_20250921T093424503.pkl.
[2025-09-21 17:34:25,211][src.utils.inference_utils][INFO] - Global Rank: 0 wrote 64 rows to /data/mhwang/Rec/GRID/logs/inference/runs/2025-09-21/17-32-52/pickle/predictions_0_20250921T093425207.pkl.
[2025-09-21 17:34:25,512][src.utils.inference_utils][INFO] - Global Rank: 1 wrote 64 rows to /data/mhwang/Rec/GRID/logs/inference/runs/2025-09-21/17-32-52/pickle/predictions_1_20250921T093425507.pkl.
[2025-09-21 17:34:25,837][src.utils.inference_utils][INFO] - Global Rank: 0 wrote 64 rows to /data/mhwang/Rec/GRID/logs/inference/runs/2025-09-21/17-32-52/pickle/predictions_0_20250921T093425831.pkl.
[2025-09-21 17:34:26,490][src.utils.inference_utils][INFO] - Global Rank: 1 wrote 64 rows to /data/mhwang/Rec/GRID/logs/inference/runs/2025-09-21/17-32-52/pickle/predictions_1_20250921T093426485.pkl.
[2025-09-21 17:34:26,506][src.utils.inference_utils][INFO] - Global Rank: 0 wrote 64 rows to /data/mhwang/Rec/GRID/logs/inference/runs/2025-09-21/17-32-52/pickle/predictions_0_20250921T093426500.pkl.
[2025-09-21 17:34:27,135][src.utils.inference_utils][INFO] - Global Rank: 0 wrote 64 rows to /data/mhwang/Rec/GRID/logs/inference/runs/2025-09-21/17-32-52/pickle/predictions_0_20250921T093427130.pkl.
[2025-09-21 17:34:27,253][src.utils.inference_utils][INFO] - Global Rank: 1 wrote 64 rows to /data/mhwang/Rec/GRID/logs/inference/runs/2025-09-21/17-32-52/pickle/predictions_1_20250921T093427248.pkl.
[2025-09-21 17:34:27,754][src.utils.inference_utils][INFO] - Global Rank: 0 wrote 64 rows to /data/mhwang/Rec/GRID/logs/inference/runs/2025-09-21/17-32-52/pickle/predictions_0_20250921T093427749.pkl.
[2025-09-21 17:34:28,110][src.utils.inference_utils][INFO] - Global Rank: 1 wrote 64 rows to /data/mhwang/Rec/GRID/logs/inference/runs/2025-09-21/17-32-52/pickle/predictions_1_20250921T093428106.pkl.
[2025-09-21 17:34:28,375][src.utils.inference_utils][INFO] - Global Rank: 0 wrote 64 rows to /data/mhwang/Rec/GRID/logs/inference/runs/2025-09-21/17-32-52/pickle/predictions_0_20250921T093428369.pkl.
[2025-09-21 17:34:28,979][src.utils.inference_utils][INFO] - Global Rank: 1 wrote 64 rows to /data/mhwang/Rec/GRID/logs/inference/runs/2025-09-21/17-32-52/pickle/predictions_1_20250921T093428974.pkl.
[2025-09-21 17:34:29,236][src.utils.inference_utils][INFO] - Global Rank: 0 wrote 64 rows to /data/mhwang/Rec/GRID/logs/inference/runs/2025-09-21/17-32-52/pickle/predictions_0_20250921T093429231.pkl.
[2025-09-21 17:34:29,842][src.utils.inference_utils][INFO] - Global Rank: 1 wrote 64 rows to /data/mhwang/Rec/GRID/logs/inference/runs/2025-09-21/17-32-52/pickle/predictions_1_20250921T093429837.pkl.
[2025-09-21 17:34:30,080][src.utils.inference_utils][INFO] - Global Rank: 0 wrote 64 rows to /data/mhwang/Rec/GRID/logs/inference/runs/2025-09-21/17-32-52/pickle/predictions_0_20250921T093430075.pkl.
[2025-09-21 17:34:30,692][src.utils.inference_utils][INFO] - Global Rank: 1 wrote 64 rows to /data/mhwang/Rec/GRID/logs/inference/runs/2025-09-21/17-32-52/pickle/predictions_1_20250921T093430687.pkl.
[2025-09-21 17:34:30,853][src.utils.inference_utils][INFO] - Global Rank: 0 wrote 64 rows to /data/mhwang/Rec/GRID/logs/inference/runs/2025-09-21/17-32-52/pickle/predictions_0_20250921T093430846.pkl.
[2025-09-21 17:34:31,607][src.utils.inference_utils][INFO] - Global Rank: 1 wrote 64 rows to /data/mhwang/Rec/GRID/logs/inference/runs/2025-09-21/17-32-52/pickle/predictions_1_20250921T093431603.pkl.
[2025-09-21 17:34:31,610][src.utils.inference_utils][INFO] - Global Rank: 0 wrote 64 rows to /data/mhwang/Rec/GRID/logs/inference/runs/2025-09-21/17-32-52/pickle/predictions_0_20250921T093431603.pkl.
[2025-09-21 17:34:32,172][src.utils.inference_utils][INFO] - Global Rank: 0 wrote 64 rows to /data/mhwang/Rec/GRID/logs/inference/runs/2025-09-21/17-32-52/pickle/predictions_0_20250921T093432167.pkl.
[2025-09-21 17:34:32,612][src.utils.inference_utils][INFO] - Global Rank: 1 wrote 64 rows to /data/mhwang/Rec/GRID/logs/inference/runs/2025-09-21/17-32-52/pickle/predictions_1_20250921T093432607.pkl.
[2025-09-21 17:34:32,942][src.utils.inference_utils][INFO] - Global Rank: 0 wrote 64 rows to /data/mhwang/Rec/GRID/logs/inference/runs/2025-09-21/17-32-52/pickle/predictions_0_20250921T093432938.pkl.
[2025-09-21 17:34:33,603][src.utils.inference_utils][INFO] - Global Rank: 1 wrote 64 rows to /data/mhwang/Rec/GRID/logs/inference/runs/2025-09-21/17-32-52/pickle/predictions_1_20250921T093433599.pkl.
[2025-09-21 17:34:33,926][src.utils.inference_utils][INFO] - Global Rank: 0 wrote 64 rows to /data/mhwang/Rec/GRID/logs/inference/runs/2025-09-21/17-32-52/pickle/predictions_0_20250921T093433921.pkl.
[2025-09-21 17:34:34,564][src.utils.inference_utils][INFO] - Global Rank: 1 wrote 64 rows to /data/mhwang/Rec/GRID/logs/inference/runs/2025-09-21/17-32-52/pickle/predictions_1_20250921T093434560.pkl.
[2025-09-21 17:34:34,966][src.utils.inference_utils][INFO] - Global Rank: 0 wrote 64 rows to /data/mhwang/Rec/GRID/logs/inference/runs/2025-09-21/17-32-52/pickle/predictions_0_20250921T093434962.pkl.
[2025-09-21 17:34:35,304][src.utils.inference_utils][INFO] - Global Rank: 1 wrote 64 rows to /data/mhwang/Rec/GRID/logs/inference/runs/2025-09-21/17-32-52/pickle/predictions_1_20250921T093435300.pkl.
[2025-09-21 17:34:35,948][src.utils.inference_utils][INFO] - Global Rank: 0 wrote 64 rows to /data/mhwang/Rec/GRID/logs/inference/runs/2025-09-21/17-32-52/pickle/predictions_0_20250921T093435943.pkl.
[2025-09-21 17:34:36,048][src.utils.inference_utils][INFO] - Global Rank: 1 wrote 64 rows to /data/mhwang/Rec/GRID/logs/inference/runs/2025-09-21/17-32-52/pickle/predictions_1_20250921T093436044.pkl.
[2025-09-21 17:34:36,830][src.utils.inference_utils][INFO] - Global Rank: 0 wrote 64 rows to /data/mhwang/Rec/GRID/logs/inference/runs/2025-09-21/17-32-52/pickle/predictions_0_20250921T093436824.pkl.
[2025-09-21 17:34:37,048][src.utils.inference_utils][INFO] - Global Rank: 1 wrote 64 rows to /data/mhwang/Rec/GRID/logs/inference/runs/2025-09-21/17-32-52/pickle/predictions_1_20250921T093437042.pkl.
[2025-09-21 17:34:37,622][src.utils.inference_utils][INFO] - Global Rank: 0 wrote 64 rows to /data/mhwang/Rec/GRID/logs/inference/runs/2025-09-21/17-32-52/pickle/predictions_0_20250921T093437618.pkl.
[2025-09-21 17:34:38,115][src.utils.inference_utils][INFO] - Global Rank: 1 wrote 64 rows to /data/mhwang/Rec/GRID/logs/inference/runs/2025-09-21/17-32-52/pickle/predictions_1_20250921T093438111.pkl.
[2025-09-21 17:34:38,376][src.utils.inference_utils][INFO] - Global Rank: 0 wrote 64 rows to /data/mhwang/Rec/GRID/logs/inference/runs/2025-09-21/17-32-52/pickle/predictions_0_20250921T093438372.pkl.
[2025-09-21 17:34:39,054][src.utils.inference_utils][INFO] - Global Rank: 0 wrote 64 rows to /data/mhwang/Rec/GRID/logs/inference/runs/2025-09-21/17-32-52/pickle/predictions_0_20250921T093439049.pkl.
[2025-09-21 17:34:39,144][src.utils.inference_utils][INFO] - Global Rank: 1 wrote 64 rows to /data/mhwang/Rec/GRID/logs/inference/runs/2025-09-21/17-32-52/pickle/predictions_1_20250921T093439140.pkl.
[2025-09-21 17:34:39,918][src.utils.inference_utils][INFO] - Global Rank: 0 wrote 64 rows to /data/mhwang/Rec/GRID/logs/inference/runs/2025-09-21/17-32-52/pickle/predictions_0_20250921T093439914.pkl.
[2025-09-21 17:34:40,097][src.utils.inference_utils][INFO] - Global Rank: 1 wrote 64 rows to /data/mhwang/Rec/GRID/logs/inference/runs/2025-09-21/17-32-52/pickle/predictions_1_20250921T093440093.pkl.
[2025-09-21 17:34:40,843][src.utils.inference_utils][INFO] - Global Rank: 0 wrote 64 rows to /data/mhwang/Rec/GRID/logs/inference/runs/2025-09-21/17-32-52/pickle/predictions_0_20250921T093440837.pkl.
[2025-09-21 17:34:41,122][src.utils.inference_utils][INFO] - Global Rank: 1 wrote 64 rows to /data/mhwang/Rec/GRID/logs/inference/runs/2025-09-21/17-32-52/pickle/predictions_1_20250921T093441116.pkl.
[2025-09-21 17:34:41,639][src.utils.inference_utils][INFO] - Global Rank: 0 wrote 64 rows to /data/mhwang/Rec/GRID/logs/inference/runs/2025-09-21/17-32-52/pickle/predictions_0_20250921T093441633.pkl.
[2025-09-21 17:34:42,102][src.utils.inference_utils][INFO] - Global Rank: 1 wrote 64 rows to /data/mhwang/Rec/GRID/logs/inference/runs/2025-09-21/17-32-52/pickle/predictions_1_20250921T093442098.pkl.
[2025-09-21 17:34:42,439][src.utils.inference_utils][INFO] - Global Rank: 0 wrote 64 rows to /data/mhwang/Rec/GRID/logs/inference/runs/2025-09-21/17-32-52/pickle/predictions_0_20250921T093442433.pkl.
[2025-09-21 17:34:43,014][src.utils.inference_utils][INFO] - Global Rank: 1 wrote 64 rows to /data/mhwang/Rec/GRID/logs/inference/runs/2025-09-21/17-32-52/pickle/predictions_1_20250921T093443010.pkl.
[2025-09-21 17:34:43,302][src.utils.inference_utils][INFO] - Global Rank: 0 wrote 64 rows to /data/mhwang/Rec/GRID/logs/inference/runs/2025-09-21/17-32-52/pickle/predictions_0_20250921T093443297.pkl.
[2025-09-21 17:34:43,854][src.utils.inference_utils][INFO] - Global Rank: 1 wrote 64 rows to /data/mhwang/Rec/GRID/logs/inference/runs/2025-09-21/17-32-52/pickle/predictions_1_20250921T093443849.pkl.
[2025-09-21 17:34:44,312][src.utils.inference_utils][INFO] - Global Rank: 0 wrote 64 rows to /data/mhwang/Rec/GRID/logs/inference/runs/2025-09-21/17-32-52/pickle/predictions_0_20250921T093444307.pkl.
[2025-09-21 17:34:44,539][src.utils.inference_utils][INFO] - Global Rank: 1 wrote 64 rows to /data/mhwang/Rec/GRID/logs/inference/runs/2025-09-21/17-32-52/pickle/predictions_1_20250921T093444535.pkl.
[2025-09-21 17:34:45,299][src.utils.inference_utils][INFO] - Global Rank: 0 wrote 64 rows to /data/mhwang/Rec/GRID/logs/inference/runs/2025-09-21/17-32-52/pickle/predictions_0_20250921T093445294.pkl.
[2025-09-21 17:34:45,302][src.utils.inference_utils][INFO] - Global Rank: 0 wrote 5 rows to /data/mhwang/Rec/GRID/logs/inference/runs/2025-09-21/17-32-52/pickle/predictions_0_20250921T093445302.pkl.
[2025-09-21 17:34:45,303][src.utils.inference_utils][INFO] - Rank 0 finished writing predictions.
[2025-09-21 17:34:45,428][src.utils.inference_utils][INFO] - Global Rank: 1 wrote 64 rows to /data/mhwang/Rec/GRID/logs/inference/runs/2025-09-21/17-32-52/pickle/predictions_1_20250921T093445424.pkl.
[2025-09-21 17:34:46,516][src.utils.inference_utils][INFO] - Global Rank: 1 wrote 64 rows to /data/mhwang/Rec/GRID/logs/inference/runs/2025-09-21/17-32-52/pickle/predictions_1_20250921T093446510.pkl.
[2025-09-21 17:34:47,451][src.utils.inference_utils][INFO] - Global Rank: 1 wrote 64 rows to /data/mhwang/Rec/GRID/logs/inference/runs/2025-09-21/17-32-52/pickle/predictions_1_20250921T093447446.pkl.
[2025-09-21 17:34:48,444][src.utils.inference_utils][INFO] - Global Rank: 1 wrote 64 rows to /data/mhwang/Rec/GRID/logs/inference/runs/2025-09-21/17-32-52/pickle/predictions_1_20250921T093448439.pkl.
[2025-09-21 17:34:49,503][src.utils.inference_utils][INFO] - Global Rank: 1 wrote 64 rows to /data/mhwang/Rec/GRID/logs/inference/runs/2025-09-21/17-32-52/pickle/predictions_1_20250921T093449498.pkl.
[2025-09-21 17:34:50,476][src.utils.inference_utils][INFO] - Global Rank: 1 wrote 64 rows to /data/mhwang/Rec/GRID/logs/inference/runs/2025-09-21/17-32-52/pickle/predictions_1_20250921T093450472.pkl.
[2025-09-21 17:34:51,122][src.utils.inference_utils][INFO] - Global Rank: 1 wrote 64 rows to /data/mhwang/Rec/GRID/logs/inference/runs/2025-09-21/17-32-52/pickle/predictions_1_20250921T093451116.pkl.
[2025-09-21 17:34:51,986][src.utils.inference_utils][INFO] - Global Rank: 1 wrote 64 rows to /data/mhwang/Rec/GRID/logs/inference/runs/2025-09-21/17-32-52/pickle/predictions_1_20250921T093451981.pkl.
[2025-09-21 17:34:53,081][src.utils.inference_utils][INFO] - Global Rank: 1 wrote 64 rows to /data/mhwang/Rec/GRID/logs/inference/runs/2025-09-21/17-32-52/pickle/predictions_1_20250921T093453075.pkl.
[2025-09-21 17:34:54,101][src.utils.inference_utils][INFO] - Global Rank: 1 wrote 64 rows to /data/mhwang/Rec/GRID/logs/inference/runs/2025-09-21/17-32-52/pickle/predictions_1_20250921T093454097.pkl.
[2025-09-21 17:34:55,113][src.utils.inference_utils][INFO] - Global Rank: 1 wrote 64 rows to /data/mhwang/Rec/GRID/logs/inference/runs/2025-09-21/17-32-52/pickle/predictions_1_20250921T093455109.pkl.
[2025-09-21 17:34:56,196][src.utils.inference_utils][INFO] - Global Rank: 1 wrote 64 rows to /data/mhwang/Rec/GRID/logs/inference/runs/2025-09-21/17-32-52/pickle/predictions_1_20250921T093456190.pkl.
[2025-09-21 17:34:56,199][src.utils.inference_utils][INFO] - Buffer is empty, nothing to flush.
[2025-09-21 17:34:56,199][src.utils.inference_utils][INFO] - Rank 1 finished writing predictions.
[2025-09-21 17:34:56,205][src.utils.inference_utils][INFO] - Merging pickle files on main process.
[2025-09-21 17:34:59,392][src.utils.inference_utils][INFO] - Merged 12101 rows into merged_predictions.pkl.
[2025-09-21 17:35:02,258][src.utils.inference_utils][INFO] - Merged 12101 rows into merged_predictions_tensor.pt. as pytorch tensor
