[2025-11-13 23:37:24,250][src.utils.utils][INFO] - [rank: 0] Enforcing tags! <cfg.extras.enforce_tags=True>
[2025-11-13 23:37:24,258][src.utils.utils][WARNING] - [rank: 0] Config loss was not found in the config tree. Make sure this is expected.
[2025-11-13 23:37:24,258][src.utils.utils][WARNING] - [rank: 0] Config optim was not found in the config tree. Make sure this is expected.
[2025-11-13 23:37:24,259][src.utils.utils][WARNING] - [rank: 0] Config eval was not found in the config tree. Make sure this is expected.
[2025-11-13 23:37:27,259][src.utils.utils][INFO] - [rank: 0] Printing config tree with Rich! <cfg.extras.print_config=True>
[2025-11-13 23:37:27,263][src.utils.launcher_utils][INFO] - [rank: 0] Instantiating datamodule <src.data.loading.datamodules.sequence_datamodule.ItemDataModule>
[2025-11-13 23:37:27,546][src.utils.launcher_utils][INFO] - [rank: 0] Instantiating model <src.modules.clustering.residual_quantization.ResidualQuantization>
[2025-11-13 23:37:27,917][root][INFO] - Device cpu: Verbose mode enabled
[2025-11-13 23:37:27,953][root][INFO] - Device cpu: Using custom training loop function
[2025-11-13 23:37:27,963][src.utils.launcher_utils][INFO] - [rank: 0] Instantiating callbacks...
[2025-11-13 23:37:27,964][src.utils.instantiators][INFO] - [rank: 0] Instantiating callback <src.utils.inference_utils.LocalPickleWriter>
[2025-11-13 23:37:28,221][src.utils.launcher_utils][INFO] - [rank: 0] Instantiating loggers...
[2025-11-13 23:37:28,222][src.utils.instantiators][INFO] - [rank: 0] Instantiating logger <lightning.pytorch.loggers.csv_logs.CSVLogger>
[2025-11-13 23:37:28,225][src.utils.launcher_utils][INFO] - [rank: 0] Instantiating trainer <lightning.pytorch.trainer.Trainer>
[2025-11-13 23:37:28,310][pytorch_lightning.utilities.rank_zero][INFO] - Using bfloat16 Automatic Mixed Precision (AMP)
[2025-11-13 23:37:28,348][pytorch_lightning.utilities.rank_zero][INFO] - GPU available: True (cuda), used: True
[2025-11-13 23:37:28,349][pytorch_lightning.utilities.rank_zero][INFO] - TPU available: False, using: 0 TPU cores
[2025-11-13 23:37:28,350][pytorch_lightning.utilities.rank_zero][INFO] - HPU available: False, using: 0 HPUs
[2025-11-13 23:37:28,351][src.utils.launcher_utils][INFO] - [rank: 0] Logging hyperparameters!
[2025-11-13 23:37:28,600][__main__][INFO] - [rank: 0] Starting inference!
[2025-11-13 23:37:28,746][pytorch_lightning.utilities.rank_zero][INFO] - You are using a CUDA device ('NVIDIA A800 80GB PCIe') that has Tensor Cores. To properly utilize them, you should set `torch.set_float32_matmul_precision('medium' | 'high')` which will trade-off precision for performance. For more details, read https://pytorch.org/docs/stable/generated/torch.set_float32_matmul_precision.html#torch.set_float32_matmul_precision
[2025-11-13 23:37:48,626][root][INFO] - Device cpu: Verbose mode enabled
[2025-11-13 23:37:48,742][root][INFO] - Device cpu: Using custom training loop function
[2025-11-13 23:37:48,846][root][INFO] - Device cpu: Verbose mode enabled
[2025-11-13 23:37:48,899][root][INFO] - Device cpu: Using custom training loop function
[2025-11-13 23:37:50,386][root][INFO] - Device cpu: Verbose mode enabled
[2025-11-13 23:37:50,461][root][INFO] - Device cpu: Using custom training loop function
[2025-11-13 23:37:51,087][pytorch_lightning.utilities.rank_zero][INFO] - ----------------------------------------------------------------------------------------------------
distributed_backend=nccl
All distributed processes registered. Starting with 4 processes
----------------------------------------------------------------------------------------------------

[2025-11-13 23:37:54,767][src.utils.inference_utils][INFO] - Rank 1 initialized for inference.
[2025-11-13 23:37:54,769][src.utils.inference_utils][INFO] - Rank 0 initialized for inference.
[2025-11-13 23:37:54,769][src.utils.inference_utils][INFO] - Rank 2 initialized for inference.
[2025-11-13 23:37:54,770][src.utils.inference_utils][INFO] - Rank 3 initialized for inference.
[2025-11-13 23:37:54,780][pytorch_lightning.utilities.rank_zero][INFO] - Restoring states from the checkpoint path at /data/mhwang/Rec/GRID/logs/train/runs/2025-11-13/22-45-12/checkpoints/checkpoint_000_000030.ckpt
[2025-11-13 23:37:55,850][pytorch_lightning.utilities.rank_zero][INFO] - Loaded model weights from the checkpoint at /data/mhwang/Rec/GRID/logs/train/runs/2025-11-13/22-45-12/checkpoints/checkpoint_000_000030.ckpt
