[2025-11-03 02:44:03,030][src.utils.utils][INFO] - [rank: 0] Enforcing tags! <cfg.extras.enforce_tags=True>
[2025-11-03 02:44:03,037][src.utils.utils][INFO] - [rank: 0] Printing config tree with Rich! <cfg.extras.print_config=True>
[2025-11-03 02:44:03,038][src.utils.restart_job][INFO] - [rank: 0] should_skip_retry set to True. Skipping retry logic.
[2025-11-03 02:44:03,042][src.utils.launcher_utils][INFO] - [rank: 0] Instantiating datamodule <src.data.loading.datamodules.sequence_datamodule.SequenceDataModule>
[2025-11-03 02:44:03,133][src.utils.launcher_utils][INFO] - [rank: 0] Instantiating model <src.models.modules.semantic_id.tiger_generation_model.SemanticIDEncoderDecoder>
[2025-11-03 02:44:03,377][src.models.modules.semantic_id.tiger_generation_model][INFO] - [rank: 0] i am here
[2025-11-03 02:44:03,718][src.utils.launcher_utils][INFO] - [rank: 0] Instantiating callbacks...
[2025-11-03 02:44:03,719][src.utils.instantiators][INFO] - [rank: 0] Instantiating callback <lightning.pytorch.callbacks.ModelCheckpoint>
[2025-11-03 02:44:03,723][src.utils.instantiators][INFO] - [rank: 0] Instantiating callback <lightning.pytorch.callbacks.EarlyStopping>
[2025-11-03 02:44:03,726][src.utils.instantiators][INFO] - [rank: 0] Instantiating callback <lightning.pytorch.callbacks.RichModelSummary>
[2025-11-03 02:44:03,727][src.utils.instantiators][INFO] - [rank: 0] Instantiating callback <src.utils.restart_job.RestartAndLoadCheckpointCallback>
[2025-11-03 02:44:03,730][src.utils.restart_job_utils][INFO] - [rank: 0] Trying to load metadata from /data/mhwang/Rec/GRID/logs/train/runs/2025-11-03/02-44-02/metadata/restart_metadata.json
[2025-11-03 02:44:03,731][src.utils.restart_job_utils][WARNING] - [rank: 0] Metadata file not found at /data/mhwang/Rec/GRID/logs/train/runs/2025-11-03/02-44-02/metadata/restart_metadata.json. Creating empty metadata.
[2025-11-03 02:44:03,731][src.utils.restart_job_utils][INFO] - [rank: 0] Saving metadata to /data/mhwang/Rec/GRID/logs/train/runs/2025-11-03/02-44-02/metadata/restart_metadata.json. {'start_time': '2025-11-03T02:44:03.731247', 'restarts': [], 'current_run': 0, 'used_ports': [], 'world_size': 0, 'node_rank': 0, 'master_addr': '', 'original_args': ['/data/mhwang/Rec/GRID/src/train.py', 'experiment=tiger_train_flat', 'data_dir=/data/mhwang/Rec/GRID/amazon_data/toys', 'semantic_id_path=/data/mhwang/Rec/GRID/logs/inference/runs/2025-09-22/10-05-01/pickle/merged_predictions_tensor.pt', 'num_hierarchies=4', '++should_skip_retry=True']}
[2025-11-03 02:44:03,731][src.utils.launcher_utils][INFO] - [rank: 0] Instantiating loggers...
[2025-11-03 02:44:03,732][src.utils.instantiators][INFO] - [rank: 0] Instantiating logger <lightning.pytorch.loggers.csv_logs.CSVLogger>
[2025-11-03 02:44:03,734][src.utils.launcher_utils][INFO] - [rank: 0] Instantiating trainer <lightning.pytorch.trainer.Trainer>
[2025-11-03 02:44:03,737][src.utils.restart_job_utils][INFO] - [rank: 0] Trying to load metadata from /data/mhwang/Rec/GRID/logs/train/runs/2025-11-03/02-44-02/metadata/restart_metadata.json
[2025-11-03 02:44:03,737][src.utils.restart_job_utils][INFO] - [rank: 0] Metadata loaded successfully from /data/mhwang/Rec/GRID/logs/train/runs/2025-11-03/02-44-02/metadata/restart_metadata.json
[2025-11-03 02:44:03,737][src.utils.restart_job_utils][INFO] - [rank: 0] Retrieved current_run: 0 from metadata /data/mhwang/Rec/GRID/logs/train/runs/2025-11-03/02-44-02/metadata/restart_metadata.json
[2025-11-03 02:44:03,847][src.utils.launcher_utils][INFO] - [rank: 0] Logging hyperparameters!
[2025-11-03 02:44:04,166][__main__][INFO] - [rank: 0] Starting training!
[2025-11-03 02:44:07,070][src.utils.restart_job_utils][INFO] - [rank: 0] Saving metadata to /data/mhwang/Rec/GRID/logs/train/runs/2025-11-03/02-44-02/metadata/restart_metadata.json. {'start_time': '2025-11-03T02:44:03.731247', 'restarts': [], 'current_run': 0, 'used_ports': ['45407'], 'world_size': 1, 'node_rank': 0, 'master_addr': '127.0.0.1', 'original_args': ['/data/mhwang/Rec/GRID/src/train.py', 'experiment=tiger_train_flat', 'data_dir=/data/mhwang/Rec/GRID/amazon_data/toys', 'semantic_id_path=/data/mhwang/Rec/GRID/logs/inference/runs/2025-09-22/10-05-01/pickle/merged_predictions_tensor.pt', 'num_hierarchies=4', '++should_skip_retry=True']}
[2025-11-03 17:58:03,977][__main__][INFO] - [rank: 0] Starting testing!
[2025-11-03 18:02:18,085][__main__][INFO] - [rank: 0] Best ckpt path: /data/mhwang/Rec/GRID/logs/train/runs/2025-11-03/02-44-02/checkpoints/checkpoint_epoch=000_step=007800.ckpt
[2025-11-03 18:02:18,092][__main__][INFO] - [rank: 0] Metrics: {'train/loss': tensor(7.8344), 'train/loss_step': tensor(6.1490), 'val/loss': tensor(10.2616), 'val/ndcg@5': tensor(0.0323), 'val/ndcg@10': tensor(0.0384), 'val/recall@5': tensor(0.0462), 'val/recall@10': tensor(0.0650), 'train/loss_epoch': tensor(7.8344), 'test/loss': tensor(10.7133), 'test/ndcg@5': tensor(0.0242), 'test/ndcg@10': tensor(0.0290), 'test/recall@5': tensor(0.0350), 'test/recall@10': tensor(0.0498)}
