[2025-09-17 21:57:54,260][src.utils.utils][INFO] - [rank: 0] Enforcing tags! <cfg.extras.enforce_tags=True>
[2025-09-17 21:57:54,267][src.utils.utils][WARNING] - [rank: 0] Config loss was not found in the config tree. Make sure this is expected.
[2025-09-17 21:57:54,267][src.utils.utils][WARNING] - [rank: 0] Config optim was not found in the config tree. Make sure this is expected.
[2025-09-17 21:57:54,267][src.utils.utils][WARNING] - [rank: 0] Config eval was not found in the config tree. Make sure this is expected.
[2025-09-17 21:57:57,268][src.utils.utils][INFO] - [rank: 0] Printing config tree with Rich! <cfg.extras.print_config=True>
[2025-09-17 21:57:57,274][src.utils.launcher_utils][INFO] - [rank: 0] Instantiating datamodule <src.data.loading.datamodules.sequence_datamodule.ItemDataModule>
[2025-09-17 21:57:57,445][src.utils.launcher_utils][INFO] - [rank: 0] Instantiating model <src.modules.clustering.residual_quantization.ResidualQuantization>
[2025-09-17 21:57:57,578][root][INFO] - Device cpu: Verbose mode enabled
[2025-09-17 21:57:57,582][root][INFO] - Device cpu: Using custom training loop function
[2025-09-17 21:57:57,590][src.utils.launcher_utils][INFO] - [rank: 0] Instantiating callbacks...
[2025-09-17 21:57:57,591][src.utils.instantiators][INFO] - [rank: 0] Instantiating callback <src.utils.inference_utils.LocalPickleWriter>
[2025-09-17 21:57:57,724][src.utils.launcher_utils][INFO] - [rank: 0] Instantiating loggers...
[2025-09-17 21:57:57,725][src.utils.instantiators][INFO] - [rank: 0] Instantiating logger <lightning.pytorch.loggers.csv_logs.CSVLogger>
[2025-09-17 21:57:57,726][src.utils.launcher_utils][INFO] - [rank: 0] Instantiating trainer <lightning.pytorch.trainer.Trainer>
[2025-09-17 21:57:57,777][pytorch_lightning.utilities.rank_zero][INFO] - Using bfloat16 Automatic Mixed Precision (AMP)
[2025-09-17 21:57:57,811][pytorch_lightning.utilities.rank_zero][INFO] - GPU available: True (cuda), used: True
[2025-09-17 21:57:57,812][pytorch_lightning.utilities.rank_zero][INFO] - TPU available: False, using: 0 TPU cores
[2025-09-17 21:57:57,812][pytorch_lightning.utilities.rank_zero][INFO] - HPU available: False, using: 0 HPUs
[2025-09-17 21:57:57,812][src.utils.launcher_utils][INFO] - [rank: 0] Logging hyperparameters!
[2025-09-17 21:57:57,937][__main__][INFO] - [rank: 0] Starting inference!
[2025-09-17 21:57:58,046][pytorch_lightning.utilities.rank_zero][INFO] - You are using a CUDA device ('NVIDIA A800 80GB PCIe') that has Tensor Cores. To properly utilize them, you should set `torch.set_float32_matmul_precision('medium' | 'high')` which will trade-off precision for performance. For more details, read https://pytorch.org/docs/stable/generated/torch.set_float32_matmul_precision.html#torch.set_float32_matmul_precision
[2025-09-17 21:58:10,035][root][INFO] - Device cpu: Verbose mode enabled
[2025-09-17 21:58:10,044][root][INFO] - Device cpu: Using custom training loop function
[2025-09-17 21:58:10,419][pytorch_lightning.utilities.rank_zero][INFO] - ----------------------------------------------------------------------------------------------------
distributed_backend=nccl
All distributed processes registered. Starting with 2 processes
----------------------------------------------------------------------------------------------------

[2025-09-17 21:58:12,236][src.utils.inference_utils][INFO] - Rank 1 initialized for inference.
[2025-09-17 21:58:12,237][src.utils.inference_utils][INFO] - Rank 0 initialized for inference.
[2025-09-17 21:58:12,239][pytorch_lightning.utilities.rank_zero][INFO] - Restoring states from the checkpoint path at /data/mhwang/Rec/GRID/logs/train/runs/2025-09-17/21-33-47/checkpoints/checkpoint_000_000030.ckpt
[2025-09-17 21:58:12,752][pytorch_lightning.utilities.rank_zero][INFO] - Loaded model weights from the checkpoint at /data/mhwang/Rec/GRID/logs/train/runs/2025-09-17/21-33-47/checkpoints/checkpoint_000_000030.ckpt
[2025-09-17 21:58:20,464][src.utils.inference_utils][INFO] - Global Rank: 0 wrote 6144 rows to /data/mhwang/Rec/GRID/logs/inference/runs/2025-09-17/21-57-54/pickle/predictions_0_20250917T135820458.pkl.
[2025-09-17 21:58:20,466][src.utils.inference_utils][INFO] - Rank 0 finished writing predictions.
[2025-09-17 21:58:20,677][src.utils.inference_utils][INFO] - Global Rank: 1 wrote 5780 rows to /data/mhwang/Rec/GRID/logs/inference/runs/2025-09-17/21-57-54/pickle/predictions_1_20250917T135820672.pkl.
[2025-09-17 21:58:20,679][src.utils.inference_utils][INFO] - Rank 1 finished writing predictions.
[2025-09-17 21:58:20,683][src.utils.inference_utils][INFO] - Merging pickle files on main process.
[2025-09-17 21:58:20,700][src.utils.inference_utils][INFO] - Merged 11924 rows into merged_predictions.pkl.
[2025-09-17 21:58:20,882][src.utils.inference_utils][INFO] - Merged 11924 rows into merged_predictions_tensor.pt. as pytorch tensor
