[2025-09-16 13:02:03,497][src.utils.utils][INFO] - [rank: 0] Enforcing tags! <cfg.extras.enforce_tags=True>
[2025-09-16 13:02:03,505][src.utils.utils][WARNING] - [rank: 0] Config loss was not found in the config tree. Make sure this is expected.
[2025-09-16 13:02:03,506][src.utils.utils][WARNING] - [rank: 0] Config optim was not found in the config tree. Make sure this is expected.
[2025-09-16 13:02:03,506][src.utils.utils][WARNING] - [rank: 0] Config eval was not found in the config tree. Make sure this is expected.
[2025-09-16 13:02:06,507][src.utils.utils][INFO] - [rank: 0] Printing config tree with Rich! <cfg.extras.print_config=True>
[2025-09-16 13:02:06,511][src.utils.launcher_utils][INFO] - [rank: 0] Instantiating datamodule <src.data.loading.datamodules.sequence_datamodule.ItemDataModule>
[2025-09-16 13:02:07,434][src.utils.launcher_utils][INFO] - [rank: 0] Instantiating model <src.modules.semantic_embedding_inference_module.SemanticEmbeddingInferenceModule>
[2025-09-16 13:02:45,867][src.utils.launcher_utils][INFO] - [rank: 0] Instantiating callbacks...
[2025-09-16 13:02:45,867][src.utils.instantiators][INFO] - [rank: 0] Instantiating callback <src.utils.inference_utils.LocalPickleWriter>
[2025-09-16 13:02:46,092][src.utils.launcher_utils][INFO] - [rank: 0] Instantiating loggers...
[2025-09-16 13:02:46,093][src.utils.instantiators][INFO] - [rank: 0] Instantiating logger <lightning.pytorch.loggers.csv_logs.CSVLogger>
[2025-09-16 13:02:46,096][src.utils.launcher_utils][INFO] - [rank: 0] Instantiating trainer <lightning.pytorch.trainer.Trainer>
[2025-09-16 13:02:46,240][src.utils.launcher_utils][INFO] - [rank: 0] Logging hyperparameters!
[2025-09-16 13:02:46,456][__main__][INFO] - [rank: 0] Starting inference!
[2025-09-16 13:02:46,457][__main__][WARNING] - [rank: 0] No ckpt_path was provided. If using a model you trained, this is mandatory. Only leave ckpt_path=None if using a pre-trained model.
[2025-09-16 13:03:45,492][src.utils.inference_utils][INFO] - Rank 0 initialized for inference.
[2025-09-16 13:03:45,492][src.utils.inference_utils][INFO] - Rank 1 initialized for inference.
[2025-09-16 13:03:55,370][src.utils.inference_utils][INFO] - Global Rank: 0 wrote 64 rows to /data/mhwang/Rec/GRID/logs/inference/runs/2025-09-16/13-02-03/pickle/predictions_0_20250916T050355343.pkl.
[2025-09-16 13:03:55,547][src.utils.inference_utils][INFO] - Global Rank: 1 wrote 64 rows to /data/mhwang/Rec/GRID/logs/inference/runs/2025-09-16/13-02-03/pickle/predictions_1_20250916T050355519.pkl.
[2025-09-16 13:03:56,873][src.utils.inference_utils][INFO] - Global Rank: 0 wrote 64 rows to /data/mhwang/Rec/GRID/logs/inference/runs/2025-09-16/13-02-03/pickle/predictions_0_20250916T050356849.pkl.
[2025-09-16 13:03:57,032][src.utils.inference_utils][INFO] - Global Rank: 1 wrote 64 rows to /data/mhwang/Rec/GRID/logs/inference/runs/2025-09-16/13-02-03/pickle/predictions_1_20250916T050357008.pkl.
[2025-09-16 13:03:58,379][src.utils.inference_utils][INFO] - Global Rank: 0 wrote 64 rows to /data/mhwang/Rec/GRID/logs/inference/runs/2025-09-16/13-02-03/pickle/predictions_0_20250916T050358355.pkl.
[2025-09-16 13:03:58,526][src.utils.inference_utils][INFO] - Global Rank: 1 wrote 64 rows to /data/mhwang/Rec/GRID/logs/inference/runs/2025-09-16/13-02-03/pickle/predictions_1_20250916T050358498.pkl.
[2025-09-16 13:03:59,880][src.utils.inference_utils][INFO] - Global Rank: 0 wrote 64 rows to /data/mhwang/Rec/GRID/logs/inference/runs/2025-09-16/13-02-03/pickle/predictions_0_20250916T050359855.pkl.
[2025-09-16 13:04:00,021][src.utils.inference_utils][INFO] - Global Rank: 1 wrote 64 rows to /data/mhwang/Rec/GRID/logs/inference/runs/2025-09-16/13-02-03/pickle/predictions_1_20250916T050359994.pkl.
[2025-09-16 13:04:01,376][src.utils.inference_utils][INFO] - Global Rank: 0 wrote 64 rows to /data/mhwang/Rec/GRID/logs/inference/runs/2025-09-16/13-02-03/pickle/predictions_0_20250916T050401351.pkl.
[2025-09-16 13:04:01,511][src.utils.inference_utils][INFO] - Global Rank: 1 wrote 64 rows to /data/mhwang/Rec/GRID/logs/inference/runs/2025-09-16/13-02-03/pickle/predictions_1_20250916T050401485.pkl.
[2025-09-16 13:04:02,882][src.utils.inference_utils][INFO] - Global Rank: 0 wrote 64 rows to /data/mhwang/Rec/GRID/logs/inference/runs/2025-09-16/13-02-03/pickle/predictions_0_20250916T050402855.pkl.
[2025-09-16 13:04:03,005][src.utils.inference_utils][INFO] - Global Rank: 1 wrote 64 rows to /data/mhwang/Rec/GRID/logs/inference/runs/2025-09-16/13-02-03/pickle/predictions_1_20250916T050402979.pkl.
[2025-09-16 13:04:04,395][src.utils.inference_utils][INFO] - Global Rank: 0 wrote 64 rows to /data/mhwang/Rec/GRID/logs/inference/runs/2025-09-16/13-02-03/pickle/predictions_0_20250916T050404365.pkl.
[2025-09-16 13:04:04,486][src.utils.inference_utils][INFO] - Global Rank: 1 wrote 64 rows to /data/mhwang/Rec/GRID/logs/inference/runs/2025-09-16/13-02-03/pickle/predictions_1_20250916T050404462.pkl.
[2025-09-16 13:04:05,908][src.utils.inference_utils][INFO] - Global Rank: 0 wrote 64 rows to /data/mhwang/Rec/GRID/logs/inference/runs/2025-09-16/13-02-03/pickle/predictions_0_20250916T050405879.pkl.
[2025-09-16 13:04:05,985][src.utils.inference_utils][INFO] - Global Rank: 1 wrote 64 rows to /data/mhwang/Rec/GRID/logs/inference/runs/2025-09-16/13-02-03/pickle/predictions_1_20250916T050405957.pkl.
[2025-09-16 13:04:07,415][src.utils.inference_utils][INFO] - Global Rank: 0 wrote 64 rows to /data/mhwang/Rec/GRID/logs/inference/runs/2025-09-16/13-02-03/pickle/predictions_0_20250916T050407390.pkl.
[2025-09-16 13:04:07,489][src.utils.inference_utils][INFO] - Global Rank: 1 wrote 64 rows to /data/mhwang/Rec/GRID/logs/inference/runs/2025-09-16/13-02-03/pickle/predictions_1_20250916T050407461.pkl.
[2025-09-16 13:04:08,930][src.utils.inference_utils][INFO] - Global Rank: 0 wrote 64 rows to /data/mhwang/Rec/GRID/logs/inference/runs/2025-09-16/13-02-03/pickle/predictions_0_20250916T050408905.pkl.
[2025-09-16 13:04:08,985][src.utils.inference_utils][INFO] - Global Rank: 1 wrote 64 rows to /data/mhwang/Rec/GRID/logs/inference/runs/2025-09-16/13-02-03/pickle/predictions_1_20250916T050408959.pkl.
[2025-09-16 13:04:10,438][src.utils.inference_utils][INFO] - Global Rank: 0 wrote 64 rows to /data/mhwang/Rec/GRID/logs/inference/runs/2025-09-16/13-02-03/pickle/predictions_0_20250916T050410412.pkl.
[2025-09-16 13:04:10,483][src.utils.inference_utils][INFO] - Global Rank: 1 wrote 64 rows to /data/mhwang/Rec/GRID/logs/inference/runs/2025-09-16/13-02-03/pickle/predictions_1_20250916T050410458.pkl.
[2025-09-16 13:04:11,945][src.utils.inference_utils][INFO] - Global Rank: 0 wrote 64 rows to /data/mhwang/Rec/GRID/logs/inference/runs/2025-09-16/13-02-03/pickle/predictions_0_20250916T050411919.pkl.
[2025-09-16 13:04:11,986][src.utils.inference_utils][INFO] - Global Rank: 1 wrote 64 rows to /data/mhwang/Rec/GRID/logs/inference/runs/2025-09-16/13-02-03/pickle/predictions_1_20250916T050411955.pkl.
[2025-09-16 13:04:13,456][src.utils.inference_utils][INFO] - Global Rank: 0 wrote 64 rows to /data/mhwang/Rec/GRID/logs/inference/runs/2025-09-16/13-02-03/pickle/predictions_0_20250916T050413431.pkl.
[2025-09-16 13:04:13,525][src.utils.inference_utils][INFO] - Global Rank: 1 wrote 64 rows to /data/mhwang/Rec/GRID/logs/inference/runs/2025-09-16/13-02-03/pickle/predictions_1_20250916T050413498.pkl.
[2025-09-16 13:04:14,994][src.utils.inference_utils][INFO] - Global Rank: 0 wrote 64 rows to /data/mhwang/Rec/GRID/logs/inference/runs/2025-09-16/13-02-03/pickle/predictions_0_20250916T050414964.pkl.
[2025-09-16 13:04:15,192][src.utils.inference_utils][INFO] - Global Rank: 1 wrote 64 rows to /data/mhwang/Rec/GRID/logs/inference/runs/2025-09-16/13-02-03/pickle/predictions_1_20250916T050415127.pkl.
[2025-09-16 13:04:16,643][src.utils.inference_utils][INFO] - Global Rank: 0 wrote 64 rows to /data/mhwang/Rec/GRID/logs/inference/runs/2025-09-16/13-02-03/pickle/predictions_0_20250916T050416611.pkl.
[2025-09-16 13:04:16,826][src.utils.inference_utils][INFO] - Global Rank: 1 wrote 64 rows to /data/mhwang/Rec/GRID/logs/inference/runs/2025-09-16/13-02-03/pickle/predictions_1_20250916T050416799.pkl.
[2025-09-16 13:04:18,160][src.utils.inference_utils][INFO] - Global Rank: 0 wrote 64 rows to /data/mhwang/Rec/GRID/logs/inference/runs/2025-09-16/13-02-03/pickle/predictions_0_20250916T050418134.pkl.
[2025-09-16 13:04:18,337][src.utils.inference_utils][INFO] - Global Rank: 1 wrote 64 rows to /data/mhwang/Rec/GRID/logs/inference/runs/2025-09-16/13-02-03/pickle/predictions_1_20250916T050418310.pkl.
[2025-09-16 13:04:19,682][src.utils.inference_utils][INFO] - Global Rank: 0 wrote 64 rows to /data/mhwang/Rec/GRID/logs/inference/runs/2025-09-16/13-02-03/pickle/predictions_0_20250916T050419654.pkl.
[2025-09-16 13:04:19,850][src.utils.inference_utils][INFO] - Global Rank: 1 wrote 64 rows to /data/mhwang/Rec/GRID/logs/inference/runs/2025-09-16/13-02-03/pickle/predictions_1_20250916T050419823.pkl.
[2025-09-16 13:04:21,205][src.utils.inference_utils][INFO] - Global Rank: 0 wrote 64 rows to /data/mhwang/Rec/GRID/logs/inference/runs/2025-09-16/13-02-03/pickle/predictions_0_20250916T050421175.pkl.
[2025-09-16 13:04:21,369][src.utils.inference_utils][INFO] - Global Rank: 1 wrote 64 rows to /data/mhwang/Rec/GRID/logs/inference/runs/2025-09-16/13-02-03/pickle/predictions_1_20250916T050421337.pkl.
[2025-09-16 13:04:22,720][src.utils.inference_utils][INFO] - Global Rank: 0 wrote 64 rows to /data/mhwang/Rec/GRID/logs/inference/runs/2025-09-16/13-02-03/pickle/predictions_0_20250916T050422695.pkl.
[2025-09-16 13:04:22,895][src.utils.inference_utils][INFO] - Global Rank: 1 wrote 64 rows to /data/mhwang/Rec/GRID/logs/inference/runs/2025-09-16/13-02-03/pickle/predictions_1_20250916T050422867.pkl.
[2025-09-16 13:04:24,242][src.utils.inference_utils][INFO] - Global Rank: 0 wrote 64 rows to /data/mhwang/Rec/GRID/logs/inference/runs/2025-09-16/13-02-03/pickle/predictions_0_20250916T050424215.pkl.
[2025-09-16 13:04:24,412][src.utils.inference_utils][INFO] - Global Rank: 1 wrote 64 rows to /data/mhwang/Rec/GRID/logs/inference/runs/2025-09-16/13-02-03/pickle/predictions_1_20250916T050424383.pkl.
[2025-09-16 13:04:25,762][src.utils.inference_utils][INFO] - Global Rank: 0 wrote 64 rows to /data/mhwang/Rec/GRID/logs/inference/runs/2025-09-16/13-02-03/pickle/predictions_0_20250916T050425731.pkl.
[2025-09-16 13:04:25,926][src.utils.inference_utils][INFO] - Global Rank: 1 wrote 64 rows to /data/mhwang/Rec/GRID/logs/inference/runs/2025-09-16/13-02-03/pickle/predictions_1_20250916T050425894.pkl.
[2025-09-16 13:04:27,276][src.utils.inference_utils][INFO] - Global Rank: 0 wrote 64 rows to /data/mhwang/Rec/GRID/logs/inference/runs/2025-09-16/13-02-03/pickle/predictions_0_20250916T050427251.pkl.
[2025-09-16 13:04:27,438][src.utils.inference_utils][INFO] - Global Rank: 1 wrote 64 rows to /data/mhwang/Rec/GRID/logs/inference/runs/2025-09-16/13-02-03/pickle/predictions_1_20250916T050427412.pkl.
[2025-09-16 13:04:28,789][src.utils.inference_utils][INFO] - Global Rank: 0 wrote 64 rows to /data/mhwang/Rec/GRID/logs/inference/runs/2025-09-16/13-02-03/pickle/predictions_0_20250916T050428761.pkl.
[2025-09-16 13:04:28,938][src.utils.inference_utils][INFO] - Global Rank: 1 wrote 64 rows to /data/mhwang/Rec/GRID/logs/inference/runs/2025-09-16/13-02-03/pickle/predictions_1_20250916T050428913.pkl.
[2025-09-16 13:04:30,298][src.utils.inference_utils][INFO] - Global Rank: 0 wrote 64 rows to /data/mhwang/Rec/GRID/logs/inference/runs/2025-09-16/13-02-03/pickle/predictions_0_20250916T050430274.pkl.
[2025-09-16 13:04:30,444][src.utils.inference_utils][INFO] - Global Rank: 1 wrote 64 rows to /data/mhwang/Rec/GRID/logs/inference/runs/2025-09-16/13-02-03/pickle/predictions_1_20250916T050430419.pkl.
[2025-09-16 13:04:31,805][src.utils.inference_utils][INFO] - Global Rank: 0 wrote 64 rows to /data/mhwang/Rec/GRID/logs/inference/runs/2025-09-16/13-02-03/pickle/predictions_0_20250916T050431780.pkl.
[2025-09-16 13:04:31,948][src.utils.inference_utils][INFO] - Global Rank: 1 wrote 64 rows to /data/mhwang/Rec/GRID/logs/inference/runs/2025-09-16/13-02-03/pickle/predictions_1_20250916T050431924.pkl.
[2025-09-16 13:04:33,312][src.utils.inference_utils][INFO] - Global Rank: 0 wrote 64 rows to /data/mhwang/Rec/GRID/logs/inference/runs/2025-09-16/13-02-03/pickle/predictions_0_20250916T050433288.pkl.
[2025-09-16 13:04:33,452][src.utils.inference_utils][INFO] - Global Rank: 1 wrote 64 rows to /data/mhwang/Rec/GRID/logs/inference/runs/2025-09-16/13-02-03/pickle/predictions_1_20250916T050433425.pkl.
[2025-09-16 13:04:34,825][src.utils.inference_utils][INFO] - Global Rank: 0 wrote 64 rows to /data/mhwang/Rec/GRID/logs/inference/runs/2025-09-16/13-02-03/pickle/predictions_0_20250916T050434797.pkl.
[2025-09-16 13:04:35,032][src.utils.inference_utils][INFO] - Global Rank: 1 wrote 64 rows to /data/mhwang/Rec/GRID/logs/inference/runs/2025-09-16/13-02-03/pickle/predictions_1_20250916T050435007.pkl.
[2025-09-16 13:04:36,339][src.utils.inference_utils][INFO] - Global Rank: 0 wrote 64 rows to /data/mhwang/Rec/GRID/logs/inference/runs/2025-09-16/13-02-03/pickle/predictions_0_20250916T050436315.pkl.
[2025-09-16 13:04:37,806][src.utils.inference_utils][INFO] - Global Rank: 1 wrote 64 rows to /data/mhwang/Rec/GRID/logs/inference/runs/2025-09-16/13-02-03/pickle/predictions_1_20250916T050437777.pkl.
[2025-09-16 13:04:37,852][src.utils.inference_utils][INFO] - Global Rank: 0 wrote 64 rows to /data/mhwang/Rec/GRID/logs/inference/runs/2025-09-16/13-02-03/pickle/predictions_0_20250916T050437827.pkl.
[2025-09-16 13:04:39,362][src.utils.inference_utils][INFO] - Global Rank: 0 wrote 64 rows to /data/mhwang/Rec/GRID/logs/inference/runs/2025-09-16/13-02-03/pickle/predictions_0_20250916T050439338.pkl.
[2025-09-16 13:04:40,875][src.utils.inference_utils][INFO] - Global Rank: 0 wrote 64 rows to /data/mhwang/Rec/GRID/logs/inference/runs/2025-09-16/13-02-03/pickle/predictions_0_20250916T050440850.pkl.
[2025-09-16 13:04:40,920][src.utils.inference_utils][INFO] - Global Rank: 1 wrote 64 rows to /data/mhwang/Rec/GRID/logs/inference/runs/2025-09-16/13-02-03/pickle/predictions_1_20250916T050440891.pkl.
[2025-09-16 13:04:42,391][src.utils.inference_utils][INFO] - Global Rank: 0 wrote 64 rows to /data/mhwang/Rec/GRID/logs/inference/runs/2025-09-16/13-02-03/pickle/predictions_0_20250916T050442364.pkl.
[2025-09-16 13:04:43,677][src.utils.inference_utils][INFO] - Global Rank: 1 wrote 64 rows to /data/mhwang/Rec/GRID/logs/inference/runs/2025-09-16/13-02-03/pickle/predictions_1_20250916T050443648.pkl.
[2025-09-16 13:04:43,907][src.utils.inference_utils][INFO] - Global Rank: 0 wrote 64 rows to /data/mhwang/Rec/GRID/logs/inference/runs/2025-09-16/13-02-03/pickle/predictions_0_20250916T050443882.pkl.
[2025-09-16 13:04:45,424][src.utils.inference_utils][INFO] - Global Rank: 0 wrote 64 rows to /data/mhwang/Rec/GRID/logs/inference/runs/2025-09-16/13-02-03/pickle/predictions_0_20250916T050445399.pkl.
[2025-09-16 13:04:46,852][src.utils.inference_utils][INFO] - Global Rank: 1 wrote 64 rows to /data/mhwang/Rec/GRID/logs/inference/runs/2025-09-16/13-02-03/pickle/predictions_1_20250916T050446824.pkl.
[2025-09-16 13:04:46,942][src.utils.inference_utils][INFO] - Global Rank: 0 wrote 64 rows to /data/mhwang/Rec/GRID/logs/inference/runs/2025-09-16/13-02-03/pickle/predictions_0_20250916T050446917.pkl.
[2025-09-16 13:04:48,458][src.utils.inference_utils][INFO] - Global Rank: 0 wrote 64 rows to /data/mhwang/Rec/GRID/logs/inference/runs/2025-09-16/13-02-03/pickle/predictions_0_20250916T050448433.pkl.
[2025-09-16 13:04:48,667][src.utils.inference_utils][INFO] - Global Rank: 1 wrote 64 rows to /data/mhwang/Rec/GRID/logs/inference/runs/2025-09-16/13-02-03/pickle/predictions_1_20250916T050448641.pkl.
[2025-09-16 13:04:49,974][src.utils.inference_utils][INFO] - Global Rank: 0 wrote 64 rows to /data/mhwang/Rec/GRID/logs/inference/runs/2025-09-16/13-02-03/pickle/predictions_0_20250916T050449950.pkl.
[2025-09-16 13:04:51,497][src.utils.inference_utils][INFO] - Global Rank: 0 wrote 64 rows to /data/mhwang/Rec/GRID/logs/inference/runs/2025-09-16/13-02-03/pickle/predictions_0_20250916T050451471.pkl.
[2025-09-16 13:04:51,875][src.utils.inference_utils][INFO] - Global Rank: 1 wrote 64 rows to /data/mhwang/Rec/GRID/logs/inference/runs/2025-09-16/13-02-03/pickle/predictions_1_20250916T050451846.pkl.
[2025-09-16 13:04:53,017][src.utils.inference_utils][INFO] - Global Rank: 0 wrote 64 rows to /data/mhwang/Rec/GRID/logs/inference/runs/2025-09-16/13-02-03/pickle/predictions_0_20250916T050452992.pkl.
[2025-09-16 13:04:54,058][src.utils.inference_utils][INFO] - Global Rank: 1 wrote 64 rows to /data/mhwang/Rec/GRID/logs/inference/runs/2025-09-16/13-02-03/pickle/predictions_1_20250916T050454030.pkl.
[2025-09-16 13:04:54,536][src.utils.inference_utils][INFO] - Global Rank: 0 wrote 64 rows to /data/mhwang/Rec/GRID/logs/inference/runs/2025-09-16/13-02-03/pickle/predictions_0_20250916T050454511.pkl.
[2025-09-16 13:04:56,056][src.utils.inference_utils][INFO] - Global Rank: 0 wrote 64 rows to /data/mhwang/Rec/GRID/logs/inference/runs/2025-09-16/13-02-03/pickle/predictions_0_20250916T050456030.pkl.
[2025-09-16 13:04:56,370][src.utils.inference_utils][INFO] - Global Rank: 1 wrote 64 rows to /data/mhwang/Rec/GRID/logs/inference/runs/2025-09-16/13-02-03/pickle/predictions_1_20250916T050456343.pkl.
[2025-09-16 13:04:57,580][src.utils.inference_utils][INFO] - Global Rank: 0 wrote 64 rows to /data/mhwang/Rec/GRID/logs/inference/runs/2025-09-16/13-02-03/pickle/predictions_0_20250916T050457554.pkl.
[2025-09-16 13:04:58,461][src.utils.inference_utils][INFO] - Global Rank: 1 wrote 64 rows to /data/mhwang/Rec/GRID/logs/inference/runs/2025-09-16/13-02-03/pickle/predictions_1_20250916T050458434.pkl.
[2025-09-16 13:04:59,109][src.utils.inference_utils][INFO] - Global Rank: 0 wrote 64 rows to /data/mhwang/Rec/GRID/logs/inference/runs/2025-09-16/13-02-03/pickle/predictions_0_20250916T050459084.pkl.
[2025-09-16 13:05:00,639][src.utils.inference_utils][INFO] - Global Rank: 0 wrote 64 rows to /data/mhwang/Rec/GRID/logs/inference/runs/2025-09-16/13-02-03/pickle/predictions_0_20250916T050500614.pkl.
[2025-09-16 13:05:01,534][src.utils.inference_utils][INFO] - Global Rank: 1 wrote 64 rows to /data/mhwang/Rec/GRID/logs/inference/runs/2025-09-16/13-02-03/pickle/predictions_1_20250916T050501506.pkl.
[2025-09-16 13:05:02,165][src.utils.inference_utils][INFO] - Global Rank: 0 wrote 64 rows to /data/mhwang/Rec/GRID/logs/inference/runs/2025-09-16/13-02-03/pickle/predictions_0_20250916T050502140.pkl.
[2025-09-16 13:05:03,685][src.utils.inference_utils][INFO] - Global Rank: 0 wrote 64 rows to /data/mhwang/Rec/GRID/logs/inference/runs/2025-09-16/13-02-03/pickle/predictions_0_20250916T050503661.pkl.
[2025-09-16 13:05:03,738][src.utils.inference_utils][INFO] - Global Rank: 1 wrote 64 rows to /data/mhwang/Rec/GRID/logs/inference/runs/2025-09-16/13-02-03/pickle/predictions_1_20250916T050503713.pkl.
[2025-09-16 13:05:05,209][src.utils.inference_utils][INFO] - Global Rank: 0 wrote 64 rows to /data/mhwang/Rec/GRID/logs/inference/runs/2025-09-16/13-02-03/pickle/predictions_0_20250916T050505184.pkl.
[2025-09-16 13:05:06,730][src.utils.inference_utils][INFO] - Global Rank: 0 wrote 64 rows to /data/mhwang/Rec/GRID/logs/inference/runs/2025-09-16/13-02-03/pickle/predictions_0_20250916T050506706.pkl.
[2025-09-16 13:05:06,912][src.utils.inference_utils][INFO] - Global Rank: 1 wrote 64 rows to /data/mhwang/Rec/GRID/logs/inference/runs/2025-09-16/13-02-03/pickle/predictions_1_20250916T050506886.pkl.
[2025-09-16 13:05:08,252][src.utils.inference_utils][INFO] - Global Rank: 0 wrote 64 rows to /data/mhwang/Rec/GRID/logs/inference/runs/2025-09-16/13-02-03/pickle/predictions_0_20250916T050508228.pkl.
[2025-09-16 13:05:09,320][src.utils.inference_utils][INFO] - Global Rank: 1 wrote 64 rows to /data/mhwang/Rec/GRID/logs/inference/runs/2025-09-16/13-02-03/pickle/predictions_1_20250916T050509294.pkl.
[2025-09-16 13:05:09,772][src.utils.inference_utils][INFO] - Global Rank: 0 wrote 64 rows to /data/mhwang/Rec/GRID/logs/inference/runs/2025-09-16/13-02-03/pickle/predictions_0_20250916T050509747.pkl.
[2025-09-16 13:05:11,045][src.utils.inference_utils][INFO] - Global Rank: 1 wrote 64 rows to /data/mhwang/Rec/GRID/logs/inference/runs/2025-09-16/13-02-03/pickle/predictions_1_20250916T050511018.pkl.
[2025-09-16 13:05:11,293][src.utils.inference_utils][INFO] - Global Rank: 0 wrote 64 rows to /data/mhwang/Rec/GRID/logs/inference/runs/2025-09-16/13-02-03/pickle/predictions_0_20250916T050511268.pkl.
[2025-09-16 13:05:12,819][src.utils.inference_utils][INFO] - Global Rank: 0 wrote 64 rows to /data/mhwang/Rec/GRID/logs/inference/runs/2025-09-16/13-02-03/pickle/predictions_0_20250916T050512794.pkl.
[2025-09-16 13:05:13,079][src.utils.inference_utils][INFO] - Global Rank: 1 wrote 64 rows to /data/mhwang/Rec/GRID/logs/inference/runs/2025-09-16/13-02-03/pickle/predictions_1_20250916T050513053.pkl.
[2025-09-16 13:05:14,359][src.utils.inference_utils][INFO] - Global Rank: 0 wrote 64 rows to /data/mhwang/Rec/GRID/logs/inference/runs/2025-09-16/13-02-03/pickle/predictions_0_20250916T050514332.pkl.
[2025-09-16 13:05:15,758][src.utils.inference_utils][INFO] - Global Rank: 1 wrote 64 rows to /data/mhwang/Rec/GRID/logs/inference/runs/2025-09-16/13-02-03/pickle/predictions_1_20250916T050515730.pkl.
[2025-09-16 13:05:15,887][src.utils.inference_utils][INFO] - Global Rank: 0 wrote 64 rows to /data/mhwang/Rec/GRID/logs/inference/runs/2025-09-16/13-02-03/pickle/predictions_0_20250916T050515862.pkl.
[2025-09-16 13:05:17,408][src.utils.inference_utils][INFO] - Global Rank: 0 wrote 64 rows to /data/mhwang/Rec/GRID/logs/inference/runs/2025-09-16/13-02-03/pickle/predictions_0_20250916T050517384.pkl.
[2025-09-16 13:05:18,931][src.utils.inference_utils][INFO] - Global Rank: 0 wrote 64 rows to /data/mhwang/Rec/GRID/logs/inference/runs/2025-09-16/13-02-03/pickle/predictions_0_20250916T050518906.pkl.
[2025-09-16 13:05:18,941][src.utils.inference_utils][INFO] - Global Rank: 1 wrote 64 rows to /data/mhwang/Rec/GRID/logs/inference/runs/2025-09-16/13-02-03/pickle/predictions_1_20250916T050518913.pkl.
[2025-09-16 13:05:20,449][src.utils.inference_utils][INFO] - Global Rank: 0 wrote 64 rows to /data/mhwang/Rec/GRID/logs/inference/runs/2025-09-16/13-02-03/pickle/predictions_0_20250916T050520425.pkl.
[2025-09-16 13:05:21,972][src.utils.inference_utils][INFO] - Global Rank: 0 wrote 64 rows to /data/mhwang/Rec/GRID/logs/inference/runs/2025-09-16/13-02-03/pickle/predictions_0_20250916T050521947.pkl.
[2025-09-16 13:05:22,164][src.utils.inference_utils][INFO] - Global Rank: 1 wrote 64 rows to /data/mhwang/Rec/GRID/logs/inference/runs/2025-09-16/13-02-03/pickle/predictions_1_20250916T050522137.pkl.
[2025-09-16 13:05:23,500][src.utils.inference_utils][INFO] - Global Rank: 0 wrote 64 rows to /data/mhwang/Rec/GRID/logs/inference/runs/2025-09-16/13-02-03/pickle/predictions_0_20250916T050523476.pkl.
[2025-09-16 13:05:24,321][src.utils.inference_utils][INFO] - Global Rank: 1 wrote 64 rows to /data/mhwang/Rec/GRID/logs/inference/runs/2025-09-16/13-02-03/pickle/predictions_1_20250916T050524297.pkl.
[2025-09-16 13:05:25,021][src.utils.inference_utils][INFO] - Global Rank: 0 wrote 64 rows to /data/mhwang/Rec/GRID/logs/inference/runs/2025-09-16/13-02-03/pickle/predictions_0_20250916T050524997.pkl.
[2025-09-16 13:05:26,141][src.utils.inference_utils][INFO] - Global Rank: 1 wrote 64 rows to /data/mhwang/Rec/GRID/logs/inference/runs/2025-09-16/13-02-03/pickle/predictions_1_20250916T050526113.pkl.
[2025-09-16 13:05:26,543][src.utils.inference_utils][INFO] - Global Rank: 0 wrote 64 rows to /data/mhwang/Rec/GRID/logs/inference/runs/2025-09-16/13-02-03/pickle/predictions_0_20250916T050526518.pkl.
[2025-09-16 13:05:28,069][src.utils.inference_utils][INFO] - Global Rank: 0 wrote 64 rows to /data/mhwang/Rec/GRID/logs/inference/runs/2025-09-16/13-02-03/pickle/predictions_0_20250916T050528043.pkl.
[2025-09-16 13:05:28,170][src.utils.inference_utils][INFO] - Global Rank: 1 wrote 64 rows to /data/mhwang/Rec/GRID/logs/inference/runs/2025-09-16/13-02-03/pickle/predictions_1_20250916T050528144.pkl.
[2025-09-16 13:05:29,606][src.utils.inference_utils][INFO] - Global Rank: 0 wrote 64 rows to /data/mhwang/Rec/GRID/logs/inference/runs/2025-09-16/13-02-03/pickle/predictions_0_20250916T050529579.pkl.
[2025-09-16 13:05:29,738][src.utils.inference_utils][INFO] - Global Rank: 1 wrote 64 rows to /data/mhwang/Rec/GRID/logs/inference/runs/2025-09-16/13-02-03/pickle/predictions_1_20250916T050529711.pkl.
[2025-09-16 13:05:31,131][src.utils.inference_utils][INFO] - Global Rank: 0 wrote 64 rows to /data/mhwang/Rec/GRID/logs/inference/runs/2025-09-16/13-02-03/pickle/predictions_0_20250916T050531105.pkl.
[2025-09-16 13:05:31,274][src.utils.inference_utils][INFO] - Global Rank: 1 wrote 64 rows to /data/mhwang/Rec/GRID/logs/inference/runs/2025-09-16/13-02-03/pickle/predictions_1_20250916T050531246.pkl.
[2025-09-16 13:05:32,654][src.utils.inference_utils][INFO] - Global Rank: 0 wrote 64 rows to /data/mhwang/Rec/GRID/logs/inference/runs/2025-09-16/13-02-03/pickle/predictions_0_20250916T050532629.pkl.
[2025-09-16 13:05:32,812][src.utils.inference_utils][INFO] - Global Rank: 1 wrote 64 rows to /data/mhwang/Rec/GRID/logs/inference/runs/2025-09-16/13-02-03/pickle/predictions_1_20250916T050532782.pkl.
[2025-09-16 13:05:34,178][src.utils.inference_utils][INFO] - Global Rank: 0 wrote 64 rows to /data/mhwang/Rec/GRID/logs/inference/runs/2025-09-16/13-02-03/pickle/predictions_0_20250916T050534154.pkl.
[2025-09-16 13:05:34,358][src.utils.inference_utils][INFO] - Global Rank: 1 wrote 64 rows to /data/mhwang/Rec/GRID/logs/inference/runs/2025-09-16/13-02-03/pickle/predictions_1_20250916T050534331.pkl.
[2025-09-16 13:05:35,704][src.utils.inference_utils][INFO] - Global Rank: 0 wrote 64 rows to /data/mhwang/Rec/GRID/logs/inference/runs/2025-09-16/13-02-03/pickle/predictions_0_20250916T050535679.pkl.
[2025-09-16 13:05:35,899][src.utils.inference_utils][INFO] - Global Rank: 1 wrote 64 rows to /data/mhwang/Rec/GRID/logs/inference/runs/2025-09-16/13-02-03/pickle/predictions_1_20250916T050535872.pkl.
[2025-09-16 13:05:37,229][src.utils.inference_utils][INFO] - Global Rank: 0 wrote 64 rows to /data/mhwang/Rec/GRID/logs/inference/runs/2025-09-16/13-02-03/pickle/predictions_0_20250916T050537204.pkl.
[2025-09-16 13:05:37,441][src.utils.inference_utils][INFO] - Global Rank: 1 wrote 64 rows to /data/mhwang/Rec/GRID/logs/inference/runs/2025-09-16/13-02-03/pickle/predictions_1_20250916T050537413.pkl.
[2025-09-16 13:05:38,757][src.utils.inference_utils][INFO] - Global Rank: 0 wrote 64 rows to /data/mhwang/Rec/GRID/logs/inference/runs/2025-09-16/13-02-03/pickle/predictions_0_20250916T050538732.pkl.
[2025-09-16 13:05:38,966][src.utils.inference_utils][INFO] - Global Rank: 1 wrote 64 rows to /data/mhwang/Rec/GRID/logs/inference/runs/2025-09-16/13-02-03/pickle/predictions_1_20250916T050538940.pkl.
[2025-09-16 13:05:40,282][src.utils.inference_utils][INFO] - Global Rank: 0 wrote 64 rows to /data/mhwang/Rec/GRID/logs/inference/runs/2025-09-16/13-02-03/pickle/predictions_0_20250916T050540258.pkl.
[2025-09-16 13:05:40,491][src.utils.inference_utils][INFO] - Global Rank: 1 wrote 64 rows to /data/mhwang/Rec/GRID/logs/inference/runs/2025-09-16/13-02-03/pickle/predictions_1_20250916T050540467.pkl.
[2025-09-16 13:05:41,808][src.utils.inference_utils][INFO] - Global Rank: 0 wrote 64 rows to /data/mhwang/Rec/GRID/logs/inference/runs/2025-09-16/13-02-03/pickle/predictions_0_20250916T050541783.pkl.
[2025-09-16 13:05:42,019][src.utils.inference_utils][INFO] - Global Rank: 1 wrote 64 rows to /data/mhwang/Rec/GRID/logs/inference/runs/2025-09-16/13-02-03/pickle/predictions_1_20250916T050541991.pkl.
[2025-09-16 13:05:43,334][src.utils.inference_utils][INFO] - Global Rank: 0 wrote 64 rows to /data/mhwang/Rec/GRID/logs/inference/runs/2025-09-16/13-02-03/pickle/predictions_0_20250916T050543309.pkl.
[2025-09-16 13:05:43,540][src.utils.inference_utils][INFO] - Global Rank: 1 wrote 64 rows to /data/mhwang/Rec/GRID/logs/inference/runs/2025-09-16/13-02-03/pickle/predictions_1_20250916T050543515.pkl.
[2025-09-16 13:05:44,862][src.utils.inference_utils][INFO] - Global Rank: 0 wrote 64 rows to /data/mhwang/Rec/GRID/logs/inference/runs/2025-09-16/13-02-03/pickle/predictions_0_20250916T050544837.pkl.
[2025-09-16 13:05:45,067][src.utils.inference_utils][INFO] - Global Rank: 1 wrote 64 rows to /data/mhwang/Rec/GRID/logs/inference/runs/2025-09-16/13-02-03/pickle/predictions_1_20250916T050545039.pkl.
[2025-09-16 13:05:46,399][src.utils.inference_utils][INFO] - Global Rank: 0 wrote 64 rows to /data/mhwang/Rec/GRID/logs/inference/runs/2025-09-16/13-02-03/pickle/predictions_0_20250916T050546374.pkl.
[2025-09-16 13:05:46,591][src.utils.inference_utils][INFO] - Global Rank: 1 wrote 64 rows to /data/mhwang/Rec/GRID/logs/inference/runs/2025-09-16/13-02-03/pickle/predictions_1_20250916T050546567.pkl.
[2025-09-16 13:05:47,932][src.utils.inference_utils][INFO] - Global Rank: 0 wrote 64 rows to /data/mhwang/Rec/GRID/logs/inference/runs/2025-09-16/13-02-03/pickle/predictions_0_20250916T050547907.pkl.
[2025-09-16 13:05:48,115][src.utils.inference_utils][INFO] - Global Rank: 1 wrote 64 rows to /data/mhwang/Rec/GRID/logs/inference/runs/2025-09-16/13-02-03/pickle/predictions_1_20250916T050548089.pkl.
[2025-09-16 13:05:49,458][src.utils.inference_utils][INFO] - Global Rank: 0 wrote 64 rows to /data/mhwang/Rec/GRID/logs/inference/runs/2025-09-16/13-02-03/pickle/predictions_0_20250916T050549433.pkl.
[2025-09-16 13:05:49,642][src.utils.inference_utils][INFO] - Global Rank: 1 wrote 64 rows to /data/mhwang/Rec/GRID/logs/inference/runs/2025-09-16/13-02-03/pickle/predictions_1_20250916T050549617.pkl.
[2025-09-16 13:05:50,984][src.utils.inference_utils][INFO] - Global Rank: 0 wrote 64 rows to /data/mhwang/Rec/GRID/logs/inference/runs/2025-09-16/13-02-03/pickle/predictions_0_20250916T050550959.pkl.
[2025-09-16 13:05:51,165][src.utils.inference_utils][INFO] - Global Rank: 1 wrote 64 rows to /data/mhwang/Rec/GRID/logs/inference/runs/2025-09-16/13-02-03/pickle/predictions_1_20250916T050551140.pkl.
[2025-09-16 13:05:52,512][src.utils.inference_utils][INFO] - Global Rank: 0 wrote 64 rows to /data/mhwang/Rec/GRID/logs/inference/runs/2025-09-16/13-02-03/pickle/predictions_0_20250916T050552488.pkl.
[2025-09-16 13:05:52,694][src.utils.inference_utils][INFO] - Global Rank: 1 wrote 64 rows to /data/mhwang/Rec/GRID/logs/inference/runs/2025-09-16/13-02-03/pickle/predictions_1_20250916T050552669.pkl.
[2025-09-16 13:05:54,039][src.utils.inference_utils][INFO] - Global Rank: 0 wrote 64 rows to /data/mhwang/Rec/GRID/logs/inference/runs/2025-09-16/13-02-03/pickle/predictions_0_20250916T050554014.pkl.
[2025-09-16 13:05:54,222][src.utils.inference_utils][INFO] - Global Rank: 1 wrote 64 rows to /data/mhwang/Rec/GRID/logs/inference/runs/2025-09-16/13-02-03/pickle/predictions_1_20250916T050554197.pkl.
[2025-09-16 13:05:55,567][src.utils.inference_utils][INFO] - Global Rank: 0 wrote 64 rows to /data/mhwang/Rec/GRID/logs/inference/runs/2025-09-16/13-02-03/pickle/predictions_0_20250916T050555542.pkl.
[2025-09-16 13:05:55,746][src.utils.inference_utils][INFO] - Global Rank: 1 wrote 64 rows to /data/mhwang/Rec/GRID/logs/inference/runs/2025-09-16/13-02-03/pickle/predictions_1_20250916T050555721.pkl.
[2025-09-16 13:05:57,098][src.utils.inference_utils][INFO] - Global Rank: 0 wrote 64 rows to /data/mhwang/Rec/GRID/logs/inference/runs/2025-09-16/13-02-03/pickle/predictions_0_20250916T050557073.pkl.
[2025-09-16 13:05:57,274][src.utils.inference_utils][INFO] - Global Rank: 1 wrote 64 rows to /data/mhwang/Rec/GRID/logs/inference/runs/2025-09-16/13-02-03/pickle/predictions_1_20250916T050557249.pkl.
[2025-09-16 13:05:58,630][src.utils.inference_utils][INFO] - Global Rank: 0 wrote 64 rows to /data/mhwang/Rec/GRID/logs/inference/runs/2025-09-16/13-02-03/pickle/predictions_0_20250916T050558605.pkl.
[2025-09-16 13:05:58,803][src.utils.inference_utils][INFO] - Global Rank: 1 wrote 64 rows to /data/mhwang/Rec/GRID/logs/inference/runs/2025-09-16/13-02-03/pickle/predictions_1_20250916T050558777.pkl.
[2025-09-16 13:06:00,160][src.utils.inference_utils][INFO] - Global Rank: 0 wrote 64 rows to /data/mhwang/Rec/GRID/logs/inference/runs/2025-09-16/13-02-03/pickle/predictions_0_20250916T050600135.pkl.
[2025-09-16 13:06:00,326][src.utils.inference_utils][INFO] - Global Rank: 1 wrote 64 rows to /data/mhwang/Rec/GRID/logs/inference/runs/2025-09-16/13-02-03/pickle/predictions_1_20250916T050600302.pkl.
[2025-09-16 13:06:01,690][src.utils.inference_utils][INFO] - Global Rank: 0 wrote 64 rows to /data/mhwang/Rec/GRID/logs/inference/runs/2025-09-16/13-02-03/pickle/predictions_0_20250916T050601665.pkl.
[2025-09-16 13:06:01,850][src.utils.inference_utils][INFO] - Global Rank: 1 wrote 64 rows to /data/mhwang/Rec/GRID/logs/inference/runs/2025-09-16/13-02-03/pickle/predictions_1_20250916T050601826.pkl.
[2025-09-16 13:06:03,218][src.utils.inference_utils][INFO] - Global Rank: 0 wrote 64 rows to /data/mhwang/Rec/GRID/logs/inference/runs/2025-09-16/13-02-03/pickle/predictions_0_20250916T050603192.pkl.
[2025-09-16 13:06:03,375][src.utils.inference_utils][INFO] - Global Rank: 1 wrote 64 rows to /data/mhwang/Rec/GRID/logs/inference/runs/2025-09-16/13-02-03/pickle/predictions_1_20250916T050603350.pkl.
[2025-09-16 13:06:04,748][src.utils.inference_utils][INFO] - Global Rank: 0 wrote 64 rows to /data/mhwang/Rec/GRID/logs/inference/runs/2025-09-16/13-02-03/pickle/predictions_0_20250916T050604723.pkl.
[2025-09-16 13:06:04,905][src.utils.inference_utils][INFO] - Global Rank: 1 wrote 64 rows to /data/mhwang/Rec/GRID/logs/inference/runs/2025-09-16/13-02-03/pickle/predictions_1_20250916T050604878.pkl.
[2025-09-16 13:06:06,278][src.utils.inference_utils][INFO] - Global Rank: 0 wrote 64 rows to /data/mhwang/Rec/GRID/logs/inference/runs/2025-09-16/13-02-03/pickle/predictions_0_20250916T050606254.pkl.
[2025-09-16 13:06:06,429][src.utils.inference_utils][INFO] - Global Rank: 1 wrote 64 rows to /data/mhwang/Rec/GRID/logs/inference/runs/2025-09-16/13-02-03/pickle/predictions_1_20250916T050606405.pkl.
[2025-09-16 13:06:07,807][src.utils.inference_utils][INFO] - Global Rank: 0 wrote 64 rows to /data/mhwang/Rec/GRID/logs/inference/runs/2025-09-16/13-02-03/pickle/predictions_0_20250916T050607783.pkl.
[2025-09-16 13:06:07,954][src.utils.inference_utils][INFO] - Global Rank: 1 wrote 64 rows to /data/mhwang/Rec/GRID/logs/inference/runs/2025-09-16/13-02-03/pickle/predictions_1_20250916T050607929.pkl.
[2025-09-16 13:06:09,351][src.utils.inference_utils][INFO] - Global Rank: 0 wrote 64 rows to /data/mhwang/Rec/GRID/logs/inference/runs/2025-09-16/13-02-03/pickle/predictions_0_20250916T050609326.pkl.
[2025-09-16 13:06:09,478][src.utils.inference_utils][INFO] - Global Rank: 1 wrote 64 rows to /data/mhwang/Rec/GRID/logs/inference/runs/2025-09-16/13-02-03/pickle/predictions_1_20250916T050609453.pkl.
[2025-09-16 13:06:10,884][src.utils.inference_utils][INFO] - Global Rank: 0 wrote 64 rows to /data/mhwang/Rec/GRID/logs/inference/runs/2025-09-16/13-02-03/pickle/predictions_0_20250916T050610859.pkl.
[2025-09-16 13:06:11,005][src.utils.inference_utils][INFO] - Global Rank: 1 wrote 64 rows to /data/mhwang/Rec/GRID/logs/inference/runs/2025-09-16/13-02-03/pickle/predictions_1_20250916T050610979.pkl.
[2025-09-16 13:06:12,532][src.utils.inference_utils][INFO] - Global Rank: 0 wrote 64 rows to /data/mhwang/Rec/GRID/logs/inference/runs/2025-09-16/13-02-03/pickle/predictions_0_20250916T050612507.pkl.
[2025-09-16 13:06:12,533][src.utils.inference_utils][INFO] - Global Rank: 1 wrote 64 rows to /data/mhwang/Rec/GRID/logs/inference/runs/2025-09-16/13-02-03/pickle/predictions_1_20250916T050612507.pkl.
[2025-09-16 13:06:14,056][src.utils.inference_utils][INFO] - Global Rank: 1 wrote 64 rows to /data/mhwang/Rec/GRID/logs/inference/runs/2025-09-16/13-02-03/pickle/predictions_1_20250916T050614031.pkl.
[2025-09-16 13:06:14,061][src.utils.inference_utils][INFO] - Global Rank: 0 wrote 64 rows to /data/mhwang/Rec/GRID/logs/inference/runs/2025-09-16/13-02-03/pickle/predictions_0_20250916T050614036.pkl.
[2025-09-16 13:06:15,588][src.utils.inference_utils][INFO] - Global Rank: 0 wrote 64 rows to /data/mhwang/Rec/GRID/logs/inference/runs/2025-09-16/13-02-03/pickle/predictions_0_20250916T050615563.pkl.
[2025-09-16 13:06:15,592][src.utils.inference_utils][INFO] - Global Rank: 1 wrote 64 rows to /data/mhwang/Rec/GRID/logs/inference/runs/2025-09-16/13-02-03/pickle/predictions_1_20250916T050615567.pkl.
[2025-09-16 13:06:15,606][src.utils.inference_utils][INFO] - Global Rank: 0 wrote 5 rows to /data/mhwang/Rec/GRID/logs/inference/runs/2025-09-16/13-02-03/pickle/predictions_0_20250916T050615603.pkl.
[2025-09-16 13:06:15,607][src.utils.inference_utils][INFO] - Rank 0 finished writing predictions.
[2025-09-16 13:06:17,120][src.utils.inference_utils][INFO] - Global Rank: 1 wrote 64 rows to /data/mhwang/Rec/GRID/logs/inference/runs/2025-09-16/13-02-03/pickle/predictions_1_20250916T050617095.pkl.
[2025-09-16 13:06:18,647][src.utils.inference_utils][INFO] - Global Rank: 1 wrote 64 rows to /data/mhwang/Rec/GRID/logs/inference/runs/2025-09-16/13-02-03/pickle/predictions_1_20250916T050618622.pkl.
[2025-09-16 13:06:20,176][src.utils.inference_utils][INFO] - Global Rank: 1 wrote 64 rows to /data/mhwang/Rec/GRID/logs/inference/runs/2025-09-16/13-02-03/pickle/predictions_1_20250916T050620151.pkl.
[2025-09-16 13:06:21,709][src.utils.inference_utils][INFO] - Global Rank: 1 wrote 64 rows to /data/mhwang/Rec/GRID/logs/inference/runs/2025-09-16/13-02-03/pickle/predictions_1_20250916T050621683.pkl.
[2025-09-16 13:06:23,236][src.utils.inference_utils][INFO] - Global Rank: 1 wrote 64 rows to /data/mhwang/Rec/GRID/logs/inference/runs/2025-09-16/13-02-03/pickle/predictions_1_20250916T050623211.pkl.
[2025-09-16 13:06:24,763][src.utils.inference_utils][INFO] - Global Rank: 1 wrote 64 rows to /data/mhwang/Rec/GRID/logs/inference/runs/2025-09-16/13-02-03/pickle/predictions_1_20250916T050624738.pkl.
[2025-09-16 13:06:26,289][src.utils.inference_utils][INFO] - Global Rank: 1 wrote 64 rows to /data/mhwang/Rec/GRID/logs/inference/runs/2025-09-16/13-02-03/pickle/predictions_1_20250916T050626264.pkl.
[2025-09-16 13:06:27,814][src.utils.inference_utils][INFO] - Global Rank: 1 wrote 64 rows to /data/mhwang/Rec/GRID/logs/inference/runs/2025-09-16/13-02-03/pickle/predictions_1_20250916T050627789.pkl.
[2025-09-16 13:06:29,343][src.utils.inference_utils][INFO] - Global Rank: 1 wrote 64 rows to /data/mhwang/Rec/GRID/logs/inference/runs/2025-09-16/13-02-03/pickle/predictions_1_20250916T050629318.pkl.
[2025-09-16 13:06:30,871][src.utils.inference_utils][INFO] - Global Rank: 1 wrote 64 rows to /data/mhwang/Rec/GRID/logs/inference/runs/2025-09-16/13-02-03/pickle/predictions_1_20250916T050630846.pkl.
[2025-09-16 13:06:32,402][src.utils.inference_utils][INFO] - Global Rank: 1 wrote 64 rows to /data/mhwang/Rec/GRID/logs/inference/runs/2025-09-16/13-02-03/pickle/predictions_1_20250916T050632376.pkl.
[2025-09-16 13:06:33,928][src.utils.inference_utils][INFO] - Global Rank: 1 wrote 64 rows to /data/mhwang/Rec/GRID/logs/inference/runs/2025-09-16/13-02-03/pickle/predictions_1_20250916T050633903.pkl.
[2025-09-16 13:06:35,457][src.utils.inference_utils][INFO] - Global Rank: 1 wrote 64 rows to /data/mhwang/Rec/GRID/logs/inference/runs/2025-09-16/13-02-03/pickle/predictions_1_20250916T050635432.pkl.
[2025-09-16 13:06:36,982][src.utils.inference_utils][INFO] - Global Rank: 1 wrote 64 rows to /data/mhwang/Rec/GRID/logs/inference/runs/2025-09-16/13-02-03/pickle/predictions_1_20250916T050636957.pkl.
[2025-09-16 13:06:38,517][src.utils.inference_utils][INFO] - Global Rank: 1 wrote 64 rows to /data/mhwang/Rec/GRID/logs/inference/runs/2025-09-16/13-02-03/pickle/predictions_1_20250916T050638492.pkl.
[2025-09-16 13:06:40,045][src.utils.inference_utils][INFO] - Global Rank: 1 wrote 64 rows to /data/mhwang/Rec/GRID/logs/inference/runs/2025-09-16/13-02-03/pickle/predictions_1_20250916T050640021.pkl.
[2025-09-16 13:06:41,568][src.utils.inference_utils][INFO] - Global Rank: 1 wrote 64 rows to /data/mhwang/Rec/GRID/logs/inference/runs/2025-09-16/13-02-03/pickle/predictions_1_20250916T050641543.pkl.
[2025-09-16 13:06:41,584][src.utils.inference_utils][INFO] - Buffer is empty, nothing to flush.
[2025-09-16 13:06:41,584][src.utils.inference_utils][INFO] - Rank 1 finished writing predictions.
[2025-09-16 13:06:41,585][src.utils.inference_utils][INFO] - Merging pickle files on main process.
[2025-09-16 13:06:53,985][src.utils.inference_utils][INFO] - Merged 12101 rows into merged_predictions.pkl.
[2025-09-16 13:07:10,421][src.utils.inference_utils][INFO] - Merged 12101 rows into merged_predictions_tensor.pt. as pytorch tensor
