[2025-09-15 20:50:51,514][src.utils.utils][INFO] - [rank: 0] Enforcing tags! <cfg.extras.enforce_tags=True>
[2025-09-15 20:50:51,519][src.utils.utils][WARNING] - [rank: 0] Config loss was not found in the config tree. Make sure this is expected.
[2025-09-15 20:50:51,519][src.utils.utils][WARNING] - [rank: 0] Config optim was not found in the config tree. Make sure this is expected.
[2025-09-15 20:50:51,520][src.utils.utils][WARNING] - [rank: 0] Config eval was not found in the config tree. Make sure this is expected.
[2025-09-15 20:50:54,520][src.utils.utils][INFO] - [rank: 0] Printing config tree with Rich! <cfg.extras.print_config=True>
[2025-09-15 20:50:54,526][src.utils.launcher_utils][INFO] - [rank: 0] Instantiating datamodule <src.data.loading.datamodules.sequence_datamodule.ItemDataModule>
[2025-09-15 20:50:54,579][src.utils.launcher_utils][INFO] - [rank: 0] Instantiating model <src.modules.clustering.residual_quantization.ResidualQuantization>
[2025-09-15 20:50:54,701][root][INFO] - Device cpu: Verbose mode enabled
[2025-09-15 20:50:54,706][root][INFO] - Device cpu: Using custom training loop function
[2025-09-15 20:50:54,713][src.utils.launcher_utils][INFO] - [rank: 0] Instantiating callbacks...
[2025-09-15 20:50:54,714][src.utils.instantiators][INFO] - [rank: 0] Instantiating callback <src.utils.inference_utils.LocalPickleWriter>
[2025-09-15 20:50:54,847][src.utils.launcher_utils][INFO] - [rank: 0] Instantiating loggers...
[2025-09-15 20:50:54,848][src.utils.instantiators][INFO] - [rank: 0] Instantiating logger <lightning.pytorch.loggers.csv_logs.CSVLogger>
[2025-09-15 20:50:54,849][src.utils.launcher_utils][INFO] - [rank: 0] Instantiating trainer <lightning.pytorch.trainer.Trainer>
[2025-09-15 20:50:54,925][pytorch_lightning.utilities.rank_zero][INFO] - Using bfloat16 Automatic Mixed Precision (AMP)
[2025-09-15 20:50:54,957][pytorch_lightning.utilities.rank_zero][INFO] - GPU available: True (cuda), used: True
[2025-09-15 20:50:54,958][pytorch_lightning.utilities.rank_zero][INFO] - TPU available: False, using: 0 TPU cores
[2025-09-15 20:50:54,958][pytorch_lightning.utilities.rank_zero][INFO] - HPU available: False, using: 0 HPUs
[2025-09-15 20:50:54,958][src.utils.launcher_utils][INFO] - [rank: 0] Logging hyperparameters!
[2025-09-15 20:50:55,082][__main__][INFO] - [rank: 0] Starting inference!
[2025-09-15 20:50:55,198][pytorch_lightning.utilities.rank_zero][INFO] - You are using a CUDA device ('NVIDIA A800 80GB PCIe') that has Tensor Cores. To properly utilize them, you should set `torch.set_float32_matmul_precision('medium' | 'high')` which will trade-off precision for performance. For more details, read https://pytorch.org/docs/stable/generated/torch.set_float32_matmul_precision.html#torch.set_float32_matmul_precision
[2025-09-15 20:51:06,970][root][INFO] - Device cpu: Verbose mode enabled
[2025-09-15 20:51:06,982][root][INFO] - Device cpu: Using custom training loop function
[2025-09-15 20:51:07,383][pytorch_lightning.utilities.rank_zero][INFO] - ----------------------------------------------------------------------------------------------------
distributed_backend=nccl
All distributed processes registered. Starting with 2 processes
----------------------------------------------------------------------------------------------------

[2025-09-15 20:51:09,576][src.utils.inference_utils][INFO] - Rank 1 initialized for inference.
[2025-09-15 20:51:09,576][src.utils.inference_utils][INFO] - Rank 0 initialized for inference.
[2025-09-15 20:51:09,577][pytorch_lightning.utilities.rank_zero][INFO] - Restoring states from the checkpoint path at /data/mhwang/Rec/GRID/logs/train/runs/2025-09-15/20-27-55/checkpoints/checkpoint_000_000030.ckpt
[2025-09-15 20:51:09,786][pytorch_lightning.utilities.rank_zero][INFO] - Loaded model weights from the checkpoint at /data/mhwang/Rec/GRID/logs/train/runs/2025-09-15/20-27-55/checkpoints/checkpoint_000_000030.ckpt
[2025-09-15 20:51:18,318][src.utils.inference_utils][INFO] - Global Rank: 0 wrote 5957 rows to /data/mhwang/Rec/GRID/logs/inference/runs/2025-09-15/20-50-51/pickle/predictions_0_20250915T125118312.pkl.
[2025-09-15 20:51:18,320][src.utils.inference_utils][INFO] - Rank 0 finished writing predictions.
[2025-09-15 20:51:18,423][src.utils.inference_utils][INFO] - Global Rank: 1 wrote 6144 rows to /data/mhwang/Rec/GRID/logs/inference/runs/2025-09-15/20-50-51/pickle/predictions_1_20250915T125118418.pkl.
[2025-09-15 20:51:18,424][src.utils.inference_utils][INFO] - Rank 1 finished writing predictions.
[2025-09-15 20:51:18,426][src.utils.inference_utils][INFO] - Merging pickle files on main process.
[2025-09-15 20:51:18,443][src.utils.inference_utils][INFO] - Merged 12101 rows into merged_predictions.pkl.
[2025-09-15 20:51:18,548][src.utils.inference_utils][INFO] - Merged 12101 rows into merged_predictions_tensor.pt. as pytorch tensor
