[2025-11-03 02:45:07,861][src.utils.utils][INFO] - [rank: 0] Enforcing tags! <cfg.extras.enforce_tags=True>
[2025-11-03 02:45:07,873][src.utils.utils][INFO] - [rank: 0] Printing config tree with Rich! <cfg.extras.print_config=True>
[2025-11-03 02:45:07,873][src.utils.restart_job][INFO] - [rank: 0] should_skip_retry set to True. Skipping retry logic.
[2025-11-03 02:45:07,878][src.utils.launcher_utils][INFO] - [rank: 0] Instantiating datamodule <src.data.loading.datamodules.sequence_datamodule.SequenceDataModule>
[2025-11-03 02:45:07,971][src.utils.launcher_utils][INFO] - [rank: 0] Instantiating model <src.models.modules.semantic_id.tiger_generation_model.SemanticIDEncoderDecoder>
[2025-11-03 02:45:08,224][src.models.modules.semantic_id.tiger_generation_model][INFO] - [rank: 0] i am here
[2025-11-03 02:45:08,567][src.utils.launcher_utils][INFO] - [rank: 0] Instantiating callbacks...
[2025-11-03 02:45:08,568][src.utils.instantiators][INFO] - [rank: 0] Instantiating callback <lightning.pytorch.callbacks.ModelCheckpoint>
[2025-11-03 02:45:08,573][src.utils.instantiators][INFO] - [rank: 0] Instantiating callback <lightning.pytorch.callbacks.EarlyStopping>
[2025-11-03 02:45:08,577][src.utils.instantiators][INFO] - [rank: 0] Instantiating callback <lightning.pytorch.callbacks.RichModelSummary>
[2025-11-03 02:45:08,578][src.utils.instantiators][INFO] - [rank: 0] Instantiating callback <src.utils.restart_job.RestartAndLoadCheckpointCallback>
[2025-11-03 02:45:08,581][src.utils.restart_job_utils][INFO] - [rank: 0] Trying to load metadata from /data/mhwang/Rec/GRID/logs/train/runs/2025-11-03/02-45-07/metadata/restart_metadata.json
[2025-11-03 02:45:08,581][src.utils.restart_job_utils][WARNING] - [rank: 0] Metadata file not found at /data/mhwang/Rec/GRID/logs/train/runs/2025-11-03/02-45-07/metadata/restart_metadata.json. Creating empty metadata.
[2025-11-03 02:45:08,582][src.utils.restart_job_utils][INFO] - [rank: 0] Saving metadata to /data/mhwang/Rec/GRID/logs/train/runs/2025-11-03/02-45-07/metadata/restart_metadata.json. {'start_time': '2025-11-03T02:45:08.581938', 'restarts': [], 'current_run': 0, 'used_ports': [], 'world_size': 0, 'node_rank': 0, 'master_addr': '', 'original_args': ['/data/mhwang/Rec/GRID/src/train.py', 'experiment=tiger_train_flat', 'data_dir=/data/mhwang/Rec/GRID/amazon_data/beauty', 'semantic_id_path=/data/mhwang/Rec/GRID/logs/inference/runs/2025-09-21/16-36-33/pickle/merged_predictions_tensor.pt', 'num_hierarchies=4', '++should_skip_retry=True']}
[2025-11-03 02:45:08,582][src.utils.launcher_utils][INFO] - [rank: 0] Instantiating loggers...
[2025-11-03 02:45:08,583][src.utils.instantiators][INFO] - [rank: 0] Instantiating logger <lightning.pytorch.loggers.csv_logs.CSVLogger>
[2025-11-03 02:45:08,585][src.utils.launcher_utils][INFO] - [rank: 0] Instantiating trainer <lightning.pytorch.trainer.Trainer>
[2025-11-03 02:45:08,588][src.utils.restart_job_utils][INFO] - [rank: 0] Trying to load metadata from /data/mhwang/Rec/GRID/logs/train/runs/2025-11-03/02-45-07/metadata/restart_metadata.json
[2025-11-03 02:45:08,588][src.utils.restart_job_utils][INFO] - [rank: 0] Metadata loaded successfully from /data/mhwang/Rec/GRID/logs/train/runs/2025-11-03/02-45-07/metadata/restart_metadata.json
[2025-11-03 02:45:08,589][src.utils.restart_job_utils][INFO] - [rank: 0] Retrieved current_run: 0 from metadata /data/mhwang/Rec/GRID/logs/train/runs/2025-11-03/02-45-07/metadata/restart_metadata.json
[2025-11-03 02:45:08,727][src.utils.launcher_utils][INFO] - [rank: 0] Logging hyperparameters!
[2025-11-03 02:45:09,093][__main__][INFO] - [rank: 0] Starting training!
[2025-11-03 02:45:12,735][src.utils.restart_job_utils][INFO] - [rank: 0] Saving metadata to /data/mhwang/Rec/GRID/logs/train/runs/2025-11-03/02-45-07/metadata/restart_metadata.json. {'start_time': '2025-11-03T02:45:08.581938', 'restarts': [], 'current_run': 0, 'used_ports': ['47083'], 'world_size': 1, 'node_rank': 0, 'master_addr': '127.0.0.1', 'original_args': ['/data/mhwang/Rec/GRID/src/train.py', 'experiment=tiger_train_flat', 'data_dir=/data/mhwang/Rec/GRID/amazon_data/beauty', 'semantic_id_path=/data/mhwang/Rec/GRID/logs/inference/runs/2025-09-21/16-36-33/pickle/merged_predictions_tensor.pt', 'num_hierarchies=4', '++should_skip_retry=True']}
[2025-11-03 18:02:32,986][__main__][INFO] - [rank: 0] Starting testing!
[2025-11-03 18:07:20,204][__main__][INFO] - [rank: 0] Best ckpt path: /data/mhwang/Rec/GRID/logs/train/runs/2025-11-03/02-45-07/checkpoints/checkpoint_epoch=000_step=007200.ckpt
[2025-11-03 18:07:20,213][__main__][INFO] - [rank: 0] Metrics: {'train/loss': tensor(7.8980), 'train/loss_step': tensor(5.8764), 'val/loss': tensor(9.5198), 'val/ndcg@5': tensor(0.0380), 'val/ndcg@10': tensor(0.0450), 'val/recall@5': tensor(0.0542), 'val/recall@10': tensor(0.0760), 'train/loss_epoch': tensor(7.8980), 'test/loss': tensor(9.9294), 'test/ndcg@5': tensor(0.0281), 'test/ndcg@10': tensor(0.0334), 'test/recall@5': tensor(0.0411), 'test/recall@10': tensor(0.0575)}
