2025-09-22 10:04:55.721104: I tensorflow/core/platform/cpu_feature_guard.cc:210] This TensorFlow binary is optimized to use available CPU instructions in performance-critical operations.
To enable the following instructions: AVX2 AVX512F FMA, in other operations, rebuild TensorFlow with the appropriate compiler flags.
[[36m2025-09-22 10:05:01,539[0m][[34msrc.utils.utils[0m][[32mINFO[0m] - [rank: 0] Enforcing tags! <cfg.extras.enforce_tags=True>[0m
[[36m2025-09-22 10:05:01,546[0m][[34msrc.utils.utils[0m][[33mWARNING[0m] - [rank: 0] Config loss was not found in the config tree. Make sure this is expected.[0m
[[36m2025-09-22 10:05:04,547[0m][[34msrc.utils.utils[0m][[32mINFO[0m] - [rank: 0] Printing config tree with Rich! <cfg.extras.print_config=True>[0m
Seed set to 42
[[36m2025-09-22 10:05:04,551[0m][[34msrc.utils.launcher_utils[0m][[32mINFO[0m] - [rank: 0] Instantiating datamodule <src.data.loading.datamodules.sequence_datamodule.ItemDataModule>[0m
[[36m2025-09-22 10:05:04,771[0m][[34msrc.utils.launcher_utils[0m][[32mINFO[0m] - [rank: 0] Instantiating model <src.modules.clustering.residual_quantization.ResidualQuantization>[0m
/data_sdc/mhwang/miniconda3/envs/GRs/lib/python3.12/site-packages/lightning/pytorch/utilities/parsing.py:209: Attribute 'reconstruction_loss_function' is an instance of `nn.Module` and is already saved during checkpointing. It is recommended to ignore them using `self.save_hyperparameters(ignore=['reconstruction_loss_function'])`.
[[36m2025-09-22 10:05:05,106[0m][[34mroot[0m][[32mINFO[0m] - Device cpu: Verbose mode enabled[0m
[[36m2025-09-22 10:05:05,118[0m][[34mroot[0m][[32mINFO[0m] - Device cpu: Using custom training loop function[0m
[[36m2025-09-22 10:05:05,130[0m][[34msrc.utils.launcher_utils[0m][[32mINFO[0m] - [rank: 0] Instantiating callbacks...[0m
[[36m2025-09-22 10:05:05,130[0m][[34msrc.utils.instantiators[0m][[32mINFO[0m] - [rank: 0] Instantiating callback <src.utils.inference_utils.LocalPickleWriter>[0m
[[36m2025-09-22 10:05:05,360[0m][[34msrc.utils.launcher_utils[0m][[32mINFO[0m] - [rank: 0] Instantiating loggers...[0m
[[36m2025-09-22 10:05:05,360[0m][[34msrc.utils.instantiators[0m][[32mINFO[0m] - [rank: 0] Instantiating logger <lightning.pytorch.loggers.csv_logs.CSVLogger>[0m
[[36m2025-09-22 10:05:05,363[0m][[34msrc.utils.launcher_utils[0m][[32mINFO[0m] - [rank: 0] Instantiating trainer <lightning.pytorch.trainer.Trainer>[0m
[[36m2025-09-22 10:05:05,448[0m][[34mpytorch_lightning.utilities.rank_zero[0m][[32mINFO[0m] - Using bfloat16 Automatic Mixed Precision (AMP)[0m
[[36m2025-09-22 10:05:05,486[0m][[34mpytorch_lightning.utilities.rank_zero[0m][[32mINFO[0m] - GPU available: True (cuda), used: True[0m
[[36m2025-09-22 10:05:05,487[0m][[34mpytorch_lightning.utilities.rank_zero[0m][[32mINFO[0m] - TPU available: False, using: 0 TPU cores[0m
[[36m2025-09-22 10:05:05,487[0m][[34mpytorch_lightning.utilities.rank_zero[0m][[32mINFO[0m] - HPU available: False, using: 0 HPUs[0m
[[36m2025-09-22 10:05:05,487[0m][[34msrc.utils.launcher_utils[0m][[32mINFO[0m] - [rank: 0] Logging hyperparameters![0m
[[36m2025-09-22 10:05:05,714[0m][[34m__main__[0m][[32mINFO[0m] - [rank: 0] Starting inference![0m
[[36m2025-09-22 10:05:05,840[0m][[34mpytorch_lightning.utilities.rank_zero[0m][[32mINFO[0m] - You are using a CUDA device ('NVIDIA A800 80GB PCIe') that has Tensor Cores. To properly utilize them, you should set `torch.set_float32_matmul_precision('medium' | 'high')` which will trade-off precision for performance. For more details, read https://pytorch.org/docs/stable/generated/torch.set_float32_matmul_precision.html#torch.set_float32_matmul_precision[0m
Initializing distributed: GLOBAL_RANK: 0, MEMBER: 1/2
[rank: 1] Seed set to 42
[[36m2025-09-22 10:05:23,914[0m][[34mroot[0m][[32mINFO[0m] - Device cpu: Verbose mode enabled[0m
[[36m2025-09-22 10:05:23,927[0m][[34mroot[0m][[32mINFO[0m] - Device cpu: Using custom training loop function[0m
Initializing distributed: GLOBAL_RANK: 1, MEMBER: 2/2
[[36m2025-09-22 10:05:24,450[0m][[34mpytorch_lightning.utilities.rank_zero[0m][[32mINFO[0m] - ----------------------------------------------------------------------------------------------------
distributed_backend=nccl
All distributed processes registered. Starting with 2 processes
----------------------------------------------------------------------------------------------------
[0m
[[36m2025-09-22 10:05:25,738[0m][[34msrc.utils.inference_utils[0m][[32mINFO[0m] - Rank 1 initialized for inference.[0m
[[36m2025-09-22 10:05:25,739[0m][[34msrc.utils.inference_utils[0m][[32mINFO[0m] - Rank 0 initialized for inference.[0m
[[36m2025-09-22 10:05:25,740[0m][[34mpytorch_lightning.utilities.rank_zero[0m][[32mINFO[0m] - Restoring states from the checkpoint path at /data/mhwang/Rec/GRID/logs/train/runs/2025-09-22/08-50-06/checkpoints/checkpoint_000_003000.ckpt[0m
LOCAL_RANK: 1 - CUDA_VISIBLE_DEVICES: [1,2]
/data_sdc/mhwang/miniconda3/envs/GRs/lib/python3.12/site-packages/lightning/pytorch/trainer/call.py:277: Be aware that when using `ckpt_path`, callbacks used to create the checkpoint need to be provided during `Trainer` instantiation. Please add the following callbacks: ["ModelCheckpoint{'monitor': 'train/loss', 'mode': 'min', 'every_n_train_steps': 3000, 'every_n_epochs': 0, 'train_time_interval': None}"].
LOCAL_RANK: 0 - CUDA_VISIBLE_DEVICES: [1,2]
[[36m2025-09-22 10:05:26,675[0m][[34mpytorch_lightning.utilities.rank_zero[0m][[32mINFO[0m] - Loaded model weights from the checkpoint at /data/mhwang/Rec/GRID/logs/train/runs/2025-09-22/08-50-06/checkpoints/checkpoint_000_003000.ckpt[0m
2025-09-22 10:05:27.085883: I tensorflow/core/kernels/data/tf_record_dataset_op.cc:370] TFRecordDataset `buffer_size` is unspecified, default to 262144
2025-09-22 10:05:27.085891: I tensorflow/core/kernels/data/tf_record_dataset_op.cc:370] TFRecordDataset `buffer_size` is unspecified, default to 262144

Predicting: |          | 0/? [00:00<?, ?it/s]/data_sdc/mhwang/miniconda3/envs/GRs/lib/python3.12/site-packages/lightning/pytorch/loops/prediction_loop.py:307: Couldn't infer the batch indices fetched from your dataloader: `DataloaderWithIterationRetry`

Predicting: |          | 0/? [00:00<?, ?it/s]
Predicting DataLoader 0: |          | 0/? [00:00<?, ?it/s]
Predicting DataLoader 0: |          | 1/? [00:00<00:00,  2.23it/s]
Predicting DataLoader 0: |          | 2/? [00:00<00:00,  2.80it/s]
Predicting DataLoader 0: |          | 3/? [00:00<00:00,  4.13it/s]
Predicting DataLoader 0: |          | 4/? [00:00<00:00,  4.33it/s]
Predicting DataLoader 0: |          | 5/? [00:01<00:00,  4.69it/s]
Predicting DataLoader 0: |          | 6/? [00:01<00:00,  4.39it/s]
Predicting DataLoader 0: |          | 7/? [00:01<00:00,  5.08it/s]
Predicting DataLoader 0: |          | 8/? [00:01<00:00,  5.10it/s]
Predicting DataLoader 0: |          | 9/? [00:01<00:00,  5.25it/s]
Predicting DataLoader 0: |          | 10/? [00:02<00:00,  4.95it/s]
Predicting DataLoader 0: |          | 11/? [00:02<00:00,  5.42it/s]
Predicting DataLoader 0: |          | 12/? [00:02<00:00,  5.40it/s]
Predicting DataLoader 0: |          | 13/? [00:02<00:00,  5.52it/s]
Predicting DataLoader 0: |          | 14/? [00:02<00:00,  5.26it/s]
Predicting DataLoader 0: |          | 15/? [00:02<00:00,  5.61it/s]
Predicting DataLoader 0: |          | 16/? [00:02<00:00,  5.58it/s]
Predicting DataLoader 0: |          | 17/? [00:02<00:00,  5.67it/s]
Predicting DataLoader 0: |          | 18/? [00:03<00:00,  5.44it/s]
Predicting DataLoader 0: |          | 19/? [00:03<00:00,  5.72it/s]
Predicting DataLoader 0: |          | 20/? [00:03<00:00,  5.69it/s]
Predicting DataLoader 0: |          | 21/? [00:03<00:00,  5.76it/s]
Predicting DataLoader 0: |          | 22/? [00:04<00:00,  4.41it/s]
Predicting DataLoader 0: |          | 23/? [00:04<00:00,  4.60it/s]
Predicting DataLoader 0: |          | 24/? [00:05<00:00,  4.63it/s]
Predicting DataLoader 0: |          | 25/? [00:05<00:00,  4.70it/s]
Predicting DataLoader 0: |          | 26/? [00:05<00:00,  4.62it/s]
Predicting DataLoader 0: |          | 27/? [00:05<00:00,  4.79it/s]
Predicting DataLoader 0: |          | 28/? [00:05<00:00,  4.79it/s]
Predicting DataLoader 0: |          | 29/? [00:05<00:00,  4.85it/s]
Predicting DataLoader 0: |          | 30/? [00:06<00:00,  4.77it/s]
Predicting DataLoader 0: |          | 31/? [00:06<00:00,  4.92it/s]
Predicting DataLoader 0: |          | 32/? [00:06<00:00,  4.92it/s]
Predicting DataLoader 0: |          | 33/? [00:06<00:00,  4.97it/s]
Predicting DataLoader 0: |          | 34/? [00:06<00:00,  4.89it/s]
Predicting DataLoader 0: |          | 35/? [00:06<00:00,  5.02it/s]
Predicting DataLoader 0: |          | 36/? [00:07<00:00,  5.04it/s]
Predicting DataLoader 0: |          | 37/? [00:07<00:00,  5.08it/s]
Predicting DataLoader 0: |          | 38/? [00:07<00:00,  4.99it/s]
Predicting DataLoader 0: |          | 39/? [00:07<00:00,  5.11it/s]
Predicting DataLoader 0: |          | 40/? [00:07<00:00,  5.11it/s]
Predicting DataLoader 0: |          | 41/? [00:07<00:00,  5.15it/s][[36m2025-09-22 10:05:36,120[0m][[34msrc.utils.inference_utils[0m][[32mINFO[0m] - Global Rank: 1 wrote 5780 rows to /data/mhwang/Rec/GRID/logs/inference/runs/2025-09-22/10-05-01/pickle/predictions_1_20250922T020536113.pkl.[0m
[[36m2025-09-22 10:05:36,123[0m][[34msrc.utils.inference_utils[0m][[32mINFO[0m] - Rank 1 finished writing predictions.[0m

Predicting DataLoader 0: |          | 42/? [00:08<00:00,  5.08it/s]
Predicting DataLoader 0: |          | 43/? [00:08<00:00,  5.20it/s]
Predicting DataLoader 0: |          | 44/? [00:08<00:00,  5.19it/s]2025-09-22 10:05:36.509786: I tensorflow/core/framework/local_rendezvous.cc:405] Local rendezvous is aborting with status: OUT_OF_RANGE: End of sequence
2025-09-22 10:05:36.557616: I tensorflow/core/framework/local_rendezvous.cc:405] Local rendezvous is aborting with status: OUT_OF_RANGE: End of sequence

Predicting DataLoader 0: |          | 45/? [00:08<00:00,  5.22it/s]
Predicting DataLoader 0: |          | 46/? [00:08<00:00,  5.29it/s]
Predicting DataLoader 0: |          | 47/? [00:08<00:00,  5.36it/s]
Predicting DataLoader 0: |          | 48/? [00:08<00:00,  5.46it/s][[36m2025-09-22 10:05:36,738[0m][[34msrc.utils.inference_utils[0m][[32mINFO[0m] - Global Rank: 0 wrote 6144 rows to /data/mhwang/Rec/GRID/logs/inference/runs/2025-09-22/10-05-01/pickle/predictions_0_20250922T020536729.pkl.[0m
[[36m2025-09-22 10:05:36,741[0m][[34msrc.utils.inference_utils[0m][[32mINFO[0m] - Rank 0 finished writing predictions.[0m
[[36m2025-09-22 10:05:36,742[0m][[34msrc.utils.inference_utils[0m][[32mINFO[0m] - Merging pickle files on main process.[0m
[[36m2025-09-22 10:05:36,778[0m][[34msrc.utils.inference_utils[0m][[32mINFO[0m] - Merged 11924 rows into merged_predictions.pkl.[0m
[[36m2025-09-22 10:05:36,940[0m][[34msrc.utils.inference_utils[0m][[32mINFO[0m] - Merged 11924 rows into merged_predictions_tensor.pt. as pytorch tensor[0m

Predicting DataLoader 0: |          | 48/? [00:09<00:00,  5.22it/s]
