[2025-09-22 10:04:03,961][src.utils.utils][INFO] - [rank: 0] Enforcing tags! <cfg.extras.enforce_tags=True>
[2025-09-22 10:04:03,972][src.utils.utils][WARNING] - [rank: 0] Config loss was not found in the config tree. Make sure this is expected.
[2025-09-22 10:04:06,973][src.utils.utils][INFO] - [rank: 0] Printing config tree with Rich! <cfg.extras.print_config=True>
[2025-09-22 10:04:06,977][src.utils.launcher_utils][INFO] - [rank: 0] Instantiating datamodule <src.data.loading.datamodules.sequence_datamodule.ItemDataModule>
[2025-09-22 10:04:07,178][src.utils.launcher_utils][INFO] - [rank: 0] Instantiating model <src.modules.clustering.residual_quantization.ResidualQuantization>
[2025-09-22 10:04:07,503][root][INFO] - Device cpu: Verbose mode enabled
[2025-09-22 10:04:07,513][root][INFO] - Device cpu: Using custom training loop function
[2025-09-22 10:04:07,525][src.utils.launcher_utils][INFO] - [rank: 0] Instantiating callbacks...
[2025-09-22 10:04:07,526][src.utils.instantiators][INFO] - [rank: 0] Instantiating callback <src.utils.inference_utils.LocalPickleWriter>
[2025-09-22 10:04:07,745][src.utils.launcher_utils][INFO] - [rank: 0] Instantiating loggers...
[2025-09-22 10:04:07,745][src.utils.instantiators][INFO] - [rank: 0] Instantiating logger <lightning.pytorch.loggers.csv_logs.CSVLogger>
[2025-09-22 10:04:07,748][src.utils.launcher_utils][INFO] - [rank: 0] Instantiating trainer <lightning.pytorch.trainer.Trainer>
[2025-09-22 10:04:07,810][pytorch_lightning.utilities.rank_zero][INFO] - Using bfloat16 Automatic Mixed Precision (AMP)
[2025-09-22 10:04:07,846][pytorch_lightning.utilities.rank_zero][INFO] - GPU available: True (cuda), used: True
[2025-09-22 10:04:07,847][pytorch_lightning.utilities.rank_zero][INFO] - TPU available: False, using: 0 TPU cores
[2025-09-22 10:04:07,848][pytorch_lightning.utilities.rank_zero][INFO] - HPU available: False, using: 0 HPUs
[2025-09-22 10:04:07,848][src.utils.launcher_utils][INFO] - [rank: 0] Logging hyperparameters!
[2025-09-22 10:04:08,063][__main__][INFO] - [rank: 0] Starting inference!
[2025-09-22 10:04:08,199][pytorch_lightning.utilities.rank_zero][INFO] - You are using a CUDA device ('NVIDIA A800 80GB PCIe') that has Tensor Cores. To properly utilize them, you should set `torch.set_float32_matmul_precision('medium' | 'high')` which will trade-off precision for performance. For more details, read https://pytorch.org/docs/stable/generated/torch.set_float32_matmul_precision.html#torch.set_float32_matmul_precision
[2025-09-22 10:04:26,595][root][INFO] - Device cpu: Verbose mode enabled
[2025-09-22 10:04:26,606][root][INFO] - Device cpu: Using custom training loop function
[2025-09-22 10:04:27,100][pytorch_lightning.utilities.rank_zero][INFO] - ----------------------------------------------------------------------------------------------------
distributed_backend=nccl
All distributed processes registered. Starting with 2 processes
----------------------------------------------------------------------------------------------------

[2025-09-22 10:04:28,569][src.utils.inference_utils][INFO] - Rank 1 initialized for inference.
[2025-09-22 10:04:28,570][src.utils.inference_utils][INFO] - Rank 0 initialized for inference.
[2025-09-22 10:04:28,572][pytorch_lightning.utilities.rank_zero][INFO] - Restoring states from the checkpoint path at /data/mhwang/Rec/GRID/logs/train/runs/2025-09-22/08-43-40/checkpoints/checkpoint_000_003000.ckpt
[2025-09-22 10:04:29,545][pytorch_lightning.utilities.rank_zero][INFO] - Loaded model weights from the checkpoint at /data/mhwang/Rec/GRID/logs/train/runs/2025-09-22/08-43-40/checkpoints/checkpoint_000_003000.ckpt
[2025-09-22 10:04:39,121][src.utils.inference_utils][INFO] - Global Rank: 1 wrote 6144 rows to /data/mhwang/Rec/GRID/logs/inference/runs/2025-09-22/10-04-03/pickle/predictions_1_20250922T020439113.pkl.
[2025-09-22 10:04:39,124][src.utils.inference_utils][INFO] - Rank 1 finished writing predictions.
[2025-09-22 10:04:39,493][src.utils.inference_utils][INFO] - Global Rank: 0 wrote 5957 rows to /data/mhwang/Rec/GRID/logs/inference/runs/2025-09-22/10-04-03/pickle/predictions_0_20250922T020439484.pkl.
[2025-09-22 10:04:39,496][src.utils.inference_utils][INFO] - Rank 0 finished writing predictions.
[2025-09-22 10:04:39,497][src.utils.inference_utils][INFO] - Merging pickle files on main process.
[2025-09-22 10:04:39,531][src.utils.inference_utils][INFO] - Merged 12101 rows into merged_predictions.pkl.
[2025-09-22 10:04:39,698][src.utils.inference_utils][INFO] - Merged 12101 rows into merged_predictions_tensor.pt. as pytorch tensor
