[2025-09-17 21:07:23,803][src.utils.utils][INFO] - [rank: 0] Enforcing tags! <cfg.extras.enforce_tags=True>
[2025-09-17 21:07:23,810][src.utils.utils][WARNING] - [rank: 0] Config loss was not found in the config tree. Make sure this is expected.
[2025-09-17 21:07:23,810][src.utils.utils][WARNING] - [rank: 0] Config optim was not found in the config tree. Make sure this is expected.
[2025-09-17 21:07:23,810][src.utils.utils][WARNING] - [rank: 0] Config eval was not found in the config tree. Make sure this is expected.
[2025-09-17 21:07:26,811][src.utils.utils][INFO] - [rank: 0] Printing config tree with Rich! <cfg.extras.print_config=True>
[2025-09-17 21:07:26,817][src.utils.launcher_utils][INFO] - [rank: 0] Instantiating datamodule <src.data.loading.datamodules.sequence_datamodule.ItemDataModule>
[2025-09-17 21:07:27,327][src.utils.launcher_utils][INFO] - [rank: 0] Instantiating model <src.modules.semantic_embedding_inference_module.SemanticEmbeddingInferenceModule>
[2025-09-17 21:07:52,133][src.utils.launcher_utils][INFO] - [rank: 0] Instantiating callbacks...
[2025-09-17 21:07:52,133][src.utils.instantiators][INFO] - [rank: 0] Instantiating callback <src.utils.inference_utils.LocalPickleWriter>
[2025-09-17 21:07:52,266][src.utils.launcher_utils][INFO] - [rank: 0] Instantiating loggers...
[2025-09-17 21:07:52,267][src.utils.instantiators][INFO] - [rank: 0] Instantiating logger <lightning.pytorch.loggers.csv_logs.CSVLogger>
[2025-09-17 21:07:52,269][src.utils.launcher_utils][INFO] - [rank: 0] Instantiating trainer <lightning.pytorch.trainer.Trainer>
[2025-09-17 21:07:52,377][src.utils.launcher_utils][INFO] - [rank: 0] Logging hyperparameters!
[2025-09-17 21:07:52,500][__main__][INFO] - [rank: 0] Starting inference!
[2025-09-17 21:07:52,500][__main__][WARNING] - [rank: 0] No ckpt_path was provided. If using a model you trained, this is mandatory. Only leave ckpt_path=None if using a pre-trained model.
[2025-09-17 21:08:33,954][src.utils.inference_utils][INFO] - Rank 1 initialized for inference.
[2025-09-17 21:08:33,955][src.utils.inference_utils][INFO] - Rank 0 initialized for inference.
[2025-09-17 21:08:43,323][src.utils.inference_utils][INFO] - Global Rank: 0 wrote 64 rows to /data/mhwang/Rec/GRID/logs/inference/runs/2025-09-17/21-07-23/pickle/predictions_0_20250917T130843307.pkl.
[2025-09-17 21:08:45,811][src.utils.inference_utils][INFO] - Global Rank: 1 wrote 64 rows to /data/mhwang/Rec/GRID/logs/inference/runs/2025-09-17/21-07-23/pickle/predictions_1_20250917T130845790.pkl.
[2025-09-17 21:08:46,241][src.utils.inference_utils][INFO] - Global Rank: 0 wrote 64 rows to /data/mhwang/Rec/GRID/logs/inference/runs/2025-09-17/21-07-23/pickle/predictions_0_20250917T130846222.pkl.
[2025-09-17 21:08:49,149][src.utils.inference_utils][INFO] - Global Rank: 0 wrote 64 rows to /data/mhwang/Rec/GRID/logs/inference/runs/2025-09-17/21-07-23/pickle/predictions_0_20250917T130849129.pkl.
[2025-09-17 21:08:51,314][src.utils.inference_utils][INFO] - Global Rank: 1 wrote 64 rows to /data/mhwang/Rec/GRID/logs/inference/runs/2025-09-17/21-07-23/pickle/predictions_1_20250917T130851294.pkl.
[2025-09-17 21:08:52,041][src.utils.inference_utils][INFO] - Global Rank: 0 wrote 64 rows to /data/mhwang/Rec/GRID/logs/inference/runs/2025-09-17/21-07-23/pickle/predictions_0_20250917T130852023.pkl.
[2025-09-17 21:08:54,917][src.utils.inference_utils][INFO] - Global Rank: 0 wrote 64 rows to /data/mhwang/Rec/GRID/logs/inference/runs/2025-09-17/21-07-23/pickle/predictions_0_20250917T130854893.pkl.
[2025-09-17 21:08:56,136][src.utils.inference_utils][INFO] - Global Rank: 1 wrote 64 rows to /data/mhwang/Rec/GRID/logs/inference/runs/2025-09-17/21-07-23/pickle/predictions_1_20250917T130856116.pkl.
[2025-09-17 21:08:57,811][src.utils.inference_utils][INFO] - Global Rank: 0 wrote 64 rows to /data/mhwang/Rec/GRID/logs/inference/runs/2025-09-17/21-07-23/pickle/predictions_0_20250917T130857792.pkl.
[2025-09-17 21:09:00,132][src.utils.inference_utils][INFO] - Global Rank: 1 wrote 64 rows to /data/mhwang/Rec/GRID/logs/inference/runs/2025-09-17/21-07-23/pickle/predictions_1_20250917T130900112.pkl.
[2025-09-17 21:09:00,689][src.utils.inference_utils][INFO] - Global Rank: 0 wrote 64 rows to /data/mhwang/Rec/GRID/logs/inference/runs/2025-09-17/21-07-23/pickle/predictions_0_20250917T130900670.pkl.
[2025-09-17 21:09:03,576][src.utils.inference_utils][INFO] - Global Rank: 0 wrote 64 rows to /data/mhwang/Rec/GRID/logs/inference/runs/2025-09-17/21-07-23/pickle/predictions_0_20250917T130903556.pkl.
[2025-09-17 21:09:04,988][src.utils.inference_utils][INFO] - Global Rank: 1 wrote 64 rows to /data/mhwang/Rec/GRID/logs/inference/runs/2025-09-17/21-07-23/pickle/predictions_1_20250917T130904968.pkl.
[2025-09-17 21:09:06,454][src.utils.inference_utils][INFO] - Global Rank: 0 wrote 64 rows to /data/mhwang/Rec/GRID/logs/inference/runs/2025-09-17/21-07-23/pickle/predictions_0_20250917T130906439.pkl.
[2025-09-17 21:09:09,309][src.utils.inference_utils][INFO] - Global Rank: 0 wrote 64 rows to /data/mhwang/Rec/GRID/logs/inference/runs/2025-09-17/21-07-23/pickle/predictions_0_20250917T130909294.pkl.
[2025-09-17 21:09:10,378][src.utils.inference_utils][INFO] - Global Rank: 1 wrote 64 rows to /data/mhwang/Rec/GRID/logs/inference/runs/2025-09-17/21-07-23/pickle/predictions_1_20250917T130910358.pkl.
[2025-09-17 21:09:12,185][src.utils.inference_utils][INFO] - Global Rank: 0 wrote 64 rows to /data/mhwang/Rec/GRID/logs/inference/runs/2025-09-17/21-07-23/pickle/predictions_0_20250917T130912168.pkl.
[2025-09-17 21:09:15,047][src.utils.inference_utils][INFO] - Global Rank: 0 wrote 64 rows to /data/mhwang/Rec/GRID/logs/inference/runs/2025-09-17/21-07-23/pickle/predictions_0_20250917T130915030.pkl.
[2025-09-17 21:09:15,759][src.utils.inference_utils][INFO] - Global Rank: 1 wrote 64 rows to /data/mhwang/Rec/GRID/logs/inference/runs/2025-09-17/21-07-23/pickle/predictions_1_20250917T130915741.pkl.
[2025-09-17 21:09:17,944][src.utils.inference_utils][INFO] - Global Rank: 0 wrote 64 rows to /data/mhwang/Rec/GRID/logs/inference/runs/2025-09-17/21-07-23/pickle/predictions_0_20250917T130917926.pkl.
[2025-09-17 21:09:20,872][src.utils.inference_utils][INFO] - Global Rank: 0 wrote 64 rows to /data/mhwang/Rec/GRID/logs/inference/runs/2025-09-17/21-07-23/pickle/predictions_0_20250917T130920853.pkl.
[2025-09-17 21:09:21,266][src.utils.inference_utils][INFO] - Global Rank: 1 wrote 64 rows to /data/mhwang/Rec/GRID/logs/inference/runs/2025-09-17/21-07-23/pickle/predictions_1_20250917T130921247.pkl.
[2025-09-17 21:09:23,777][src.utils.inference_utils][INFO] - Global Rank: 0 wrote 64 rows to /data/mhwang/Rec/GRID/logs/inference/runs/2025-09-17/21-07-23/pickle/predictions_0_20250917T130923758.pkl.
[2025-09-17 21:09:26,588][src.utils.inference_utils][INFO] - Global Rank: 1 wrote 64 rows to /data/mhwang/Rec/GRID/logs/inference/runs/2025-09-17/21-07-23/pickle/predictions_1_20250917T130926570.pkl.
[2025-09-17 21:09:26,699][src.utils.inference_utils][INFO] - Global Rank: 0 wrote 64 rows to /data/mhwang/Rec/GRID/logs/inference/runs/2025-09-17/21-07-23/pickle/predictions_0_20250917T130926681.pkl.
[2025-09-17 21:09:29,635][src.utils.inference_utils][INFO] - Global Rank: 0 wrote 64 rows to /data/mhwang/Rec/GRID/logs/inference/runs/2025-09-17/21-07-23/pickle/predictions_0_20250917T130929615.pkl.
[2025-09-17 21:09:31,887][src.utils.inference_utils][INFO] - Global Rank: 1 wrote 64 rows to /data/mhwang/Rec/GRID/logs/inference/runs/2025-09-17/21-07-23/pickle/predictions_1_20250917T130931869.pkl.
[2025-09-17 21:09:32,567][src.utils.inference_utils][INFO] - Global Rank: 0 wrote 64 rows to /data/mhwang/Rec/GRID/logs/inference/runs/2025-09-17/21-07-23/pickle/predictions_0_20250917T130932548.pkl.
[2025-09-17 21:09:35,488][src.utils.inference_utils][INFO] - Global Rank: 0 wrote 64 rows to /data/mhwang/Rec/GRID/logs/inference/runs/2025-09-17/21-07-23/pickle/predictions_0_20250917T130935469.pkl.
[2025-09-17 21:09:37,248][src.utils.inference_utils][INFO] - Global Rank: 1 wrote 64 rows to /data/mhwang/Rec/GRID/logs/inference/runs/2025-09-17/21-07-23/pickle/predictions_1_20250917T130937231.pkl.
[2025-09-17 21:09:38,411][src.utils.inference_utils][INFO] - Global Rank: 0 wrote 64 rows to /data/mhwang/Rec/GRID/logs/inference/runs/2025-09-17/21-07-23/pickle/predictions_0_20250917T130938392.pkl.
[2025-09-17 21:09:41,343][src.utils.inference_utils][INFO] - Global Rank: 0 wrote 64 rows to /data/mhwang/Rec/GRID/logs/inference/runs/2025-09-17/21-07-23/pickle/predictions_0_20250917T130941324.pkl.
[2025-09-17 21:09:41,519][src.utils.inference_utils][INFO] - Global Rank: 1 wrote 64 rows to /data/mhwang/Rec/GRID/logs/inference/runs/2025-09-17/21-07-23/pickle/predictions_1_20250917T130941502.pkl.
[2025-09-17 21:09:44,273][src.utils.inference_utils][INFO] - Global Rank: 0 wrote 64 rows to /data/mhwang/Rec/GRID/logs/inference/runs/2025-09-17/21-07-23/pickle/predictions_0_20250917T130944255.pkl.
[2025-09-17 21:09:45,488][src.utils.inference_utils][INFO] - Global Rank: 1 wrote 64 rows to /data/mhwang/Rec/GRID/logs/inference/runs/2025-09-17/21-07-23/pickle/predictions_1_20250917T130945469.pkl.
[2025-09-17 21:09:47,198][src.utils.inference_utils][INFO] - Global Rank: 0 wrote 64 rows to /data/mhwang/Rec/GRID/logs/inference/runs/2025-09-17/21-07-23/pickle/predictions_0_20250917T130947179.pkl.
[2025-09-17 21:09:50,163][src.utils.inference_utils][INFO] - Global Rank: 0 wrote 64 rows to /data/mhwang/Rec/GRID/logs/inference/runs/2025-09-17/21-07-23/pickle/predictions_0_20250917T130950140.pkl.
[2025-09-17 21:09:50,723][src.utils.inference_utils][INFO] - Global Rank: 1 wrote 64 rows to /data/mhwang/Rec/GRID/logs/inference/runs/2025-09-17/21-07-23/pickle/predictions_1_20250917T130950706.pkl.
[2025-09-17 21:09:53,064][src.utils.inference_utils][INFO] - Global Rank: 0 wrote 64 rows to /data/mhwang/Rec/GRID/logs/inference/runs/2025-09-17/21-07-23/pickle/predictions_0_20250917T130953046.pkl.
[2025-09-17 21:09:55,913][src.utils.inference_utils][INFO] - Global Rank: 0 wrote 64 rows to /data/mhwang/Rec/GRID/logs/inference/runs/2025-09-17/21-07-23/pickle/predictions_0_20250917T130955895.pkl.
[2025-09-17 21:09:56,016][src.utils.inference_utils][INFO] - Global Rank: 1 wrote 64 rows to /data/mhwang/Rec/GRID/logs/inference/runs/2025-09-17/21-07-23/pickle/predictions_1_20250917T130955998.pkl.
[2025-09-17 21:09:58,824][src.utils.inference_utils][INFO] - Global Rank: 0 wrote 64 rows to /data/mhwang/Rec/GRID/logs/inference/runs/2025-09-17/21-07-23/pickle/predictions_0_20250917T130958807.pkl.
[2025-09-17 21:10:01,431][src.utils.inference_utils][INFO] - Global Rank: 1 wrote 64 rows to /data/mhwang/Rec/GRID/logs/inference/runs/2025-09-17/21-07-23/pickle/predictions_1_20250917T131001414.pkl.
[2025-09-17 21:10:01,746][src.utils.inference_utils][INFO] - Global Rank: 0 wrote 64 rows to /data/mhwang/Rec/GRID/logs/inference/runs/2025-09-17/21-07-23/pickle/predictions_0_20250917T131001722.pkl.
[2025-09-17 21:10:04,700][src.utils.inference_utils][INFO] - Global Rank: 0 wrote 64 rows to /data/mhwang/Rec/GRID/logs/inference/runs/2025-09-17/21-07-23/pickle/predictions_0_20250917T131004682.pkl.
[2025-09-17 21:10:06,812][src.utils.inference_utils][INFO] - Global Rank: 1 wrote 64 rows to /data/mhwang/Rec/GRID/logs/inference/runs/2025-09-17/21-07-23/pickle/predictions_1_20250917T131006794.pkl.
[2025-09-17 21:10:07,631][src.utils.inference_utils][INFO] - Global Rank: 0 wrote 64 rows to /data/mhwang/Rec/GRID/logs/inference/runs/2025-09-17/21-07-23/pickle/predictions_0_20250917T131007611.pkl.
[2025-09-17 21:10:10,551][src.utils.inference_utils][INFO] - Global Rank: 0 wrote 64 rows to /data/mhwang/Rec/GRID/logs/inference/runs/2025-09-17/21-07-23/pickle/predictions_0_20250917T131010533.pkl.
[2025-09-17 21:10:12,265][src.utils.inference_utils][INFO] - Global Rank: 1 wrote 64 rows to /data/mhwang/Rec/GRID/logs/inference/runs/2025-09-17/21-07-23/pickle/predictions_1_20250917T131012247.pkl.
[2025-09-17 21:10:13,464][src.utils.inference_utils][INFO] - Global Rank: 0 wrote 64 rows to /data/mhwang/Rec/GRID/logs/inference/runs/2025-09-17/21-07-23/pickle/predictions_0_20250917T131013445.pkl.
[2025-09-17 21:10:16,411][src.utils.inference_utils][INFO] - Global Rank: 0 wrote 64 rows to /data/mhwang/Rec/GRID/logs/inference/runs/2025-09-17/21-07-23/pickle/predictions_0_20250917T131016391.pkl.
[2025-09-17 21:10:17,522][src.utils.inference_utils][INFO] - Global Rank: 1 wrote 64 rows to /data/mhwang/Rec/GRID/logs/inference/runs/2025-09-17/21-07-23/pickle/predictions_1_20250917T131017505.pkl.
[2025-09-17 21:10:19,356][src.utils.inference_utils][INFO] - Global Rank: 0 wrote 64 rows to /data/mhwang/Rec/GRID/logs/inference/runs/2025-09-17/21-07-23/pickle/predictions_0_20250917T131019337.pkl.
[2025-09-17 21:10:22,310][src.utils.inference_utils][INFO] - Global Rank: 0 wrote 64 rows to /data/mhwang/Rec/GRID/logs/inference/runs/2025-09-17/21-07-23/pickle/predictions_0_20250917T131022292.pkl.
[2025-09-17 21:10:22,769][src.utils.inference_utils][INFO] - Global Rank: 1 wrote 64 rows to /data/mhwang/Rec/GRID/logs/inference/runs/2025-09-17/21-07-23/pickle/predictions_1_20250917T131022752.pkl.
[2025-09-17 21:10:25,229][src.utils.inference_utils][INFO] - Global Rank: 0 wrote 64 rows to /data/mhwang/Rec/GRID/logs/inference/runs/2025-09-17/21-07-23/pickle/predictions_0_20250917T131025209.pkl.
[2025-09-17 21:10:26,790][src.utils.inference_utils][INFO] - Global Rank: 1 wrote 64 rows to /data/mhwang/Rec/GRID/logs/inference/runs/2025-09-17/21-07-23/pickle/predictions_1_20250917T131026773.pkl.
[2025-09-17 21:10:28,175][src.utils.inference_utils][INFO] - Global Rank: 0 wrote 64 rows to /data/mhwang/Rec/GRID/logs/inference/runs/2025-09-17/21-07-23/pickle/predictions_0_20250917T131028158.pkl.
[2025-09-17 21:10:31,077][src.utils.inference_utils][INFO] - Global Rank: 0 wrote 64 rows to /data/mhwang/Rec/GRID/logs/inference/runs/2025-09-17/21-07-23/pickle/predictions_0_20250917T131031061.pkl.
[2025-09-17 21:10:31,285][src.utils.inference_utils][INFO] - Global Rank: 1 wrote 64 rows to /data/mhwang/Rec/GRID/logs/inference/runs/2025-09-17/21-07-23/pickle/predictions_1_20250917T131031267.pkl.
[2025-09-17 21:10:34,026][src.utils.inference_utils][INFO] - Global Rank: 0 wrote 64 rows to /data/mhwang/Rec/GRID/logs/inference/runs/2025-09-17/21-07-23/pickle/predictions_0_20250917T131034004.pkl.
[2025-09-17 21:10:36,745][src.utils.inference_utils][INFO] - Global Rank: 1 wrote 64 rows to /data/mhwang/Rec/GRID/logs/inference/runs/2025-09-17/21-07-23/pickle/predictions_1_20250917T131036728.pkl.
[2025-09-17 21:10:36,946][src.utils.inference_utils][INFO] - Global Rank: 0 wrote 64 rows to /data/mhwang/Rec/GRID/logs/inference/runs/2025-09-17/21-07-23/pickle/predictions_0_20250917T131036924.pkl.
[2025-09-17 21:10:39,855][src.utils.inference_utils][INFO] - Global Rank: 0 wrote 64 rows to /data/mhwang/Rec/GRID/logs/inference/runs/2025-09-17/21-07-23/pickle/predictions_0_20250917T131039837.pkl.
[2025-09-17 21:10:42,197][src.utils.inference_utils][INFO] - Global Rank: 1 wrote 64 rows to /data/mhwang/Rec/GRID/logs/inference/runs/2025-09-17/21-07-23/pickle/predictions_1_20250917T131042180.pkl.
[2025-09-17 21:10:42,817][src.utils.inference_utils][INFO] - Global Rank: 0 wrote 64 rows to /data/mhwang/Rec/GRID/logs/inference/runs/2025-09-17/21-07-23/pickle/predictions_0_20250917T131042799.pkl.
[2025-09-17 21:10:45,789][src.utils.inference_utils][INFO] - Global Rank: 0 wrote 64 rows to /data/mhwang/Rec/GRID/logs/inference/runs/2025-09-17/21-07-23/pickle/predictions_0_20250917T131045770.pkl.
[2025-09-17 21:10:47,511][src.utils.inference_utils][INFO] - Global Rank: 1 wrote 64 rows to /data/mhwang/Rec/GRID/logs/inference/runs/2025-09-17/21-07-23/pickle/predictions_1_20250917T131047494.pkl.
[2025-09-17 21:10:48,690][src.utils.inference_utils][INFO] - Global Rank: 0 wrote 64 rows to /data/mhwang/Rec/GRID/logs/inference/runs/2025-09-17/21-07-23/pickle/predictions_0_20250917T131048672.pkl.
[2025-09-17 21:10:51,604][src.utils.inference_utils][INFO] - Global Rank: 0 wrote 64 rows to /data/mhwang/Rec/GRID/logs/inference/runs/2025-09-17/21-07-23/pickle/predictions_0_20250917T131051588.pkl.
[2025-09-17 21:10:52,827][src.utils.inference_utils][INFO] - Global Rank: 1 wrote 64 rows to /data/mhwang/Rec/GRID/logs/inference/runs/2025-09-17/21-07-23/pickle/predictions_1_20250917T131052808.pkl.
[2025-09-17 21:10:54,515][src.utils.inference_utils][INFO] - Global Rank: 0 wrote 64 rows to /data/mhwang/Rec/GRID/logs/inference/runs/2025-09-17/21-07-23/pickle/predictions_0_20250917T131054498.pkl.
[2025-09-17 21:10:57,422][src.utils.inference_utils][INFO] - Global Rank: 0 wrote 64 rows to /data/mhwang/Rec/GRID/logs/inference/runs/2025-09-17/21-07-23/pickle/predictions_0_20250917T131057404.pkl.
[2025-09-17 21:10:58,281][src.utils.inference_utils][INFO] - Global Rank: 1 wrote 64 rows to /data/mhwang/Rec/GRID/logs/inference/runs/2025-09-17/21-07-23/pickle/predictions_1_20250917T131058262.pkl.
[2025-09-17 21:11:00,357][src.utils.inference_utils][INFO] - Global Rank: 0 wrote 64 rows to /data/mhwang/Rec/GRID/logs/inference/runs/2025-09-17/21-07-23/pickle/predictions_0_20250917T131100337.pkl.
[2025-09-17 21:11:03,295][src.utils.inference_utils][INFO] - Global Rank: 0 wrote 64 rows to /data/mhwang/Rec/GRID/logs/inference/runs/2025-09-17/21-07-23/pickle/predictions_0_20250917T131103273.pkl.
[2025-09-17 21:11:03,765][src.utils.inference_utils][INFO] - Global Rank: 1 wrote 64 rows to /data/mhwang/Rec/GRID/logs/inference/runs/2025-09-17/21-07-23/pickle/predictions_1_20250917T131103747.pkl.
[2025-09-17 21:11:06,241][src.utils.inference_utils][INFO] - Global Rank: 0 wrote 64 rows to /data/mhwang/Rec/GRID/logs/inference/runs/2025-09-17/21-07-23/pickle/predictions_0_20250917T131106222.pkl.
[2025-09-17 21:11:08,194][src.utils.inference_utils][INFO] - Global Rank: 1 wrote 64 rows to /data/mhwang/Rec/GRID/logs/inference/runs/2025-09-17/21-07-23/pickle/predictions_1_20250917T131108177.pkl.
[2025-09-17 21:11:09,173][src.utils.inference_utils][INFO] - Global Rank: 0 wrote 64 rows to /data/mhwang/Rec/GRID/logs/inference/runs/2025-09-17/21-07-23/pickle/predictions_0_20250917T131109153.pkl.
[2025-09-17 21:11:12,102][src.utils.inference_utils][INFO] - Global Rank: 0 wrote 64 rows to /data/mhwang/Rec/GRID/logs/inference/runs/2025-09-17/21-07-23/pickle/predictions_0_20250917T131112083.pkl.
[2025-09-17 21:11:12,126][src.utils.inference_utils][INFO] - Global Rank: 1 wrote 64 rows to /data/mhwang/Rec/GRID/logs/inference/runs/2025-09-17/21-07-23/pickle/predictions_1_20250917T131112109.pkl.
[2025-09-17 21:11:15,044][src.utils.inference_utils][INFO] - Global Rank: 0 wrote 64 rows to /data/mhwang/Rec/GRID/logs/inference/runs/2025-09-17/21-07-23/pickle/predictions_0_20250917T131115025.pkl.
[2025-09-17 21:11:17,322][src.utils.inference_utils][INFO] - Global Rank: 1 wrote 64 rows to /data/mhwang/Rec/GRID/logs/inference/runs/2025-09-17/21-07-23/pickle/predictions_1_20250917T131117305.pkl.
[2025-09-17 21:11:17,984][src.utils.inference_utils][INFO] - Global Rank: 0 wrote 64 rows to /data/mhwang/Rec/GRID/logs/inference/runs/2025-09-17/21-07-23/pickle/predictions_0_20250917T131117965.pkl.
[2025-09-17 21:11:20,951][src.utils.inference_utils][INFO] - Global Rank: 0 wrote 64 rows to /data/mhwang/Rec/GRID/logs/inference/runs/2025-09-17/21-07-23/pickle/predictions_0_20250917T131120926.pkl.
[2025-09-17 21:11:22,597][src.utils.inference_utils][INFO] - Global Rank: 1 wrote 64 rows to /data/mhwang/Rec/GRID/logs/inference/runs/2025-09-17/21-07-23/pickle/predictions_1_20250917T131122576.pkl.
[2025-09-17 21:11:23,904][src.utils.inference_utils][INFO] - Global Rank: 0 wrote 64 rows to /data/mhwang/Rec/GRID/logs/inference/runs/2025-09-17/21-07-23/pickle/predictions_0_20250917T131123878.pkl.
[2025-09-17 21:11:26,855][src.utils.inference_utils][INFO] - Global Rank: 0 wrote 64 rows to /data/mhwang/Rec/GRID/logs/inference/runs/2025-09-17/21-07-23/pickle/predictions_0_20250917T131126837.pkl.
[2025-09-17 21:11:28,075][src.utils.inference_utils][INFO] - Global Rank: 1 wrote 64 rows to /data/mhwang/Rec/GRID/logs/inference/runs/2025-09-17/21-07-23/pickle/predictions_1_20250917T131128059.pkl.
[2025-09-17 21:11:29,780][src.utils.inference_utils][INFO] - Global Rank: 0 wrote 64 rows to /data/mhwang/Rec/GRID/logs/inference/runs/2025-09-17/21-07-23/pickle/predictions_0_20250917T131129760.pkl.
[2025-09-17 21:11:32,732][src.utils.inference_utils][INFO] - Global Rank: 0 wrote 64 rows to /data/mhwang/Rec/GRID/logs/inference/runs/2025-09-17/21-07-23/pickle/predictions_0_20250917T131132713.pkl.
[2025-09-17 21:11:33,467][src.utils.inference_utils][INFO] - Global Rank: 1 wrote 64 rows to /data/mhwang/Rec/GRID/logs/inference/runs/2025-09-17/21-07-23/pickle/predictions_1_20250917T131133452.pkl.
[2025-09-17 21:11:35,712][src.utils.inference_utils][INFO] - Global Rank: 0 wrote 64 rows to /data/mhwang/Rec/GRID/logs/inference/runs/2025-09-17/21-07-23/pickle/predictions_0_20250917T131135694.pkl.
[2025-09-17 21:11:38,642][src.utils.inference_utils][INFO] - Global Rank: 0 wrote 64 rows to /data/mhwang/Rec/GRID/logs/inference/runs/2025-09-17/21-07-23/pickle/predictions_0_20250917T131138623.pkl.
[2025-09-17 21:11:38,862][src.utils.inference_utils][INFO] - Global Rank: 1 wrote 64 rows to /data/mhwang/Rec/GRID/logs/inference/runs/2025-09-17/21-07-23/pickle/predictions_1_20250917T131138843.pkl.
[2025-09-17 21:11:41,606][src.utils.inference_utils][INFO] - Global Rank: 0 wrote 64 rows to /data/mhwang/Rec/GRID/logs/inference/runs/2025-09-17/21-07-23/pickle/predictions_0_20250917T131141587.pkl.
[2025-09-17 21:11:44,183][src.utils.inference_utils][INFO] - Global Rank: 1 wrote 64 rows to /data/mhwang/Rec/GRID/logs/inference/runs/2025-09-17/21-07-23/pickle/predictions_1_20250917T131144167.pkl.
[2025-09-17 21:11:44,542][src.utils.inference_utils][INFO] - Global Rank: 0 wrote 64 rows to /data/mhwang/Rec/GRID/logs/inference/runs/2025-09-17/21-07-23/pickle/predictions_0_20250917T131144522.pkl.
[2025-09-17 21:11:47,493][src.utils.inference_utils][INFO] - Global Rank: 0 wrote 64 rows to /data/mhwang/Rec/GRID/logs/inference/runs/2025-09-17/21-07-23/pickle/predictions_0_20250917T131147473.pkl.
[2025-09-17 21:11:49,480][src.utils.inference_utils][INFO] - Global Rank: 1 wrote 64 rows to /data/mhwang/Rec/GRID/logs/inference/runs/2025-09-17/21-07-23/pickle/predictions_1_20250917T131149464.pkl.
[2025-09-17 21:11:50,458][src.utils.inference_utils][INFO] - Global Rank: 0 wrote 64 rows to /data/mhwang/Rec/GRID/logs/inference/runs/2025-09-17/21-07-23/pickle/predictions_0_20250917T131150439.pkl.
[2025-09-17 21:11:53,396][src.utils.inference_utils][INFO] - Global Rank: 0 wrote 64 rows to /data/mhwang/Rec/GRID/logs/inference/runs/2025-09-17/21-07-23/pickle/predictions_0_20250917T131153378.pkl.
[2025-09-17 21:11:53,538][src.utils.inference_utils][INFO] - Global Rank: 1 wrote 64 rows to /data/mhwang/Rec/GRID/logs/inference/runs/2025-09-17/21-07-23/pickle/predictions_1_20250917T131153522.pkl.
[2025-09-17 21:11:56,322][src.utils.inference_utils][INFO] - Global Rank: 0 wrote 64 rows to /data/mhwang/Rec/GRID/logs/inference/runs/2025-09-17/21-07-23/pickle/predictions_0_20250917T131156299.pkl.
[2025-09-17 21:11:57,812][src.utils.inference_utils][INFO] - Global Rank: 1 wrote 64 rows to /data/mhwang/Rec/GRID/logs/inference/runs/2025-09-17/21-07-23/pickle/predictions_1_20250917T131157796.pkl.
[2025-09-17 21:11:59,271][src.utils.inference_utils][INFO] - Global Rank: 0 wrote 64 rows to /data/mhwang/Rec/GRID/logs/inference/runs/2025-09-17/21-07-23/pickle/predictions_0_20250917T131159250.pkl.
[2025-09-17 21:12:02,172][src.utils.inference_utils][INFO] - Global Rank: 0 wrote 64 rows to /data/mhwang/Rec/GRID/logs/inference/runs/2025-09-17/21-07-23/pickle/predictions_0_20250917T131202153.pkl.
[2025-09-17 21:12:03,254][src.utils.inference_utils][INFO] - Global Rank: 1 wrote 64 rows to /data/mhwang/Rec/GRID/logs/inference/runs/2025-09-17/21-07-23/pickle/predictions_1_20250917T131203238.pkl.
[2025-09-17 21:12:05,117][src.utils.inference_utils][INFO] - Global Rank: 0 wrote 64 rows to /data/mhwang/Rec/GRID/logs/inference/runs/2025-09-17/21-07-23/pickle/predictions_0_20250917T131205096.pkl.
[2025-09-17 21:12:08,069][src.utils.inference_utils][INFO] - Global Rank: 0 wrote 64 rows to /data/mhwang/Rec/GRID/logs/inference/runs/2025-09-17/21-07-23/pickle/predictions_0_20250917T131208046.pkl.
[2025-09-17 21:12:08,744][src.utils.inference_utils][INFO] - Global Rank: 1 wrote 64 rows to /data/mhwang/Rec/GRID/logs/inference/runs/2025-09-17/21-07-23/pickle/predictions_1_20250917T131208728.pkl.
[2025-09-17 21:12:10,994][src.utils.inference_utils][INFO] - Global Rank: 0 wrote 64 rows to /data/mhwang/Rec/GRID/logs/inference/runs/2025-09-17/21-07-23/pickle/predictions_0_20250917T131210975.pkl.
[2025-09-17 21:12:13,909][src.utils.inference_utils][INFO] - Global Rank: 0 wrote 64 rows to /data/mhwang/Rec/GRID/logs/inference/runs/2025-09-17/21-07-23/pickle/predictions_0_20250917T131213890.pkl.
[2025-09-17 21:12:14,078][src.utils.inference_utils][INFO] - Global Rank: 1 wrote 64 rows to /data/mhwang/Rec/GRID/logs/inference/runs/2025-09-17/21-07-23/pickle/predictions_1_20250917T131214062.pkl.
[2025-09-17 21:12:16,800][src.utils.inference_utils][INFO] - Global Rank: 0 wrote 64 rows to /data/mhwang/Rec/GRID/logs/inference/runs/2025-09-17/21-07-23/pickle/predictions_0_20250917T131216784.pkl.
[2025-09-17 21:12:19,455][src.utils.inference_utils][INFO] - Global Rank: 1 wrote 64 rows to /data/mhwang/Rec/GRID/logs/inference/runs/2025-09-17/21-07-23/pickle/predictions_1_20250917T131219439.pkl.
[2025-09-17 21:12:19,762][src.utils.inference_utils][INFO] - Global Rank: 0 wrote 64 rows to /data/mhwang/Rec/GRID/logs/inference/runs/2025-09-17/21-07-23/pickle/predictions_0_20250917T131219744.pkl.
[2025-09-17 21:12:22,699][src.utils.inference_utils][INFO] - Global Rank: 0 wrote 64 rows to /data/mhwang/Rec/GRID/logs/inference/runs/2025-09-17/21-07-23/pickle/predictions_0_20250917T131222681.pkl.
[2025-09-17 21:12:24,896][src.utils.inference_utils][INFO] - Global Rank: 1 wrote 64 rows to /data/mhwang/Rec/GRID/logs/inference/runs/2025-09-17/21-07-23/pickle/predictions_1_20250917T131224880.pkl.
[2025-09-17 21:12:25,641][src.utils.inference_utils][INFO] - Global Rank: 0 wrote 64 rows to /data/mhwang/Rec/GRID/logs/inference/runs/2025-09-17/21-07-23/pickle/predictions_0_20250917T131225621.pkl.
[2025-09-17 21:12:28,568][src.utils.inference_utils][INFO] - Global Rank: 0 wrote 64 rows to /data/mhwang/Rec/GRID/logs/inference/runs/2025-09-17/21-07-23/pickle/predictions_0_20250917T131228550.pkl.
[2025-09-17 21:12:30,383][src.utils.inference_utils][INFO] - Global Rank: 1 wrote 64 rows to /data/mhwang/Rec/GRID/logs/inference/runs/2025-09-17/21-07-23/pickle/predictions_1_20250917T131230368.pkl.
[2025-09-17 21:12:31,498][src.utils.inference_utils][INFO] - Global Rank: 0 wrote 64 rows to /data/mhwang/Rec/GRID/logs/inference/runs/2025-09-17/21-07-23/pickle/predictions_0_20250917T131231480.pkl.
[2025-09-17 21:12:34,450][src.utils.inference_utils][INFO] - Global Rank: 0 wrote 64 rows to /data/mhwang/Rec/GRID/logs/inference/runs/2025-09-17/21-07-23/pickle/predictions_0_20250917T131234427.pkl.
[2025-09-17 21:12:34,954][src.utils.inference_utils][INFO] - Global Rank: 1 wrote 64 rows to /data/mhwang/Rec/GRID/logs/inference/runs/2025-09-17/21-07-23/pickle/predictions_1_20250917T131234938.pkl.
[2025-09-17 21:12:37,406][src.utils.inference_utils][INFO] - Global Rank: 0 wrote 64 rows to /data/mhwang/Rec/GRID/logs/inference/runs/2025-09-17/21-07-23/pickle/predictions_0_20250917T131237387.pkl.
[2025-09-17 21:12:38,925][src.utils.inference_utils][INFO] - Global Rank: 1 wrote 64 rows to /data/mhwang/Rec/GRID/logs/inference/runs/2025-09-17/21-07-23/pickle/predictions_1_20250917T131238909.pkl.
[2025-09-17 21:12:40,367][src.utils.inference_utils][INFO] - Global Rank: 0 wrote 64 rows to /data/mhwang/Rec/GRID/logs/inference/runs/2025-09-17/21-07-23/pickle/predictions_0_20250917T131240348.pkl.
[2025-09-17 21:12:43,280][src.utils.inference_utils][INFO] - Global Rank: 0 wrote 64 rows to /data/mhwang/Rec/GRID/logs/inference/runs/2025-09-17/21-07-23/pickle/predictions_0_20250917T131243261.pkl.
[2025-09-17 21:12:44,006][src.utils.inference_utils][INFO] - Global Rank: 1 wrote 64 rows to /data/mhwang/Rec/GRID/logs/inference/runs/2025-09-17/21-07-23/pickle/predictions_1_20250917T131243988.pkl.
[2025-09-17 21:12:46,250][src.utils.inference_utils][INFO] - Global Rank: 0 wrote 64 rows to /data/mhwang/Rec/GRID/logs/inference/runs/2025-09-17/21-07-23/pickle/predictions_0_20250917T131246229.pkl.
[2025-09-17 21:12:49,176][src.utils.inference_utils][INFO] - Global Rank: 0 wrote 64 rows to /data/mhwang/Rec/GRID/logs/inference/runs/2025-09-17/21-07-23/pickle/predictions_0_20250917T131249154.pkl.
[2025-09-17 21:12:49,336][src.utils.inference_utils][INFO] - Global Rank: 1 wrote 64 rows to /data/mhwang/Rec/GRID/logs/inference/runs/2025-09-17/21-07-23/pickle/predictions_1_20250917T131249318.pkl.
[2025-09-17 21:12:52,114][src.utils.inference_utils][INFO] - Global Rank: 0 wrote 64 rows to /data/mhwang/Rec/GRID/logs/inference/runs/2025-09-17/21-07-23/pickle/predictions_0_20250917T131252094.pkl.
[2025-09-17 21:12:54,828][src.utils.inference_utils][INFO] - Global Rank: 1 wrote 64 rows to /data/mhwang/Rec/GRID/logs/inference/runs/2025-09-17/21-07-23/pickle/predictions_1_20250917T131254812.pkl.
[2025-09-17 21:12:55,032][src.utils.inference_utils][INFO] - Global Rank: 0 wrote 64 rows to /data/mhwang/Rec/GRID/logs/inference/runs/2025-09-17/21-07-23/pickle/predictions_0_20250917T131255013.pkl.
[2025-09-17 21:12:58,001][src.utils.inference_utils][INFO] - Global Rank: 0 wrote 64 rows to /data/mhwang/Rec/GRID/logs/inference/runs/2025-09-17/21-07-23/pickle/predictions_0_20250917T131257981.pkl.
[2025-09-17 21:13:00,323][src.utils.inference_utils][INFO] - Global Rank: 1 wrote 64 rows to /data/mhwang/Rec/GRID/logs/inference/runs/2025-09-17/21-07-23/pickle/predictions_1_20250917T131300307.pkl.
[2025-09-17 21:13:00,936][src.utils.inference_utils][INFO] - Global Rank: 0 wrote 64 rows to /data/mhwang/Rec/GRID/logs/inference/runs/2025-09-17/21-07-23/pickle/predictions_0_20250917T131300916.pkl.
[2025-09-17 21:13:03,862][src.utils.inference_utils][INFO] - Global Rank: 0 wrote 64 rows to /data/mhwang/Rec/GRID/logs/inference/runs/2025-09-17/21-07-23/pickle/predictions_0_20250917T131303843.pkl.
[2025-09-17 21:13:05,647][src.utils.inference_utils][INFO] - Global Rank: 1 wrote 64 rows to /data/mhwang/Rec/GRID/logs/inference/runs/2025-09-17/21-07-23/pickle/predictions_1_20250917T131305630.pkl.
[2025-09-17 21:13:06,836][src.utils.inference_utils][INFO] - Global Rank: 0 wrote 64 rows to /data/mhwang/Rec/GRID/logs/inference/runs/2025-09-17/21-07-23/pickle/predictions_0_20250917T131306816.pkl.
[2025-09-17 21:13:09,816][src.utils.inference_utils][INFO] - Global Rank: 0 wrote 64 rows to /data/mhwang/Rec/GRID/logs/inference/runs/2025-09-17/21-07-23/pickle/predictions_0_20250917T131309796.pkl.
[2025-09-17 21:13:10,986][src.utils.inference_utils][INFO] - Global Rank: 1 wrote 64 rows to /data/mhwang/Rec/GRID/logs/inference/runs/2025-09-17/21-07-23/pickle/predictions_1_20250917T131310970.pkl.
[2025-09-17 21:13:12,782][src.utils.inference_utils][INFO] - Global Rank: 0 wrote 64 rows to /data/mhwang/Rec/GRID/logs/inference/runs/2025-09-17/21-07-23/pickle/predictions_0_20250917T131312762.pkl.
[2025-09-17 21:13:15,711][src.utils.inference_utils][INFO] - Global Rank: 0 wrote 64 rows to /data/mhwang/Rec/GRID/logs/inference/runs/2025-09-17/21-07-23/pickle/predictions_0_20250917T131315692.pkl.
[2025-09-17 21:13:16,347][src.utils.inference_utils][INFO] - Global Rank: 1 wrote 64 rows to /data/mhwang/Rec/GRID/logs/inference/runs/2025-09-17/21-07-23/pickle/predictions_1_20250917T131316332.pkl.
[2025-09-17 21:13:18,672][src.utils.inference_utils][INFO] - Global Rank: 0 wrote 64 rows to /data/mhwang/Rec/GRID/logs/inference/runs/2025-09-17/21-07-23/pickle/predictions_0_20250917T131318651.pkl.
[2025-09-17 21:13:20,404][src.utils.inference_utils][INFO] - Global Rank: 1 wrote 64 rows to /data/mhwang/Rec/GRID/logs/inference/runs/2025-09-17/21-07-23/pickle/predictions_1_20250917T131320387.pkl.
[2025-09-17 21:13:21,627][src.utils.inference_utils][INFO] - Global Rank: 0 wrote 64 rows to /data/mhwang/Rec/GRID/logs/inference/runs/2025-09-17/21-07-23/pickle/predictions_0_20250917T131321608.pkl.
[2025-09-17 21:13:21,636][src.utils.inference_utils][INFO] - Buffer is empty, nothing to flush.
[2025-09-17 21:13:21,636][src.utils.inference_utils][INFO] - Rank 0 finished writing predictions.
[2025-09-17 21:13:24,610][src.utils.inference_utils][INFO] - Global Rank: 1 wrote 64 rows to /data/mhwang/Rec/GRID/logs/inference/runs/2025-09-17/21-07-23/pickle/predictions_1_20250917T131324595.pkl.
[2025-09-17 21:13:29,961][src.utils.inference_utils][INFO] - Global Rank: 1 wrote 64 rows to /data/mhwang/Rec/GRID/logs/inference/runs/2025-09-17/21-07-23/pickle/predictions_1_20250917T131329945.pkl.
[2025-09-17 21:13:35,170][src.utils.inference_utils][INFO] - Global Rank: 1 wrote 64 rows to /data/mhwang/Rec/GRID/logs/inference/runs/2025-09-17/21-07-23/pickle/predictions_1_20250917T131335154.pkl.
[2025-09-17 21:13:40,444][src.utils.inference_utils][INFO] - Global Rank: 1 wrote 64 rows to /data/mhwang/Rec/GRID/logs/inference/runs/2025-09-17/21-07-23/pickle/predictions_1_20250917T131340427.pkl.
[2025-09-17 21:13:45,924][src.utils.inference_utils][INFO] - Global Rank: 1 wrote 64 rows to /data/mhwang/Rec/GRID/logs/inference/runs/2025-09-17/21-07-23/pickle/predictions_1_20250917T131345908.pkl.
[2025-09-17 21:13:51,407][src.utils.inference_utils][INFO] - Global Rank: 1 wrote 64 rows to /data/mhwang/Rec/GRID/logs/inference/runs/2025-09-17/21-07-23/pickle/predictions_1_20250917T131351391.pkl.
[2025-09-17 21:13:56,678][src.utils.inference_utils][INFO] - Global Rank: 1 wrote 64 rows to /data/mhwang/Rec/GRID/logs/inference/runs/2025-09-17/21-07-23/pickle/predictions_1_20250917T131356662.pkl.
[2025-09-17 21:14:01,619][src.utils.inference_utils][INFO] - Global Rank: 1 wrote 64 rows to /data/mhwang/Rec/GRID/logs/inference/runs/2025-09-17/21-07-23/pickle/predictions_1_20250917T131401604.pkl.
[2025-09-17 21:14:05,620][src.utils.inference_utils][INFO] - Global Rank: 1 wrote 64 rows to /data/mhwang/Rec/GRID/logs/inference/runs/2025-09-17/21-07-23/pickle/predictions_1_20250917T131405604.pkl.
[2025-09-17 21:14:10,305][src.utils.inference_utils][INFO] - Global Rank: 1 wrote 64 rows to /data/mhwang/Rec/GRID/logs/inference/runs/2025-09-17/21-07-23/pickle/predictions_1_20250917T131410289.pkl.
[2025-09-17 21:14:15,663][src.utils.inference_utils][INFO] - Global Rank: 1 wrote 64 rows to /data/mhwang/Rec/GRID/logs/inference/runs/2025-09-17/21-07-23/pickle/predictions_1_20250917T131415647.pkl.
[2025-09-17 21:14:21,129][src.utils.inference_utils][INFO] - Global Rank: 1 wrote 64 rows to /data/mhwang/Rec/GRID/logs/inference/runs/2025-09-17/21-07-23/pickle/predictions_1_20250917T131421113.pkl.
[2025-09-17 21:14:26,492][src.utils.inference_utils][INFO] - Global Rank: 1 wrote 64 rows to /data/mhwang/Rec/GRID/logs/inference/runs/2025-09-17/21-07-23/pickle/predictions_1_20250917T131426477.pkl.
[2025-09-17 21:14:31,741][src.utils.inference_utils][INFO] - Global Rank: 1 wrote 64 rows to /data/mhwang/Rec/GRID/logs/inference/runs/2025-09-17/21-07-23/pickle/predictions_1_20250917T131431726.pkl.
[2025-09-17 21:14:37,191][src.utils.inference_utils][INFO] - Global Rank: 1 wrote 64 rows to /data/mhwang/Rec/GRID/logs/inference/runs/2025-09-17/21-07-23/pickle/predictions_1_20250917T131437175.pkl.
[2025-09-17 21:14:42,662][src.utils.inference_utils][INFO] - Global Rank: 1 wrote 64 rows to /data/mhwang/Rec/GRID/logs/inference/runs/2025-09-17/21-07-23/pickle/predictions_1_20250917T131442646.pkl.
[2025-09-17 21:14:46,944][src.utils.inference_utils][INFO] - Global Rank: 1 wrote 64 rows to /data/mhwang/Rec/GRID/logs/inference/runs/2025-09-17/21-07-23/pickle/predictions_1_20250917T131446928.pkl.
[2025-09-17 21:14:50,922][src.utils.inference_utils][INFO] - Global Rank: 1 wrote 64 rows to /data/mhwang/Rec/GRID/logs/inference/runs/2025-09-17/21-07-23/pickle/predictions_1_20250917T131450906.pkl.
[2025-09-17 21:14:56,265][src.utils.inference_utils][INFO] - Global Rank: 1 wrote 64 rows to /data/mhwang/Rec/GRID/logs/inference/runs/2025-09-17/21-07-23/pickle/predictions_1_20250917T131456249.pkl.
[2025-09-17 21:15:01,545][src.utils.inference_utils][INFO] - Global Rank: 1 wrote 64 rows to /data/mhwang/Rec/GRID/logs/inference/runs/2025-09-17/21-07-23/pickle/predictions_1_20250917T131501527.pkl.
[2025-09-17 21:15:06,822][src.utils.inference_utils][INFO] - Global Rank: 1 wrote 64 rows to /data/mhwang/Rec/GRID/logs/inference/runs/2025-09-17/21-07-23/pickle/predictions_1_20250917T131506806.pkl.
[2025-09-17 21:15:12,377][src.utils.inference_utils][INFO] - Global Rank: 1 wrote 64 rows to /data/mhwang/Rec/GRID/logs/inference/runs/2025-09-17/21-07-23/pickle/predictions_1_20250917T131512361.pkl.
[2025-09-17 21:15:17,758][src.utils.inference_utils][INFO] - Global Rank: 1 wrote 64 rows to /data/mhwang/Rec/GRID/logs/inference/runs/2025-09-17/21-07-23/pickle/predictions_1_20250917T131517742.pkl.
[2025-09-17 21:15:23,074][src.utils.inference_utils][INFO] - Global Rank: 1 wrote 64 rows to /data/mhwang/Rec/GRID/logs/inference/runs/2025-09-17/21-07-23/pickle/predictions_1_20250917T131523058.pkl.
[2025-09-17 21:15:28,299][src.utils.inference_utils][INFO] - Global Rank: 1 wrote 64 rows to /data/mhwang/Rec/GRID/logs/inference/runs/2025-09-17/21-07-23/pickle/predictions_1_20250917T131528283.pkl.
[2025-09-17 21:15:32,275][src.utils.inference_utils][INFO] - Global Rank: 1 wrote 64 rows to /data/mhwang/Rec/GRID/logs/inference/runs/2025-09-17/21-07-23/pickle/predictions_1_20250917T131532259.pkl.
[2025-09-17 21:15:36,594][src.utils.inference_utils][INFO] - Global Rank: 1 wrote 64 rows to /data/mhwang/Rec/GRID/logs/inference/runs/2025-09-17/21-07-23/pickle/predictions_1_20250917T131536576.pkl.
[2025-09-17 21:15:42,045][src.utils.inference_utils][INFO] - Global Rank: 1 wrote 64 rows to /data/mhwang/Rec/GRID/logs/inference/runs/2025-09-17/21-07-23/pickle/predictions_1_20250917T131542029.pkl.
[2025-09-17 21:15:47,497][src.utils.inference_utils][INFO] - Global Rank: 1 wrote 64 rows to /data/mhwang/Rec/GRID/logs/inference/runs/2025-09-17/21-07-23/pickle/predictions_1_20250917T131547481.pkl.
[2025-09-17 21:15:53,140][src.utils.inference_utils][INFO] - Global Rank: 1 wrote 64 rows to /data/mhwang/Rec/GRID/logs/inference/runs/2025-09-17/21-07-23/pickle/predictions_1_20250917T131553123.pkl.
[2025-09-17 21:15:58,336][src.utils.inference_utils][INFO] - Global Rank: 1 wrote 64 rows to /data/mhwang/Rec/GRID/logs/inference/runs/2025-09-17/21-07-23/pickle/predictions_1_20250917T131558319.pkl.
[2025-09-17 21:16:03,915][src.utils.inference_utils][INFO] - Global Rank: 1 wrote 64 rows to /data/mhwang/Rec/GRID/logs/inference/runs/2025-09-17/21-07-23/pickle/predictions_1_20250917T131603899.pkl.
[2025-09-17 21:16:09,101][src.utils.inference_utils][INFO] - Global Rank: 1 wrote 64 rows to /data/mhwang/Rec/GRID/logs/inference/runs/2025-09-17/21-07-23/pickle/predictions_1_20250917T131609084.pkl.
[2025-09-17 21:16:13,699][src.utils.inference_utils][INFO] - Global Rank: 1 wrote 64 rows to /data/mhwang/Rec/GRID/logs/inference/runs/2025-09-17/21-07-23/pickle/predictions_1_20250917T131613681.pkl.
[2025-09-17 21:16:17,708][src.utils.inference_utils][INFO] - Global Rank: 1 wrote 64 rows to /data/mhwang/Rec/GRID/logs/inference/runs/2025-09-17/21-07-23/pickle/predictions_1_20250917T131617691.pkl.
[2025-09-17 21:16:18,656][src.utils.inference_utils][INFO] - Global Rank: 1 wrote 20 rows to /data/mhwang/Rec/GRID/logs/inference/runs/2025-09-17/21-07-23/pickle/predictions_1_20250917T131618651.pkl.
[2025-09-17 21:16:18,659][src.utils.inference_utils][INFO] - Rank 1 finished writing predictions.
[2025-09-17 21:16:18,662][src.utils.inference_utils][INFO] - Merging pickle files on main process.
[2025-09-17 21:16:26,301][src.utils.inference_utils][INFO] - Merged 11924 rows into merged_predictions.pkl.
[2025-09-17 21:16:35,638][src.utils.inference_utils][INFO] - Merged 11924 rows into merged_predictions_tensor.pt. as pytorch tensor
