[2025-09-16 15:55:42,573][src.utils.utils][INFO] - [rank: 0] Enforcing tags! <cfg.extras.enforce_tags=True>
[2025-09-16 15:55:42,579][src.utils.utils][WARNING] - [rank: 0] Config loss was not found in the config tree. Make sure this is expected.
[2025-09-16 15:55:42,580][src.utils.utils][WARNING] - [rank: 0] Config optim was not found in the config tree. Make sure this is expected.
[2025-09-16 15:55:42,580][src.utils.utils][WARNING] - [rank: 0] Config eval was not found in the config tree. Make sure this is expected.
[2025-09-16 15:55:45,580][src.utils.utils][INFO] - [rank: 0] Printing config tree with Rich! <cfg.extras.print_config=True>
[2025-09-16 15:55:45,587][src.utils.launcher_utils][INFO] - [rank: 0] Instantiating datamodule <src.data.loading.datamodules.sequence_datamodule.ItemDataModule>
[2025-09-16 15:55:46,177][src.utils.launcher_utils][INFO] - [rank: 0] Instantiating model <src.modules.semantic_embedding_inference_module.SemanticEmbeddingInferenceModule>
[2025-09-16 15:55:51,201][src.utils.launcher_utils][INFO] - [rank: 0] Instantiating callbacks...
[2025-09-16 15:55:51,202][src.utils.instantiators][INFO] - [rank: 0] Instantiating callback <src.utils.inference_utils.LocalPickleWriter>
[2025-09-16 15:55:51,351][src.utils.launcher_utils][INFO] - [rank: 0] Instantiating loggers...
[2025-09-16 15:55:51,351][src.utils.instantiators][INFO] - [rank: 0] Instantiating logger <lightning.pytorch.loggers.csv_logs.CSVLogger>
[2025-09-16 15:55:51,354][src.utils.launcher_utils][INFO] - [rank: 0] Instantiating trainer <lightning.pytorch.trainer.Trainer>
[2025-09-16 15:55:51,461][src.utils.launcher_utils][INFO] - [rank: 0] Logging hyperparameters!
[2025-09-16 15:55:51,599][__main__][INFO] - [rank: 0] Starting inference!
[2025-09-16 15:55:51,599][__main__][WARNING] - [rank: 0] No ckpt_path was provided. If using a model you trained, this is mandatory. Only leave ckpt_path=None if using a pre-trained model.
[2025-09-16 15:56:09,180][src.utils.inference_utils][INFO] - Rank 1 initialized for inference.
[2025-09-16 15:56:09,180][src.utils.inference_utils][INFO] - Rank 0 initialized for inference.
[2025-09-16 15:56:11,504][src.utils.inference_utils][INFO] - Global Rank: 0 wrote 64 rows to /data/mhwang/Rec/GRID/logs/inference/runs/2025-09-16/15-55-42/pickle/predictions_0_20250916T075611500.pkl.
[2025-09-16 15:56:11,568][src.utils.inference_utils][INFO] - Global Rank: 1 wrote 64 rows to /data/mhwang/Rec/GRID/logs/inference/runs/2025-09-16/15-55-42/pickle/predictions_1_20250916T075611564.pkl.
[2025-09-16 15:56:11,794][src.utils.inference_utils][INFO] - Global Rank: 0 wrote 64 rows to /data/mhwang/Rec/GRID/logs/inference/runs/2025-09-16/15-55-42/pickle/predictions_0_20250916T075611790.pkl.
[2025-09-16 15:56:11,961][src.utils.inference_utils][INFO] - Global Rank: 1 wrote 64 rows to /data/mhwang/Rec/GRID/logs/inference/runs/2025-09-16/15-55-42/pickle/predictions_1_20250916T075611956.pkl.
[2025-09-16 15:56:12,087][src.utils.inference_utils][INFO] - Global Rank: 0 wrote 64 rows to /data/mhwang/Rec/GRID/logs/inference/runs/2025-09-16/15-55-42/pickle/predictions_0_20250916T075612083.pkl.
[2025-09-16 15:56:12,355][src.utils.inference_utils][INFO] - Global Rank: 1 wrote 64 rows to /data/mhwang/Rec/GRID/logs/inference/runs/2025-09-16/15-55-42/pickle/predictions_1_20250916T075612350.pkl.
[2025-09-16 15:56:12,379][src.utils.inference_utils][INFO] - Global Rank: 0 wrote 64 rows to /data/mhwang/Rec/GRID/logs/inference/runs/2025-09-16/15-55-42/pickle/predictions_0_20250916T075612375.pkl.
[2025-09-16 15:56:12,705][src.utils.inference_utils][INFO] - Global Rank: 0 wrote 64 rows to /data/mhwang/Rec/GRID/logs/inference/runs/2025-09-16/15-55-42/pickle/predictions_0_20250916T075612700.pkl.
[2025-09-16 15:56:12,767][src.utils.inference_utils][INFO] - Global Rank: 1 wrote 64 rows to /data/mhwang/Rec/GRID/logs/inference/runs/2025-09-16/15-55-42/pickle/predictions_1_20250916T075612762.pkl.
[2025-09-16 15:56:13,008][src.utils.inference_utils][INFO] - Global Rank: 0 wrote 64 rows to /data/mhwang/Rec/GRID/logs/inference/runs/2025-09-16/15-55-42/pickle/predictions_0_20250916T075613003.pkl.
[2025-09-16 15:56:13,152][src.utils.inference_utils][INFO] - Global Rank: 1 wrote 64 rows to /data/mhwang/Rec/GRID/logs/inference/runs/2025-09-16/15-55-42/pickle/predictions_1_20250916T075613148.pkl.
[2025-09-16 15:56:13,439][src.utils.inference_utils][INFO] - Global Rank: 0 wrote 64 rows to /data/mhwang/Rec/GRID/logs/inference/runs/2025-09-16/15-55-42/pickle/predictions_0_20250916T075613434.pkl.
[2025-09-16 15:56:13,710][src.utils.inference_utils][INFO] - Global Rank: 1 wrote 64 rows to /data/mhwang/Rec/GRID/logs/inference/runs/2025-09-16/15-55-42/pickle/predictions_1_20250916T075613706.pkl.
[2025-09-16 15:56:14,007][src.utils.inference_utils][INFO] - Global Rank: 0 wrote 64 rows to /data/mhwang/Rec/GRID/logs/inference/runs/2025-09-16/15-55-42/pickle/predictions_0_20250916T075614003.pkl.
[2025-09-16 15:56:14,347][src.utils.inference_utils][INFO] - Global Rank: 1 wrote 64 rows to /data/mhwang/Rec/GRID/logs/inference/runs/2025-09-16/15-55-42/pickle/predictions_1_20250916T075614342.pkl.
[2025-09-16 15:56:14,579][src.utils.inference_utils][INFO] - Global Rank: 0 wrote 64 rows to /data/mhwang/Rec/GRID/logs/inference/runs/2025-09-16/15-55-42/pickle/predictions_0_20250916T075614574.pkl.
[2025-09-16 15:56:14,994][src.utils.inference_utils][INFO] - Global Rank: 1 wrote 64 rows to /data/mhwang/Rec/GRID/logs/inference/runs/2025-09-16/15-55-42/pickle/predictions_1_20250916T075614989.pkl.
[2025-09-16 15:56:15,162][src.utils.inference_utils][INFO] - Global Rank: 0 wrote 64 rows to /data/mhwang/Rec/GRID/logs/inference/runs/2025-09-16/15-55-42/pickle/predictions_0_20250916T075615157.pkl.
[2025-09-16 15:56:15,650][src.utils.inference_utils][INFO] - Global Rank: 1 wrote 64 rows to /data/mhwang/Rec/GRID/logs/inference/runs/2025-09-16/15-55-42/pickle/predictions_1_20250916T075615645.pkl.
[2025-09-16 15:56:15,747][src.utils.inference_utils][INFO] - Global Rank: 0 wrote 64 rows to /data/mhwang/Rec/GRID/logs/inference/runs/2025-09-16/15-55-42/pickle/predictions_0_20250916T075615741.pkl.
[2025-09-16 15:56:16,294][src.utils.inference_utils][INFO] - Global Rank: 1 wrote 64 rows to /data/mhwang/Rec/GRID/logs/inference/runs/2025-09-16/15-55-42/pickle/predictions_1_20250916T075616289.pkl.
[2025-09-16 15:56:16,332][src.utils.inference_utils][INFO] - Global Rank: 0 wrote 64 rows to /data/mhwang/Rec/GRID/logs/inference/runs/2025-09-16/15-55-42/pickle/predictions_0_20250916T075616326.pkl.
[2025-09-16 15:56:16,900][src.utils.inference_utils][INFO] - Global Rank: 0 wrote 64 rows to /data/mhwang/Rec/GRID/logs/inference/runs/2025-09-16/15-55-42/pickle/predictions_0_20250916T075616896.pkl.
[2025-09-16 15:56:16,949][src.utils.inference_utils][INFO] - Global Rank: 1 wrote 64 rows to /data/mhwang/Rec/GRID/logs/inference/runs/2025-09-16/15-55-42/pickle/predictions_1_20250916T075616945.pkl.
[2025-09-16 15:56:17,248][src.utils.inference_utils][INFO] - Global Rank: 0 wrote 64 rows to /data/mhwang/Rec/GRID/logs/inference/runs/2025-09-16/15-55-42/pickle/predictions_0_20250916T075617244.pkl.
[2025-09-16 15:56:17,342][src.utils.inference_utils][INFO] - Global Rank: 1 wrote 64 rows to /data/mhwang/Rec/GRID/logs/inference/runs/2025-09-16/15-55-42/pickle/predictions_1_20250916T075617338.pkl.
[2025-09-16 15:56:17,562][src.utils.inference_utils][INFO] - Global Rank: 0 wrote 64 rows to /data/mhwang/Rec/GRID/logs/inference/runs/2025-09-16/15-55-42/pickle/predictions_0_20250916T075617558.pkl.
[2025-09-16 15:56:17,724][src.utils.inference_utils][INFO] - Global Rank: 1 wrote 64 rows to /data/mhwang/Rec/GRID/logs/inference/runs/2025-09-16/15-55-42/pickle/predictions_1_20250916T075617719.pkl.
[2025-09-16 15:56:17,880][src.utils.inference_utils][INFO] - Global Rank: 0 wrote 64 rows to /data/mhwang/Rec/GRID/logs/inference/runs/2025-09-16/15-55-42/pickle/predictions_0_20250916T075617875.pkl.
[2025-09-16 15:56:18,114][src.utils.inference_utils][INFO] - Global Rank: 1 wrote 64 rows to /data/mhwang/Rec/GRID/logs/inference/runs/2025-09-16/15-55-42/pickle/predictions_1_20250916T075618110.pkl.
[2025-09-16 15:56:18,230][src.utils.inference_utils][INFO] - Global Rank: 0 wrote 64 rows to /data/mhwang/Rec/GRID/logs/inference/runs/2025-09-16/15-55-42/pickle/predictions_0_20250916T075618226.pkl.
[2025-09-16 15:56:18,541][src.utils.inference_utils][INFO] - Global Rank: 1 wrote 64 rows to /data/mhwang/Rec/GRID/logs/inference/runs/2025-09-16/15-55-42/pickle/predictions_1_20250916T075618537.pkl.
[2025-09-16 15:56:18,749][src.utils.inference_utils][INFO] - Global Rank: 0 wrote 64 rows to /data/mhwang/Rec/GRID/logs/inference/runs/2025-09-16/15-55-42/pickle/predictions_0_20250916T075618745.pkl.
[2025-09-16 15:56:19,156][src.utils.inference_utils][INFO] - Global Rank: 1 wrote 64 rows to /data/mhwang/Rec/GRID/logs/inference/runs/2025-09-16/15-55-42/pickle/predictions_1_20250916T075619152.pkl.
[2025-09-16 15:56:19,313][src.utils.inference_utils][INFO] - Global Rank: 0 wrote 64 rows to /data/mhwang/Rec/GRID/logs/inference/runs/2025-09-16/15-55-42/pickle/predictions_0_20250916T075619308.pkl.
[2025-09-16 15:56:19,777][src.utils.inference_utils][INFO] - Global Rank: 1 wrote 64 rows to /data/mhwang/Rec/GRID/logs/inference/runs/2025-09-16/15-55-42/pickle/predictions_1_20250916T075619772.pkl.
[2025-09-16 15:56:19,888][src.utils.inference_utils][INFO] - Global Rank: 0 wrote 64 rows to /data/mhwang/Rec/GRID/logs/inference/runs/2025-09-16/15-55-42/pickle/predictions_0_20250916T075619884.pkl.
[2025-09-16 15:56:20,397][src.utils.inference_utils][INFO] - Global Rank: 1 wrote 64 rows to /data/mhwang/Rec/GRID/logs/inference/runs/2025-09-16/15-55-42/pickle/predictions_1_20250916T075620392.pkl.
[2025-09-16 15:56:20,466][src.utils.inference_utils][INFO] - Global Rank: 0 wrote 64 rows to /data/mhwang/Rec/GRID/logs/inference/runs/2025-09-16/15-55-42/pickle/predictions_0_20250916T075620461.pkl.
[2025-09-16 15:56:21,024][src.utils.inference_utils][INFO] - Global Rank: 1 wrote 64 rows to /data/mhwang/Rec/GRID/logs/inference/runs/2025-09-16/15-55-42/pickle/predictions_1_20250916T075621020.pkl.
[2025-09-16 15:56:21,037][src.utils.inference_utils][INFO] - Global Rank: 0 wrote 64 rows to /data/mhwang/Rec/GRID/logs/inference/runs/2025-09-16/15-55-42/pickle/predictions_0_20250916T075621032.pkl.
[2025-09-16 15:56:21,613][src.utils.inference_utils][INFO] - Global Rank: 0 wrote 64 rows to /data/mhwang/Rec/GRID/logs/inference/runs/2025-09-16/15-55-42/pickle/predictions_0_20250916T075621608.pkl.
[2025-09-16 15:56:21,653][src.utils.inference_utils][INFO] - Global Rank: 1 wrote 64 rows to /data/mhwang/Rec/GRID/logs/inference/runs/2025-09-16/15-55-42/pickle/predictions_1_20250916T075621649.pkl.
[2025-09-16 15:56:22,194][src.utils.inference_utils][INFO] - Global Rank: 0 wrote 64 rows to /data/mhwang/Rec/GRID/logs/inference/runs/2025-09-16/15-55-42/pickle/predictions_0_20250916T075622190.pkl.
[2025-09-16 15:56:22,305][src.utils.inference_utils][INFO] - Global Rank: 1 wrote 64 rows to /data/mhwang/Rec/GRID/logs/inference/runs/2025-09-16/15-55-42/pickle/predictions_1_20250916T075622301.pkl.
[2025-09-16 15:56:22,755][src.utils.inference_utils][INFO] - Global Rank: 0 wrote 64 rows to /data/mhwang/Rec/GRID/logs/inference/runs/2025-09-16/15-55-42/pickle/predictions_0_20250916T075622751.pkl.
[2025-09-16 15:56:22,930][src.utils.inference_utils][INFO] - Global Rank: 1 wrote 64 rows to /data/mhwang/Rec/GRID/logs/inference/runs/2025-09-16/15-55-42/pickle/predictions_1_20250916T075622926.pkl.
[2025-09-16 15:56:23,299][src.utils.inference_utils][INFO] - Global Rank: 0 wrote 64 rows to /data/mhwang/Rec/GRID/logs/inference/runs/2025-09-16/15-55-42/pickle/predictions_0_20250916T075623295.pkl.
[2025-09-16 15:56:23,576][src.utils.inference_utils][INFO] - Global Rank: 1 wrote 64 rows to /data/mhwang/Rec/GRID/logs/inference/runs/2025-09-16/15-55-42/pickle/predictions_1_20250916T075623572.pkl.
[2025-09-16 15:56:23,855][src.utils.inference_utils][INFO] - Global Rank: 0 wrote 64 rows to /data/mhwang/Rec/GRID/logs/inference/runs/2025-09-16/15-55-42/pickle/predictions_0_20250916T075623851.pkl.
[2025-09-16 15:56:24,208][src.utils.inference_utils][INFO] - Global Rank: 1 wrote 64 rows to /data/mhwang/Rec/GRID/logs/inference/runs/2025-09-16/15-55-42/pickle/predictions_1_20250916T075624203.pkl.
[2025-09-16 15:56:24,433][src.utils.inference_utils][INFO] - Global Rank: 0 wrote 64 rows to /data/mhwang/Rec/GRID/logs/inference/runs/2025-09-16/15-55-42/pickle/predictions_0_20250916T075624427.pkl.
[2025-09-16 15:56:24,700][src.utils.inference_utils][INFO] - Global Rank: 1 wrote 64 rows to /data/mhwang/Rec/GRID/logs/inference/runs/2025-09-16/15-55-42/pickle/predictions_1_20250916T075624695.pkl.
[2025-09-16 15:56:24,755][src.utils.inference_utils][INFO] - Global Rank: 0 wrote 64 rows to /data/mhwang/Rec/GRID/logs/inference/runs/2025-09-16/15-55-42/pickle/predictions_0_20250916T075624750.pkl.
[2025-09-16 15:56:25,269][src.utils.inference_utils][INFO] - Global Rank: 0 wrote 64 rows to /data/mhwang/Rec/GRID/logs/inference/runs/2025-09-16/15-55-42/pickle/predictions_0_20250916T075625265.pkl.
[2025-09-16 15:56:25,289][src.utils.inference_utils][INFO] - Global Rank: 1 wrote 64 rows to /data/mhwang/Rec/GRID/logs/inference/runs/2025-09-16/15-55-42/pickle/predictions_1_20250916T075625284.pkl.
[2025-09-16 15:56:25,820][src.utils.inference_utils][INFO] - Global Rank: 0 wrote 64 rows to /data/mhwang/Rec/GRID/logs/inference/runs/2025-09-16/15-55-42/pickle/predictions_0_20250916T075625816.pkl.
[2025-09-16 15:56:25,915][src.utils.inference_utils][INFO] - Global Rank: 1 wrote 64 rows to /data/mhwang/Rec/GRID/logs/inference/runs/2025-09-16/15-55-42/pickle/predictions_1_20250916T075625911.pkl.
[2025-09-16 15:56:26,416][src.utils.inference_utils][INFO] - Global Rank: 0 wrote 64 rows to /data/mhwang/Rec/GRID/logs/inference/runs/2025-09-16/15-55-42/pickle/predictions_0_20250916T075626411.pkl.
[2025-09-16 15:56:26,507][src.utils.inference_utils][INFO] - Global Rank: 1 wrote 64 rows to /data/mhwang/Rec/GRID/logs/inference/runs/2025-09-16/15-55-42/pickle/predictions_1_20250916T075626503.pkl.
[2025-09-16 15:56:26,944][src.utils.inference_utils][INFO] - Global Rank: 0 wrote 64 rows to /data/mhwang/Rec/GRID/logs/inference/runs/2025-09-16/15-55-42/pickle/predictions_0_20250916T075626939.pkl.
[2025-09-16 15:56:27,112][src.utils.inference_utils][INFO] - Global Rank: 1 wrote 64 rows to /data/mhwang/Rec/GRID/logs/inference/runs/2025-09-16/15-55-42/pickle/predictions_1_20250916T075627108.pkl.
[2025-09-16 15:56:27,479][src.utils.inference_utils][INFO] - Global Rank: 0 wrote 64 rows to /data/mhwang/Rec/GRID/logs/inference/runs/2025-09-16/15-55-42/pickle/predictions_0_20250916T075627474.pkl.
[2025-09-16 15:56:27,755][src.utils.inference_utils][INFO] - Global Rank: 1 wrote 64 rows to /data/mhwang/Rec/GRID/logs/inference/runs/2025-09-16/15-55-42/pickle/predictions_1_20250916T075627750.pkl.
[2025-09-16 15:56:28,030][src.utils.inference_utils][INFO] - Global Rank: 0 wrote 64 rows to /data/mhwang/Rec/GRID/logs/inference/runs/2025-09-16/15-55-42/pickle/predictions_0_20250916T075628025.pkl.
[2025-09-16 15:56:28,406][src.utils.inference_utils][INFO] - Global Rank: 1 wrote 64 rows to /data/mhwang/Rec/GRID/logs/inference/runs/2025-09-16/15-55-42/pickle/predictions_1_20250916T075628402.pkl.
[2025-09-16 15:56:28,630][src.utils.inference_utils][INFO] - Global Rank: 0 wrote 64 rows to /data/mhwang/Rec/GRID/logs/inference/runs/2025-09-16/15-55-42/pickle/predictions_0_20250916T075628625.pkl.
[2025-09-16 15:56:29,034][src.utils.inference_utils][INFO] - Global Rank: 1 wrote 64 rows to /data/mhwang/Rec/GRID/logs/inference/runs/2025-09-16/15-55-42/pickle/predictions_1_20250916T075629029.pkl.
[2025-09-16 15:56:29,213][src.utils.inference_utils][INFO] - Global Rank: 0 wrote 64 rows to /data/mhwang/Rec/GRID/logs/inference/runs/2025-09-16/15-55-42/pickle/predictions_0_20250916T075629208.pkl.
[2025-09-16 15:56:29,684][src.utils.inference_utils][INFO] - Global Rank: 1 wrote 64 rows to /data/mhwang/Rec/GRID/logs/inference/runs/2025-09-16/15-55-42/pickle/predictions_1_20250916T075629680.pkl.
[2025-09-16 15:56:29,780][src.utils.inference_utils][INFO] - Global Rank: 0 wrote 64 rows to /data/mhwang/Rec/GRID/logs/inference/runs/2025-09-16/15-55-42/pickle/predictions_0_20250916T075629775.pkl.
[2025-09-16 15:56:30,335][src.utils.inference_utils][INFO] - Global Rank: 1 wrote 64 rows to /data/mhwang/Rec/GRID/logs/inference/runs/2025-09-16/15-55-42/pickle/predictions_1_20250916T075630330.pkl.
[2025-09-16 15:56:30,383][src.utils.inference_utils][INFO] - Global Rank: 0 wrote 64 rows to /data/mhwang/Rec/GRID/logs/inference/runs/2025-09-16/15-55-42/pickle/predictions_0_20250916T075630378.pkl.
[2025-09-16 15:56:30,898][src.utils.inference_utils][INFO] - Global Rank: 0 wrote 64 rows to /data/mhwang/Rec/GRID/logs/inference/runs/2025-09-16/15-55-42/pickle/predictions_0_20250916T075630894.pkl.
[2025-09-16 15:56:30,993][src.utils.inference_utils][INFO] - Global Rank: 1 wrote 64 rows to /data/mhwang/Rec/GRID/logs/inference/runs/2025-09-16/15-55-42/pickle/predictions_1_20250916T075630985.pkl.
[2025-09-16 15:56:31,478][src.utils.inference_utils][INFO] - Global Rank: 0 wrote 64 rows to /data/mhwang/Rec/GRID/logs/inference/runs/2025-09-16/15-55-42/pickle/predictions_0_20250916T075631473.pkl.
[2025-09-16 15:56:31,640][src.utils.inference_utils][INFO] - Global Rank: 1 wrote 64 rows to /data/mhwang/Rec/GRID/logs/inference/runs/2025-09-16/15-55-42/pickle/predictions_1_20250916T075631635.pkl.
[2025-09-16 15:56:31,938][src.utils.inference_utils][INFO] - Global Rank: 0 wrote 64 rows to /data/mhwang/Rec/GRID/logs/inference/runs/2025-09-16/15-55-42/pickle/predictions_0_20250916T075631933.pkl.
[2025-09-16 15:56:32,241][src.utils.inference_utils][INFO] - Global Rank: 1 wrote 64 rows to /data/mhwang/Rec/GRID/logs/inference/runs/2025-09-16/15-55-42/pickle/predictions_1_20250916T075632236.pkl.
[2025-09-16 15:56:32,378][src.utils.inference_utils][INFO] - Global Rank: 0 wrote 64 rows to /data/mhwang/Rec/GRID/logs/inference/runs/2025-09-16/15-55-42/pickle/predictions_0_20250916T075632373.pkl.
[2025-09-16 15:56:32,879][src.utils.inference_utils][INFO] - Global Rank: 1 wrote 64 rows to /data/mhwang/Rec/GRID/logs/inference/runs/2025-09-16/15-55-42/pickle/predictions_1_20250916T075632874.pkl.
[2025-09-16 15:56:32,943][src.utils.inference_utils][INFO] - Global Rank: 0 wrote 64 rows to /data/mhwang/Rec/GRID/logs/inference/runs/2025-09-16/15-55-42/pickle/predictions_0_20250916T075632938.pkl.
[2025-09-16 15:56:33,396][src.utils.inference_utils][INFO] - Global Rank: 0 wrote 64 rows to /data/mhwang/Rec/GRID/logs/inference/runs/2025-09-16/15-55-42/pickle/predictions_0_20250916T075633392.pkl.
[2025-09-16 15:56:33,525][src.utils.inference_utils][INFO] - Global Rank: 1 wrote 64 rows to /data/mhwang/Rec/GRID/logs/inference/runs/2025-09-16/15-55-42/pickle/predictions_1_20250916T075633520.pkl.
[2025-09-16 15:56:33,962][src.utils.inference_utils][INFO] - Global Rank: 0 wrote 64 rows to /data/mhwang/Rec/GRID/logs/inference/runs/2025-09-16/15-55-42/pickle/predictions_0_20250916T075633958.pkl.
[2025-09-16 15:56:34,159][src.utils.inference_utils][INFO] - Global Rank: 1 wrote 64 rows to /data/mhwang/Rec/GRID/logs/inference/runs/2025-09-16/15-55-42/pickle/predictions_1_20250916T075634154.pkl.
[2025-09-16 15:56:34,404][src.utils.inference_utils][INFO] - Global Rank: 0 wrote 64 rows to /data/mhwang/Rec/GRID/logs/inference/runs/2025-09-16/15-55-42/pickle/predictions_0_20250916T075634400.pkl.
[2025-09-16 15:56:34,781][src.utils.inference_utils][INFO] - Global Rank: 1 wrote 64 rows to /data/mhwang/Rec/GRID/logs/inference/runs/2025-09-16/15-55-42/pickle/predictions_1_20250916T075634776.pkl.
[2025-09-16 15:56:34,927][src.utils.inference_utils][INFO] - Global Rank: 0 wrote 64 rows to /data/mhwang/Rec/GRID/logs/inference/runs/2025-09-16/15-55-42/pickle/predictions_0_20250916T075634923.pkl.
[2025-09-16 15:56:35,438][src.utils.inference_utils][INFO] - Global Rank: 1 wrote 64 rows to /data/mhwang/Rec/GRID/logs/inference/runs/2025-09-16/15-55-42/pickle/predictions_1_20250916T075635434.pkl.
[2025-09-16 15:56:35,488][src.utils.inference_utils][INFO] - Global Rank: 0 wrote 64 rows to /data/mhwang/Rec/GRID/logs/inference/runs/2025-09-16/15-55-42/pickle/predictions_0_20250916T075635484.pkl.
[2025-09-16 15:56:36,046][src.utils.inference_utils][INFO] - Global Rank: 0 wrote 64 rows to /data/mhwang/Rec/GRID/logs/inference/runs/2025-09-16/15-55-42/pickle/predictions_0_20250916T075636043.pkl.
[2025-09-16 15:56:36,087][src.utils.inference_utils][INFO] - Global Rank: 1 wrote 64 rows to /data/mhwang/Rec/GRID/logs/inference/runs/2025-09-16/15-55-42/pickle/predictions_1_20250916T075636083.pkl.
[2025-09-16 15:56:36,608][src.utils.inference_utils][INFO] - Global Rank: 0 wrote 64 rows to /data/mhwang/Rec/GRID/logs/inference/runs/2025-09-16/15-55-42/pickle/predictions_0_20250916T075636604.pkl.
[2025-09-16 15:56:36,711][src.utils.inference_utils][INFO] - Global Rank: 1 wrote 64 rows to /data/mhwang/Rec/GRID/logs/inference/runs/2025-09-16/15-55-42/pickle/predictions_1_20250916T075636707.pkl.
[2025-09-16 15:56:37,203][src.utils.inference_utils][INFO] - Global Rank: 0 wrote 64 rows to /data/mhwang/Rec/GRID/logs/inference/runs/2025-09-16/15-55-42/pickle/predictions_0_20250916T075637199.pkl.
[2025-09-16 15:56:37,344][src.utils.inference_utils][INFO] - Global Rank: 1 wrote 64 rows to /data/mhwang/Rec/GRID/logs/inference/runs/2025-09-16/15-55-42/pickle/predictions_1_20250916T075637340.pkl.
[2025-09-16 15:56:37,768][src.utils.inference_utils][INFO] - Global Rank: 0 wrote 64 rows to /data/mhwang/Rec/GRID/logs/inference/runs/2025-09-16/15-55-42/pickle/predictions_0_20250916T075637764.pkl.
[2025-09-16 15:56:37,990][src.utils.inference_utils][INFO] - Global Rank: 1 wrote 64 rows to /data/mhwang/Rec/GRID/logs/inference/runs/2025-09-16/15-55-42/pickle/predictions_1_20250916T075637985.pkl.
[2025-09-16 15:56:38,278][src.utils.inference_utils][INFO] - Global Rank: 0 wrote 64 rows to /data/mhwang/Rec/GRID/logs/inference/runs/2025-09-16/15-55-42/pickle/predictions_0_20250916T075638274.pkl.
[2025-09-16 15:56:38,574][src.utils.inference_utils][INFO] - Global Rank: 1 wrote 64 rows to /data/mhwang/Rec/GRID/logs/inference/runs/2025-09-16/15-55-42/pickle/predictions_1_20250916T075638569.pkl.
[2025-09-16 15:56:38,845][src.utils.inference_utils][INFO] - Global Rank: 0 wrote 64 rows to /data/mhwang/Rec/GRID/logs/inference/runs/2025-09-16/15-55-42/pickle/predictions_0_20250916T075638840.pkl.
[2025-09-16 15:56:39,222][src.utils.inference_utils][INFO] - Global Rank: 1 wrote 64 rows to /data/mhwang/Rec/GRID/logs/inference/runs/2025-09-16/15-55-42/pickle/predictions_1_20250916T075639217.pkl.
[2025-09-16 15:56:39,395][src.utils.inference_utils][INFO] - Global Rank: 0 wrote 64 rows to /data/mhwang/Rec/GRID/logs/inference/runs/2025-09-16/15-55-42/pickle/predictions_0_20250916T075639391.pkl.
[2025-09-16 15:56:39,879][src.utils.inference_utils][INFO] - Global Rank: 1 wrote 64 rows to /data/mhwang/Rec/GRID/logs/inference/runs/2025-09-16/15-55-42/pickle/predictions_1_20250916T075639874.pkl.
[2025-09-16 15:56:39,950][src.utils.inference_utils][INFO] - Global Rank: 0 wrote 64 rows to /data/mhwang/Rec/GRID/logs/inference/runs/2025-09-16/15-55-42/pickle/predictions_0_20250916T075639946.pkl.
[2025-09-16 15:56:40,523][src.utils.inference_utils][INFO] - Global Rank: 0 wrote 64 rows to /data/mhwang/Rec/GRID/logs/inference/runs/2025-09-16/15-55-42/pickle/predictions_0_20250916T075640519.pkl.
[2025-09-16 15:56:40,541][src.utils.inference_utils][INFO] - Global Rank: 1 wrote 64 rows to /data/mhwang/Rec/GRID/logs/inference/runs/2025-09-16/15-55-42/pickle/predictions_1_20250916T075640537.pkl.
[2025-09-16 15:56:41,089][src.utils.inference_utils][INFO] - Global Rank: 0 wrote 64 rows to /data/mhwang/Rec/GRID/logs/inference/runs/2025-09-16/15-55-42/pickle/predictions_0_20250916T075641085.pkl.
[2025-09-16 15:56:41,170][src.utils.inference_utils][INFO] - Global Rank: 1 wrote 64 rows to /data/mhwang/Rec/GRID/logs/inference/runs/2025-09-16/15-55-42/pickle/predictions_1_20250916T075641166.pkl.
[2025-09-16 15:56:41,635][src.utils.inference_utils][INFO] - Global Rank: 0 wrote 64 rows to /data/mhwang/Rec/GRID/logs/inference/runs/2025-09-16/15-55-42/pickle/predictions_0_20250916T075641631.pkl.
[2025-09-16 15:56:41,815][src.utils.inference_utils][INFO] - Global Rank: 1 wrote 64 rows to /data/mhwang/Rec/GRID/logs/inference/runs/2025-09-16/15-55-42/pickle/predictions_1_20250916T075641809.pkl.
[2025-09-16 15:56:42,193][src.utils.inference_utils][INFO] - Global Rank: 0 wrote 64 rows to /data/mhwang/Rec/GRID/logs/inference/runs/2025-09-16/15-55-42/pickle/predictions_0_20250916T075642189.pkl.
[2025-09-16 15:56:42,468][src.utils.inference_utils][INFO] - Global Rank: 1 wrote 64 rows to /data/mhwang/Rec/GRID/logs/inference/runs/2025-09-16/15-55-42/pickle/predictions_1_20250916T075642463.pkl.
[2025-09-16 15:56:42,734][src.utils.inference_utils][INFO] - Global Rank: 0 wrote 64 rows to /data/mhwang/Rec/GRID/logs/inference/runs/2025-09-16/15-55-42/pickle/predictions_0_20250916T075642730.pkl.
[2025-09-16 15:56:43,105][src.utils.inference_utils][INFO] - Global Rank: 1 wrote 64 rows to /data/mhwang/Rec/GRID/logs/inference/runs/2025-09-16/15-55-42/pickle/predictions_1_20250916T075643100.pkl.
[2025-09-16 15:56:43,302][src.utils.inference_utils][INFO] - Global Rank: 0 wrote 64 rows to /data/mhwang/Rec/GRID/logs/inference/runs/2025-09-16/15-55-42/pickle/predictions_0_20250916T075643298.pkl.
[2025-09-16 15:56:43,699][src.utils.inference_utils][INFO] - Global Rank: 1 wrote 64 rows to /data/mhwang/Rec/GRID/logs/inference/runs/2025-09-16/15-55-42/pickle/predictions_1_20250916T075643694.pkl.
[2025-09-16 15:56:43,792][src.utils.inference_utils][INFO] - Global Rank: 0 wrote 64 rows to /data/mhwang/Rec/GRID/logs/inference/runs/2025-09-16/15-55-42/pickle/predictions_0_20250916T075643788.pkl.
[2025-09-16 15:56:44,319][src.utils.inference_utils][INFO] - Global Rank: 0 wrote 64 rows to /data/mhwang/Rec/GRID/logs/inference/runs/2025-09-16/15-55-42/pickle/predictions_0_20250916T075644315.pkl.
[2025-09-16 15:56:44,325][src.utils.inference_utils][INFO] - Global Rank: 1 wrote 64 rows to /data/mhwang/Rec/GRID/logs/inference/runs/2025-09-16/15-55-42/pickle/predictions_1_20250916T075644321.pkl.
[2025-09-16 15:56:44,854][src.utils.inference_utils][INFO] - Global Rank: 0 wrote 64 rows to /data/mhwang/Rec/GRID/logs/inference/runs/2025-09-16/15-55-42/pickle/predictions_0_20250916T075644850.pkl.
[2025-09-16 15:56:44,939][src.utils.inference_utils][INFO] - Global Rank: 1 wrote 64 rows to /data/mhwang/Rec/GRID/logs/inference/runs/2025-09-16/15-55-42/pickle/predictions_1_20250916T075644935.pkl.
[2025-09-16 15:56:45,398][src.utils.inference_utils][INFO] - Global Rank: 0 wrote 64 rows to /data/mhwang/Rec/GRID/logs/inference/runs/2025-09-16/15-55-42/pickle/predictions_0_20250916T075645394.pkl.
[2025-09-16 15:56:45,565][src.utils.inference_utils][INFO] - Global Rank: 1 wrote 64 rows to /data/mhwang/Rec/GRID/logs/inference/runs/2025-09-16/15-55-42/pickle/predictions_1_20250916T075645560.pkl.
[2025-09-16 15:56:45,960][src.utils.inference_utils][INFO] - Global Rank: 0 wrote 64 rows to /data/mhwang/Rec/GRID/logs/inference/runs/2025-09-16/15-55-42/pickle/predictions_0_20250916T075645956.pkl.
[2025-09-16 15:56:46,203][src.utils.inference_utils][INFO] - Global Rank: 1 wrote 64 rows to /data/mhwang/Rec/GRID/logs/inference/runs/2025-09-16/15-55-42/pickle/predictions_1_20250916T075646199.pkl.
[2025-09-16 15:56:46,527][src.utils.inference_utils][INFO] - Global Rank: 0 wrote 64 rows to /data/mhwang/Rec/GRID/logs/inference/runs/2025-09-16/15-55-42/pickle/predictions_0_20250916T075646523.pkl.
[2025-09-16 15:56:46,835][src.utils.inference_utils][INFO] - Global Rank: 1 wrote 64 rows to /data/mhwang/Rec/GRID/logs/inference/runs/2025-09-16/15-55-42/pickle/predictions_1_20250916T075646830.pkl.
[2025-09-16 15:56:47,060][src.utils.inference_utils][INFO] - Global Rank: 0 wrote 64 rows to /data/mhwang/Rec/GRID/logs/inference/runs/2025-09-16/15-55-42/pickle/predictions_0_20250916T075647056.pkl.
[2025-09-16 15:56:47,462][src.utils.inference_utils][INFO] - Global Rank: 1 wrote 64 rows to /data/mhwang/Rec/GRID/logs/inference/runs/2025-09-16/15-55-42/pickle/predictions_1_20250916T075647457.pkl.
[2025-09-16 15:56:47,599][src.utils.inference_utils][INFO] - Global Rank: 0 wrote 64 rows to /data/mhwang/Rec/GRID/logs/inference/runs/2025-09-16/15-55-42/pickle/predictions_0_20250916T075647595.pkl.
[2025-09-16 15:56:48,108][src.utils.inference_utils][INFO] - Global Rank: 1 wrote 64 rows to /data/mhwang/Rec/GRID/logs/inference/runs/2025-09-16/15-55-42/pickle/predictions_1_20250916T075648104.pkl.
[2025-09-16 15:56:48,145][src.utils.inference_utils][INFO] - Global Rank: 0 wrote 64 rows to /data/mhwang/Rec/GRID/logs/inference/runs/2025-09-16/15-55-42/pickle/predictions_0_20250916T075648141.pkl.
[2025-09-16 15:56:48,693][src.utils.inference_utils][INFO] - Global Rank: 0 wrote 64 rows to /data/mhwang/Rec/GRID/logs/inference/runs/2025-09-16/15-55-42/pickle/predictions_0_20250916T075648689.pkl.
[2025-09-16 15:56:48,749][src.utils.inference_utils][INFO] - Global Rank: 1 wrote 64 rows to /data/mhwang/Rec/GRID/logs/inference/runs/2025-09-16/15-55-42/pickle/predictions_1_20250916T075648744.pkl.
[2025-09-16 15:56:49,257][src.utils.inference_utils][INFO] - Global Rank: 0 wrote 64 rows to /data/mhwang/Rec/GRID/logs/inference/runs/2025-09-16/15-55-42/pickle/predictions_0_20250916T075649253.pkl.
[2025-09-16 15:56:49,412][src.utils.inference_utils][INFO] - Global Rank: 1 wrote 64 rows to /data/mhwang/Rec/GRID/logs/inference/runs/2025-09-16/15-55-42/pickle/predictions_1_20250916T075649407.pkl.
[2025-09-16 15:56:49,791][src.utils.inference_utils][INFO] - Global Rank: 0 wrote 64 rows to /data/mhwang/Rec/GRID/logs/inference/runs/2025-09-16/15-55-42/pickle/predictions_0_20250916T075649787.pkl.
[2025-09-16 15:56:49,993][src.utils.inference_utils][INFO] - Global Rank: 1 wrote 64 rows to /data/mhwang/Rec/GRID/logs/inference/runs/2025-09-16/15-55-42/pickle/predictions_1_20250916T075649988.pkl.
[2025-09-16 15:56:50,353][src.utils.inference_utils][INFO] - Global Rank: 0 wrote 64 rows to /data/mhwang/Rec/GRID/logs/inference/runs/2025-09-16/15-55-42/pickle/predictions_0_20250916T075650349.pkl.
[2025-09-16 15:56:50,629][src.utils.inference_utils][INFO] - Global Rank: 1 wrote 64 rows to /data/mhwang/Rec/GRID/logs/inference/runs/2025-09-16/15-55-42/pickle/predictions_1_20250916T075650624.pkl.
[2025-09-16 15:56:50,914][src.utils.inference_utils][INFO] - Global Rank: 0 wrote 64 rows to /data/mhwang/Rec/GRID/logs/inference/runs/2025-09-16/15-55-42/pickle/predictions_0_20250916T075650910.pkl.
[2025-09-16 15:56:51,274][src.utils.inference_utils][INFO] - Global Rank: 1 wrote 64 rows to /data/mhwang/Rec/GRID/logs/inference/runs/2025-09-16/15-55-42/pickle/predictions_1_20250916T075651270.pkl.
[2025-09-16 15:56:51,419][src.utils.inference_utils][INFO] - Global Rank: 0 wrote 64 rows to /data/mhwang/Rec/GRID/logs/inference/runs/2025-09-16/15-55-42/pickle/predictions_0_20250916T075651415.pkl.
[2025-09-16 15:56:51,913][src.utils.inference_utils][INFO] - Global Rank: 1 wrote 64 rows to /data/mhwang/Rec/GRID/logs/inference/runs/2025-09-16/15-55-42/pickle/predictions_1_20250916T075651907.pkl.
[2025-09-16 15:56:51,969][src.utils.inference_utils][INFO] - Global Rank: 0 wrote 64 rows to /data/mhwang/Rec/GRID/logs/inference/runs/2025-09-16/15-55-42/pickle/predictions_0_20250916T075651965.pkl.
[2025-09-16 15:56:52,506][src.utils.inference_utils][INFO] - Global Rank: 0 wrote 64 rows to /data/mhwang/Rec/GRID/logs/inference/runs/2025-09-16/15-55-42/pickle/predictions_0_20250916T075652503.pkl.
[2025-09-16 15:56:52,557][src.utils.inference_utils][INFO] - Global Rank: 1 wrote 64 rows to /data/mhwang/Rec/GRID/logs/inference/runs/2025-09-16/15-55-42/pickle/predictions_1_20250916T075652551.pkl.
[2025-09-16 15:56:53,046][src.utils.inference_utils][INFO] - Global Rank: 0 wrote 64 rows to /data/mhwang/Rec/GRID/logs/inference/runs/2025-09-16/15-55-42/pickle/predictions_0_20250916T075653041.pkl.
[2025-09-16 15:56:53,189][src.utils.inference_utils][INFO] - Global Rank: 1 wrote 64 rows to /data/mhwang/Rec/GRID/logs/inference/runs/2025-09-16/15-55-42/pickle/predictions_1_20250916T075653184.pkl.
[2025-09-16 15:56:53,610][src.utils.inference_utils][INFO] - Global Rank: 0 wrote 64 rows to /data/mhwang/Rec/GRID/logs/inference/runs/2025-09-16/15-55-42/pickle/predictions_0_20250916T075653605.pkl.
[2025-09-16 15:56:53,822][src.utils.inference_utils][INFO] - Global Rank: 1 wrote 64 rows to /data/mhwang/Rec/GRID/logs/inference/runs/2025-09-16/15-55-42/pickle/predictions_1_20250916T075653818.pkl.
[2025-09-16 15:56:54,176][src.utils.inference_utils][INFO] - Global Rank: 0 wrote 64 rows to /data/mhwang/Rec/GRID/logs/inference/runs/2025-09-16/15-55-42/pickle/predictions_0_20250916T075654171.pkl.
[2025-09-16 15:56:54,447][src.utils.inference_utils][INFO] - Global Rank: 1 wrote 64 rows to /data/mhwang/Rec/GRID/logs/inference/runs/2025-09-16/15-55-42/pickle/predictions_1_20250916T075654443.pkl.
[2025-09-16 15:56:54,758][src.utils.inference_utils][INFO] - Global Rank: 0 wrote 64 rows to /data/mhwang/Rec/GRID/logs/inference/runs/2025-09-16/15-55-42/pickle/predictions_0_20250916T075654754.pkl.
[2025-09-16 15:56:55,090][src.utils.inference_utils][INFO] - Global Rank: 1 wrote 64 rows to /data/mhwang/Rec/GRID/logs/inference/runs/2025-09-16/15-55-42/pickle/predictions_1_20250916T075655085.pkl.
[2025-09-16 15:56:55,323][src.utils.inference_utils][INFO] - Global Rank: 0 wrote 64 rows to /data/mhwang/Rec/GRID/logs/inference/runs/2025-09-16/15-55-42/pickle/predictions_0_20250916T075655319.pkl.
[2025-09-16 15:56:55,755][src.utils.inference_utils][INFO] - Global Rank: 1 wrote 64 rows to /data/mhwang/Rec/GRID/logs/inference/runs/2025-09-16/15-55-42/pickle/predictions_1_20250916T075655751.pkl.
[2025-09-16 15:56:55,884][src.utils.inference_utils][INFO] - Global Rank: 0 wrote 64 rows to /data/mhwang/Rec/GRID/logs/inference/runs/2025-09-16/15-55-42/pickle/predictions_0_20250916T075655880.pkl.
[2025-09-16 15:56:56,402][src.utils.inference_utils][INFO] - Global Rank: 1 wrote 64 rows to /data/mhwang/Rec/GRID/logs/inference/runs/2025-09-16/15-55-42/pickle/predictions_1_20250916T075656398.pkl.
[2025-09-16 15:56:56,438][src.utils.inference_utils][INFO] - Global Rank: 0 wrote 64 rows to /data/mhwang/Rec/GRID/logs/inference/runs/2025-09-16/15-55-42/pickle/predictions_0_20250916T075656434.pkl.
[2025-09-16 15:56:56,926][src.utils.inference_utils][INFO] - Global Rank: 0 wrote 64 rows to /data/mhwang/Rec/GRID/logs/inference/runs/2025-09-16/15-55-42/pickle/predictions_0_20250916T075656921.pkl.
[2025-09-16 15:56:56,992][src.utils.inference_utils][INFO] - Global Rank: 1 wrote 64 rows to /data/mhwang/Rec/GRID/logs/inference/runs/2025-09-16/15-55-42/pickle/predictions_1_20250916T075656988.pkl.
[2025-09-16 15:56:57,525][src.utils.inference_utils][INFO] - Global Rank: 0 wrote 64 rows to /data/mhwang/Rec/GRID/logs/inference/runs/2025-09-16/15-55-42/pickle/predictions_0_20250916T075657521.pkl.
[2025-09-16 15:56:57,650][src.utils.inference_utils][INFO] - Global Rank: 1 wrote 64 rows to /data/mhwang/Rec/GRID/logs/inference/runs/2025-09-16/15-55-42/pickle/predictions_1_20250916T075657646.pkl.
[2025-09-16 15:56:58,061][src.utils.inference_utils][INFO] - Global Rank: 0 wrote 64 rows to /data/mhwang/Rec/GRID/logs/inference/runs/2025-09-16/15-55-42/pickle/predictions_0_20250916T075658057.pkl.
[2025-09-16 15:56:58,278][src.utils.inference_utils][INFO] - Global Rank: 1 wrote 64 rows to /data/mhwang/Rec/GRID/logs/inference/runs/2025-09-16/15-55-42/pickle/predictions_1_20250916T075658274.pkl.
[2025-09-16 15:56:58,683][src.utils.inference_utils][INFO] - Global Rank: 0 wrote 64 rows to /data/mhwang/Rec/GRID/logs/inference/runs/2025-09-16/15-55-42/pickle/predictions_0_20250916T075658679.pkl.
[2025-09-16 15:56:58,909][src.utils.inference_utils][INFO] - Global Rank: 1 wrote 64 rows to /data/mhwang/Rec/GRID/logs/inference/runs/2025-09-16/15-55-42/pickle/predictions_1_20250916T075658905.pkl.
[2025-09-16 15:56:59,252][src.utils.inference_utils][INFO] - Global Rank: 0 wrote 64 rows to /data/mhwang/Rec/GRID/logs/inference/runs/2025-09-16/15-55-42/pickle/predictions_0_20250916T075659248.pkl.
[2025-09-16 15:56:59,544][src.utils.inference_utils][INFO] - Global Rank: 1 wrote 64 rows to /data/mhwang/Rec/GRID/logs/inference/runs/2025-09-16/15-55-42/pickle/predictions_1_20250916T075659539.pkl.
[2025-09-16 15:56:59,798][src.utils.inference_utils][INFO] - Global Rank: 0 wrote 64 rows to /data/mhwang/Rec/GRID/logs/inference/runs/2025-09-16/15-55-42/pickle/predictions_0_20250916T075659792.pkl.
[2025-09-16 15:56:59,801][src.utils.inference_utils][INFO] - Global Rank: 0 wrote 5 rows to /data/mhwang/Rec/GRID/logs/inference/runs/2025-09-16/15-55-42/pickle/predictions_0_20250916T075659801.pkl.
[2025-09-16 15:56:59,802][src.utils.inference_utils][INFO] - Rank 0 finished writing predictions.
[2025-09-16 15:57:00,177][src.utils.inference_utils][INFO] - Global Rank: 1 wrote 64 rows to /data/mhwang/Rec/GRID/logs/inference/runs/2025-09-16/15-55-42/pickle/predictions_1_20250916T075700173.pkl.
[2025-09-16 15:57:00,852][src.utils.inference_utils][INFO] - Global Rank: 1 wrote 64 rows to /data/mhwang/Rec/GRID/logs/inference/runs/2025-09-16/15-55-42/pickle/predictions_1_20250916T075700848.pkl.
[2025-09-16 15:57:01,514][src.utils.inference_utils][INFO] - Global Rank: 1 wrote 64 rows to /data/mhwang/Rec/GRID/logs/inference/runs/2025-09-16/15-55-42/pickle/predictions_1_20250916T075701509.pkl.
[2025-09-16 15:57:02,159][src.utils.inference_utils][INFO] - Global Rank: 1 wrote 64 rows to /data/mhwang/Rec/GRID/logs/inference/runs/2025-09-16/15-55-42/pickle/predictions_1_20250916T075702154.pkl.
[2025-09-16 15:57:02,807][src.utils.inference_utils][INFO] - Global Rank: 1 wrote 64 rows to /data/mhwang/Rec/GRID/logs/inference/runs/2025-09-16/15-55-42/pickle/predictions_1_20250916T075702801.pkl.
[2025-09-16 15:57:03,441][src.utils.inference_utils][INFO] - Global Rank: 1 wrote 64 rows to /data/mhwang/Rec/GRID/logs/inference/runs/2025-09-16/15-55-42/pickle/predictions_1_20250916T075703437.pkl.
[2025-09-16 15:57:04,064][src.utils.inference_utils][INFO] - Global Rank: 1 wrote 64 rows to /data/mhwang/Rec/GRID/logs/inference/runs/2025-09-16/15-55-42/pickle/predictions_1_20250916T075704060.pkl.
[2025-09-16 15:57:04,664][src.utils.inference_utils][INFO] - Global Rank: 1 wrote 64 rows to /data/mhwang/Rec/GRID/logs/inference/runs/2025-09-16/15-55-42/pickle/predictions_1_20250916T075704659.pkl.
[2025-09-16 15:57:05,279][src.utils.inference_utils][INFO] - Global Rank: 1 wrote 64 rows to /data/mhwang/Rec/GRID/logs/inference/runs/2025-09-16/15-55-42/pickle/predictions_1_20250916T075705274.pkl.
[2025-09-16 15:57:06,092][src.utils.inference_utils][INFO] - Global Rank: 1 wrote 64 rows to /data/mhwang/Rec/GRID/logs/inference/runs/2025-09-16/15-55-42/pickle/predictions_1_20250916T075706088.pkl.
[2025-09-16 15:57:06,941][src.utils.inference_utils][INFO] - Global Rank: 1 wrote 64 rows to /data/mhwang/Rec/GRID/logs/inference/runs/2025-09-16/15-55-42/pickle/predictions_1_20250916T075706936.pkl.
[2025-09-16 15:57:07,765][src.utils.inference_utils][INFO] - Global Rank: 1 wrote 64 rows to /data/mhwang/Rec/GRID/logs/inference/runs/2025-09-16/15-55-42/pickle/predictions_1_20250916T075707760.pkl.
[2025-09-16 15:57:08,593][src.utils.inference_utils][INFO] - Global Rank: 1 wrote 64 rows to /data/mhwang/Rec/GRID/logs/inference/runs/2025-09-16/15-55-42/pickle/predictions_1_20250916T075708589.pkl.
[2025-09-16 15:57:09,393][src.utils.inference_utils][INFO] - Global Rank: 1 wrote 64 rows to /data/mhwang/Rec/GRID/logs/inference/runs/2025-09-16/15-55-42/pickle/predictions_1_20250916T075709389.pkl.
[2025-09-16 15:57:10,237][src.utils.inference_utils][INFO] - Global Rank: 1 wrote 64 rows to /data/mhwang/Rec/GRID/logs/inference/runs/2025-09-16/15-55-42/pickle/predictions_1_20250916T075710233.pkl.
[2025-09-16 15:57:10,983][src.utils.inference_utils][INFO] - Global Rank: 1 wrote 64 rows to /data/mhwang/Rec/GRID/logs/inference/runs/2025-09-16/15-55-42/pickle/predictions_1_20250916T075710979.pkl.
[2025-09-16 15:57:10,985][src.utils.inference_utils][INFO] - Buffer is empty, nothing to flush.
[2025-09-16 15:57:10,985][src.utils.inference_utils][INFO] - Rank 1 finished writing predictions.
[2025-09-16 15:57:10,988][src.utils.inference_utils][INFO] - Merging pickle files on main process.
[2025-09-16 15:57:13,978][src.utils.inference_utils][INFO] - Merged 12101 rows into merged_predictions.pkl.
[2025-09-16 15:57:18,380][src.utils.inference_utils][INFO] - Merged 12101 rows into merged_predictions_tensor.pt. as pytorch tensor
