[2025-09-21 16:57:18,080][src.utils.utils][INFO] - [rank: 0] Enforcing tags! <cfg.extras.enforce_tags=True>
[2025-09-21 16:57:18,087][src.utils.utils][WARNING] - [rank: 0] Config loss was not found in the config tree. Make sure this is expected.
[2025-09-21 16:57:18,087][src.utils.utils][WARNING] - [rank: 0] Config optim was not found in the config tree. Make sure this is expected.
[2025-09-21 16:57:18,087][src.utils.utils][WARNING] - [rank: 0] Config eval was not found in the config tree. Make sure this is expected.
[2025-09-21 16:57:21,088][src.utils.utils][INFO] - [rank: 0] Printing config tree with Rich! <cfg.extras.print_config=True>
[2025-09-21 16:57:21,095][src.utils.launcher_utils][INFO] - [rank: 0] Instantiating datamodule <src.data.loading.datamodules.sequence_datamodule.ItemDataModule>
[2025-09-21 16:57:21,640][src.utils.launcher_utils][INFO] - [rank: 0] Instantiating model <src.modules.semantic_embedding_inference_module.SemanticEmbeddingInferenceModule>
[2025-09-21 16:57:25,861][src.utils.launcher_utils][INFO] - [rank: 0] Instantiating callbacks...
[2025-09-21 16:57:25,861][src.utils.instantiators][INFO] - [rank: 0] Instantiating callback <src.utils.inference_utils.LocalPickleWriter>
[2025-09-21 16:57:26,007][src.utils.launcher_utils][INFO] - [rank: 0] Instantiating loggers...
[2025-09-21 16:57:26,007][src.utils.instantiators][INFO] - [rank: 0] Instantiating logger <lightning.pytorch.loggers.csv_logs.CSVLogger>
[2025-09-21 16:57:26,010][src.utils.launcher_utils][INFO] - [rank: 0] Instantiating trainer <lightning.pytorch.trainer.Trainer>
[2025-09-21 16:57:26,113][src.utils.launcher_utils][INFO] - [rank: 0] Logging hyperparameters!
[2025-09-21 16:57:26,248][__main__][INFO] - [rank: 0] Starting inference!
[2025-09-21 16:57:26,249][__main__][WARNING] - [rank: 0] No ckpt_path was provided. If using a model you trained, this is mandatory. Only leave ckpt_path=None if using a pre-trained model.
[2025-09-21 16:57:44,473][src.utils.inference_utils][INFO] - Rank 1 initialized for inference.
[2025-09-21 16:57:44,475][src.utils.inference_utils][INFO] - Rank 0 initialized for inference.
[2025-09-21 16:57:47,005][src.utils.inference_utils][INFO] - Global Rank: 0 wrote 64 rows to /data/mhwang/Rec/GRID/logs/inference/runs/2025-09-21/16-57-18/pickle/predictions_0_20250921T085747001.pkl.
[2025-09-21 16:57:47,116][src.utils.inference_utils][INFO] - Global Rank: 1 wrote 64 rows to /data/mhwang/Rec/GRID/logs/inference/runs/2025-09-21/16-57-18/pickle/predictions_1_20250921T085747112.pkl.
[2025-09-21 16:57:47,557][src.utils.inference_utils][INFO] - Global Rank: 0 wrote 64 rows to /data/mhwang/Rec/GRID/logs/inference/runs/2025-09-21/16-57-18/pickle/predictions_0_20250921T085747553.pkl.
[2025-09-21 16:57:47,645][src.utils.inference_utils][INFO] - Global Rank: 1 wrote 64 rows to /data/mhwang/Rec/GRID/logs/inference/runs/2025-09-21/16-57-18/pickle/predictions_1_20250921T085747641.pkl.
[2025-09-21 16:57:48,084][src.utils.inference_utils][INFO] - Global Rank: 0 wrote 64 rows to /data/mhwang/Rec/GRID/logs/inference/runs/2025-09-21/16-57-18/pickle/predictions_0_20250921T085748079.pkl.
[2025-09-21 16:57:48,178][src.utils.inference_utils][INFO] - Global Rank: 1 wrote 64 rows to /data/mhwang/Rec/GRID/logs/inference/runs/2025-09-21/16-57-18/pickle/predictions_1_20250921T085748174.pkl.
[2025-09-21 16:57:48,630][src.utils.inference_utils][INFO] - Global Rank: 0 wrote 64 rows to /data/mhwang/Rec/GRID/logs/inference/runs/2025-09-21/16-57-18/pickle/predictions_0_20250921T085748626.pkl.
[2025-09-21 16:57:48,712][src.utils.inference_utils][INFO] - Global Rank: 1 wrote 64 rows to /data/mhwang/Rec/GRID/logs/inference/runs/2025-09-21/16-57-18/pickle/predictions_1_20250921T085748708.pkl.
[2025-09-21 16:57:49,172][src.utils.inference_utils][INFO] - Global Rank: 0 wrote 64 rows to /data/mhwang/Rec/GRID/logs/inference/runs/2025-09-21/16-57-18/pickle/predictions_0_20250921T085749168.pkl.
[2025-09-21 16:57:49,253][src.utils.inference_utils][INFO] - Global Rank: 1 wrote 64 rows to /data/mhwang/Rec/GRID/logs/inference/runs/2025-09-21/16-57-18/pickle/predictions_1_20250921T085749249.pkl.
[2025-09-21 16:57:49,700][src.utils.inference_utils][INFO] - Global Rank: 0 wrote 64 rows to /data/mhwang/Rec/GRID/logs/inference/runs/2025-09-21/16-57-18/pickle/predictions_0_20250921T085749696.pkl.
[2025-09-21 16:57:49,788][src.utils.inference_utils][INFO] - Global Rank: 1 wrote 64 rows to /data/mhwang/Rec/GRID/logs/inference/runs/2025-09-21/16-57-18/pickle/predictions_1_20250921T085749784.pkl.
[2025-09-21 16:57:50,243][src.utils.inference_utils][INFO] - Global Rank: 0 wrote 64 rows to /data/mhwang/Rec/GRID/logs/inference/runs/2025-09-21/16-57-18/pickle/predictions_0_20250921T085750238.pkl.
[2025-09-21 16:57:50,332][src.utils.inference_utils][INFO] - Global Rank: 1 wrote 64 rows to /data/mhwang/Rec/GRID/logs/inference/runs/2025-09-21/16-57-18/pickle/predictions_1_20250921T085750328.pkl.
[2025-09-21 16:57:50,813][src.utils.inference_utils][INFO] - Global Rank: 0 wrote 64 rows to /data/mhwang/Rec/GRID/logs/inference/runs/2025-09-21/16-57-18/pickle/predictions_0_20250921T085750808.pkl.
[2025-09-21 16:57:50,887][src.utils.inference_utils][INFO] - Global Rank: 1 wrote 64 rows to /data/mhwang/Rec/GRID/logs/inference/runs/2025-09-21/16-57-18/pickle/predictions_1_20250921T085750882.pkl.
[2025-09-21 16:57:51,363][src.utils.inference_utils][INFO] - Global Rank: 0 wrote 64 rows to /data/mhwang/Rec/GRID/logs/inference/runs/2025-09-21/16-57-18/pickle/predictions_0_20250921T085751357.pkl.
[2025-09-21 16:57:51,438][src.utils.inference_utils][INFO] - Global Rank: 1 wrote 64 rows to /data/mhwang/Rec/GRID/logs/inference/runs/2025-09-21/16-57-18/pickle/predictions_1_20250921T085751433.pkl.
[2025-09-21 16:57:51,902][src.utils.inference_utils][INFO] - Global Rank: 0 wrote 64 rows to /data/mhwang/Rec/GRID/logs/inference/runs/2025-09-21/16-57-18/pickle/predictions_0_20250921T085751898.pkl.
[2025-09-21 16:57:51,975][src.utils.inference_utils][INFO] - Global Rank: 1 wrote 64 rows to /data/mhwang/Rec/GRID/logs/inference/runs/2025-09-21/16-57-18/pickle/predictions_1_20250921T085751971.pkl.
[2025-09-21 16:57:52,426][src.utils.inference_utils][INFO] - Global Rank: 0 wrote 64 rows to /data/mhwang/Rec/GRID/logs/inference/runs/2025-09-21/16-57-18/pickle/predictions_0_20250921T085752421.pkl.
[2025-09-21 16:57:52,514][src.utils.inference_utils][INFO] - Global Rank: 1 wrote 64 rows to /data/mhwang/Rec/GRID/logs/inference/runs/2025-09-21/16-57-18/pickle/predictions_1_20250921T085752509.pkl.
[2025-09-21 16:57:52,975][src.utils.inference_utils][INFO] - Global Rank: 0 wrote 64 rows to /data/mhwang/Rec/GRID/logs/inference/runs/2025-09-21/16-57-18/pickle/predictions_0_20250921T085752970.pkl.
[2025-09-21 16:57:53,039][src.utils.inference_utils][INFO] - Global Rank: 1 wrote 64 rows to /data/mhwang/Rec/GRID/logs/inference/runs/2025-09-21/16-57-18/pickle/predictions_1_20250921T085753035.pkl.
[2025-09-21 16:57:53,495][src.utils.inference_utils][INFO] - Global Rank: 0 wrote 64 rows to /data/mhwang/Rec/GRID/logs/inference/runs/2025-09-21/16-57-18/pickle/predictions_0_20250921T085753491.pkl.
[2025-09-21 16:57:53,597][src.utils.inference_utils][INFO] - Global Rank: 1 wrote 64 rows to /data/mhwang/Rec/GRID/logs/inference/runs/2025-09-21/16-57-18/pickle/predictions_1_20250921T085753591.pkl.
[2025-09-21 16:57:54,062][src.utils.inference_utils][INFO] - Global Rank: 0 wrote 64 rows to /data/mhwang/Rec/GRID/logs/inference/runs/2025-09-21/16-57-18/pickle/predictions_0_20250921T085754058.pkl.
[2025-09-21 16:57:54,131][src.utils.inference_utils][INFO] - Global Rank: 1 wrote 64 rows to /data/mhwang/Rec/GRID/logs/inference/runs/2025-09-21/16-57-18/pickle/predictions_1_20250921T085754127.pkl.
[2025-09-21 16:57:54,602][src.utils.inference_utils][INFO] - Global Rank: 0 wrote 64 rows to /data/mhwang/Rec/GRID/logs/inference/runs/2025-09-21/16-57-18/pickle/predictions_0_20250921T085754598.pkl.
[2025-09-21 16:57:54,653][src.utils.inference_utils][INFO] - Global Rank: 1 wrote 64 rows to /data/mhwang/Rec/GRID/logs/inference/runs/2025-09-21/16-57-18/pickle/predictions_1_20250921T085754649.pkl.
[2025-09-21 16:57:55,144][src.utils.inference_utils][INFO] - Global Rank: 0 wrote 64 rows to /data/mhwang/Rec/GRID/logs/inference/runs/2025-09-21/16-57-18/pickle/predictions_0_20250921T085755139.pkl.
[2025-09-21 16:57:55,174][src.utils.inference_utils][INFO] - Global Rank: 1 wrote 64 rows to /data/mhwang/Rec/GRID/logs/inference/runs/2025-09-21/16-57-18/pickle/predictions_1_20250921T085755170.pkl.
[2025-09-21 16:57:55,671][src.utils.inference_utils][INFO] - Global Rank: 0 wrote 64 rows to /data/mhwang/Rec/GRID/logs/inference/runs/2025-09-21/16-57-18/pickle/predictions_0_20250921T085755667.pkl.
[2025-09-21 16:57:55,725][src.utils.inference_utils][INFO] - Global Rank: 1 wrote 64 rows to /data/mhwang/Rec/GRID/logs/inference/runs/2025-09-21/16-57-18/pickle/predictions_1_20250921T085755721.pkl.
[2025-09-21 16:57:56,209][src.utils.inference_utils][INFO] - Global Rank: 0 wrote 64 rows to /data/mhwang/Rec/GRID/logs/inference/runs/2025-09-21/16-57-18/pickle/predictions_0_20250921T085756205.pkl.
[2025-09-21 16:57:56,271][src.utils.inference_utils][INFO] - Global Rank: 1 wrote 64 rows to /data/mhwang/Rec/GRID/logs/inference/runs/2025-09-21/16-57-18/pickle/predictions_1_20250921T085756267.pkl.
[2025-09-21 16:57:56,746][src.utils.inference_utils][INFO] - Global Rank: 0 wrote 64 rows to /data/mhwang/Rec/GRID/logs/inference/runs/2025-09-21/16-57-18/pickle/predictions_0_20250921T085756742.pkl.
[2025-09-21 16:57:56,815][src.utils.inference_utils][INFO] - Global Rank: 1 wrote 64 rows to /data/mhwang/Rec/GRID/logs/inference/runs/2025-09-21/16-57-18/pickle/predictions_1_20250921T085756810.pkl.
[2025-09-21 16:57:57,274][src.utils.inference_utils][INFO] - Global Rank: 0 wrote 64 rows to /data/mhwang/Rec/GRID/logs/inference/runs/2025-09-21/16-57-18/pickle/predictions_0_20250921T085757269.pkl.
[2025-09-21 16:57:57,363][src.utils.inference_utils][INFO] - Global Rank: 1 wrote 64 rows to /data/mhwang/Rec/GRID/logs/inference/runs/2025-09-21/16-57-18/pickle/predictions_1_20250921T085757358.pkl.
[2025-09-21 16:57:57,798][src.utils.inference_utils][INFO] - Global Rank: 0 wrote 64 rows to /data/mhwang/Rec/GRID/logs/inference/runs/2025-09-21/16-57-18/pickle/predictions_0_20250921T085757794.pkl.
[2025-09-21 16:57:57,916][src.utils.inference_utils][INFO] - Global Rank: 1 wrote 64 rows to /data/mhwang/Rec/GRID/logs/inference/runs/2025-09-21/16-57-18/pickle/predictions_1_20250921T085757910.pkl.
[2025-09-21 16:57:58,328][src.utils.inference_utils][INFO] - Global Rank: 0 wrote 64 rows to /data/mhwang/Rec/GRID/logs/inference/runs/2025-09-21/16-57-18/pickle/predictions_0_20250921T085758324.pkl.
[2025-09-21 16:57:58,458][src.utils.inference_utils][INFO] - Global Rank: 1 wrote 64 rows to /data/mhwang/Rec/GRID/logs/inference/runs/2025-09-21/16-57-18/pickle/predictions_1_20250921T085758454.pkl.
[2025-09-21 16:57:58,871][src.utils.inference_utils][INFO] - Global Rank: 0 wrote 64 rows to /data/mhwang/Rec/GRID/logs/inference/runs/2025-09-21/16-57-18/pickle/predictions_0_20250921T085758867.pkl.
[2025-09-21 16:57:59,007][src.utils.inference_utils][INFO] - Global Rank: 1 wrote 64 rows to /data/mhwang/Rec/GRID/logs/inference/runs/2025-09-21/16-57-18/pickle/predictions_1_20250921T085759003.pkl.
[2025-09-21 16:57:59,413][src.utils.inference_utils][INFO] - Global Rank: 0 wrote 64 rows to /data/mhwang/Rec/GRID/logs/inference/runs/2025-09-21/16-57-18/pickle/predictions_0_20250921T085759409.pkl.
[2025-09-21 16:57:59,544][src.utils.inference_utils][INFO] - Global Rank: 1 wrote 64 rows to /data/mhwang/Rec/GRID/logs/inference/runs/2025-09-21/16-57-18/pickle/predictions_1_20250921T085759540.pkl.
[2025-09-21 16:57:59,958][src.utils.inference_utils][INFO] - Global Rank: 0 wrote 64 rows to /data/mhwang/Rec/GRID/logs/inference/runs/2025-09-21/16-57-18/pickle/predictions_0_20250921T085759951.pkl.
[2025-09-21 16:58:00,082][src.utils.inference_utils][INFO] - Global Rank: 1 wrote 64 rows to /data/mhwang/Rec/GRID/logs/inference/runs/2025-09-21/16-57-18/pickle/predictions_1_20250921T085800078.pkl.
[2025-09-21 16:58:00,514][src.utils.inference_utils][INFO] - Global Rank: 0 wrote 64 rows to /data/mhwang/Rec/GRID/logs/inference/runs/2025-09-21/16-57-18/pickle/predictions_0_20250921T085800510.pkl.
[2025-09-21 16:58:00,619][src.utils.inference_utils][INFO] - Global Rank: 1 wrote 64 rows to /data/mhwang/Rec/GRID/logs/inference/runs/2025-09-21/16-57-18/pickle/predictions_1_20250921T085800615.pkl.
[2025-09-21 16:58:01,060][src.utils.inference_utils][INFO] - Global Rank: 0 wrote 64 rows to /data/mhwang/Rec/GRID/logs/inference/runs/2025-09-21/16-57-18/pickle/predictions_0_20250921T085801056.pkl.
[2025-09-21 16:58:01,148][src.utils.inference_utils][INFO] - Global Rank: 1 wrote 64 rows to /data/mhwang/Rec/GRID/logs/inference/runs/2025-09-21/16-57-18/pickle/predictions_1_20250921T085801144.pkl.
[2025-09-21 16:58:01,580][src.utils.inference_utils][INFO] - Global Rank: 0 wrote 64 rows to /data/mhwang/Rec/GRID/logs/inference/runs/2025-09-21/16-57-18/pickle/predictions_0_20250921T085801576.pkl.
[2025-09-21 16:58:01,669][src.utils.inference_utils][INFO] - Global Rank: 1 wrote 64 rows to /data/mhwang/Rec/GRID/logs/inference/runs/2025-09-21/16-57-18/pickle/predictions_1_20250921T085801665.pkl.
[2025-09-21 16:58:02,138][src.utils.inference_utils][INFO] - Global Rank: 0 wrote 64 rows to /data/mhwang/Rec/GRID/logs/inference/runs/2025-09-21/16-57-18/pickle/predictions_0_20250921T085802134.pkl.
[2025-09-21 16:58:02,180][src.utils.inference_utils][INFO] - Global Rank: 1 wrote 64 rows to /data/mhwang/Rec/GRID/logs/inference/runs/2025-09-21/16-57-18/pickle/predictions_1_20250921T085802176.pkl.
[2025-09-21 16:58:02,674][src.utils.inference_utils][INFO] - Global Rank: 0 wrote 64 rows to /data/mhwang/Rec/GRID/logs/inference/runs/2025-09-21/16-57-18/pickle/predictions_0_20250921T085802669.pkl.
[2025-09-21 16:58:02,697][src.utils.inference_utils][INFO] - Global Rank: 1 wrote 64 rows to /data/mhwang/Rec/GRID/logs/inference/runs/2025-09-21/16-57-18/pickle/predictions_1_20250921T085802693.pkl.
[2025-09-21 16:58:03,198][src.utils.inference_utils][INFO] - Global Rank: 0 wrote 64 rows to /data/mhwang/Rec/GRID/logs/inference/runs/2025-09-21/16-57-18/pickle/predictions_0_20250921T085803194.pkl.
[2025-09-21 16:58:03,237][src.utils.inference_utils][INFO] - Global Rank: 1 wrote 64 rows to /data/mhwang/Rec/GRID/logs/inference/runs/2025-09-21/16-57-18/pickle/predictions_1_20250921T085803233.pkl.
[2025-09-21 16:58:03,731][src.utils.inference_utils][INFO] - Global Rank: 0 wrote 64 rows to /data/mhwang/Rec/GRID/logs/inference/runs/2025-09-21/16-57-18/pickle/predictions_0_20250921T085803727.pkl.
[2025-09-21 16:58:03,773][src.utils.inference_utils][INFO] - Global Rank: 1 wrote 64 rows to /data/mhwang/Rec/GRID/logs/inference/runs/2025-09-21/16-57-18/pickle/predictions_1_20250921T085803769.pkl.
[2025-09-21 16:58:04,270][src.utils.inference_utils][INFO] - Global Rank: 0 wrote 64 rows to /data/mhwang/Rec/GRID/logs/inference/runs/2025-09-21/16-57-18/pickle/predictions_0_20250921T085804266.pkl.
[2025-09-21 16:58:04,295][src.utils.inference_utils][INFO] - Global Rank: 1 wrote 64 rows to /data/mhwang/Rec/GRID/logs/inference/runs/2025-09-21/16-57-18/pickle/predictions_1_20250921T085804290.pkl.
[2025-09-21 16:58:04,806][src.utils.inference_utils][INFO] - Global Rank: 0 wrote 64 rows to /data/mhwang/Rec/GRID/logs/inference/runs/2025-09-21/16-57-18/pickle/predictions_0_20250921T085804803.pkl.
[2025-09-21 16:58:04,826][src.utils.inference_utils][INFO] - Global Rank: 1 wrote 64 rows to /data/mhwang/Rec/GRID/logs/inference/runs/2025-09-21/16-57-18/pickle/predictions_1_20250921T085804821.pkl.
[2025-09-21 16:58:05,304][src.utils.inference_utils][INFO] - Global Rank: 0 wrote 64 rows to /data/mhwang/Rec/GRID/logs/inference/runs/2025-09-21/16-57-18/pickle/predictions_0_20250921T085805300.pkl.
[2025-09-21 16:58:05,347][src.utils.inference_utils][INFO] - Global Rank: 1 wrote 64 rows to /data/mhwang/Rec/GRID/logs/inference/runs/2025-09-21/16-57-18/pickle/predictions_1_20250921T085805343.pkl.
[2025-09-21 16:58:05,867][src.utils.inference_utils][INFO] - Global Rank: 0 wrote 64 rows to /data/mhwang/Rec/GRID/logs/inference/runs/2025-09-21/16-57-18/pickle/predictions_0_20250921T085805863.pkl.
[2025-09-21 16:58:05,878][src.utils.inference_utils][INFO] - Global Rank: 1 wrote 64 rows to /data/mhwang/Rec/GRID/logs/inference/runs/2025-09-21/16-57-18/pickle/predictions_1_20250921T085805874.pkl.
[2025-09-21 16:58:06,402][src.utils.inference_utils][INFO] - Global Rank: 0 wrote 64 rows to /data/mhwang/Rec/GRID/logs/inference/runs/2025-09-21/16-57-18/pickle/predictions_0_20250921T085806398.pkl.
[2025-09-21 16:58:06,408][src.utils.inference_utils][INFO] - Global Rank: 1 wrote 64 rows to /data/mhwang/Rec/GRID/logs/inference/runs/2025-09-21/16-57-18/pickle/predictions_1_20250921T085806404.pkl.
[2025-09-21 16:58:06,926][src.utils.inference_utils][INFO] - Global Rank: 1 wrote 64 rows to /data/mhwang/Rec/GRID/logs/inference/runs/2025-09-21/16-57-18/pickle/predictions_1_20250921T085806921.pkl.
[2025-09-21 16:58:06,939][src.utils.inference_utils][INFO] - Global Rank: 0 wrote 64 rows to /data/mhwang/Rec/GRID/logs/inference/runs/2025-09-21/16-57-18/pickle/predictions_0_20250921T085806935.pkl.
[2025-09-21 16:58:07,447][src.utils.inference_utils][INFO] - Global Rank: 1 wrote 64 rows to /data/mhwang/Rec/GRID/logs/inference/runs/2025-09-21/16-57-18/pickle/predictions_1_20250921T085807443.pkl.
[2025-09-21 16:58:07,485][src.utils.inference_utils][INFO] - Global Rank: 0 wrote 64 rows to /data/mhwang/Rec/GRID/logs/inference/runs/2025-09-21/16-57-18/pickle/predictions_0_20250921T085807480.pkl.
[2025-09-21 16:58:07,965][src.utils.inference_utils][INFO] - Global Rank: 1 wrote 64 rows to /data/mhwang/Rec/GRID/logs/inference/runs/2025-09-21/16-57-18/pickle/predictions_1_20250921T085807961.pkl.
[2025-09-21 16:58:08,038][src.utils.inference_utils][INFO] - Global Rank: 0 wrote 64 rows to /data/mhwang/Rec/GRID/logs/inference/runs/2025-09-21/16-57-18/pickle/predictions_0_20250921T085808032.pkl.
[2025-09-21 16:58:08,494][src.utils.inference_utils][INFO] - Global Rank: 1 wrote 64 rows to /data/mhwang/Rec/GRID/logs/inference/runs/2025-09-21/16-57-18/pickle/predictions_1_20250921T085808489.pkl.
[2025-09-21 16:58:08,577][src.utils.inference_utils][INFO] - Global Rank: 0 wrote 64 rows to /data/mhwang/Rec/GRID/logs/inference/runs/2025-09-21/16-57-18/pickle/predictions_0_20250921T085808572.pkl.
[2025-09-21 16:58:09,031][src.utils.inference_utils][INFO] - Global Rank: 1 wrote 64 rows to /data/mhwang/Rec/GRID/logs/inference/runs/2025-09-21/16-57-18/pickle/predictions_1_20250921T085809026.pkl.
[2025-09-21 16:58:09,125][src.utils.inference_utils][INFO] - Global Rank: 0 wrote 64 rows to /data/mhwang/Rec/GRID/logs/inference/runs/2025-09-21/16-57-18/pickle/predictions_0_20250921T085809119.pkl.
[2025-09-21 16:58:09,552][src.utils.inference_utils][INFO] - Global Rank: 1 wrote 64 rows to /data/mhwang/Rec/GRID/logs/inference/runs/2025-09-21/16-57-18/pickle/predictions_1_20250921T085809547.pkl.
[2025-09-21 16:58:09,695][src.utils.inference_utils][INFO] - Global Rank: 0 wrote 64 rows to /data/mhwang/Rec/GRID/logs/inference/runs/2025-09-21/16-57-18/pickle/predictions_0_20250921T085809691.pkl.
[2025-09-21 16:58:10,104][src.utils.inference_utils][INFO] - Global Rank: 1 wrote 64 rows to /data/mhwang/Rec/GRID/logs/inference/runs/2025-09-21/16-57-18/pickle/predictions_1_20250921T085810100.pkl.
[2025-09-21 16:58:10,235][src.utils.inference_utils][INFO] - Global Rank: 0 wrote 64 rows to /data/mhwang/Rec/GRID/logs/inference/runs/2025-09-21/16-57-18/pickle/predictions_0_20250921T085810230.pkl.
[2025-09-21 16:58:10,652][src.utils.inference_utils][INFO] - Global Rank: 1 wrote 64 rows to /data/mhwang/Rec/GRID/logs/inference/runs/2025-09-21/16-57-18/pickle/predictions_1_20250921T085810648.pkl.
[2025-09-21 16:58:10,788][src.utils.inference_utils][INFO] - Global Rank: 0 wrote 64 rows to /data/mhwang/Rec/GRID/logs/inference/runs/2025-09-21/16-57-18/pickle/predictions_0_20250921T085810783.pkl.
[2025-09-21 16:58:11,177][src.utils.inference_utils][INFO] - Global Rank: 1 wrote 64 rows to /data/mhwang/Rec/GRID/logs/inference/runs/2025-09-21/16-57-18/pickle/predictions_1_20250921T085811172.pkl.
[2025-09-21 16:58:11,336][src.utils.inference_utils][INFO] - Global Rank: 0 wrote 64 rows to /data/mhwang/Rec/GRID/logs/inference/runs/2025-09-21/16-57-18/pickle/predictions_0_20250921T085811331.pkl.
[2025-09-21 16:58:11,717][src.utils.inference_utils][INFO] - Global Rank: 1 wrote 64 rows to /data/mhwang/Rec/GRID/logs/inference/runs/2025-09-21/16-57-18/pickle/predictions_1_20250921T085811713.pkl.
[2025-09-21 16:58:11,880][src.utils.inference_utils][INFO] - Global Rank: 0 wrote 64 rows to /data/mhwang/Rec/GRID/logs/inference/runs/2025-09-21/16-57-18/pickle/predictions_0_20250921T085811876.pkl.
[2025-09-21 16:58:12,249][src.utils.inference_utils][INFO] - Global Rank: 1 wrote 64 rows to /data/mhwang/Rec/GRID/logs/inference/runs/2025-09-21/16-57-18/pickle/predictions_1_20250921T085812245.pkl.
[2025-09-21 16:58:12,395][src.utils.inference_utils][INFO] - Global Rank: 0 wrote 64 rows to /data/mhwang/Rec/GRID/logs/inference/runs/2025-09-21/16-57-18/pickle/predictions_0_20250921T085812391.pkl.
[2025-09-21 16:58:12,776][src.utils.inference_utils][INFO] - Global Rank: 1 wrote 64 rows to /data/mhwang/Rec/GRID/logs/inference/runs/2025-09-21/16-57-18/pickle/predictions_1_20250921T085812772.pkl.
[2025-09-21 16:58:12,959][src.utils.inference_utils][INFO] - Global Rank: 0 wrote 64 rows to /data/mhwang/Rec/GRID/logs/inference/runs/2025-09-21/16-57-18/pickle/predictions_0_20250921T085812953.pkl.
[2025-09-21 16:58:13,304][src.utils.inference_utils][INFO] - Global Rank: 1 wrote 64 rows to /data/mhwang/Rec/GRID/logs/inference/runs/2025-09-21/16-57-18/pickle/predictions_1_20250921T085813300.pkl.
[2025-09-21 16:58:13,500][src.utils.inference_utils][INFO] - Global Rank: 0 wrote 64 rows to /data/mhwang/Rec/GRID/logs/inference/runs/2025-09-21/16-57-18/pickle/predictions_0_20250921T085813494.pkl.
[2025-09-21 16:58:13,828][src.utils.inference_utils][INFO] - Global Rank: 1 wrote 64 rows to /data/mhwang/Rec/GRID/logs/inference/runs/2025-09-21/16-57-18/pickle/predictions_1_20250921T085813823.pkl.
[2025-09-21 16:58:14,053][src.utils.inference_utils][INFO] - Global Rank: 0 wrote 64 rows to /data/mhwang/Rec/GRID/logs/inference/runs/2025-09-21/16-57-18/pickle/predictions_0_20250921T085814049.pkl.
[2025-09-21 16:58:14,380][src.utils.inference_utils][INFO] - Global Rank: 1 wrote 64 rows to /data/mhwang/Rec/GRID/logs/inference/runs/2025-09-21/16-57-18/pickle/predictions_1_20250921T085814375.pkl.
[2025-09-21 16:58:14,594][src.utils.inference_utils][INFO] - Global Rank: 0 wrote 64 rows to /data/mhwang/Rec/GRID/logs/inference/runs/2025-09-21/16-57-18/pickle/predictions_0_20250921T085814590.pkl.
[2025-09-21 16:58:14,906][src.utils.inference_utils][INFO] - Global Rank: 1 wrote 64 rows to /data/mhwang/Rec/GRID/logs/inference/runs/2025-09-21/16-57-18/pickle/predictions_1_20250921T085814902.pkl.
[2025-09-21 16:58:15,150][src.utils.inference_utils][INFO] - Global Rank: 0 wrote 64 rows to /data/mhwang/Rec/GRID/logs/inference/runs/2025-09-21/16-57-18/pickle/predictions_0_20250921T085815145.pkl.
[2025-09-21 16:58:15,453][src.utils.inference_utils][INFO] - Global Rank: 1 wrote 64 rows to /data/mhwang/Rec/GRID/logs/inference/runs/2025-09-21/16-57-18/pickle/predictions_1_20250921T085815448.pkl.
[2025-09-21 16:58:15,670][src.utils.inference_utils][INFO] - Global Rank: 0 wrote 64 rows to /data/mhwang/Rec/GRID/logs/inference/runs/2025-09-21/16-57-18/pickle/predictions_0_20250921T085815666.pkl.
[2025-09-21 16:58:15,997][src.utils.inference_utils][INFO] - Global Rank: 1 wrote 64 rows to /data/mhwang/Rec/GRID/logs/inference/runs/2025-09-21/16-57-18/pickle/predictions_1_20250921T085815993.pkl.
[2025-09-21 16:58:16,208][src.utils.inference_utils][INFO] - Global Rank: 0 wrote 64 rows to /data/mhwang/Rec/GRID/logs/inference/runs/2025-09-21/16-57-18/pickle/predictions_0_20250921T085816203.pkl.
[2025-09-21 16:58:16,517][src.utils.inference_utils][INFO] - Global Rank: 1 wrote 64 rows to /data/mhwang/Rec/GRID/logs/inference/runs/2025-09-21/16-57-18/pickle/predictions_1_20250921T085816513.pkl.
[2025-09-21 16:58:16,724][src.utils.inference_utils][INFO] - Global Rank: 0 wrote 64 rows to /data/mhwang/Rec/GRID/logs/inference/runs/2025-09-21/16-57-18/pickle/predictions_0_20250921T085816720.pkl.
[2025-09-21 16:58:17,032][src.utils.inference_utils][INFO] - Global Rank: 1 wrote 64 rows to /data/mhwang/Rec/GRID/logs/inference/runs/2025-09-21/16-57-18/pickle/predictions_1_20250921T085817027.pkl.
[2025-09-21 16:58:17,258][src.utils.inference_utils][INFO] - Global Rank: 0 wrote 64 rows to /data/mhwang/Rec/GRID/logs/inference/runs/2025-09-21/16-57-18/pickle/predictions_0_20250921T085817254.pkl.
[2025-09-21 16:58:17,573][src.utils.inference_utils][INFO] - Global Rank: 1 wrote 64 rows to /data/mhwang/Rec/GRID/logs/inference/runs/2025-09-21/16-57-18/pickle/predictions_1_20250921T085817568.pkl.
[2025-09-21 16:58:17,801][src.utils.inference_utils][INFO] - Global Rank: 0 wrote 64 rows to /data/mhwang/Rec/GRID/logs/inference/runs/2025-09-21/16-57-18/pickle/predictions_0_20250921T085817797.pkl.
[2025-09-21 16:58:18,106][src.utils.inference_utils][INFO] - Global Rank: 1 wrote 64 rows to /data/mhwang/Rec/GRID/logs/inference/runs/2025-09-21/16-57-18/pickle/predictions_1_20250921T085818102.pkl.
[2025-09-21 16:58:18,330][src.utils.inference_utils][INFO] - Global Rank: 0 wrote 64 rows to /data/mhwang/Rec/GRID/logs/inference/runs/2025-09-21/16-57-18/pickle/predictions_0_20250921T085818325.pkl.
[2025-09-21 16:58:18,645][src.utils.inference_utils][INFO] - Global Rank: 1 wrote 64 rows to /data/mhwang/Rec/GRID/logs/inference/runs/2025-09-21/16-57-18/pickle/predictions_1_20250921T085818641.pkl.
[2025-09-21 16:58:18,857][src.utils.inference_utils][INFO] - Global Rank: 0 wrote 64 rows to /data/mhwang/Rec/GRID/logs/inference/runs/2025-09-21/16-57-18/pickle/predictions_0_20250921T085818853.pkl.
[2025-09-21 16:58:19,187][src.utils.inference_utils][INFO] - Global Rank: 1 wrote 64 rows to /data/mhwang/Rec/GRID/logs/inference/runs/2025-09-21/16-57-18/pickle/predictions_1_20250921T085819182.pkl.
[2025-09-21 16:58:19,393][src.utils.inference_utils][INFO] - Global Rank: 0 wrote 64 rows to /data/mhwang/Rec/GRID/logs/inference/runs/2025-09-21/16-57-18/pickle/predictions_0_20250921T085819389.pkl.
[2025-09-21 16:58:19,710][src.utils.inference_utils][INFO] - Global Rank: 1 wrote 64 rows to /data/mhwang/Rec/GRID/logs/inference/runs/2025-09-21/16-57-18/pickle/predictions_1_20250921T085819706.pkl.
[2025-09-21 16:58:19,944][src.utils.inference_utils][INFO] - Global Rank: 0 wrote 64 rows to /data/mhwang/Rec/GRID/logs/inference/runs/2025-09-21/16-57-18/pickle/predictions_0_20250921T085819940.pkl.
[2025-09-21 16:58:20,231][src.utils.inference_utils][INFO] - Global Rank: 1 wrote 64 rows to /data/mhwang/Rec/GRID/logs/inference/runs/2025-09-21/16-57-18/pickle/predictions_1_20250921T085820227.pkl.
[2025-09-21 16:58:20,480][src.utils.inference_utils][INFO] - Global Rank: 0 wrote 64 rows to /data/mhwang/Rec/GRID/logs/inference/runs/2025-09-21/16-57-18/pickle/predictions_0_20250921T085820476.pkl.
[2025-09-21 16:58:20,781][src.utils.inference_utils][INFO] - Global Rank: 1 wrote 64 rows to /data/mhwang/Rec/GRID/logs/inference/runs/2025-09-21/16-57-18/pickle/predictions_1_20250921T085820777.pkl.
[2025-09-21 16:58:21,030][src.utils.inference_utils][INFO] - Global Rank: 0 wrote 64 rows to /data/mhwang/Rec/GRID/logs/inference/runs/2025-09-21/16-57-18/pickle/predictions_0_20250921T085821026.pkl.
[2025-09-21 16:58:21,319][src.utils.inference_utils][INFO] - Global Rank: 1 wrote 64 rows to /data/mhwang/Rec/GRID/logs/inference/runs/2025-09-21/16-57-18/pickle/predictions_1_20250921T085821315.pkl.
[2025-09-21 16:58:21,566][src.utils.inference_utils][INFO] - Global Rank: 0 wrote 64 rows to /data/mhwang/Rec/GRID/logs/inference/runs/2025-09-21/16-57-18/pickle/predictions_0_20250921T085821561.pkl.
[2025-09-21 16:58:21,859][src.utils.inference_utils][INFO] - Global Rank: 1 wrote 64 rows to /data/mhwang/Rec/GRID/logs/inference/runs/2025-09-21/16-57-18/pickle/predictions_1_20250921T085821854.pkl.
[2025-09-21 16:58:22,114][src.utils.inference_utils][INFO] - Global Rank: 0 wrote 64 rows to /data/mhwang/Rec/GRID/logs/inference/runs/2025-09-21/16-57-18/pickle/predictions_0_20250921T085822108.pkl.
[2025-09-21 16:58:22,392][src.utils.inference_utils][INFO] - Global Rank: 1 wrote 64 rows to /data/mhwang/Rec/GRID/logs/inference/runs/2025-09-21/16-57-18/pickle/predictions_1_20250921T085822388.pkl.
[2025-09-21 16:58:22,658][src.utils.inference_utils][INFO] - Global Rank: 0 wrote 64 rows to /data/mhwang/Rec/GRID/logs/inference/runs/2025-09-21/16-57-18/pickle/predictions_0_20250921T085822652.pkl.
[2025-09-21 16:58:22,953][src.utils.inference_utils][INFO] - Global Rank: 1 wrote 64 rows to /data/mhwang/Rec/GRID/logs/inference/runs/2025-09-21/16-57-18/pickle/predictions_1_20250921T085822948.pkl.
[2025-09-21 16:58:23,195][src.utils.inference_utils][INFO] - Global Rank: 0 wrote 64 rows to /data/mhwang/Rec/GRID/logs/inference/runs/2025-09-21/16-57-18/pickle/predictions_0_20250921T085823189.pkl.
[2025-09-21 16:58:23,490][src.utils.inference_utils][INFO] - Global Rank: 1 wrote 64 rows to /data/mhwang/Rec/GRID/logs/inference/runs/2025-09-21/16-57-18/pickle/predictions_1_20250921T085823486.pkl.
[2025-09-21 16:58:23,756][src.utils.inference_utils][INFO] - Global Rank: 0 wrote 64 rows to /data/mhwang/Rec/GRID/logs/inference/runs/2025-09-21/16-57-18/pickle/predictions_0_20250921T085823752.pkl.
[2025-09-21 16:58:24,027][src.utils.inference_utils][INFO] - Global Rank: 1 wrote 64 rows to /data/mhwang/Rec/GRID/logs/inference/runs/2025-09-21/16-57-18/pickle/predictions_1_20250921T085824022.pkl.
[2025-09-21 16:58:24,309][src.utils.inference_utils][INFO] - Global Rank: 0 wrote 64 rows to /data/mhwang/Rec/GRID/logs/inference/runs/2025-09-21/16-57-18/pickle/predictions_0_20250921T085824304.pkl.
[2025-09-21 16:58:24,562][src.utils.inference_utils][INFO] - Global Rank: 1 wrote 64 rows to /data/mhwang/Rec/GRID/logs/inference/runs/2025-09-21/16-57-18/pickle/predictions_1_20250921T085824556.pkl.
[2025-09-21 16:58:24,870][src.utils.inference_utils][INFO] - Global Rank: 0 wrote 64 rows to /data/mhwang/Rec/GRID/logs/inference/runs/2025-09-21/16-57-18/pickle/predictions_0_20250921T085824865.pkl.
[2025-09-21 16:58:25,094][src.utils.inference_utils][INFO] - Global Rank: 1 wrote 64 rows to /data/mhwang/Rec/GRID/logs/inference/runs/2025-09-21/16-57-18/pickle/predictions_1_20250921T085825090.pkl.
[2025-09-21 16:58:25,408][src.utils.inference_utils][INFO] - Global Rank: 0 wrote 64 rows to /data/mhwang/Rec/GRID/logs/inference/runs/2025-09-21/16-57-18/pickle/predictions_0_20250921T085825403.pkl.
[2025-09-21 16:58:25,626][src.utils.inference_utils][INFO] - Global Rank: 1 wrote 64 rows to /data/mhwang/Rec/GRID/logs/inference/runs/2025-09-21/16-57-18/pickle/predictions_1_20250921T085825621.pkl.
[2025-09-21 16:58:25,963][src.utils.inference_utils][INFO] - Global Rank: 0 wrote 64 rows to /data/mhwang/Rec/GRID/logs/inference/runs/2025-09-21/16-57-18/pickle/predictions_0_20250921T085825958.pkl.
[2025-09-21 16:58:26,139][src.utils.inference_utils][INFO] - Global Rank: 1 wrote 64 rows to /data/mhwang/Rec/GRID/logs/inference/runs/2025-09-21/16-57-18/pickle/predictions_1_20250921T085826135.pkl.
[2025-09-21 16:58:26,503][src.utils.inference_utils][INFO] - Global Rank: 0 wrote 64 rows to /data/mhwang/Rec/GRID/logs/inference/runs/2025-09-21/16-57-18/pickle/predictions_0_20250921T085826498.pkl.
[2025-09-21 16:58:26,695][src.utils.inference_utils][INFO] - Global Rank: 1 wrote 64 rows to /data/mhwang/Rec/GRID/logs/inference/runs/2025-09-21/16-57-18/pickle/predictions_1_20250921T085826691.pkl.
[2025-09-21 16:58:27,025][src.utils.inference_utils][INFO] - Global Rank: 0 wrote 64 rows to /data/mhwang/Rec/GRID/logs/inference/runs/2025-09-21/16-57-18/pickle/predictions_0_20250921T085827020.pkl.
[2025-09-21 16:58:27,247][src.utils.inference_utils][INFO] - Global Rank: 1 wrote 64 rows to /data/mhwang/Rec/GRID/logs/inference/runs/2025-09-21/16-57-18/pickle/predictions_1_20250921T085827242.pkl.
[2025-09-21 16:58:27,567][src.utils.inference_utils][INFO] - Global Rank: 0 wrote 64 rows to /data/mhwang/Rec/GRID/logs/inference/runs/2025-09-21/16-57-18/pickle/predictions_0_20250921T085827562.pkl.
[2025-09-21 16:58:27,762][src.utils.inference_utils][INFO] - Global Rank: 1 wrote 64 rows to /data/mhwang/Rec/GRID/logs/inference/runs/2025-09-21/16-57-18/pickle/predictions_1_20250921T085827758.pkl.
[2025-09-21 16:58:28,107][src.utils.inference_utils][INFO] - Global Rank: 0 wrote 64 rows to /data/mhwang/Rec/GRID/logs/inference/runs/2025-09-21/16-57-18/pickle/predictions_0_20250921T085828102.pkl.
[2025-09-21 16:58:28,289][src.utils.inference_utils][INFO] - Global Rank: 1 wrote 64 rows to /data/mhwang/Rec/GRID/logs/inference/runs/2025-09-21/16-57-18/pickle/predictions_1_20250921T085828284.pkl.
[2025-09-21 16:58:28,682][src.utils.inference_utils][INFO] - Global Rank: 0 wrote 64 rows to /data/mhwang/Rec/GRID/logs/inference/runs/2025-09-21/16-57-18/pickle/predictions_0_20250921T085828677.pkl.
[2025-09-21 16:58:28,809][src.utils.inference_utils][INFO] - Global Rank: 1 wrote 64 rows to /data/mhwang/Rec/GRID/logs/inference/runs/2025-09-21/16-57-18/pickle/predictions_1_20250921T085828805.pkl.
[2025-09-21 16:58:29,239][src.utils.inference_utils][INFO] - Global Rank: 0 wrote 64 rows to /data/mhwang/Rec/GRID/logs/inference/runs/2025-09-21/16-57-18/pickle/predictions_0_20250921T085829235.pkl.
[2025-09-21 16:58:29,343][src.utils.inference_utils][INFO] - Global Rank: 1 wrote 64 rows to /data/mhwang/Rec/GRID/logs/inference/runs/2025-09-21/16-57-18/pickle/predictions_1_20250921T085829339.pkl.
[2025-09-21 16:58:29,786][src.utils.inference_utils][INFO] - Global Rank: 0 wrote 64 rows to /data/mhwang/Rec/GRID/logs/inference/runs/2025-09-21/16-57-18/pickle/predictions_0_20250921T085829781.pkl.
[2025-09-21 16:58:29,870][src.utils.inference_utils][INFO] - Global Rank: 1 wrote 64 rows to /data/mhwang/Rec/GRID/logs/inference/runs/2025-09-21/16-57-18/pickle/predictions_1_20250921T085829865.pkl.
[2025-09-21 16:58:30,331][src.utils.inference_utils][INFO] - Global Rank: 0 wrote 64 rows to /data/mhwang/Rec/GRID/logs/inference/runs/2025-09-21/16-57-18/pickle/predictions_0_20250921T085830326.pkl.
[2025-09-21 16:58:30,430][src.utils.inference_utils][INFO] - Global Rank: 1 wrote 64 rows to /data/mhwang/Rec/GRID/logs/inference/runs/2025-09-21/16-57-18/pickle/predictions_1_20250921T085830425.pkl.
[2025-09-21 16:58:30,875][src.utils.inference_utils][INFO] - Global Rank: 0 wrote 64 rows to /data/mhwang/Rec/GRID/logs/inference/runs/2025-09-21/16-57-18/pickle/predictions_0_20250921T085830871.pkl.
[2025-09-21 16:58:30,964][src.utils.inference_utils][INFO] - Global Rank: 1 wrote 64 rows to /data/mhwang/Rec/GRID/logs/inference/runs/2025-09-21/16-57-18/pickle/predictions_1_20250921T085830960.pkl.
[2025-09-21 16:58:31,428][src.utils.inference_utils][INFO] - Global Rank: 0 wrote 64 rows to /data/mhwang/Rec/GRID/logs/inference/runs/2025-09-21/16-57-18/pickle/predictions_0_20250921T085831424.pkl.
[2025-09-21 16:58:31,493][src.utils.inference_utils][INFO] - Global Rank: 1 wrote 64 rows to /data/mhwang/Rec/GRID/logs/inference/runs/2025-09-21/16-57-18/pickle/predictions_1_20250921T085831488.pkl.
[2025-09-21 16:58:31,959][src.utils.inference_utils][INFO] - Global Rank: 0 wrote 64 rows to /data/mhwang/Rec/GRID/logs/inference/runs/2025-09-21/16-57-18/pickle/predictions_0_20250921T085831955.pkl.
[2025-09-21 16:58:32,064][src.utils.inference_utils][INFO] - Global Rank: 1 wrote 64 rows to /data/mhwang/Rec/GRID/logs/inference/runs/2025-09-21/16-57-18/pickle/predictions_1_20250921T085832059.pkl.
[2025-09-21 16:58:32,509][src.utils.inference_utils][INFO] - Global Rank: 0 wrote 64 rows to /data/mhwang/Rec/GRID/logs/inference/runs/2025-09-21/16-57-18/pickle/predictions_0_20250921T085832505.pkl.
[2025-09-21 16:58:32,589][src.utils.inference_utils][INFO] - Global Rank: 1 wrote 64 rows to /data/mhwang/Rec/GRID/logs/inference/runs/2025-09-21/16-57-18/pickle/predictions_1_20250921T085832585.pkl.
[2025-09-21 16:58:33,045][src.utils.inference_utils][INFO] - Global Rank: 0 wrote 64 rows to /data/mhwang/Rec/GRID/logs/inference/runs/2025-09-21/16-57-18/pickle/predictions_0_20250921T085833041.pkl.
[2025-09-21 16:58:33,115][src.utils.inference_utils][INFO] - Global Rank: 1 wrote 64 rows to /data/mhwang/Rec/GRID/logs/inference/runs/2025-09-21/16-57-18/pickle/predictions_1_20250921T085833111.pkl.
[2025-09-21 16:58:33,599][src.utils.inference_utils][INFO] - Global Rank: 0 wrote 64 rows to /data/mhwang/Rec/GRID/logs/inference/runs/2025-09-21/16-57-18/pickle/predictions_0_20250921T085833594.pkl.
[2025-09-21 16:58:33,619][src.utils.inference_utils][INFO] - Global Rank: 1 wrote 64 rows to /data/mhwang/Rec/GRID/logs/inference/runs/2025-09-21/16-57-18/pickle/predictions_1_20250921T085833615.pkl.
[2025-09-21 16:58:34,135][src.utils.inference_utils][INFO] - Global Rank: 0 wrote 64 rows to /data/mhwang/Rec/GRID/logs/inference/runs/2025-09-21/16-57-18/pickle/predictions_0_20250921T085834130.pkl.
[2025-09-21 16:58:34,138][src.utils.inference_utils][INFO] - Global Rank: 1 wrote 64 rows to /data/mhwang/Rec/GRID/logs/inference/runs/2025-09-21/16-57-18/pickle/predictions_1_20250921T085834133.pkl.
[2025-09-21 16:58:34,669][src.utils.inference_utils][INFO] - Global Rank: 1 wrote 64 rows to /data/mhwang/Rec/GRID/logs/inference/runs/2025-09-21/16-57-18/pickle/predictions_1_20250921T085834665.pkl.
[2025-09-21 16:58:34,676][src.utils.inference_utils][INFO] - Global Rank: 0 wrote 64 rows to /data/mhwang/Rec/GRID/logs/inference/runs/2025-09-21/16-57-18/pickle/predictions_0_20250921T085834672.pkl.
[2025-09-21 16:58:34,798][src.utils.inference_utils][INFO] - Global Rank: 1 wrote 20 rows to /data/mhwang/Rec/GRID/logs/inference/runs/2025-09-21/16-57-18/pickle/predictions_1_20250921T085834797.pkl.
[2025-09-21 16:58:34,799][src.utils.inference_utils][INFO] - Rank 1 finished writing predictions.
[2025-09-21 16:58:35,212][src.utils.inference_utils][INFO] - Global Rank: 0 wrote 64 rows to /data/mhwang/Rec/GRID/logs/inference/runs/2025-09-21/16-57-18/pickle/predictions_0_20250921T085835208.pkl.
[2025-09-21 16:58:35,746][src.utils.inference_utils][INFO] - Global Rank: 0 wrote 64 rows to /data/mhwang/Rec/GRID/logs/inference/runs/2025-09-21/16-57-18/pickle/predictions_0_20250921T085835742.pkl.
[2025-09-21 16:58:36,291][src.utils.inference_utils][INFO] - Global Rank: 0 wrote 64 rows to /data/mhwang/Rec/GRID/logs/inference/runs/2025-09-21/16-57-18/pickle/predictions_0_20250921T085836287.pkl.
[2025-09-21 16:58:36,845][src.utils.inference_utils][INFO] - Global Rank: 0 wrote 64 rows to /data/mhwang/Rec/GRID/logs/inference/runs/2025-09-21/16-57-18/pickle/predictions_0_20250921T085836841.pkl.
[2025-09-21 16:58:37,397][src.utils.inference_utils][INFO] - Global Rank: 0 wrote 64 rows to /data/mhwang/Rec/GRID/logs/inference/runs/2025-09-21/16-57-18/pickle/predictions_0_20250921T085837389.pkl.
[2025-09-21 16:58:37,943][src.utils.inference_utils][INFO] - Global Rank: 0 wrote 64 rows to /data/mhwang/Rec/GRID/logs/inference/runs/2025-09-21/16-57-18/pickle/predictions_0_20250921T085837939.pkl.
[2025-09-21 16:58:38,477][src.utils.inference_utils][INFO] - Global Rank: 0 wrote 64 rows to /data/mhwang/Rec/GRID/logs/inference/runs/2025-09-21/16-57-18/pickle/predictions_0_20250921T085838473.pkl.
[2025-09-21 16:58:38,480][src.utils.inference_utils][INFO] - Buffer is empty, nothing to flush.
[2025-09-21 16:58:38,480][src.utils.inference_utils][INFO] - Rank 0 finished writing predictions.
[2025-09-21 16:58:38,482][src.utils.inference_utils][INFO] - Merging pickle files on main process.
[2025-09-21 16:58:41,595][src.utils.inference_utils][INFO] - Merged 11924 rows into merged_predictions.pkl.
[2025-09-21 16:58:44,225][src.utils.inference_utils][INFO] - Merged 11924 rows into merged_predictions_tensor.pt. as pytorch tensor
