[2025-11-12 00:39:46,515][src.utils.utils][INFO] - [rank: 0] Enforcing tags! <cfg.extras.enforce_tags=True>
[2025-11-12 00:39:46,523][src.utils.utils][WARNING] - [rank: 0] Config loss was not found in the config tree. Make sure this is expected.
[2025-11-12 00:39:46,524][src.utils.utils][WARNING] - [rank: 0] Config optim was not found in the config tree. Make sure this is expected.
[2025-11-12 00:39:46,524][src.utils.utils][WARNING] - [rank: 0] Config eval was not found in the config tree. Make sure this is expected.
[2025-11-12 00:39:49,525][src.utils.utils][INFO] - [rank: 0] Printing config tree with Rich! <cfg.extras.print_config=True>
[2025-11-12 00:39:49,529][src.utils.launcher_utils][INFO] - [rank: 0] Instantiating datamodule <src.data.loading.datamodules.sequence_datamodule.SequenceDataModule>
[2025-11-12 00:39:49,620][src.utils.launcher_utils][INFO] - [rank: 0] Instantiating model <src.models.modules.semantic_id.tiger_generation_model.SemanticIDEncoderDecoder>
[2025-11-12 00:39:49,881][src.models.modules.semantic_id.tiger_generation_model][INFO] - [rank: 0] i am here
[2025-11-12 00:39:50,232][src.utils.launcher_utils][INFO] - [rank: 0] Instantiating callbacks...
[2025-11-12 00:39:50,233][src.utils.instantiators][INFO] - [rank: 0] Instantiating callback <src.utils.inference_utils.LocalPickleWriter>
[2025-11-12 00:39:50,454][src.utils.launcher_utils][INFO] - [rank: 0] Instantiating loggers...
[2025-11-12 00:39:50,455][src.utils.instantiators][INFO] - [rank: 0] Instantiating logger <lightning.pytorch.loggers.csv_logs.CSVLogger>
[2025-11-12 00:39:50,458][src.utils.launcher_utils][INFO] - [rank: 0] Instantiating trainer <lightning.pytorch.trainer.Trainer>
[2025-11-12 00:39:50,586][src.utils.launcher_utils][INFO] - [rank: 0] Logging hyperparameters!
[2025-11-12 00:39:50,819][__main__][INFO] - [rank: 0] Starting inference!
[2025-11-12 00:40:10,842][src.utils.inference_utils][INFO] - Rank 1 initialized for inference.
[2025-11-12 00:40:10,846][src.utils.inference_utils][INFO] - Rank 0 initialized for inference.
[2025-11-12 00:40:17,129][src.models.modules.semantic_id.tiger_generation_model][INFO] - [rank: 0] 开始统计训练集中的item流行度...
[2025-11-12 00:40:17,131][src.models.modules.semantic_id.tiger_generation_model][INFO] - [rank: 0] 训练集dataloader类型: <class 'tuple'>
[2025-11-12 00:40:17,131][src.models.modules.semantic_id.tiger_generation_model][INFO] - [rank: 0] 实际dataloader类型: <class 'src.data.loading.components.custom_dataloader.DataloaderWithIterationRetry'>
[2025-11-12 00:40:25,703][src.models.modules.semantic_id.tiger_generation_model][INFO] - [rank: 0] 已处理 1000 个batch，累计统计 56775 个item交互
[2025-11-12 00:40:42,858][src.models.modules.semantic_id.tiger_generation_model][INFO] - [rank: 0] 已处理 2000 个batch，累计统计 110426 个item交互
[2025-11-12 00:40:50,352][src.models.modules.semantic_id.tiger_generation_model][INFO] - [rank: 0] 已处理 3000 个batch，累计统计 159891 个item交互
[2025-11-12 00:40:57,824][src.models.modules.semantic_id.tiger_generation_model][INFO] - [rank: 0] 已处理 4000 个batch，累计统计 210346 个item交互
[2025-11-12 00:41:05,809][src.models.modules.semantic_id.tiger_generation_model][INFO] - [rank: 0] 已处理 5000 个batch，累计统计 265571 个item交互
[2025-11-12 00:41:13,318][src.models.modules.semantic_id.tiger_generation_model][INFO] - [rank: 0] 已处理 6000 个batch，累计统计 317369 个item交互
[2025-11-12 00:41:20,553][src.models.modules.semantic_id.tiger_generation_model][INFO] - [rank: 0] 已处理 7000 个batch，累计统计 364032 个item交互
[2025-11-12 00:41:27,760][src.models.modules.semantic_id.tiger_generation_model][INFO] - [rank: 0] 已处理 8000 个batch，累计统计 419929 个item交互
[2025-11-12 00:41:35,304][src.models.modules.semantic_id.tiger_generation_model][INFO] - [rank: 0] 已处理 9000 个batch，累计统计 473398 个item交互
[2025-11-12 00:41:43,506][src.models.modules.semantic_id.tiger_generation_model][INFO] - [rank: 0] 已处理 10000 个batch，累计统计 522505 个item交互
[2025-11-12 00:41:52,570][src.models.modules.semantic_id.tiger_generation_model][INFO] - [rank: 0] 已处理 11000 个batch，累计统计 573460 个item交互
[2025-11-12 00:42:01,030][src.models.modules.semantic_id.tiger_generation_model][INFO] - [rank: 0] 已处理 12000 个batch，累计统计 628725 个item交互
[2025-11-12 00:42:08,526][src.models.modules.semantic_id.tiger_generation_model][INFO] - [rank: 0] 已处理 13000 个batch，累计统计 680181 个item交互
[2025-11-12 00:42:15,687][src.models.modules.semantic_id.tiger_generation_model][INFO] - [rank: 0] 已处理 14000 个batch，累计统计 727721 个item交互
[2025-11-12 00:42:23,545][src.models.modules.semantic_id.tiger_generation_model][INFO] - [rank: 0] 已处理 15000 个batch，累计统计 783013 个item交互
[2025-11-12 00:42:32,020][src.models.modules.semantic_id.tiger_generation_model][INFO] - [rank: 0] 已处理 16000 个batch，累计统计 836374 个item交互
[2025-11-12 00:42:39,736][src.models.modules.semantic_id.tiger_generation_model][INFO] - [rank: 0] 已处理 17000 个batch，累计统计 884984 个item交互
[2025-11-12 00:42:47,011][src.models.modules.semantic_id.tiger_generation_model][INFO] - [rank: 0] 已处理 18000 个batch，累计统计 936540 个item交互
[2025-11-12 00:42:54,335][src.models.modules.semantic_id.tiger_generation_model][INFO] - [rank: 0] 已处理 19000 个batch，累计统计 991606 个item交互
[2025-11-12 00:43:01,970][src.models.modules.semantic_id.tiger_generation_model][INFO] - [rank: 0] 已处理 20000 个batch，累计统计 1042900 个item交互
[2025-11-12 00:43:10,651][src.models.modules.semantic_id.tiger_generation_model][INFO] - [rank: 0] 已处理 21000 个batch，累计统计 1091392 个item交互
[2025-11-12 00:43:17,990][src.models.modules.semantic_id.tiger_generation_model][INFO] - [rank: 0] 已处理 22000 个batch，累计统计 1146057 个item交互
[2025-11-12 00:43:26,384][src.models.modules.semantic_id.tiger_generation_model][INFO] - [rank: 0] 已处理 23000 个batch，累计统计 1199408 个item交互
[2025-11-12 00:43:34,469][src.models.modules.semantic_id.tiger_generation_model][INFO] - [rank: 0] 已处理 24000 个batch，累计统计 1247390 个item交互
[2025-11-12 00:43:41,885][src.models.modules.semantic_id.tiger_generation_model][INFO] - [rank: 0] 已处理 25000 个batch，累计统计 1299851 个item交互
[2025-11-12 00:43:49,292][src.models.modules.semantic_id.tiger_generation_model][INFO] - [rank: 0] 已处理 26000 个batch，累计统计 1354495 个item交互
[2025-11-12 00:43:56,704][src.models.modules.semantic_id.tiger_generation_model][INFO] - [rank: 0] 已处理 27000 个batch，累计统计 1405859 个item交互
[2025-11-12 00:44:04,332][src.models.modules.semantic_id.tiger_generation_model][INFO] - [rank: 0] 已处理 28000 个batch，累计统计 1454848 个item交互
[2025-11-12 00:44:11,658][src.models.modules.semantic_id.tiger_generation_model][INFO] - [rank: 0] 已处理 29000 个batch，累计统计 1509026 个item交互
[2025-11-12 00:44:18,957][src.models.modules.semantic_id.tiger_generation_model][INFO] - [rank: 0] 已处理 30000 个batch，累计统计 1562075 个item交互
[2025-11-12 00:44:26,204][src.models.modules.semantic_id.tiger_generation_model][INFO] - [rank: 0] 已处理 31000 个batch，累计统计 1609136 个item交互
[2025-11-12 00:44:33,576][src.models.modules.semantic_id.tiger_generation_model][INFO] - [rank: 0] 已处理 32000 个batch，累计统计 1663667 个item交互
[2025-11-12 00:44:41,559][src.models.modules.semantic_id.tiger_generation_model][INFO] - [rank: 0] 已处理 33000 个batch，累计统计 1717583 个item交互
[2025-11-12 00:44:48,970][src.models.modules.semantic_id.tiger_generation_model][INFO] - [rank: 0] 已处理 34000 个batch，累计统计 1768227 个item交互
[2025-11-12 00:44:56,219][src.models.modules.semantic_id.tiger_generation_model][INFO] - [rank: 0] 已处理 35000 个batch，累计统计 1818411 个item交互
[2025-11-12 00:45:03,458][src.models.modules.semantic_id.tiger_generation_model][INFO] - [rank: 0] 已处理 36000 个batch，累计统计 1871898 个item交互
[2025-11-12 00:45:11,170][src.models.modules.semantic_id.tiger_generation_model][INFO] - [rank: 0] 已处理 37000 个batch，累计统计 1924892 个item交互
[2025-11-12 00:45:18,553][src.models.modules.semantic_id.tiger_generation_model][INFO] - [rank: 0] 已处理 38000 个batch，累计统计 1972166 个item交互
[2025-11-12 00:45:26,472][src.models.modules.semantic_id.tiger_generation_model][INFO] - [rank: 0] 已处理 39000 个batch，累计统计 2026968 个item交互
[2025-11-12 00:45:33,818][src.models.modules.semantic_id.tiger_generation_model][INFO] - [rank: 0] 已处理 40000 个batch，累计统计 2080341 个item交互
[2025-11-12 00:45:41,481][src.models.modules.semantic_id.tiger_generation_model][INFO] - [rank: 0] 已处理 41000 个batch，累计统计 2130711 个item交互
[2025-11-12 00:45:48,702][src.models.modules.semantic_id.tiger_generation_model][INFO] - [rank: 0] 已处理 42000 个batch，累计统计 2181809 个item交互
[2025-11-12 00:45:55,965][src.models.modules.semantic_id.tiger_generation_model][INFO] - [rank: 0] 已处理 43000 个batch，累计统计 2234867 个item交互
[2025-11-12 00:46:03,352][src.models.modules.semantic_id.tiger_generation_model][INFO] - [rank: 0] 已处理 44000 个batch，累计统计 2287577 个item交互
[2025-11-12 00:46:10,684][src.models.modules.semantic_id.tiger_generation_model][INFO] - [rank: 0] 已处理 45000 个batch，累计统计 2335722 个item交互
[2025-11-12 00:46:18,192][src.models.modules.semantic_id.tiger_generation_model][INFO] - [rank: 0] 已处理 46000 个batch，累计统计 2390465 个item交互
[2025-11-12 00:46:25,605][src.models.modules.semantic_id.tiger_generation_model][INFO] - [rank: 0] 已处理 47000 个batch，累计统计 2443167 个item交互
[2025-11-12 00:46:34,025][src.models.modules.semantic_id.tiger_generation_model][INFO] - [rank: 0] 已处理 48000 个batch，累计统计 2493252 个item交互
[2025-11-12 00:46:41,541][src.models.modules.semantic_id.tiger_generation_model][INFO] - [rank: 0] 已处理 49000 个batch，累计统计 2545201 个item交互
[2025-11-12 00:46:49,615][src.models.modules.semantic_id.tiger_generation_model][INFO] - [rank: 0] 已处理 50000 个batch，累计统计 2597918 个item交互
[2025-11-12 00:46:57,427][src.models.modules.semantic_id.tiger_generation_model][INFO] - [rank: 0] 已处理 51000 个batch，累计统计 2650253 个item交互
[2025-11-12 00:47:04,783][src.models.modules.semantic_id.tiger_generation_model][INFO] - [rank: 0] 已处理 52000 个batch，累计统计 2699234 个item交互
[2025-11-12 00:47:12,696][src.models.modules.semantic_id.tiger_generation_model][INFO] - [rank: 0] 已处理 53000 个batch，累计统计 2753818 个item交互
[2025-11-12 00:47:20,295][src.models.modules.semantic_id.tiger_generation_model][INFO] - [rank: 0] 已处理 54000 个batch，累计统计 2805957 个item交互
[2025-11-12 00:47:28,013][src.models.modules.semantic_id.tiger_generation_model][INFO] - [rank: 0] 已处理 55000 个batch，累计统计 2855196 个item交互
[2025-11-12 00:47:45,350][src.models.modules.semantic_id.tiger_generation_model][INFO] - [rank: 0] 已处理 56000 个batch，累计统计 2908549 个item交互
[2025-11-12 00:47:53,088][src.models.modules.semantic_id.tiger_generation_model][INFO] - [rank: 0] 已处理 57000 个batch，累计统计 2961374 个item交互
[2025-11-12 00:48:01,887][src.models.modules.semantic_id.tiger_generation_model][INFO] - [rank: 0] 已处理 58000 个batch，累计统计 3012941 个item交互
[2025-11-12 00:48:10,521][src.models.modules.semantic_id.tiger_generation_model][INFO] - [rank: 0] 已处理 59000 个batch，累计统计 3062616 个item交互
[2025-11-12 00:48:18,357][src.models.modules.semantic_id.tiger_generation_model][INFO] - [rank: 0] 已处理 60000 个batch，累计统计 3117086 个item交互
[2025-11-12 00:48:25,683][src.models.modules.semantic_id.tiger_generation_model][INFO] - [rank: 0] 已处理 61000 个batch，累计统计 3168638 个item交互
[2025-11-12 00:48:32,958][src.models.modules.semantic_id.tiger_generation_model][INFO] - [rank: 0] 已处理 62000 个batch，累计统计 3217285 个item交互
[2025-11-12 00:48:40,265][src.models.modules.semantic_id.tiger_generation_model][INFO] - [rank: 0] 已处理 63000 个batch，累计统计 3271831 个item交互
[2025-11-12 00:48:47,725][src.models.modules.semantic_id.tiger_generation_model][INFO] - [rank: 0] 已处理 64000 个batch，累计统计 3324584 个item交互
[2025-11-12 00:48:55,020][src.models.modules.semantic_id.tiger_generation_model][INFO] - [rank: 0] 已处理 65000 个batch，累计统计 3375397 个item交互
[2025-11-12 00:49:03,209][src.models.modules.semantic_id.tiger_generation_model][INFO] - [rank: 0] 已处理 66000 个batch，累计统计 3426044 个item交互
[2025-11-12 00:49:10,862][src.models.modules.semantic_id.tiger_generation_model][INFO] - [rank: 0] 已处理 67000 个batch，累计统计 3480376 个item交互
[2025-11-12 00:49:18,841][src.models.modules.semantic_id.tiger_generation_model][INFO] - [rank: 0] 已处理 68000 个batch，累计统计 3531279 个item交互
[2025-11-12 00:49:26,174][src.models.modules.semantic_id.tiger_generation_model][INFO] - [rank: 0] 已处理 69000 个batch，累计统计 3579332 个item交互
[2025-11-12 00:49:33,485][src.models.modules.semantic_id.tiger_generation_model][INFO] - [rank: 0] 已处理 70000 个batch，累计统计 3635217 个item交互
[2025-11-12 00:49:40,839][src.models.modules.semantic_id.tiger_generation_model][INFO] - [rank: 0] 已处理 71000 个batch，累计统计 3687738 个item交互
[2025-11-12 00:49:48,046][src.models.modules.semantic_id.tiger_generation_model][INFO] - [rank: 0] 已处理 72000 个batch，累计统计 3737750 个item交互
[2025-11-12 00:49:55,285][src.models.modules.semantic_id.tiger_generation_model][INFO] - [rank: 0] 已处理 73000 个batch，累计统计 3789367 个item交互
[2025-11-12 00:50:02,603][src.models.modules.semantic_id.tiger_generation_model][INFO] - [rank: 0] 已处理 74000 个batch，累计统计 3843521 个item交互
[2025-11-12 00:50:11,312][src.models.modules.semantic_id.tiger_generation_model][INFO] - [rank: 0] 已处理 75000 个batch，累计统计 3894045 个item交互
[2025-11-12 00:50:18,966][src.models.modules.semantic_id.tiger_generation_model][INFO] - [rank: 0] 已处理 76000 个batch，累计统计 3942587 个item交互
[2025-11-12 00:50:26,675][src.models.modules.semantic_id.tiger_generation_model][INFO] - [rank: 0] 已处理 77000 个batch，累计统计 3998492 个item交互
[2025-11-12 00:50:34,602][src.models.modules.semantic_id.tiger_generation_model][INFO] - [rank: 0] 已处理 78000 个batch，累计统计 4050897 个item交互
[2025-11-12 00:50:42,409][src.models.modules.semantic_id.tiger_generation_model][INFO] - [rank: 0] 已处理 79000 个batch，累计统计 4100088 个item交互
[2025-11-12 00:50:50,192][src.models.modules.semantic_id.tiger_generation_model][INFO] - [rank: 0] 已处理 80000 个batch，累计统计 4152616 个item交互
[2025-11-12 00:50:57,563][src.models.modules.semantic_id.tiger_generation_model][INFO] - [rank: 0] 已处理 81000 个batch，累计统计 4206774 个item交互
[2025-11-12 00:51:04,867][src.models.modules.semantic_id.tiger_generation_model][INFO] - [rank: 0] 已处理 82000 个batch，累计统计 4257051 个item交互
[2025-11-12 00:51:12,022][src.models.modules.semantic_id.tiger_generation_model][INFO] - [rank: 0] 已处理 83000 个batch，累计统计 4305977 个item交互
[2025-11-12 00:51:19,430][src.models.modules.semantic_id.tiger_generation_model][INFO] - [rank: 0] 已处理 84000 个batch，累计统计 4361678 个item交互
[2025-11-12 00:51:26,787][src.models.modules.semantic_id.tiger_generation_model][INFO] - [rank: 0] 已处理 85000 个batch，累计统计 4414031 个item交互
[2025-11-12 00:51:44,265][src.models.modules.semantic_id.tiger_generation_model][INFO] - [rank: 0] 已处理 86000 个batch，累计统计 4462346 个item交互
[2025-11-12 00:51:51,764][src.models.modules.semantic_id.tiger_generation_model][INFO] - [rank: 0] 已处理 87000 个batch，累计统计 4515826 个item交互
[2025-11-12 00:51:59,312][src.models.modules.semantic_id.tiger_generation_model][INFO] - [rank: 0] 已处理 88000 个batch，累计统计 4569897 个item交互
[2025-11-12 00:52:06,676][src.models.modules.semantic_id.tiger_generation_model][INFO] - [rank: 0] 已处理 89000 个batch，累计统计 4620162 个item交互
[2025-11-12 00:52:13,901][src.models.modules.semantic_id.tiger_generation_model][INFO] - [rank: 0] 已处理 90000 个batch，累计统计 4669304 个item交互
[2025-11-12 00:52:22,224][src.models.modules.semantic_id.tiger_generation_model][INFO] - [rank: 0] 已处理 91000 个batch，累计统计 4724959 个item交互
[2025-11-12 00:52:30,030][src.models.modules.semantic_id.tiger_generation_model][INFO] - [rank: 0] 已处理 92000 个batch，累计统计 4777223 个item交互
[2025-11-12 00:52:47,452][src.models.modules.semantic_id.tiger_generation_model][INFO] - [rank: 0] 已处理 93000 个batch，累计统计 4824386 个item交互
[2025-11-12 00:52:55,505][src.models.modules.semantic_id.tiger_generation_model][INFO] - [rank: 0] 已处理 94000 个batch，累计统计 4879048 个item交互
[2025-11-12 00:53:03,697][src.models.modules.semantic_id.tiger_generation_model][INFO] - [rank: 0] 已处理 95000 个batch，累计统计 4932929 个item交互
[2025-11-12 00:53:11,737][src.models.modules.semantic_id.tiger_generation_model][INFO] - [rank: 0] 已处理 96000 个batch，累计统计 4983119 个item交互
[2025-11-12 00:53:20,187][src.models.modules.semantic_id.tiger_generation_model][INFO] - [rank: 0] 已处理 97000 个batch，累计统计 5032541 个item交互
[2025-11-12 00:53:28,404][src.models.modules.semantic_id.tiger_generation_model][INFO] - [rank: 0] 已处理 98000 个batch，累计统计 5088029 个item交互
[2025-11-12 00:53:36,763][src.models.modules.semantic_id.tiger_generation_model][INFO] - [rank: 0] 已处理 99000 个batch，累计统计 5140001 个item交互
[2025-11-12 00:53:44,206][src.models.modules.semantic_id.tiger_generation_model][INFO] - [rank: 0] 已处理 100000 个batch，累计统计 5185861 个item交互
[2025-11-12 00:53:51,769][src.models.modules.semantic_id.tiger_generation_model][INFO] - [rank: 0] 已处理 101000 个batch，累计统计 5242267 个item交互
[2025-11-12 00:53:59,609][src.models.modules.semantic_id.tiger_generation_model][INFO] - [rank: 0] 已处理 102000 个batch，累计统计 5296091 个item交互
[2025-11-12 00:54:07,242][src.models.modules.semantic_id.tiger_generation_model][INFO] - [rank: 0] 已处理 103000 个batch，累计统计 5345879 个item交互
[2025-11-12 00:54:15,017][src.models.modules.semantic_id.tiger_generation_model][INFO] - [rank: 0] 已处理 104000 个batch，累计统计 5395760 个item交互
[2025-11-12 00:54:22,782][src.models.modules.semantic_id.tiger_generation_model][INFO] - [rank: 0] 已处理 105000 个batch，累计统计 5451119 个item交互
[2025-11-12 00:54:30,116][src.models.modules.semantic_id.tiger_generation_model][INFO] - [rank: 0] 已处理 106000 个batch，累计统计 5502972 个item交互
