[2025-11-12 23:32:34,697][src.utils.utils][INFO] - [rank: 0] Enforcing tags! <cfg.extras.enforce_tags=True>
[2025-11-12 23:32:34,705][src.utils.utils][WARNING] - [rank: 0] Config loss was not found in the config tree. Make sure this is expected.
[2025-11-12 23:32:34,706][src.utils.utils][WARNING] - [rank: 0] Config optim was not found in the config tree. Make sure this is expected.
[2025-11-12 23:32:34,706][src.utils.utils][WARNING] - [rank: 0] Config eval was not found in the config tree. Make sure this is expected.
[2025-11-12 23:32:37,706][src.utils.utils][INFO] - [rank: 0] Printing config tree with Rich! <cfg.extras.print_config=True>
[2025-11-12 23:32:37,710][src.utils.launcher_utils][INFO] - [rank: 0] Instantiating datamodule <src.data.loading.datamodules.sequence_datamodule.ItemDataModule>
[2025-11-12 23:32:37,934][src.utils.launcher_utils][INFO] - [rank: 0] Instantiating model <src.modules.clustering.residual_quantization.ResidualQuantization>
[2025-11-12 23:32:38,174][root][INFO] - Device cpu: Verbose mode enabled
[2025-11-12 23:32:38,325][root][INFO] - Device cpu: Using custom training loop function
[2025-11-12 23:32:38,340][src.utils.launcher_utils][INFO] - [rank: 0] Instantiating callbacks...
[2025-11-12 23:32:38,341][src.utils.instantiators][INFO] - [rank: 0] Instantiating callback <src.utils.inference_utils.LocalPickleWriter>
[2025-11-12 23:32:38,561][src.utils.launcher_utils][INFO] - [rank: 0] Instantiating loggers...
[2025-11-12 23:32:38,561][src.utils.instantiators][INFO] - [rank: 0] Instantiating logger <lightning.pytorch.loggers.csv_logs.CSVLogger>
[2025-11-12 23:32:38,565][src.utils.launcher_utils][INFO] - [rank: 0] Instantiating trainer <lightning.pytorch.trainer.Trainer>
[2025-11-12 23:32:38,650][pytorch_lightning.utilities.rank_zero][INFO] - Using bfloat16 Automatic Mixed Precision (AMP)
[2025-11-12 23:32:38,686][pytorch_lightning.utilities.rank_zero][INFO] - GPU available: True (cuda), used: True
[2025-11-12 23:32:38,687][pytorch_lightning.utilities.rank_zero][INFO] - TPU available: False, using: 0 TPU cores
[2025-11-12 23:32:38,687][pytorch_lightning.utilities.rank_zero][INFO] - HPU available: False, using: 0 HPUs
[2025-11-12 23:32:38,688][src.utils.launcher_utils][INFO] - [rank: 0] Logging hyperparameters!
[2025-11-12 23:32:38,905][__main__][INFO] - [rank: 0] Starting inference!
[2025-11-12 23:32:39,042][pytorch_lightning.utilities.rank_zero][INFO] - You are using a CUDA device ('NVIDIA A800 80GB PCIe') that has Tensor Cores. To properly utilize them, you should set `torch.set_float32_matmul_precision('medium' | 'high')` which will trade-off precision for performance. For more details, read https://pytorch.org/docs/stable/generated/torch.set_float32_matmul_precision.html#torch.set_float32_matmul_precision
[2025-11-12 23:32:56,534][root][INFO] - Device cpu: Verbose mode enabled
[2025-11-12 23:32:56,669][root][INFO] - Device cpu: Using custom training loop function
[2025-11-12 23:32:56,966][root][INFO] - Device cpu: Verbose mode enabled
[2025-11-12 23:32:57,192][root][INFO] - Device cpu: Using custom training loop function
[2025-11-12 23:32:57,594][root][INFO] - Device cpu: Verbose mode enabled
[2025-11-12 23:32:57,781][root][INFO] - Device cpu: Using custom training loop function
[2025-11-12 23:32:58,282][pytorch_lightning.utilities.rank_zero][INFO] - ----------------------------------------------------------------------------------------------------
distributed_backend=nccl
All distributed processes registered. Starting with 4 processes
----------------------------------------------------------------------------------------------------

[2025-11-12 23:33:00,044][src.utils.inference_utils][INFO] - Rank 0 initialized for inference.
[2025-11-12 23:33:00,044][src.utils.inference_utils][INFO] - Rank 1 initialized for inference.
[2025-11-12 23:33:00,044][src.utils.inference_utils][INFO] - Rank 2 initialized for inference.
[2025-11-12 23:33:00,045][src.utils.inference_utils][INFO] - Rank 3 initialized for inference.
[2025-11-12 23:33:00,047][pytorch_lightning.utilities.rank_zero][INFO] - Restoring states from the checkpoint path at /data/mhwang/Rec/GRID/logs/train/runs/2025-11-12/23-25-44/checkpoints/checkpoint_000_000030.ckpt
[2025-11-12 23:33:00,893][pytorch_lightning.utilities.rank_zero][INFO] - Loaded model weights from the checkpoint at /data/mhwang/Rec/GRID/logs/train/runs/2025-11-12/23-25-44/checkpoints/checkpoint_000_000030.ckpt
[2025-11-12 23:33:05,717][src.utils.inference_utils][INFO] - Global Rank: 3 wrote 3072 rows to /data/mhwang/Rec/GRID/logs/inference/runs/2025-11-12/23-32-34/pickle/predictions_3_20251112T153305711.pkl.
[2025-11-12 23:33:05,719][src.utils.inference_utils][INFO] - Rank 3 finished writing predictions.
[2025-11-12 23:33:06,070][src.utils.inference_utils][INFO] - Global Rank: 1 wrote 3072 rows to /data/mhwang/Rec/GRID/logs/inference/runs/2025-11-12/23-32-34/pickle/predictions_1_20251112T153306065.pkl.
[2025-11-12 23:33:06,073][src.utils.inference_utils][INFO] - Rank 1 finished writing predictions.
[2025-11-12 23:33:06,089][src.utils.inference_utils][INFO] - Global Rank: 2 wrote 2885 rows to /data/mhwang/Rec/GRID/logs/inference/runs/2025-11-12/23-32-34/pickle/predictions_2_20251112T153306084.pkl.
[2025-11-12 23:33:06,091][src.utils.inference_utils][INFO] - Rank 2 finished writing predictions.
[2025-11-12 23:33:06,128][src.utils.inference_utils][INFO] - Global Rank: 0 wrote 3072 rows to /data/mhwang/Rec/GRID/logs/inference/runs/2025-11-12/23-32-34/pickle/predictions_0_20251112T153306122.pkl.
[2025-11-12 23:33:06,130][src.utils.inference_utils][INFO] - Rank 0 finished writing predictions.
[2025-11-12 23:33:06,132][src.utils.inference_utils][INFO] - Merging pickle files on main process.
[2025-11-12 23:33:06,171][src.utils.inference_utils][INFO] - Merged 12101 rows into merged_predictions.pkl.
[2025-11-12 23:33:06,394][src.utils.inference_utils][INFO] - Merged 12101 rows into merged_predictions_tensor.pt. as pytorch tensor
