[2025-09-15 21:13:31,430][src.utils.utils][INFO] - [rank: 0] Enforcing tags! <cfg.extras.enforce_tags=True>
[2025-09-15 21:13:31,434][src.utils.utils][INFO] - [rank: 0] Printing config tree with Rich! <cfg.extras.print_config=True>
[2025-09-15 21:13:31,435][src.utils.restart_job][INFO] - [rank: 0] should_skip_retry set to True. Skipping retry logic.
[2025-09-15 21:13:31,437][src.utils.launcher_utils][INFO] - [rank: 0] Instantiating datamodule <src.data.loading.datamodules.sequence_datamodule.SequenceDataModule>
[2025-09-15 21:13:31,485][src.utils.launcher_utils][INFO] - [rank: 0] Instantiating model <src.models.modules.semantic_id.tiger_generation_model.SemanticIDEncoderDecoder>
[2025-09-15 21:13:31,845][src.utils.launcher_utils][INFO] - [rank: 0] Instantiating callbacks...
[2025-09-15 21:13:31,846][src.utils.instantiators][INFO] - [rank: 0] Instantiating callback <lightning.pytorch.callbacks.ModelCheckpoint>
[2025-09-15 21:13:31,848][src.utils.instantiators][INFO] - [rank: 0] Instantiating callback <lightning.pytorch.callbacks.EarlyStopping>
[2025-09-15 21:13:31,850][src.utils.instantiators][INFO] - [rank: 0] Instantiating callback <lightning.pytorch.callbacks.RichModelSummary>
[2025-09-15 21:13:31,851][src.utils.instantiators][INFO] - [rank: 0] Instantiating callback <src.utils.restart_job.RestartAndLoadCheckpointCallback>
[2025-09-15 21:13:31,852][src.utils.restart_job_utils][INFO] - [rank: 0] Trying to load metadata from /data/mhwang/Rec/GRID/logs/train/runs/2025-09-15/21-13-31/metadata/restart_metadata.json
[2025-09-15 21:13:31,853][src.utils.restart_job_utils][WARNING] - [rank: 0] Metadata file not found at /data/mhwang/Rec/GRID/logs/train/runs/2025-09-15/21-13-31/metadata/restart_metadata.json. Creating empty metadata.
[2025-09-15 21:13:31,853][src.utils.restart_job_utils][INFO] - [rank: 0] Saving metadata to /data/mhwang/Rec/GRID/logs/train/runs/2025-09-15/21-13-31/metadata/restart_metadata.json. {'start_time': '2025-09-15T21:13:31.853330', 'restarts': [], 'current_run': 0, 'used_ports': [], 'world_size': 0, 'node_rank': 0, 'master_addr': '', 'original_args': ['/data/mhwang/Rec/GRID/src/train.py', 'experiment=tiger_train_flat', 'data_dir=/data/mhwang/Rec/GRID/amazon_data/beauty', 'semantic_id_path=/data/mhwang/Rec/GRID/logs/inference/runs/2025-09-15/20-54-16/pickle/merged_predictions_tensor.pt', 'num_hierarchies=4', '++should_skip_retry=True']}
[2025-09-15 21:13:31,853][src.utils.launcher_utils][INFO] - [rank: 0] Instantiating loggers...
[2025-09-15 21:13:31,853][src.utils.instantiators][INFO] - [rank: 0] Instantiating logger <lightning.pytorch.loggers.csv_logs.CSVLogger>
[2025-09-15 21:13:31,855][src.utils.launcher_utils][INFO] - [rank: 0] Instantiating trainer <lightning.pytorch.trainer.Trainer>
[2025-09-15 21:13:31,856][src.utils.restart_job_utils][INFO] - [rank: 0] Trying to load metadata from /data/mhwang/Rec/GRID/logs/train/runs/2025-09-15/21-13-31/metadata/restart_metadata.json
[2025-09-15 21:13:31,857][src.utils.restart_job_utils][INFO] - [rank: 0] Metadata loaded successfully from /data/mhwang/Rec/GRID/logs/train/runs/2025-09-15/21-13-31/metadata/restart_metadata.json
[2025-09-15 21:13:31,857][src.utils.restart_job_utils][INFO] - [rank: 0] Retrieved current_run: 0 from metadata /data/mhwang/Rec/GRID/logs/train/runs/2025-09-15/21-13-31/metadata/restart_metadata.json
[2025-09-15 21:13:31,959][src.utils.launcher_utils][INFO] - [rank: 0] Logging hyperparameters!
[2025-09-15 21:13:32,138][__main__][INFO] - [rank: 0] Starting training!
[2025-09-15 21:13:47,836][src.utils.restart_job_utils][INFO] - [rank: 0] Saving metadata to /data/mhwang/Rec/GRID/logs/train/runs/2025-09-15/21-13-31/metadata/restart_metadata.json. {'start_time': '2025-09-15T21:13:31.853330', 'restarts': [], 'current_run': 0, 'used_ports': ['40701'], 'world_size': 4, 'node_rank': 0, 'master_addr': '127.0.0.1', 'original_args': ['/data/mhwang/Rec/GRID/src/train.py', 'experiment=tiger_train_flat', 'data_dir=/data/mhwang/Rec/GRID/amazon_data/beauty', 'semantic_id_path=/data/mhwang/Rec/GRID/logs/inference/runs/2025-09-15/20-54-16/pickle/merged_predictions_tensor.pt', 'num_hierarchies=4', '++should_skip_retry=True']}
[2025-09-16 00:25:15,792][__main__][INFO] - [rank: 0] Starting testing!
[2025-09-16 00:26:32,512][__main__][INFO] - [rank: 0] Best ckpt path: /data/mhwang/Rec/GRID/logs/train/runs/2025-09-15/21-13-31/checkpoints/checkpoint_epoch=000_step=001700.ckpt
[2025-09-16 00:26:32,522][__main__][INFO] - [rank: 0] Metrics: {'train/loss': tensor(7.4157), 'train/loss_step': tensor(7.7849), 'val/loss': tensor(9.8617), 'val/ndcg@5': tensor(0.0398), 'val/ndcg@10': tensor(0.0472), 'val/recall@5': tensor(0.0572), 'val/recall@10': tensor(0.0804), 'train/loss_epoch': tensor(7.4157), 'test/loss': tensor(9.6902), 'test/ndcg@5': tensor(0.0276), 'test/ndcg@10': tensor(0.0340), 'test/recall@5': tensor(0.0419), 'test/recall@10': tensor(0.0618)}
