[2025-09-17 21:44:33,174][src.utils.utils][INFO] - [rank: 0] Enforcing tags! <cfg.extras.enforce_tags=True>
[2025-09-17 21:44:33,181][src.utils.utils][WARNING] - [rank: 0] Config loss was not found in the config tree. Make sure this is expected.
[2025-09-17 21:44:33,181][src.utils.utils][WARNING] - [rank: 0] Config optim was not found in the config tree. Make sure this is expected.
[2025-09-17 21:44:33,181][src.utils.utils][WARNING] - [rank: 0] Config eval was not found in the config tree. Make sure this is expected.
[2025-09-17 21:44:36,182][src.utils.utils][INFO] - [rank: 0] Printing config tree with Rich! <cfg.extras.print_config=True>
[2025-09-17 21:44:36,188][src.utils.launcher_utils][INFO] - [rank: 0] Instantiating datamodule <src.data.loading.datamodules.sequence_datamodule.ItemDataModule>
[2025-09-17 21:44:36,253][src.utils.launcher_utils][INFO] - [rank: 0] Instantiating model <src.modules.clustering.residual_quantization.ResidualQuantization>
[2025-09-17 21:44:36,386][root][INFO] - Device cpu: Verbose mode enabled
[2025-09-17 21:44:36,391][root][INFO] - Device cpu: Using custom training loop function
[2025-09-17 21:44:36,399][src.utils.launcher_utils][INFO] - [rank: 0] Instantiating callbacks...
[2025-09-17 21:44:36,400][src.utils.instantiators][INFO] - [rank: 0] Instantiating callback <src.utils.inference_utils.LocalPickleWriter>
[2025-09-17 21:44:36,538][src.utils.launcher_utils][INFO] - [rank: 0] Instantiating loggers...
[2025-09-17 21:44:36,539][src.utils.instantiators][INFO] - [rank: 0] Instantiating logger <lightning.pytorch.loggers.csv_logs.CSVLogger>
[2025-09-17 21:44:36,541][src.utils.launcher_utils][INFO] - [rank: 0] Instantiating trainer <lightning.pytorch.trainer.Trainer>
[2025-09-17 21:44:36,625][pytorch_lightning.utilities.rank_zero][INFO] - Using bfloat16 Automatic Mixed Precision (AMP)
[2025-09-17 21:44:36,652][pytorch_lightning.utilities.rank_zero][INFO] - GPU available: True (cuda), used: True
[2025-09-17 21:44:36,653][pytorch_lightning.utilities.rank_zero][INFO] - TPU available: False, using: 0 TPU cores
[2025-09-17 21:44:36,653][pytorch_lightning.utilities.rank_zero][INFO] - HPU available: False, using: 0 HPUs
[2025-09-17 21:44:36,653][src.utils.launcher_utils][INFO] - [rank: 0] Logging hyperparameters!
[2025-09-17 21:44:36,783][__main__][INFO] - [rank: 0] Starting inference!
[2025-09-17 21:44:36,897][pytorch_lightning.utilities.rank_zero][INFO] - You are using a CUDA device ('NVIDIA A800 80GB PCIe') that has Tensor Cores. To properly utilize them, you should set `torch.set_float32_matmul_precision('medium' | 'high')` which will trade-off precision for performance. For more details, read https://pytorch.org/docs/stable/generated/torch.set_float32_matmul_precision.html#torch.set_float32_matmul_precision
[2025-09-17 21:44:48,575][root][INFO] - Device cpu: Verbose mode enabled
[2025-09-17 21:44:48,579][root][INFO] - Device cpu: Using custom training loop function
[2025-09-17 21:44:48,944][pytorch_lightning.utilities.rank_zero][INFO] - ----------------------------------------------------------------------------------------------------
distributed_backend=nccl
All distributed processes registered. Starting with 2 processes
----------------------------------------------------------------------------------------------------

[2025-09-17 21:44:50,232][src.utils.inference_utils][INFO] - Rank 0 initialized for inference.
[2025-09-17 21:44:50,232][src.utils.inference_utils][INFO] - Rank 1 initialized for inference.
[2025-09-17 21:44:50,234][pytorch_lightning.utilities.rank_zero][INFO] - Restoring states from the checkpoint path at /data/mhwang/Rec/GRID/logs/train/runs/2025-09-17/21-40-10/checkpoints/checkpoint_000_000030.ckpt
[2025-09-17 21:44:50,510][pytorch_lightning.utilities.rank_zero][INFO] - Loaded model weights from the checkpoint at /data/mhwang/Rec/GRID/logs/train/runs/2025-09-17/21-40-10/checkpoints/checkpoint_000_000030.ckpt
[2025-09-17 21:44:57,865][src.utils.inference_utils][INFO] - Global Rank: 0 wrote 6144 rows to /data/mhwang/Rec/GRID/logs/inference/runs/2025-09-17/21-44-33/pickle/predictions_0_20250917T134457860.pkl.
[2025-09-17 21:44:57,867][src.utils.inference_utils][INFO] - Rank 0 finished writing predictions.
[2025-09-17 21:44:58,284][src.utils.inference_utils][INFO] - Global Rank: 1 wrote 5780 rows to /data/mhwang/Rec/GRID/logs/inference/runs/2025-09-17/21-44-33/pickle/predictions_1_20250917T134458279.pkl.
[2025-09-17 21:44:58,285][src.utils.inference_utils][INFO] - Rank 1 finished writing predictions.
[2025-09-17 21:44:58,288][src.utils.inference_utils][INFO] - Merging pickle files on main process.
[2025-09-17 21:44:58,306][src.utils.inference_utils][INFO] - Merged 11924 rows into merged_predictions.pkl.
[2025-09-17 21:44:58,420][src.utils.inference_utils][INFO] - Merged 11924 rows into merged_predictions_tensor.pt. as pytorch tensor
