[2025-11-12 01:05:38,784][src.utils.utils][INFO] - [rank: 0] Enforcing tags! <cfg.extras.enforce_tags=True>
[2025-11-12 01:05:38,795][src.utils.utils][WARNING] - [rank: 0] Config loss was not found in the config tree. Make sure this is expected.
[2025-11-12 01:05:38,795][src.utils.utils][WARNING] - [rank: 0] Config optim was not found in the config tree. Make sure this is expected.
[2025-11-12 01:05:38,796][src.utils.utils][WARNING] - [rank: 0] Config eval was not found in the config tree. Make sure this is expected.
[2025-11-12 01:05:41,796][src.utils.utils][INFO] - [rank: 0] Printing config tree with Rich! <cfg.extras.print_config=True>
[2025-11-12 01:05:41,800][src.utils.launcher_utils][INFO] - [rank: 0] Instantiating datamodule <src.data.loading.datamodules.sequence_datamodule.SequenceDataModule>
[2025-11-12 01:05:41,893][src.utils.launcher_utils][INFO] - [rank: 0] Instantiating model <src.models.modules.semantic_id.tiger_generation_model.SemanticIDEncoderDecoder>
[2025-11-12 01:05:42,144][src.models.modules.semantic_id.tiger_generation_model][INFO] - [rank: 0] i am here
[2025-11-12 01:05:42,501][src.utils.launcher_utils][INFO] - [rank: 0] Instantiating callbacks...
[2025-11-12 01:05:42,502][src.utils.instantiators][INFO] - [rank: 0] Instantiating callback <src.utils.inference_utils.LocalPickleWriter>
[2025-11-12 01:05:42,730][src.utils.launcher_utils][INFO] - [rank: 0] Instantiating loggers...
[2025-11-12 01:05:42,730][src.utils.instantiators][INFO] - [rank: 0] Instantiating logger <lightning.pytorch.loggers.csv_logs.CSVLogger>
[2025-11-12 01:05:42,734][src.utils.launcher_utils][INFO] - [rank: 0] Instantiating trainer <lightning.pytorch.trainer.Trainer>
[2025-11-12 01:05:42,855][src.utils.launcher_utils][INFO] - [rank: 0] Logging hyperparameters!
[2025-11-12 01:05:43,087][__main__][INFO] - [rank: 0] Starting inference!
[2025-11-12 01:06:04,656][src.utils.inference_utils][INFO] - Rank 3 initialized for inference.
[2025-11-12 01:06:04,656][src.utils.inference_utils][INFO] - Rank 2 initialized for inference.
[2025-11-12 01:06:04,656][src.utils.inference_utils][INFO] - Rank 0 initialized for inference.
[2025-11-12 01:06:04,657][src.utils.inference_utils][INFO] - Rank 1 initialized for inference.
[2025-11-12 01:06:10,371][src.models.modules.semantic_id.tiger_generation_model][INFO] - [rank: 0] 开始统计训练集中的item流行度...
[2025-11-12 01:06:10,373][src.models.modules.semantic_id.tiger_generation_model][INFO] - [rank: 0] 训练集dataloader类型: <class 'tuple'>
[2025-11-12 01:06:10,373][src.models.modules.semantic_id.tiger_generation_model][INFO] - [rank: 0] 实际dataloader类型: <class 'src.data.loading.components.custom_dataloader.DataloaderWithIterationRetry'>
[2025-11-12 01:06:19,701][src.models.modules.semantic_id.tiger_generation_model][INFO] - [rank: 0] 已处理 1000 个batch，累计统计 55467 个item交互
[2025-11-12 01:06:32,968][src.models.modules.semantic_id.tiger_generation_model][INFO] - [rank: 0] 已处理 2000 个batch，累计统计 105669 个item交互
[2025-11-12 01:06:51,537][src.models.modules.semantic_id.tiger_generation_model][INFO] - [rank: 0] 已处理 3000 个batch，累计统计 159298 个item交互
[2025-11-12 01:07:00,152][src.models.modules.semantic_id.tiger_generation_model][INFO] - [rank: 0] 已处理 4000 个batch，累计统计 210840 个item交互
[2025-11-12 01:07:08,238][src.models.modules.semantic_id.tiger_generation_model][INFO] - [rank: 0] 已处理 5000 个batch，累计统计 261987 个item交互
[2025-11-12 01:07:16,803][src.models.modules.semantic_id.tiger_generation_model][INFO] - [rank: 0] 已处理 6000 个batch，累计统计 315527 个item交互
[2025-11-12 01:07:25,282][src.models.modules.semantic_id.tiger_generation_model][INFO] - [rank: 0] 已处理 7000 个batch，累计统计 364905 个item交互
[2025-11-12 01:07:37,824][src.models.modules.semantic_id.tiger_generation_model][INFO] - [rank: 0] 已处理 8000 个batch，累计统计 419727 个item交互
[2025-11-12 01:07:50,789][src.models.modules.semantic_id.tiger_generation_model][INFO] - [rank: 0] 已处理 9000 个batch，累计统计 470372 个item交互
