[2025-11-12 17:00:44,816][src.utils.utils][INFO] - [rank: 0] Enforcing tags! <cfg.extras.enforce_tags=True>
[2025-11-12 17:00:44,822][src.utils.utils][WARNING] - [rank: 0] Config loss was not found in the config tree. Make sure this is expected.
[2025-11-12 17:00:44,822][src.utils.utils][WARNING] - [rank: 0] Config optim was not found in the config tree. Make sure this is expected.
[2025-11-12 17:00:44,823][src.utils.utils][WARNING] - [rank: 0] Config eval was not found in the config tree. Make sure this is expected.
[2025-11-12 17:00:47,824][src.utils.utils][INFO] - [rank: 0] Printing config tree with Rich! <cfg.extras.print_config=True>
[2025-11-12 17:00:47,828][src.utils.launcher_utils][INFO] - [rank: 0] Instantiating datamodule <src.data.loading.datamodules.sequence_datamodule.SequenceDataModule>
[2025-11-12 17:00:47,948][src.utils.launcher_utils][INFO] - [rank: 0] Instantiating model <src.models.modules.semantic_id.tiger_generation_model.SemanticIDEncoderDecoder>
[2025-11-12 17:00:48,193][src.models.modules.semantic_id.tiger_generation_model][INFO] - [rank: 0] i am here
[2025-11-12 17:00:48,677][src.utils.launcher_utils][INFO] - [rank: 0] Instantiating callbacks...
[2025-11-12 17:00:48,678][src.utils.instantiators][INFO] - [rank: 0] Instantiating callback <src.utils.inference_utils.LocalPickleWriter>
[2025-11-12 17:00:48,898][src.utils.launcher_utils][INFO] - [rank: 0] Instantiating loggers...
[2025-11-12 17:00:48,899][src.utils.instantiators][INFO] - [rank: 0] Instantiating logger <lightning.pytorch.loggers.csv_logs.CSVLogger>
[2025-11-12 17:00:48,903][src.utils.launcher_utils][INFO] - [rank: 0] Instantiating trainer <lightning.pytorch.trainer.Trainer>
[2025-11-12 17:00:49,109][src.utils.launcher_utils][INFO] - [rank: 0] Logging hyperparameters!
[2025-11-12 17:00:49,492][__main__][INFO] - [rank: 0] Starting inference!
[2025-11-12 17:01:24,564][src.utils.inference_utils][INFO] - Rank 1 initialized for inference.
[2025-11-12 17:01:24,564][src.utils.inference_utils][INFO] - Rank 0 initialized for inference.
[2025-11-12 17:01:24,566][src.utils.inference_utils][INFO] - Rank 3 initialized for inference.
[2025-11-12 17:01:24,581][src.utils.inference_utils][INFO] - Rank 2 initialized for inference.
[2025-11-12 17:01:36,189][src.models.modules.semantic_id.tiger_generation_model][INFO] - [rank: 0] 开始统计训练集中的item流行度...
[2025-11-12 17:01:36,191][src.models.modules.semantic_id.tiger_generation_model][INFO] - [rank: 0] 训练集dataloader类型: <class 'tuple'>
[2025-11-12 17:01:36,192][src.models.modules.semantic_id.tiger_generation_model][INFO] - [rank: 0] 实际dataloader类型: <class 'src.data.loading.components.custom_dataloader.DataloaderWithIterationRetry'>
[2025-11-12 17:02:06,642][src.models.modules.semantic_id.tiger_generation_model][INFO] - [rank: 0] 已处理 1000 个batch，累计统计 48428 个item交互
[2025-11-12 17:03:15,233][src.models.modules.semantic_id.tiger_generation_model][INFO] - [rank: 0] 已处理 2000 个batch，累计统计 96209 个item交互
[2025-11-12 17:03:44,776][src.models.modules.semantic_id.tiger_generation_model][INFO] - [rank: 0] 已处理 3000 个batch，累计统计 143966 个item交互
[2025-11-12 17:04:13,268][src.models.modules.semantic_id.tiger_generation_model][INFO] - [rank: 0] 已处理 4000 个batch，累计统计 191900 个item交互
[2025-11-12 17:04:41,918][src.models.modules.semantic_id.tiger_generation_model][INFO] - [rank: 0] 已处理 5000 个batch，累计统计 239678 个item交互
[2025-11-12 17:05:10,578][src.models.modules.semantic_id.tiger_generation_model][INFO] - [rank: 0] 已处理 6000 个batch，累计统计 287712 个item交互
[2025-11-12 17:06:00,835][src.models.modules.semantic_id.tiger_generation_model][INFO] - [rank: 0] 已处理 7000 个batch，累计统计 335430 个item交互
[2025-11-12 17:06:30,247][src.models.modules.semantic_id.tiger_generation_model][INFO] - [rank: 0] 已处理 8000 个batch，累计统计 383025 个item交互
[2025-11-12 17:07:06,788][src.models.modules.semantic_id.tiger_generation_model][INFO] - [rank: 0] 已处理 9000 个batch，累计统计 431129 个item交互
[2025-11-12 17:07:34,409][src.models.modules.semantic_id.tiger_generation_model][INFO] - [rank: 0] 已处理 10000 个batch，累计统计 479130 个item交互
[2025-11-12 17:07:34,410][src.models.modules.semantic_id.tiger_generation_model][INFO] - [rank: 0] 已达到最大batch限制(10000)，停止统计
[2025-11-12 17:07:34,759][src.models.modules.semantic_id.tiger_generation_model][INFO] - [rank: 0] 训练集统计完成：共 9405 个唯一item，总交互次数 479130
[2025-11-12 17:07:34,787][src.models.modules.semantic_id.tiger_generation_model][INFO] - [rank: 0] 流行度分组完成:
[2025-11-12 17:07:34,796][src.models.modules.semantic_id.tiger_generation_model][INFO] - [rank: 0]   Head组 (前20%): 1881 个item
[2025-11-12 17:07:34,797][src.models.modules.semantic_id.tiger_generation_model][INFO] - [rank: 0]   Body组 (20%-50%): 2821 个item
[2025-11-12 17:07:34,797][src.models.modules.semantic_id.tiger_generation_model][INFO] - [rank: 0]   Tail组 (后50%): 4703 个item
[2025-11-12 17:07:34,797][src.models.modules.semantic_id.tiger_generation_model][INFO] - [rank: 0]   Head组示例: item (3, 207, 124, 30, 21, 0) 出现 855 次
[2025-11-12 17:07:34,798][src.models.modules.semantic_id.tiger_generation_model][INFO] - [rank: 0]   Tail组示例: item (111, 116, 105, 243, 143, 0) 出现 15 次
[2025-11-12 17:07:34,798][src.models.modules.semantic_id.tiger_generation_model][INFO] - [rank: 0] 已启用按流行度分组的评测（Head/Body/Tail）。
[2025-11-12 17:12:04,482][src.models.modules.semantic_id.tiger_generation_model][INFO] - [rank: 0] 
================================================================================
[2025-11-12 17:12:04,483][src.models.modules.semantic_id.tiger_generation_model][INFO] - [rank: 0] === 生成的语义ID Embedding相似度矩阵 (平均自 304 个batch) ===
[2025-11-12 17:12:04,486][src.models.modules.semantic_id.tiger_generation_model][INFO] - [rank: 0] 
[[ 1.          0.00527549  0.01520126  0.00906509  0.01535188 -0.02121683]
 [ 0.00527549  1.          0.01398725  0.02057505  0.00425028 -0.01274427]
 [ 0.01520126  0.01398725  1.          0.02494018  0.00326851 -0.02683813]
 [ 0.00906509  0.02057505  0.02494018  1.          0.00753697 -0.00791002]
 [ 0.01535188  0.00425028  0.00326851  0.00753697  1.         -0.01213341]
 [-0.02121683 -0.01274427 -0.02683813 -0.00791002 -0.01213341  0.9999999 ]]
[2025-11-12 17:12:04,487][src.models.modules.semantic_id.tiger_generation_model][INFO] - [rank: 0] ================================================================================

[2025-11-12 17:12:04,488][src.models.modules.semantic_id.tiger_generation_model][INFO] - [rank: 0] 
================================================================================
[2025-11-12 17:12:04,489][src.models.modules.semantic_id.tiger_generation_model][INFO] - [rank: 0] === 输入序列中每个Item的Hierarchy Embedding相似度矩阵 (平均自 304 个batch) ===
[2025-11-12 17:12:04,491][src.models.modules.semantic_id.tiger_generation_model][INFO] - [rank: 0] 
[[ 1.          0.00639659  0.01677707  0.01040922  0.00996508 -0.01870709]
 [ 0.00639659  1.          0.0148524   0.01465689  0.0027469  -0.01540404]
 [ 0.01677707  0.0148524   1.          0.02141192  0.00494204 -0.02378815]
 [ 0.01040922  0.01465689  0.02141192  1.          0.0045311  -0.00714149]
 [ 0.00996508  0.0027469   0.00494204  0.0045311   1.         -0.01311243]
 [-0.01870709 -0.01540404 -0.02378815 -0.00714149 -0.01311243  1.        ]]
[2025-11-12 17:12:04,491][src.models.modules.semantic_id.tiger_generation_model][INFO] - [rank: 0] ================================================================================

[2025-11-12 17:12:04,725][src.models.modules.semantic_id.tiger_generation_model][INFO] - [rank: 0] 
================================================================================
[2025-11-12 17:12:04,743][src.models.modules.semantic_id.tiger_generation_model][INFO] - [rank: 0] === 按流行度分组的评测指标（累计到当前阶段）===
[2025-11-12 17:12:04,744][src.models.modules.semantic_id.tiger_generation_model][INFO] - [rank: 0] [Head] ndcg@5: 0.042827  ndcg@10: 0.050835  recall@5: 0.061922  recall@10: 0.087040
[2025-11-12 17:12:04,744][src.models.modules.semantic_id.tiger_generation_model][INFO] - [rank: 0] [Body] ndcg@5: 0.028595  ndcg@10: 0.034530  recall@5: 0.040692  recall@10: 0.058947
[2025-11-12 17:12:04,745][src.models.modules.semantic_id.tiger_generation_model][INFO] - [rank: 0] [Tail] ndcg@5: 0.027909  ndcg@10: 0.033579  recall@5: 0.041099  recall@10: 0.058393
[2025-11-12 17:12:04,746][src.models.modules.semantic_id.tiger_generation_model][INFO] - [rank: 0] ================================================================================

