[2025-11-12 23:42:28,496][src.utils.utils][INFO] - [rank: 0] Enforcing tags! <cfg.extras.enforce_tags=True>
[2025-11-12 23:42:28,504][src.utils.utils][INFO] - [rank: 0] Printing config tree with Rich! <cfg.extras.print_config=True>
[2025-11-12 23:42:28,505][src.utils.restart_job][INFO] - [rank: 0] should_skip_retry set to True. Skipping retry logic.
[2025-11-12 23:42:28,509][src.utils.launcher_utils][INFO] - [rank: 0] Instantiating datamodule <src.data.loading.datamodules.sequence_datamodule.SequenceDataModule>
[2025-11-12 23:42:28,601][src.utils.launcher_utils][INFO] - [rank: 0] Instantiating model <src.models.modules.semantic_id.tiger_generation_model.SemanticIDEncoderDecoder>
[2025-11-12 23:42:28,867][src.models.modules.semantic_id.tiger_generation_model][INFO] - [rank: 0] i am here
[2025-11-12 23:42:29,227][src.utils.launcher_utils][INFO] - [rank: 0] Instantiating callbacks...
[2025-11-12 23:42:29,228][src.utils.instantiators][INFO] - [rank: 0] Instantiating callback <lightning.pytorch.callbacks.ModelCheckpoint>
[2025-11-12 23:42:29,232][src.utils.instantiators][INFO] - [rank: 0] Instantiating callback <lightning.pytorch.callbacks.EarlyStopping>
[2025-11-12 23:42:29,236][src.utils.instantiators][INFO] - [rank: 0] Instantiating callback <lightning.pytorch.callbacks.RichModelSummary>
[2025-11-12 23:42:29,237][src.utils.instantiators][INFO] - [rank: 0] Instantiating callback <src.utils.restart_job.RestartAndLoadCheckpointCallback>
[2025-11-12 23:42:29,240][src.utils.restart_job_utils][INFO] - [rank: 0] Trying to load metadata from /data/mhwang/Rec/GRID/logs/train/runs/2025-11-12/23-42-28/metadata/restart_metadata.json
[2025-11-12 23:42:29,240][src.utils.restart_job_utils][WARNING] - [rank: 0] Metadata file not found at /data/mhwang/Rec/GRID/logs/train/runs/2025-11-12/23-42-28/metadata/restart_metadata.json. Creating empty metadata.
[2025-11-12 23:42:29,240][src.utils.restart_job_utils][INFO] - [rank: 0] Saving metadata to /data/mhwang/Rec/GRID/logs/train/runs/2025-11-12/23-42-28/metadata/restart_metadata.json. {'start_time': '2025-11-12T23:42:29.240695', 'restarts': [], 'current_run': 0, 'used_ports': [], 'world_size': 0, 'node_rank': 0, 'master_addr': '', 'original_args': ['/data/mhwang/Rec/GRID/src/train.py', 'experiment=tiger_train_flat', 'data_dir=/data/mhwang/Rec/GRID/amazon_data/beauty', 'semantic_id_path=/data/mhwang/Rec/GRID/logs/inference/runs/2025-11-12/23-31-39/pickle/merged_predictions_tensor.pt', 'num_hierarchies=6', '++should_skip_retry=True']}
[2025-11-12 23:42:29,241][src.utils.launcher_utils][INFO] - [rank: 0] Instantiating loggers...
[2025-11-12 23:42:29,241][src.utils.instantiators][INFO] - [rank: 0] Instantiating logger <lightning.pytorch.loggers.csv_logs.CSVLogger>
[2025-11-12 23:42:29,244][src.utils.launcher_utils][INFO] - [rank: 0] Instantiating trainer <lightning.pytorch.trainer.Trainer>
[2025-11-12 23:42:29,246][src.utils.restart_job_utils][INFO] - [rank: 0] Trying to load metadata from /data/mhwang/Rec/GRID/logs/train/runs/2025-11-12/23-42-28/metadata/restart_metadata.json
[2025-11-12 23:42:29,247][src.utils.restart_job_utils][INFO] - [rank: 0] Metadata loaded successfully from /data/mhwang/Rec/GRID/logs/train/runs/2025-11-12/23-42-28/metadata/restart_metadata.json
[2025-11-12 23:42:29,247][src.utils.restart_job_utils][INFO] - [rank: 0] Retrieved current_run: 0 from metadata /data/mhwang/Rec/GRID/logs/train/runs/2025-11-12/23-42-28/metadata/restart_metadata.json
[2025-11-12 23:42:29,370][src.utils.launcher_utils][INFO] - [rank: 0] Logging hyperparameters!
[2025-11-12 23:42:29,689][__main__][INFO] - [rank: 0] Starting training!
[2025-11-12 23:42:48,839][src.utils.restart_job_utils][INFO] - [rank: 0] Saving metadata to /data/mhwang/Rec/GRID/logs/train/runs/2025-11-12/23-42-28/metadata/restart_metadata.json. {'start_time': '2025-11-12T23:42:29.240695', 'restarts': [], 'current_run': 0, 'used_ports': ['34507'], 'world_size': 2, 'node_rank': 0, 'master_addr': '127.0.0.1', 'original_args': ['/data/mhwang/Rec/GRID/src/train.py', 'experiment=tiger_train_flat', 'data_dir=/data/mhwang/Rec/GRID/amazon_data/beauty', 'semantic_id_path=/data/mhwang/Rec/GRID/logs/inference/runs/2025-11-12/23-31-39/pickle/merged_predictions_tensor.pt', 'num_hierarchies=6', '++should_skip_retry=True']}
[2025-11-13 00:40:42,548][src.models.modules.semantic_id.tiger_generation_model][INFO] - [rank: 0] 开始统计训练集中的item流行度...
[2025-11-13 00:40:42,549][src.models.modules.semantic_id.tiger_generation_model][INFO] - [rank: 0] 训练集dataloader类型: <class 'tuple'>
[2025-11-13 00:40:42,549][src.models.modules.semantic_id.tiger_generation_model][INFO] - [rank: 0] 实际dataloader类型: <class 'src.data.loading.components.custom_dataloader.DataloaderWithIterationRetry'>
[2025-11-13 00:42:11,295][src.models.modules.semantic_id.tiger_generation_model][INFO] - [rank: 0] 已处理 1000 个batch，累计统计 2168259 个item交互
[2025-11-13 00:43:43,033][src.models.modules.semantic_id.tiger_generation_model][INFO] - [rank: 0] 已处理 2000 个batch，累计统计 4295899 个item交互
[2025-11-13 00:45:07,083][src.models.modules.semantic_id.tiger_generation_model][INFO] - [rank: 0] 已处理 3000 个batch，累计统计 6628274 个item交互
[2025-11-13 00:46:33,805][src.models.modules.semantic_id.tiger_generation_model][INFO] - [rank: 0] 已处理 4000 个batch，累计统计 8848680 个item交互
[2025-11-13 00:48:14,571][src.models.modules.semantic_id.tiger_generation_model][INFO] - [rank: 0] 已处理 5000 个batch，累计统计 11215572 个item交互
[2025-11-13 00:50:26,051][src.models.modules.semantic_id.tiger_generation_model][INFO] - [rank: 0] 已处理 6000 个batch，累计统计 13520303 个item交互
[2025-11-13 00:52:49,161][src.models.modules.semantic_id.tiger_generation_model][INFO] - [rank: 0] 已处理 7000 个batch，累计统计 15496426 个item交互
[2025-11-13 00:55:18,585][src.models.modules.semantic_id.tiger_generation_model][INFO] - [rank: 0] 已处理 8000 个batch，累计统计 17572562 个item交互
[2025-11-13 00:57:51,793][src.models.modules.semantic_id.tiger_generation_model][INFO] - [rank: 0] 已处理 9000 个batch，累计统计 19919559 个item交互
[2025-11-13 01:00:22,510][src.models.modules.semantic_id.tiger_generation_model][INFO] - [rank: 0] 已处理 10000 个batch，累计统计 22169769 个item交互
[2025-11-13 01:00:22,560][src.models.modules.semantic_id.tiger_generation_model][INFO] - [rank: 0] 已达到最大batch限制(10000)，停止统计
[2025-11-13 01:00:22,560][src.models.modules.semantic_id.tiger_generation_model][INFO] - [rank: 0] 训练集统计完成：共 11998 个唯一item，总交互次数 22169769
[2025-11-13 01:00:22,642][src.models.modules.semantic_id.tiger_generation_model][INFO] - [rank: 0] 流行度分组完成:
[2025-11-13 01:00:22,711][src.models.modules.semantic_id.tiger_generation_model][INFO] - [rank: 0]   Head组 (前20%): 2399 个item
[2025-11-13 01:00:22,719][src.models.modules.semantic_id.tiger_generation_model][INFO] - [rank: 0]   Body组 (20%-50%): 3600 个item
[2025-11-13 01:00:22,719][src.models.modules.semantic_id.tiger_generation_model][INFO] - [rank: 0]   Tail组 (后50%): 5999 个item
[2025-11-13 01:00:22,720][src.models.modules.semantic_id.tiger_generation_model][INFO] - [rank: 0]   Head组示例: item (185, 237, 12, 253, 177, 0) 出现 76699 次
[2025-11-13 01:00:22,720][src.models.modules.semantic_id.tiger_generation_model][INFO] - [rank: 0]   Tail组示例: item (160, 70, 125, 187, 143, 0) 出现 3 次
[2025-11-13 01:00:22,720][src.models.modules.semantic_id.tiger_generation_model][INFO] - [rank: 0] 已启用按流行度分组的评测（Head/Body/Tail）。
[2025-11-13 01:12:03,243][src.utils.restart_job][ERROR] - [rank: 0] Exception caught: Can't pickle local object 'SemanticIDEncoderDecoder._maybe_init_popularity_groups.<locals>._mapper'
[2025-11-13 01:12:03,268][src.utils.restart_job][ERROR] - [rank: 0] Stack trace: Traceback (most recent call last):
  File "/data_sdc/mhwang/miniconda3/envs/GRs/lib/python3.12/site-packages/lightning/pytorch/trainer/call.py", line 46, in _call_and_handle_interrupt
    return trainer.strategy.launcher.launch(trainer_fn, *args, trainer=trainer, **kwargs)
           ^^^^^^^^^^^^^^^^^^^^^^^^^^^^^^^^^^^^^^^^^^^^^^^^^^^^^^^^^^^^^^^^^^^^^^^^^^^^^^
  File "/data_sdc/mhwang/miniconda3/envs/GRs/lib/python3.12/site-packages/lightning/pytorch/strategies/launchers/subprocess_script.py", line 105, in launch
    return function(*args, **kwargs)
           ^^^^^^^^^^^^^^^^^^^^^^^^^
  File "/data_sdc/mhwang/miniconda3/envs/GRs/lib/python3.12/site-packages/lightning/pytorch/trainer/trainer.py", line 575, in _fit_impl
    self._run(model, ckpt_path=ckpt_path)
  File "/data_sdc/mhwang/miniconda3/envs/GRs/lib/python3.12/site-packages/lightning/pytorch/trainer/trainer.py", line 982, in _run
    results = self._run_stage()
              ^^^^^^^^^^^^^^^^^
  File "/data_sdc/mhwang/miniconda3/envs/GRs/lib/python3.12/site-packages/lightning/pytorch/trainer/trainer.py", line 1026, in _run_stage
    self.fit_loop.run()
  File "/data_sdc/mhwang/miniconda3/envs/GRs/lib/python3.12/site-packages/lightning/pytorch/loops/fit_loop.py", line 216, in run
    self.advance()
  File "/data_sdc/mhwang/miniconda3/envs/GRs/lib/python3.12/site-packages/lightning/pytorch/loops/fit_loop.py", line 455, in advance
    self.epoch_loop.run(self._data_fetcher)
  File "/data_sdc/mhwang/miniconda3/envs/GRs/lib/python3.12/site-packages/lightning/pytorch/loops/training_epoch_loop.py", line 151, in run
    self.on_advance_end(data_fetcher)
  File "/data_sdc/mhwang/miniconda3/envs/GRs/lib/python3.12/site-packages/lightning/pytorch/loops/training_epoch_loop.py", line 370, in on_advance_end
    self.val_loop.run()
  File "/data_sdc/mhwang/miniconda3/envs/GRs/lib/python3.12/site-packages/lightning/pytorch/loops/utilities.py", line 179, in _decorator
    return loop_run(self, *args, **kwargs)
           ^^^^^^^^^^^^^^^^^^^^^^^^^^^^^^^
  File "/data_sdc/mhwang/miniconda3/envs/GRs/lib/python3.12/site-packages/lightning/pytorch/loops/evaluation_loop.py", line 151, in run
    return self.on_run_end()
           ^^^^^^^^^^^^^^^^^
  File "/data_sdc/mhwang/miniconda3/envs/GRs/lib/python3.12/site-packages/lightning/pytorch/loops/evaluation_loop.py", line 305, in on_run_end
    self._on_evaluation_end()
  File "/data_sdc/mhwang/miniconda3/envs/GRs/lib/python3.12/site-packages/lightning/pytorch/loops/evaluation_loop.py", line 350, in _on_evaluation_end
    call._call_callback_hooks(trainer, hook_name, *args, **kwargs)
  File "/data_sdc/mhwang/miniconda3/envs/GRs/lib/python3.12/site-packages/lightning/pytorch/trainer/call.py", line 222, in _call_callback_hooks
    fn(trainer, trainer.lightning_module, *args, **kwargs)
  File "/data_sdc/mhwang/miniconda3/envs/GRs/lib/python3.12/site-packages/lightning/pytorch/callbacks/model_checkpoint.py", line 334, in on_validation_end
    self._save_topk_checkpoint(trainer, monitor_candidates)
  File "/data_sdc/mhwang/miniconda3/envs/GRs/lib/python3.12/site-packages/lightning/pytorch/callbacks/model_checkpoint.py", line 385, in _save_topk_checkpoint
    self._save_monitor_checkpoint(trainer, monitor_candidates)
  File "/data_sdc/mhwang/miniconda3/envs/GRs/lib/python3.12/site-packages/lightning/pytorch/callbacks/model_checkpoint.py", line 705, in _save_monitor_checkpoint
    self._update_best_and_save(current, trainer, monitor_candidates)
  File "/data_sdc/mhwang/miniconda3/envs/GRs/lib/python3.12/site-packages/lightning/pytorch/callbacks/model_checkpoint.py", line 757, in _update_best_and_save
    self._save_checkpoint(trainer, filepath)
  File "/data_sdc/mhwang/miniconda3/envs/GRs/lib/python3.12/site-packages/lightning/pytorch/callbacks/model_checkpoint.py", line 390, in _save_checkpoint
    trainer.save_checkpoint(filepath, self.save_weights_only)
  File "/data_sdc/mhwang/miniconda3/envs/GRs/lib/python3.12/site-packages/lightning/pytorch/trainer/trainer.py", line 1367, in save_checkpoint
    self.strategy.save_checkpoint(checkpoint, filepath, storage_options=storage_options)
  File "/data_sdc/mhwang/miniconda3/envs/GRs/lib/python3.12/site-packages/lightning/pytorch/strategies/strategy.py", line 491, in save_checkpoint
    self.checkpoint_io.save_checkpoint(checkpoint, filepath, storage_options=storage_options)
  File "/data_sdc/mhwang/miniconda3/envs/GRs/lib/python3.12/site-packages/lightning/fabric/plugins/io/torch_io.py", line 58, in save_checkpoint
    _atomic_save(checkpoint, path)
  File "/data_sdc/mhwang/miniconda3/envs/GRs/lib/python3.12/site-packages/lightning/fabric/utilities/cloud_io.py", line 85, in _atomic_save
    torch.save(checkpoint, bytesbuffer)
  File "/data_sdc/mhwang/miniconda3/envs/GRs/lib/python3.12/site-packages/torch/serialization.py", line 944, in save
    _save(
  File "/data_sdc/mhwang/miniconda3/envs/GRs/lib/python3.12/site-packages/torch/serialization.py", line 1190, in _save
    pickler.dump(obj)
AttributeError: Can't pickle local object 'SemanticIDEncoderDecoder._maybe_init_popularity_groups.<locals>._mapper'

[2025-11-13 01:12:03,269][src.utils.restart_job][INFO] - [rank: 0] Cleaning up and handling restart logic
[2025-11-13 01:12:03,269][src.utils.restart_job_utils][INFO] - [rank: 0] Trying to load metadata from /data/mhwang/Rec/GRID/logs/train/runs/2025-11-12/23-42-28/metadata/restart_metadata.json
[2025-11-13 01:12:03,270][src.utils.restart_job_utils][INFO] - [rank: 0] Metadata loaded successfully from /data/mhwang/Rec/GRID/logs/train/runs/2025-11-12/23-42-28/metadata/restart_metadata.json
[2025-11-13 01:12:03,270][src.utils.restart_job_utils][INFO] - [rank: 0] Retrieved current_run: 0 from metadata /data/mhwang/Rec/GRID/logs/train/runs/2025-11-12/23-42-28/metadata/restart_metadata.json
[2025-11-13 01:12:03,270][src.utils.restart_job][INFO] - [rank: 0] Restarting job. Current metadata: JobCheckpointMetadata(start_time='2025-11-12T23:42:29.240695', restarts=[{'time': '2025-11-13T01:12:03.270564', 'exception': "Can't pickle local object 'SemanticIDEncoderDecoder._maybe_init_popularity_groups.<locals>._mapper'", 'run_number': 0}], current_run=1, used_ports=['34507'], world_size=2, node_rank=0, master_addr='127.0.0.1', original_args=['/data/mhwang/Rec/GRID/src/train.py', 'experiment=tiger_train_flat', 'data_dir=/data/mhwang/Rec/GRID/amazon_data/beauty', 'semantic_id_path=/data/mhwang/Rec/GRID/logs/inference/runs/2025-11-12/23-31-39/pickle/merged_predictions_tensor.pt', 'num_hierarchies=6', '++should_skip_retry=True'])
[2025-11-13 01:12:03,270][src.utils.restart_job_utils][INFO] - [rank: 0] Saving metadata to /data/mhwang/Rec/GRID/logs/train/runs/2025-11-12/23-42-28/metadata/restart_metadata.json. {'start_time': '2025-11-12T23:42:29.240695', 'restarts': [{'time': '2025-11-13T01:12:03.270564', 'exception': "Can't pickle local object 'SemanticIDEncoderDecoder._maybe_init_popularity_groups.<locals>._mapper'", 'run_number': 0}], 'current_run': 1, 'used_ports': ['34507'], 'world_size': 2, 'node_rank': 0, 'master_addr': '127.0.0.1', 'original_args': ['/data/mhwang/Rec/GRID/src/train.py', 'experiment=tiger_train_flat', 'data_dir=/data/mhwang/Rec/GRID/amazon_data/beauty', 'semantic_id_path=/data/mhwang/Rec/GRID/logs/inference/runs/2025-11-12/23-31-39/pickle/merged_predictions_tensor.pt', 'num_hierarchies=6', '++should_skip_retry=True']}
[2025-11-13 01:12:03,271][src.utils.restart_job_utils][INFO] - [rank: 0] Cleaning up distributed process group
[2025-11-13 01:12:03,590][src.utils.restart_job_utils][INFO] - [rank: 0] Clearing CUDA cache
[2025-11-13 01:12:03,646][src.utils.restart_job_utils][INFO] - [rank: 0] Tearing down trainer
[2025-11-13 01:12:03,905][src.utils.restart_job][INFO] - [rank: 0] Resources cleaned up.
