[2025-09-21 20:26:02,737][src.utils.utils][INFO] - [rank: 0] Enforcing tags! <cfg.extras.enforce_tags=True>
[2025-09-21 20:26:02,743][src.utils.utils][WARNING] - [rank: 0] Config loss was not found in the config tree. Make sure this is expected.
[2025-09-21 20:26:05,744][src.utils.utils][INFO] - [rank: 0] Printing config tree with Rich! <cfg.extras.print_config=True>
[2025-09-21 20:26:05,748][src.utils.launcher_utils][INFO] - [rank: 0] Instantiating datamodule <src.data.loading.datamodules.sequence_datamodule.ItemDataModule>
[2025-09-21 20:26:05,810][src.utils.launcher_utils][INFO] - [rank: 0] Instantiating model <src.modules.clustering.residual_quantization.ResidualQuantization>
[2025-09-21 20:26:05,960][root][INFO] - Device cpu: Verbose mode enabled
[2025-09-21 20:26:05,967][root][INFO] - Device cpu: Using custom training loop function
[2025-09-21 20:26:05,973][src.utils.launcher_utils][INFO] - [rank: 0] Instantiating callbacks...
[2025-09-21 20:26:05,974][src.utils.instantiators][INFO] - [rank: 0] Instantiating callback <src.utils.inference_utils.LocalPickleWriter>
[2025-09-21 20:26:06,105][src.utils.launcher_utils][INFO] - [rank: 0] Instantiating loggers...
[2025-09-21 20:26:06,105][src.utils.instantiators][INFO] - [rank: 0] Instantiating logger <lightning.pytorch.loggers.csv_logs.CSVLogger>
[2025-09-21 20:26:06,107][src.utils.launcher_utils][INFO] - [rank: 0] Instantiating trainer <lightning.pytorch.trainer.Trainer>
[2025-09-21 20:26:06,187][pytorch_lightning.utilities.rank_zero][INFO] - Using bfloat16 Automatic Mixed Precision (AMP)
[2025-09-21 20:26:06,218][pytorch_lightning.utilities.rank_zero][INFO] - GPU available: True (cuda), used: True
[2025-09-21 20:26:06,219][pytorch_lightning.utilities.rank_zero][INFO] - TPU available: False, using: 0 TPU cores
[2025-09-21 20:26:06,219][pytorch_lightning.utilities.rank_zero][INFO] - HPU available: False, using: 0 HPUs
[2025-09-21 20:26:06,219][src.utils.launcher_utils][INFO] - [rank: 0] Logging hyperparameters!
[2025-09-21 20:26:06,347][__main__][INFO] - [rank: 0] Starting inference!
[2025-09-21 20:26:06,504][pytorch_lightning.utilities.rank_zero][INFO] - You are using a CUDA device ('NVIDIA A800 80GB PCIe') that has Tensor Cores. To properly utilize them, you should set `torch.set_float32_matmul_precision('medium' | 'high')` which will trade-off precision for performance. For more details, read https://pytorch.org/docs/stable/generated/torch.set_float32_matmul_precision.html#torch.set_float32_matmul_precision
[2025-09-21 20:26:18,141][root][INFO] - Device cpu: Verbose mode enabled
[2025-09-21 20:26:18,147][root][INFO] - Device cpu: Using custom training loop function
[2025-09-21 20:26:18,547][pytorch_lightning.utilities.rank_zero][INFO] - ----------------------------------------------------------------------------------------------------
distributed_backend=nccl
All distributed processes registered. Starting with 2 processes
----------------------------------------------------------------------------------------------------

[2025-09-21 20:26:21,245][src.utils.inference_utils][INFO] - Rank 1 initialized for inference.
[2025-09-21 20:26:21,246][src.utils.inference_utils][INFO] - Rank 0 initialized for inference.
[2025-09-21 20:26:21,248][pytorch_lightning.utilities.rank_zero][INFO] - Restoring states from the checkpoint path at /data/mhwang/Rec/GRID/logs/train/runs/2025-09-21/17-02-07/checkpoints/checkpoint_000_003000.ckpt
[2025-09-21 20:26:22,219][pytorch_lightning.utilities.rank_zero][INFO] - Loaded model weights from the checkpoint at /data/mhwang/Rec/GRID/logs/train/runs/2025-09-21/17-02-07/checkpoints/checkpoint_000_003000.ckpt
[2025-09-21 20:26:30,027][src.utils.inference_utils][INFO] - Global Rank: 1 wrote 5780 rows to /data/mhwang/Rec/GRID/logs/inference/runs/2025-09-21/20-26-02/pickle/predictions_1_20250921T122630020.pkl.
[2025-09-21 20:26:30,029][src.utils.inference_utils][INFO] - Rank 1 finished writing predictions.
[2025-09-21 20:26:31,322][src.utils.inference_utils][INFO] - Global Rank: 0 wrote 6144 rows to /data/mhwang/Rec/GRID/logs/inference/runs/2025-09-21/20-26-02/pickle/predictions_0_20250921T122631317.pkl.
[2025-09-21 20:26:31,324][src.utils.inference_utils][INFO] - Rank 0 finished writing predictions.
[2025-09-21 20:26:31,328][src.utils.inference_utils][INFO] - Merging pickle files on main process.
[2025-09-21 20:26:31,344][src.utils.inference_utils][INFO] - Merged 11924 rows into merged_predictions.pkl.
[2025-09-21 20:26:31,444][src.utils.inference_utils][INFO] - Merged 11924 rows into merged_predictions_tensor.pt. as pytorch tensor
