[2025-09-17 20:50:32,541][src.utils.utils][INFO] - [rank: 0] Enforcing tags! <cfg.extras.enforce_tags=True>
[2025-09-17 20:50:32,548][src.utils.utils][WARNING] - [rank: 0] Config loss was not found in the config tree. Make sure this is expected.
[2025-09-17 20:50:32,548][src.utils.utils][WARNING] - [rank: 0] Config optim was not found in the config tree. Make sure this is expected.
[2025-09-17 20:50:32,548][src.utils.utils][WARNING] - [rank: 0] Config eval was not found in the config tree. Make sure this is expected.
[2025-09-17 20:50:35,549][src.utils.utils][INFO] - [rank: 0] Printing config tree with Rich! <cfg.extras.print_config=True>
[2025-09-17 20:50:35,555][src.utils.launcher_utils][INFO] - [rank: 0] Instantiating datamodule <src.data.loading.datamodules.sequence_datamodule.ItemDataModule>
[2025-09-17 20:50:35,722][src.utils.launcher_utils][INFO] - [rank: 0] Instantiating model <src.modules.semantic_embedding_inference_module.SemanticEmbeddingInferenceModule>
[2025-09-17 20:50:35,993][src.utils.launcher_utils][INFO] - [rank: 0] Instantiating callbacks...
[2025-09-17 20:50:35,993][src.utils.instantiators][INFO] - [rank: 0] Instantiating callback <src.utils.inference_utils.LocalPickleWriter>
[2025-09-17 20:50:36,143][src.utils.launcher_utils][INFO] - [rank: 0] Instantiating loggers...
[2025-09-17 20:50:36,144][src.utils.instantiators][INFO] - [rank: 0] Instantiating logger <lightning.pytorch.loggers.csv_logs.CSVLogger>
[2025-09-17 20:50:36,147][src.utils.launcher_utils][INFO] - [rank: 0] Instantiating trainer <lightning.pytorch.trainer.Trainer>
[2025-09-17 20:50:36,274][src.utils.launcher_utils][INFO] - [rank: 0] Logging hyperparameters!
[2025-09-17 20:50:36,473][__main__][INFO] - [rank: 0] Starting inference!
[2025-09-17 20:50:36,473][__main__][WARNING] - [rank: 0] No ckpt_path was provided. If using a model you trained, this is mandatory. Only leave ckpt_path=None if using a pre-trained model.
[2025-09-17 20:50:51,286][src.utils.inference_utils][INFO] - Rank 0 initialized for inference.
[2025-09-17 20:50:51,287][src.utils.inference_utils][INFO] - Rank 1 initialized for inference.
[2025-09-17 20:50:52,287][src.utils.inference_utils][INFO] - Global Rank: 0 wrote 64 rows to /data/mhwang/Rec/GRID/logs/inference/runs/2025-09-17/20-50-32/pickle/predictions_0_20250917T125052285.pkl.
[2025-09-17 20:50:52,405][src.utils.inference_utils][INFO] - Global Rank: 1 wrote 64 rows to /data/mhwang/Rec/GRID/logs/inference/runs/2025-09-17/20-50-32/pickle/predictions_1_20250917T125052403.pkl.
[2025-09-17 20:50:52,412][src.utils.inference_utils][INFO] - Global Rank: 0 wrote 64 rows to /data/mhwang/Rec/GRID/logs/inference/runs/2025-09-17/20-50-32/pickle/predictions_0_20250917T125052410.pkl.
[2025-09-17 20:50:52,536][src.utils.inference_utils][INFO] - Global Rank: 0 wrote 64 rows to /data/mhwang/Rec/GRID/logs/inference/runs/2025-09-17/20-50-32/pickle/predictions_0_20250917T125052533.pkl.
[2025-09-17 20:50:52,560][src.utils.inference_utils][INFO] - Global Rank: 1 wrote 64 rows to /data/mhwang/Rec/GRID/logs/inference/runs/2025-09-17/20-50-32/pickle/predictions_1_20250917T125052556.pkl.
[2025-09-17 20:50:52,654][src.utils.inference_utils][INFO] - Global Rank: 0 wrote 64 rows to /data/mhwang/Rec/GRID/logs/inference/runs/2025-09-17/20-50-32/pickle/predictions_0_20250917T125052652.pkl.
[2025-09-17 20:50:52,743][src.utils.inference_utils][INFO] - Global Rank: 1 wrote 64 rows to /data/mhwang/Rec/GRID/logs/inference/runs/2025-09-17/20-50-32/pickle/predictions_1_20250917T125052741.pkl.
[2025-09-17 20:50:52,778][src.utils.inference_utils][INFO] - Global Rank: 0 wrote 64 rows to /data/mhwang/Rec/GRID/logs/inference/runs/2025-09-17/20-50-32/pickle/predictions_0_20250917T125052776.pkl.
[2025-09-17 20:50:52,904][src.utils.inference_utils][INFO] - Global Rank: 0 wrote 64 rows to /data/mhwang/Rec/GRID/logs/inference/runs/2025-09-17/20-50-32/pickle/predictions_0_20250917T125052902.pkl.
[2025-09-17 20:50:52,905][src.utils.inference_utils][INFO] - Global Rank: 1 wrote 64 rows to /data/mhwang/Rec/GRID/logs/inference/runs/2025-09-17/20-50-32/pickle/predictions_1_20250917T125052900.pkl.
[2025-09-17 20:50:53,059][src.utils.inference_utils][INFO] - Global Rank: 0 wrote 64 rows to /data/mhwang/Rec/GRID/logs/inference/runs/2025-09-17/20-50-32/pickle/predictions_0_20250917T125053056.pkl.
[2025-09-17 20:50:53,064][src.utils.inference_utils][INFO] - Global Rank: 1 wrote 64 rows to /data/mhwang/Rec/GRID/logs/inference/runs/2025-09-17/20-50-32/pickle/predictions_1_20250917T125053061.pkl.
[2025-09-17 20:50:53,174][src.utils.inference_utils][INFO] - Global Rank: 0 wrote 64 rows to /data/mhwang/Rec/GRID/logs/inference/runs/2025-09-17/20-50-32/pickle/predictions_0_20250917T125053171.pkl.
[2025-09-17 20:50:53,241][src.utils.inference_utils][INFO] - Global Rank: 1 wrote 64 rows to /data/mhwang/Rec/GRID/logs/inference/runs/2025-09-17/20-50-32/pickle/predictions_1_20250917T125053237.pkl.
[2025-09-17 20:50:53,288][src.utils.inference_utils][INFO] - Global Rank: 0 wrote 64 rows to /data/mhwang/Rec/GRID/logs/inference/runs/2025-09-17/20-50-32/pickle/predictions_0_20250917T125053286.pkl.
[2025-09-17 20:50:53,400][src.utils.inference_utils][INFO] - Global Rank: 0 wrote 64 rows to /data/mhwang/Rec/GRID/logs/inference/runs/2025-09-17/20-50-32/pickle/predictions_0_20250917T125053398.pkl.
[2025-09-17 20:50:53,403][src.utils.inference_utils][INFO] - Global Rank: 1 wrote 64 rows to /data/mhwang/Rec/GRID/logs/inference/runs/2025-09-17/20-50-32/pickle/predictions_1_20250917T125053399.pkl.
[2025-09-17 20:50:53,527][src.utils.inference_utils][INFO] - Global Rank: 0 wrote 64 rows to /data/mhwang/Rec/GRID/logs/inference/runs/2025-09-17/20-50-32/pickle/predictions_0_20250917T125053525.pkl.
[2025-09-17 20:50:53,548][src.utils.inference_utils][INFO] - Global Rank: 1 wrote 64 rows to /data/mhwang/Rec/GRID/logs/inference/runs/2025-09-17/20-50-32/pickle/predictions_1_20250917T125053545.pkl.
[2025-09-17 20:50:53,676][src.utils.inference_utils][INFO] - Global Rank: 1 wrote 64 rows to /data/mhwang/Rec/GRID/logs/inference/runs/2025-09-17/20-50-32/pickle/predictions_1_20250917T125053673.pkl.
[2025-09-17 20:50:53,689][src.utils.inference_utils][INFO] - Global Rank: 0 wrote 64 rows to /data/mhwang/Rec/GRID/logs/inference/runs/2025-09-17/20-50-32/pickle/predictions_0_20250917T125053686.pkl.
[2025-09-17 20:50:53,821][src.utils.inference_utils][INFO] - Global Rank: 0 wrote 64 rows to /data/mhwang/Rec/GRID/logs/inference/runs/2025-09-17/20-50-32/pickle/predictions_0_20250917T125053819.pkl.
[2025-09-17 20:50:53,851][src.utils.inference_utils][INFO] - Global Rank: 1 wrote 64 rows to /data/mhwang/Rec/GRID/logs/inference/runs/2025-09-17/20-50-32/pickle/predictions_1_20250917T125053848.pkl.
[2025-09-17 20:50:53,935][src.utils.inference_utils][INFO] - Global Rank: 0 wrote 64 rows to /data/mhwang/Rec/GRID/logs/inference/runs/2025-09-17/20-50-32/pickle/predictions_0_20250917T125053933.pkl.
[2025-09-17 20:50:54,022][src.utils.inference_utils][INFO] - Global Rank: 1 wrote 64 rows to /data/mhwang/Rec/GRID/logs/inference/runs/2025-09-17/20-50-32/pickle/predictions_1_20250917T125054019.pkl.
[2025-09-17 20:50:54,046][src.utils.inference_utils][INFO] - Global Rank: 0 wrote 64 rows to /data/mhwang/Rec/GRID/logs/inference/runs/2025-09-17/20-50-32/pickle/predictions_0_20250917T125054043.pkl.
[2025-09-17 20:50:54,164][src.utils.inference_utils][INFO] - Global Rank: 0 wrote 64 rows to /data/mhwang/Rec/GRID/logs/inference/runs/2025-09-17/20-50-32/pickle/predictions_0_20250917T125054161.pkl.
[2025-09-17 20:50:54,200][src.utils.inference_utils][INFO] - Global Rank: 1 wrote 64 rows to /data/mhwang/Rec/GRID/logs/inference/runs/2025-09-17/20-50-32/pickle/predictions_1_20250917T125054197.pkl.
[2025-09-17 20:50:54,275][src.utils.inference_utils][INFO] - Global Rank: 0 wrote 64 rows to /data/mhwang/Rec/GRID/logs/inference/runs/2025-09-17/20-50-32/pickle/predictions_0_20250917T125054273.pkl.
[2025-09-17 20:50:54,355][src.utils.inference_utils][INFO] - Global Rank: 1 wrote 64 rows to /data/mhwang/Rec/GRID/logs/inference/runs/2025-09-17/20-50-32/pickle/predictions_1_20250917T125054352.pkl.
[2025-09-17 20:50:54,386][src.utils.inference_utils][INFO] - Global Rank: 0 wrote 64 rows to /data/mhwang/Rec/GRID/logs/inference/runs/2025-09-17/20-50-32/pickle/predictions_0_20250917T125054384.pkl.
[2025-09-17 20:50:54,490][src.utils.inference_utils][INFO] - Global Rank: 1 wrote 64 rows to /data/mhwang/Rec/GRID/logs/inference/runs/2025-09-17/20-50-32/pickle/predictions_1_20250917T125054487.pkl.
[2025-09-17 20:50:54,499][src.utils.inference_utils][INFO] - Global Rank: 0 wrote 64 rows to /data/mhwang/Rec/GRID/logs/inference/runs/2025-09-17/20-50-32/pickle/predictions_0_20250917T125054496.pkl.
[2025-09-17 20:50:54,606][src.utils.inference_utils][INFO] - Global Rank: 0 wrote 64 rows to /data/mhwang/Rec/GRID/logs/inference/runs/2025-09-17/20-50-32/pickle/predictions_0_20250917T125054604.pkl.
[2025-09-17 20:50:54,624][src.utils.inference_utils][INFO] - Global Rank: 1 wrote 64 rows to /data/mhwang/Rec/GRID/logs/inference/runs/2025-09-17/20-50-32/pickle/predictions_1_20250917T125054622.pkl.
[2025-09-17 20:50:54,725][src.utils.inference_utils][INFO] - Global Rank: 0 wrote 64 rows to /data/mhwang/Rec/GRID/logs/inference/runs/2025-09-17/20-50-32/pickle/predictions_0_20250917T125054723.pkl.
[2025-09-17 20:50:54,762][src.utils.inference_utils][INFO] - Global Rank: 1 wrote 64 rows to /data/mhwang/Rec/GRID/logs/inference/runs/2025-09-17/20-50-32/pickle/predictions_1_20250917T125054760.pkl.
[2025-09-17 20:50:54,837][src.utils.inference_utils][INFO] - Global Rank: 0 wrote 64 rows to /data/mhwang/Rec/GRID/logs/inference/runs/2025-09-17/20-50-32/pickle/predictions_0_20250917T125054835.pkl.
[2025-09-17 20:50:54,901][src.utils.inference_utils][INFO] - Global Rank: 1 wrote 64 rows to /data/mhwang/Rec/GRID/logs/inference/runs/2025-09-17/20-50-32/pickle/predictions_1_20250917T125054898.pkl.
[2025-09-17 20:50:54,948][src.utils.inference_utils][INFO] - Global Rank: 0 wrote 64 rows to /data/mhwang/Rec/GRID/logs/inference/runs/2025-09-17/20-50-32/pickle/predictions_0_20250917T125054946.pkl.
[2025-09-17 20:50:55,048][src.utils.inference_utils][INFO] - Global Rank: 1 wrote 64 rows to /data/mhwang/Rec/GRID/logs/inference/runs/2025-09-17/20-50-32/pickle/predictions_1_20250917T125055046.pkl.
[2025-09-17 20:50:55,069][src.utils.inference_utils][INFO] - Global Rank: 0 wrote 64 rows to /data/mhwang/Rec/GRID/logs/inference/runs/2025-09-17/20-50-32/pickle/predictions_0_20250917T125055067.pkl.
[2025-09-17 20:50:55,184][src.utils.inference_utils][INFO] - Global Rank: 0 wrote 64 rows to /data/mhwang/Rec/GRID/logs/inference/runs/2025-09-17/20-50-32/pickle/predictions_0_20250917T125055182.pkl.
[2025-09-17 20:50:55,190][src.utils.inference_utils][INFO] - Global Rank: 1 wrote 64 rows to /data/mhwang/Rec/GRID/logs/inference/runs/2025-09-17/20-50-32/pickle/predictions_1_20250917T125055188.pkl.
[2025-09-17 20:50:55,303][src.utils.inference_utils][INFO] - Global Rank: 0 wrote 64 rows to /data/mhwang/Rec/GRID/logs/inference/runs/2025-09-17/20-50-32/pickle/predictions_0_20250917T125055301.pkl.
[2025-09-17 20:50:55,317][src.utils.inference_utils][INFO] - Global Rank: 1 wrote 64 rows to /data/mhwang/Rec/GRID/logs/inference/runs/2025-09-17/20-50-32/pickle/predictions_1_20250917T125055314.pkl.
[2025-09-17 20:50:55,413][src.utils.inference_utils][INFO] - Global Rank: 0 wrote 64 rows to /data/mhwang/Rec/GRID/logs/inference/runs/2025-09-17/20-50-32/pickle/predictions_0_20250917T125055410.pkl.
[2025-09-17 20:50:55,500][src.utils.inference_utils][INFO] - Global Rank: 1 wrote 64 rows to /data/mhwang/Rec/GRID/logs/inference/runs/2025-09-17/20-50-32/pickle/predictions_1_20250917T125055496.pkl.
[2025-09-17 20:50:55,562][src.utils.inference_utils][INFO] - Global Rank: 0 wrote 64 rows to /data/mhwang/Rec/GRID/logs/inference/runs/2025-09-17/20-50-32/pickle/predictions_0_20250917T125055559.pkl.
[2025-09-17 20:50:55,681][src.utils.inference_utils][INFO] - Global Rank: 0 wrote 64 rows to /data/mhwang/Rec/GRID/logs/inference/runs/2025-09-17/20-50-32/pickle/predictions_0_20250917T125055678.pkl.
[2025-09-17 20:50:55,681][src.utils.inference_utils][INFO] - Global Rank: 1 wrote 64 rows to /data/mhwang/Rec/GRID/logs/inference/runs/2025-09-17/20-50-32/pickle/predictions_1_20250917T125055678.pkl.
[2025-09-17 20:50:55,799][src.utils.inference_utils][INFO] - Global Rank: 0 wrote 64 rows to /data/mhwang/Rec/GRID/logs/inference/runs/2025-09-17/20-50-32/pickle/predictions_0_20250917T125055797.pkl.
[2025-09-17 20:50:55,861][src.utils.inference_utils][INFO] - Global Rank: 1 wrote 64 rows to /data/mhwang/Rec/GRID/logs/inference/runs/2025-09-17/20-50-32/pickle/predictions_1_20250917T125055859.pkl.
[2025-09-17 20:50:55,909][src.utils.inference_utils][INFO] - Global Rank: 0 wrote 64 rows to /data/mhwang/Rec/GRID/logs/inference/runs/2025-09-17/20-50-32/pickle/predictions_0_20250917T125055907.pkl.
[2025-09-17 20:50:56,018][src.utils.inference_utils][INFO] - Global Rank: 1 wrote 64 rows to /data/mhwang/Rec/GRID/logs/inference/runs/2025-09-17/20-50-32/pickle/predictions_1_20250917T125056015.pkl.
[2025-09-17 20:50:56,067][src.utils.inference_utils][INFO] - Global Rank: 0 wrote 64 rows to /data/mhwang/Rec/GRID/logs/inference/runs/2025-09-17/20-50-32/pickle/predictions_0_20250917T125056061.pkl.
[2025-09-17 20:50:56,195][src.utils.inference_utils][INFO] - Global Rank: 1 wrote 64 rows to /data/mhwang/Rec/GRID/logs/inference/runs/2025-09-17/20-50-32/pickle/predictions_1_20250917T125056192.pkl.
[2025-09-17 20:50:56,202][src.utils.inference_utils][INFO] - Global Rank: 0 wrote 64 rows to /data/mhwang/Rec/GRID/logs/inference/runs/2025-09-17/20-50-32/pickle/predictions_0_20250917T125056200.pkl.
[2025-09-17 20:50:56,349][src.utils.inference_utils][INFO] - Global Rank: 1 wrote 64 rows to /data/mhwang/Rec/GRID/logs/inference/runs/2025-09-17/20-50-32/pickle/predictions_1_20250917T125056345.pkl.
[2025-09-17 20:50:56,360][src.utils.inference_utils][INFO] - Global Rank: 0 wrote 64 rows to /data/mhwang/Rec/GRID/logs/inference/runs/2025-09-17/20-50-32/pickle/predictions_0_20250917T125056358.pkl.
[2025-09-17 20:50:56,489][src.utils.inference_utils][INFO] - Global Rank: 0 wrote 64 rows to /data/mhwang/Rec/GRID/logs/inference/runs/2025-09-17/20-50-32/pickle/predictions_0_20250917T125056487.pkl.
[2025-09-17 20:50:56,505][src.utils.inference_utils][INFO] - Global Rank: 1 wrote 64 rows to /data/mhwang/Rec/GRID/logs/inference/runs/2025-09-17/20-50-32/pickle/predictions_1_20250917T125056503.pkl.
[2025-09-17 20:50:56,612][src.utils.inference_utils][INFO] - Global Rank: 0 wrote 64 rows to /data/mhwang/Rec/GRID/logs/inference/runs/2025-09-17/20-50-32/pickle/predictions_0_20250917T125056609.pkl.
[2025-09-17 20:50:56,656][src.utils.inference_utils][INFO] - Global Rank: 1 wrote 64 rows to /data/mhwang/Rec/GRID/logs/inference/runs/2025-09-17/20-50-32/pickle/predictions_1_20250917T125056653.pkl.
[2025-09-17 20:50:56,735][src.utils.inference_utils][INFO] - Global Rank: 0 wrote 64 rows to /data/mhwang/Rec/GRID/logs/inference/runs/2025-09-17/20-50-32/pickle/predictions_0_20250917T125056733.pkl.
[2025-09-17 20:50:56,809][src.utils.inference_utils][INFO] - Global Rank: 1 wrote 64 rows to /data/mhwang/Rec/GRID/logs/inference/runs/2025-09-17/20-50-32/pickle/predictions_1_20250917T125056805.pkl.
[2025-09-17 20:50:56,852][src.utils.inference_utils][INFO] - Global Rank: 0 wrote 64 rows to /data/mhwang/Rec/GRID/logs/inference/runs/2025-09-17/20-50-32/pickle/predictions_0_20250917T125056850.pkl.
[2025-09-17 20:50:56,964][src.utils.inference_utils][INFO] - Global Rank: 1 wrote 64 rows to /data/mhwang/Rec/GRID/logs/inference/runs/2025-09-17/20-50-32/pickle/predictions_1_20250917T125056961.pkl.
[2025-09-17 20:50:56,973][src.utils.inference_utils][INFO] - Global Rank: 0 wrote 64 rows to /data/mhwang/Rec/GRID/logs/inference/runs/2025-09-17/20-50-32/pickle/predictions_0_20250917T125056971.pkl.
[2025-09-17 20:50:57,115][src.utils.inference_utils][INFO] - Global Rank: 0 wrote 64 rows to /data/mhwang/Rec/GRID/logs/inference/runs/2025-09-17/20-50-32/pickle/predictions_0_20250917T125057112.pkl.
[2025-09-17 20:50:57,135][src.utils.inference_utils][INFO] - Global Rank: 1 wrote 64 rows to /data/mhwang/Rec/GRID/logs/inference/runs/2025-09-17/20-50-32/pickle/predictions_1_20250917T125057133.pkl.
[2025-09-17 20:50:57,278][src.utils.inference_utils][INFO] - Global Rank: 0 wrote 64 rows to /data/mhwang/Rec/GRID/logs/inference/runs/2025-09-17/20-50-32/pickle/predictions_0_20250917T125057276.pkl.
[2025-09-17 20:50:57,293][src.utils.inference_utils][INFO] - Global Rank: 1 wrote 64 rows to /data/mhwang/Rec/GRID/logs/inference/runs/2025-09-17/20-50-32/pickle/predictions_1_20250917T125057291.pkl.
[2025-09-17 20:50:57,409][src.utils.inference_utils][INFO] - Global Rank: 0 wrote 64 rows to /data/mhwang/Rec/GRID/logs/inference/runs/2025-09-17/20-50-32/pickle/predictions_0_20250917T125057406.pkl.
[2025-09-17 20:50:57,475][src.utils.inference_utils][INFO] - Global Rank: 1 wrote 64 rows to /data/mhwang/Rec/GRID/logs/inference/runs/2025-09-17/20-50-32/pickle/predictions_1_20250917T125057473.pkl.
[2025-09-17 20:50:57,539][src.utils.inference_utils][INFO] - Global Rank: 0 wrote 64 rows to /data/mhwang/Rec/GRID/logs/inference/runs/2025-09-17/20-50-32/pickle/predictions_0_20250917T125057536.pkl.
[2025-09-17 20:50:57,617][src.utils.inference_utils][INFO] - Global Rank: 1 wrote 64 rows to /data/mhwang/Rec/GRID/logs/inference/runs/2025-09-17/20-50-32/pickle/predictions_1_20250917T125057615.pkl.
[2025-09-17 20:50:57,679][src.utils.inference_utils][INFO] - Global Rank: 0 wrote 64 rows to /data/mhwang/Rec/GRID/logs/inference/runs/2025-09-17/20-50-32/pickle/predictions_0_20250917T125057676.pkl.
[2025-09-17 20:50:57,784][src.utils.inference_utils][INFO] - Global Rank: 0 wrote 64 rows to /data/mhwang/Rec/GRID/logs/inference/runs/2025-09-17/20-50-32/pickle/predictions_0_20250917T125057782.pkl.
[2025-09-17 20:50:57,794][src.utils.inference_utils][INFO] - Global Rank: 1 wrote 64 rows to /data/mhwang/Rec/GRID/logs/inference/runs/2025-09-17/20-50-32/pickle/predictions_1_20250917T125057790.pkl.
[2025-09-17 20:50:57,936][src.utils.inference_utils][INFO] - Global Rank: 1 wrote 64 rows to /data/mhwang/Rec/GRID/logs/inference/runs/2025-09-17/20-50-32/pickle/predictions_1_20250917T125057933.pkl.
[2025-09-17 20:50:57,951][src.utils.inference_utils][INFO] - Global Rank: 0 wrote 64 rows to /data/mhwang/Rec/GRID/logs/inference/runs/2025-09-17/20-50-32/pickle/predictions_0_20250917T125057948.pkl.
[2025-09-17 20:50:58,089][src.utils.inference_utils][INFO] - Global Rank: 0 wrote 64 rows to /data/mhwang/Rec/GRID/logs/inference/runs/2025-09-17/20-50-32/pickle/predictions_0_20250917T125058086.pkl.
[2025-09-17 20:50:58,090][src.utils.inference_utils][INFO] - Global Rank: 1 wrote 64 rows to /data/mhwang/Rec/GRID/logs/inference/runs/2025-09-17/20-50-32/pickle/predictions_1_20250917T125058087.pkl.
[2025-09-17 20:50:58,206][src.utils.inference_utils][INFO] - Global Rank: 0 wrote 64 rows to /data/mhwang/Rec/GRID/logs/inference/runs/2025-09-17/20-50-32/pickle/predictions_0_20250917T125058203.pkl.
[2025-09-17 20:50:58,237][src.utils.inference_utils][INFO] - Global Rank: 1 wrote 64 rows to /data/mhwang/Rec/GRID/logs/inference/runs/2025-09-17/20-50-32/pickle/predictions_1_20250917T125058235.pkl.
[2025-09-17 20:50:58,347][src.utils.inference_utils][INFO] - Global Rank: 0 wrote 64 rows to /data/mhwang/Rec/GRID/logs/inference/runs/2025-09-17/20-50-32/pickle/predictions_0_20250917T125058345.pkl.
[2025-09-17 20:50:58,376][src.utils.inference_utils][INFO] - Global Rank: 1 wrote 64 rows to /data/mhwang/Rec/GRID/logs/inference/runs/2025-09-17/20-50-32/pickle/predictions_1_20250917T125058372.pkl.
[2025-09-17 20:50:58,470][src.utils.inference_utils][INFO] - Global Rank: 0 wrote 64 rows to /data/mhwang/Rec/GRID/logs/inference/runs/2025-09-17/20-50-32/pickle/predictions_0_20250917T125058468.pkl.
[2025-09-17 20:50:58,533][src.utils.inference_utils][INFO] - Global Rank: 1 wrote 64 rows to /data/mhwang/Rec/GRID/logs/inference/runs/2025-09-17/20-50-32/pickle/predictions_1_20250917T125058531.pkl.
[2025-09-17 20:50:58,574][src.utils.inference_utils][INFO] - Global Rank: 0 wrote 64 rows to /data/mhwang/Rec/GRID/logs/inference/runs/2025-09-17/20-50-32/pickle/predictions_0_20250917T125058571.pkl.
[2025-09-17 20:50:58,677][src.utils.inference_utils][INFO] - Global Rank: 0 wrote 64 rows to /data/mhwang/Rec/GRID/logs/inference/runs/2025-09-17/20-50-32/pickle/predictions_0_20250917T125058675.pkl.
[2025-09-17 20:50:58,691][src.utils.inference_utils][INFO] - Global Rank: 1 wrote 64 rows to /data/mhwang/Rec/GRID/logs/inference/runs/2025-09-17/20-50-32/pickle/predictions_1_20250917T125058688.pkl.
[2025-09-17 20:50:58,779][src.utils.inference_utils][INFO] - Global Rank: 0 wrote 64 rows to /data/mhwang/Rec/GRID/logs/inference/runs/2025-09-17/20-50-32/pickle/predictions_0_20250917T125058777.pkl.
[2025-09-17 20:50:58,839][src.utils.inference_utils][INFO] - Global Rank: 1 wrote 64 rows to /data/mhwang/Rec/GRID/logs/inference/runs/2025-09-17/20-50-32/pickle/predictions_1_20250917T125058837.pkl.
[2025-09-17 20:50:58,881][src.utils.inference_utils][INFO] - Global Rank: 0 wrote 64 rows to /data/mhwang/Rec/GRID/logs/inference/runs/2025-09-17/20-50-32/pickle/predictions_0_20250917T125058879.pkl.
[2025-09-17 20:50:58,987][src.utils.inference_utils][INFO] - Global Rank: 0 wrote 64 rows to /data/mhwang/Rec/GRID/logs/inference/runs/2025-09-17/20-50-32/pickle/predictions_0_20250917T125058985.pkl.
[2025-09-17 20:50:59,016][src.utils.inference_utils][INFO] - Global Rank: 1 wrote 64 rows to /data/mhwang/Rec/GRID/logs/inference/runs/2025-09-17/20-50-32/pickle/predictions_1_20250917T125059013.pkl.
[2025-09-17 20:50:59,120][src.utils.inference_utils][INFO] - Global Rank: 0 wrote 64 rows to /data/mhwang/Rec/GRID/logs/inference/runs/2025-09-17/20-50-32/pickle/predictions_0_20250917T125059118.pkl.
[2025-09-17 20:50:59,183][src.utils.inference_utils][INFO] - Global Rank: 1 wrote 64 rows to /data/mhwang/Rec/GRID/logs/inference/runs/2025-09-17/20-50-32/pickle/predictions_1_20250917T125059180.pkl.
[2025-09-17 20:50:59,219][src.utils.inference_utils][INFO] - Global Rank: 0 wrote 64 rows to /data/mhwang/Rec/GRID/logs/inference/runs/2025-09-17/20-50-32/pickle/predictions_0_20250917T125059217.pkl.
[2025-09-17 20:50:59,319][src.utils.inference_utils][INFO] - Global Rank: 0 wrote 64 rows to /data/mhwang/Rec/GRID/logs/inference/runs/2025-09-17/20-50-32/pickle/predictions_0_20250917T125059316.pkl.
[2025-09-17 20:50:59,332][src.utils.inference_utils][INFO] - Global Rank: 1 wrote 64 rows to /data/mhwang/Rec/GRID/logs/inference/runs/2025-09-17/20-50-32/pickle/predictions_1_20250917T125059329.pkl.
[2025-09-17 20:50:59,431][src.utils.inference_utils][INFO] - Global Rank: 0 wrote 64 rows to /data/mhwang/Rec/GRID/logs/inference/runs/2025-09-17/20-50-32/pickle/predictions_0_20250917T125059429.pkl.
[2025-09-17 20:50:59,494][src.utils.inference_utils][INFO] - Global Rank: 1 wrote 64 rows to /data/mhwang/Rec/GRID/logs/inference/runs/2025-09-17/20-50-32/pickle/predictions_1_20250917T125059492.pkl.
[2025-09-17 20:50:59,535][src.utils.inference_utils][INFO] - Global Rank: 0 wrote 64 rows to /data/mhwang/Rec/GRID/logs/inference/runs/2025-09-17/20-50-32/pickle/predictions_0_20250917T125059533.pkl.
[2025-09-17 20:50:59,644][src.utils.inference_utils][INFO] - Global Rank: 0 wrote 64 rows to /data/mhwang/Rec/GRID/logs/inference/runs/2025-09-17/20-50-32/pickle/predictions_0_20250917T125059641.pkl.
[2025-09-17 20:50:59,657][src.utils.inference_utils][INFO] - Global Rank: 1 wrote 64 rows to /data/mhwang/Rec/GRID/logs/inference/runs/2025-09-17/20-50-32/pickle/predictions_1_20250917T125059654.pkl.
[2025-09-17 20:50:59,751][src.utils.inference_utils][INFO] - Global Rank: 0 wrote 64 rows to /data/mhwang/Rec/GRID/logs/inference/runs/2025-09-17/20-50-32/pickle/predictions_0_20250917T125059748.pkl.
[2025-09-17 20:50:59,805][src.utils.inference_utils][INFO] - Global Rank: 1 wrote 64 rows to /data/mhwang/Rec/GRID/logs/inference/runs/2025-09-17/20-50-32/pickle/predictions_1_20250917T125059803.pkl.
[2025-09-17 20:50:59,867][src.utils.inference_utils][INFO] - Global Rank: 0 wrote 64 rows to /data/mhwang/Rec/GRID/logs/inference/runs/2025-09-17/20-50-32/pickle/predictions_0_20250917T125059865.pkl.
[2025-09-17 20:50:59,968][src.utils.inference_utils][INFO] - Global Rank: 1 wrote 64 rows to /data/mhwang/Rec/GRID/logs/inference/runs/2025-09-17/20-50-32/pickle/predictions_1_20250917T125059966.pkl.
[2025-09-17 20:50:59,976][src.utils.inference_utils][INFO] - Global Rank: 0 wrote 64 rows to /data/mhwang/Rec/GRID/logs/inference/runs/2025-09-17/20-50-32/pickle/predictions_0_20250917T125059973.pkl.
[2025-09-17 20:51:00,094][src.utils.inference_utils][INFO] - Global Rank: 0 wrote 64 rows to /data/mhwang/Rec/GRID/logs/inference/runs/2025-09-17/20-50-32/pickle/predictions_0_20250917T125100092.pkl.
[2025-09-17 20:51:00,140][src.utils.inference_utils][INFO] - Global Rank: 1 wrote 64 rows to /data/mhwang/Rec/GRID/logs/inference/runs/2025-09-17/20-50-32/pickle/predictions_1_20250917T125100137.pkl.
[2025-09-17 20:51:00,195][src.utils.inference_utils][INFO] - Global Rank: 0 wrote 64 rows to /data/mhwang/Rec/GRID/logs/inference/runs/2025-09-17/20-50-32/pickle/predictions_0_20250917T125100192.pkl.
[2025-09-17 20:51:00,296][src.utils.inference_utils][INFO] - Global Rank: 0 wrote 64 rows to /data/mhwang/Rec/GRID/logs/inference/runs/2025-09-17/20-50-32/pickle/predictions_0_20250917T125100294.pkl.
[2025-09-17 20:51:00,325][src.utils.inference_utils][INFO] - Global Rank: 1 wrote 64 rows to /data/mhwang/Rec/GRID/logs/inference/runs/2025-09-17/20-50-32/pickle/predictions_1_20250917T125100323.pkl.
[2025-09-17 20:51:00,394][src.utils.inference_utils][INFO] - Global Rank: 0 wrote 64 rows to /data/mhwang/Rec/GRID/logs/inference/runs/2025-09-17/20-50-32/pickle/predictions_0_20250917T125100392.pkl.
[2025-09-17 20:51:00,506][src.utils.inference_utils][INFO] - Global Rank: 1 wrote 64 rows to /data/mhwang/Rec/GRID/logs/inference/runs/2025-09-17/20-50-32/pickle/predictions_1_20250917T125100503.pkl.
[2025-09-17 20:51:00,507][src.utils.inference_utils][INFO] - Global Rank: 0 wrote 64 rows to /data/mhwang/Rec/GRID/logs/inference/runs/2025-09-17/20-50-32/pickle/predictions_0_20250917T125100505.pkl.
[2025-09-17 20:51:00,618][src.utils.inference_utils][INFO] - Global Rank: 0 wrote 64 rows to /data/mhwang/Rec/GRID/logs/inference/runs/2025-09-17/20-50-32/pickle/predictions_0_20250917T125100615.pkl.
[2025-09-17 20:51:00,677][src.utils.inference_utils][INFO] - Global Rank: 1 wrote 64 rows to /data/mhwang/Rec/GRID/logs/inference/runs/2025-09-17/20-50-32/pickle/predictions_1_20250917T125100675.pkl.
[2025-09-17 20:51:00,736][src.utils.inference_utils][INFO] - Global Rank: 0 wrote 64 rows to /data/mhwang/Rec/GRID/logs/inference/runs/2025-09-17/20-50-32/pickle/predictions_0_20250917T125100733.pkl.
[2025-09-17 20:51:00,824][src.utils.inference_utils][INFO] - Global Rank: 1 wrote 64 rows to /data/mhwang/Rec/GRID/logs/inference/runs/2025-09-17/20-50-32/pickle/predictions_1_20250917T125100821.pkl.
[2025-09-17 20:51:00,848][src.utils.inference_utils][INFO] - Global Rank: 0 wrote 64 rows to /data/mhwang/Rec/GRID/logs/inference/runs/2025-09-17/20-50-32/pickle/predictions_0_20250917T125100845.pkl.
[2025-09-17 20:51:00,973][src.utils.inference_utils][INFO] - Global Rank: 0 wrote 64 rows to /data/mhwang/Rec/GRID/logs/inference/runs/2025-09-17/20-50-32/pickle/predictions_0_20250917T125100970.pkl.
[2025-09-17 20:51:01,006][src.utils.inference_utils][INFO] - Global Rank: 1 wrote 64 rows to /data/mhwang/Rec/GRID/logs/inference/runs/2025-09-17/20-50-32/pickle/predictions_1_20250917T125101004.pkl.
[2025-09-17 20:51:01,087][src.utils.inference_utils][INFO] - Global Rank: 0 wrote 64 rows to /data/mhwang/Rec/GRID/logs/inference/runs/2025-09-17/20-50-32/pickle/predictions_0_20250917T125101084.pkl.
[2025-09-17 20:51:01,159][src.utils.inference_utils][INFO] - Global Rank: 1 wrote 64 rows to /data/mhwang/Rec/GRID/logs/inference/runs/2025-09-17/20-50-32/pickle/predictions_1_20250917T125101157.pkl.
[2025-09-17 20:51:01,210][src.utils.inference_utils][INFO] - Global Rank: 0 wrote 64 rows to /data/mhwang/Rec/GRID/logs/inference/runs/2025-09-17/20-50-32/pickle/predictions_0_20250917T125101208.pkl.
[2025-09-17 20:51:01,311][src.utils.inference_utils][INFO] - Global Rank: 0 wrote 64 rows to /data/mhwang/Rec/GRID/logs/inference/runs/2025-09-17/20-50-32/pickle/predictions_0_20250917T125101309.pkl.
[2025-09-17 20:51:01,313][src.utils.inference_utils][INFO] - Global Rank: 1 wrote 64 rows to /data/mhwang/Rec/GRID/logs/inference/runs/2025-09-17/20-50-32/pickle/predictions_1_20250917T125101310.pkl.
[2025-09-17 20:51:01,412][src.utils.inference_utils][INFO] - Global Rank: 0 wrote 64 rows to /data/mhwang/Rec/GRID/logs/inference/runs/2025-09-17/20-50-32/pickle/predictions_0_20250917T125101410.pkl.
[2025-09-17 20:51:01,498][src.utils.inference_utils][INFO] - Global Rank: 1 wrote 64 rows to /data/mhwang/Rec/GRID/logs/inference/runs/2025-09-17/20-50-32/pickle/predictions_1_20250917T125101495.pkl.
[2025-09-17 20:51:01,524][src.utils.inference_utils][INFO] - Global Rank: 0 wrote 64 rows to /data/mhwang/Rec/GRID/logs/inference/runs/2025-09-17/20-50-32/pickle/predictions_0_20250917T125101522.pkl.
[2025-09-17 20:51:01,651][src.utils.inference_utils][INFO] - Global Rank: 1 wrote 64 rows to /data/mhwang/Rec/GRID/logs/inference/runs/2025-09-17/20-50-32/pickle/predictions_1_20250917T125101643.pkl.
[2025-09-17 20:51:01,700][src.utils.inference_utils][INFO] - Global Rank: 0 wrote 64 rows to /data/mhwang/Rec/GRID/logs/inference/runs/2025-09-17/20-50-32/pickle/predictions_0_20250917T125101697.pkl.
[2025-09-17 20:51:01,799][src.utils.inference_utils][INFO] - Global Rank: 1 wrote 64 rows to /data/mhwang/Rec/GRID/logs/inference/runs/2025-09-17/20-50-32/pickle/predictions_1_20250917T125101797.pkl.
[2025-09-17 20:51:01,864][src.utils.inference_utils][INFO] - Global Rank: 0 wrote 64 rows to /data/mhwang/Rec/GRID/logs/inference/runs/2025-09-17/20-50-32/pickle/predictions_0_20250917T125101862.pkl.
[2025-09-17 20:51:01,922][src.utils.inference_utils][INFO] - Global Rank: 1 wrote 64 rows to /data/mhwang/Rec/GRID/logs/inference/runs/2025-09-17/20-50-32/pickle/predictions_1_20250917T125101919.pkl.
[2025-09-17 20:51:01,984][src.utils.inference_utils][INFO] - Global Rank: 0 wrote 64 rows to /data/mhwang/Rec/GRID/logs/inference/runs/2025-09-17/20-50-32/pickle/predictions_0_20250917T125101981.pkl.
[2025-09-17 20:51:02,082][src.utils.inference_utils][INFO] - Global Rank: 1 wrote 64 rows to /data/mhwang/Rec/GRID/logs/inference/runs/2025-09-17/20-50-32/pickle/predictions_1_20250917T125102079.pkl.
[2025-09-17 20:51:02,103][src.utils.inference_utils][INFO] - Global Rank: 0 wrote 64 rows to /data/mhwang/Rec/GRID/logs/inference/runs/2025-09-17/20-50-32/pickle/predictions_0_20250917T125102101.pkl.
[2025-09-17 20:51:02,208][src.utils.inference_utils][INFO] - Global Rank: 0 wrote 64 rows to /data/mhwang/Rec/GRID/logs/inference/runs/2025-09-17/20-50-32/pickle/predictions_0_20250917T125102206.pkl.
[2025-09-17 20:51:02,229][src.utils.inference_utils][INFO] - Global Rank: 1 wrote 64 rows to /data/mhwang/Rec/GRID/logs/inference/runs/2025-09-17/20-50-32/pickle/predictions_1_20250917T125102226.pkl.
[2025-09-17 20:51:02,320][src.utils.inference_utils][INFO] - Global Rank: 0 wrote 64 rows to /data/mhwang/Rec/GRID/logs/inference/runs/2025-09-17/20-50-32/pickle/predictions_0_20250917T125102318.pkl.
[2025-09-17 20:51:02,394][src.utils.inference_utils][INFO] - Global Rank: 1 wrote 64 rows to /data/mhwang/Rec/GRID/logs/inference/runs/2025-09-17/20-50-32/pickle/predictions_1_20250917T125102392.pkl.
[2025-09-17 20:51:02,425][src.utils.inference_utils][INFO] - Global Rank: 0 wrote 64 rows to /data/mhwang/Rec/GRID/logs/inference/runs/2025-09-17/20-50-32/pickle/predictions_0_20250917T125102423.pkl.
[2025-09-17 20:51:02,507][src.utils.inference_utils][INFO] - Global Rank: 1 wrote 64 rows to /data/mhwang/Rec/GRID/logs/inference/runs/2025-09-17/20-50-32/pickle/predictions_1_20250917T125102505.pkl.
[2025-09-17 20:51:02,527][src.utils.inference_utils][INFO] - Global Rank: 0 wrote 64 rows to /data/mhwang/Rec/GRID/logs/inference/runs/2025-09-17/20-50-32/pickle/predictions_0_20250917T125102524.pkl.
[2025-09-17 20:51:02,632][src.utils.inference_utils][INFO] - Global Rank: 0 wrote 64 rows to /data/mhwang/Rec/GRID/logs/inference/runs/2025-09-17/20-50-32/pickle/predictions_0_20250917T125102629.pkl.
[2025-09-17 20:51:02,638][src.utils.inference_utils][INFO] - Global Rank: 1 wrote 64 rows to /data/mhwang/Rec/GRID/logs/inference/runs/2025-09-17/20-50-32/pickle/predictions_1_20250917T125102635.pkl.
[2025-09-17 20:51:02,741][src.utils.inference_utils][INFO] - Global Rank: 0 wrote 64 rows to /data/mhwang/Rec/GRID/logs/inference/runs/2025-09-17/20-50-32/pickle/predictions_0_20250917T125102739.pkl.
[2025-09-17 20:51:02,800][src.utils.inference_utils][INFO] - Global Rank: 1 wrote 64 rows to /data/mhwang/Rec/GRID/logs/inference/runs/2025-09-17/20-50-32/pickle/predictions_1_20250917T125102798.pkl.
[2025-09-17 20:51:02,858][src.utils.inference_utils][INFO] - Global Rank: 0 wrote 64 rows to /data/mhwang/Rec/GRID/logs/inference/runs/2025-09-17/20-50-32/pickle/predictions_0_20250917T125102855.pkl.
[2025-09-17 20:51:02,942][src.utils.inference_utils][INFO] - Global Rank: 1 wrote 64 rows to /data/mhwang/Rec/GRID/logs/inference/runs/2025-09-17/20-50-32/pickle/predictions_1_20250917T125102939.pkl.
[2025-09-17 20:51:03,002][src.utils.inference_utils][INFO] - Global Rank: 0 wrote 64 rows to /data/mhwang/Rec/GRID/logs/inference/runs/2025-09-17/20-50-32/pickle/predictions_0_20250917T125102999.pkl.
[2025-09-17 20:51:03,112][src.utils.inference_utils][INFO] - Global Rank: 1 wrote 64 rows to /data/mhwang/Rec/GRID/logs/inference/runs/2025-09-17/20-50-32/pickle/predictions_1_20250917T125103109.pkl.
[2025-09-17 20:51:03,135][src.utils.inference_utils][INFO] - Global Rank: 0 wrote 64 rows to /data/mhwang/Rec/GRID/logs/inference/runs/2025-09-17/20-50-32/pickle/predictions_0_20250917T125103132.pkl.
[2025-09-17 20:51:03,273][src.utils.inference_utils][INFO] - Global Rank: 0 wrote 64 rows to /data/mhwang/Rec/GRID/logs/inference/runs/2025-09-17/20-50-32/pickle/predictions_0_20250917T125103270.pkl.
[2025-09-17 20:51:03,294][src.utils.inference_utils][INFO] - Global Rank: 1 wrote 64 rows to /data/mhwang/Rec/GRID/logs/inference/runs/2025-09-17/20-50-32/pickle/predictions_1_20250917T125103291.pkl.
[2025-09-17 20:51:03,388][src.utils.inference_utils][INFO] - Global Rank: 0 wrote 64 rows to /data/mhwang/Rec/GRID/logs/inference/runs/2025-09-17/20-50-32/pickle/predictions_0_20250917T125103386.pkl.
[2025-09-17 20:51:03,432][src.utils.inference_utils][INFO] - Global Rank: 1 wrote 64 rows to /data/mhwang/Rec/GRID/logs/inference/runs/2025-09-17/20-50-32/pickle/predictions_1_20250917T125103430.pkl.
[2025-09-17 20:51:03,503][src.utils.inference_utils][INFO] - Global Rank: 0 wrote 64 rows to /data/mhwang/Rec/GRID/logs/inference/runs/2025-09-17/20-50-32/pickle/predictions_0_20250917T125103500.pkl.
[2025-09-17 20:51:03,561][src.utils.inference_utils][INFO] - Global Rank: 1 wrote 64 rows to /data/mhwang/Rec/GRID/logs/inference/runs/2025-09-17/20-50-32/pickle/predictions_1_20250917T125103559.pkl.
[2025-09-17 20:51:03,645][src.utils.inference_utils][INFO] - Global Rank: 0 wrote 64 rows to /data/mhwang/Rec/GRID/logs/inference/runs/2025-09-17/20-50-32/pickle/predictions_0_20250917T125103643.pkl.
[2025-09-17 20:51:03,708][src.utils.inference_utils][INFO] - Global Rank: 1 wrote 64 rows to /data/mhwang/Rec/GRID/logs/inference/runs/2025-09-17/20-50-32/pickle/predictions_1_20250917T125103705.pkl.
[2025-09-17 20:51:03,765][src.utils.inference_utils][INFO] - Global Rank: 0 wrote 64 rows to /data/mhwang/Rec/GRID/logs/inference/runs/2025-09-17/20-50-32/pickle/predictions_0_20250917T125103762.pkl.
[2025-09-17 20:51:03,766][src.utils.inference_utils][INFO] - Buffer is empty, nothing to flush.
[2025-09-17 20:51:03,767][src.utils.inference_utils][INFO] - Rank 0 finished writing predictions.
[2025-09-17 20:51:03,890][src.utils.inference_utils][INFO] - Global Rank: 1 wrote 64 rows to /data/mhwang/Rec/GRID/logs/inference/runs/2025-09-17/20-50-32/pickle/predictions_1_20250917T125103888.pkl.
[2025-09-17 20:51:04,039][src.utils.inference_utils][INFO] - Global Rank: 1 wrote 64 rows to /data/mhwang/Rec/GRID/logs/inference/runs/2025-09-17/20-50-32/pickle/predictions_1_20250917T125104037.pkl.
[2025-09-17 20:51:04,161][src.utils.inference_utils][INFO] - Global Rank: 1 wrote 64 rows to /data/mhwang/Rec/GRID/logs/inference/runs/2025-09-17/20-50-32/pickle/predictions_1_20250917T125104158.pkl.
[2025-09-17 20:51:04,290][src.utils.inference_utils][INFO] - Global Rank: 1 wrote 64 rows to /data/mhwang/Rec/GRID/logs/inference/runs/2025-09-17/20-50-32/pickle/predictions_1_20250917T125104288.pkl.
[2025-09-17 20:51:04,420][src.utils.inference_utils][INFO] - Global Rank: 1 wrote 64 rows to /data/mhwang/Rec/GRID/logs/inference/runs/2025-09-17/20-50-32/pickle/predictions_1_20250917T125104418.pkl.
[2025-09-17 20:51:04,535][src.utils.inference_utils][INFO] - Global Rank: 1 wrote 64 rows to /data/mhwang/Rec/GRID/logs/inference/runs/2025-09-17/20-50-32/pickle/predictions_1_20250917T125104532.pkl.
[2025-09-17 20:51:04,669][src.utils.inference_utils][INFO] - Global Rank: 1 wrote 64 rows to /data/mhwang/Rec/GRID/logs/inference/runs/2025-09-17/20-50-32/pickle/predictions_1_20250917T125104667.pkl.
[2025-09-17 20:51:04,803][src.utils.inference_utils][INFO] - Global Rank: 1 wrote 64 rows to /data/mhwang/Rec/GRID/logs/inference/runs/2025-09-17/20-50-32/pickle/predictions_1_20250917T125104800.pkl.
[2025-09-17 20:51:04,933][src.utils.inference_utils][INFO] - Global Rank: 1 wrote 64 rows to /data/mhwang/Rec/GRID/logs/inference/runs/2025-09-17/20-50-32/pickle/predictions_1_20250917T125104931.pkl.
[2025-09-17 20:51:05,063][src.utils.inference_utils][INFO] - Global Rank: 1 wrote 64 rows to /data/mhwang/Rec/GRID/logs/inference/runs/2025-09-17/20-50-32/pickle/predictions_1_20250917T125105060.pkl.
[2025-09-17 20:51:05,225][src.utils.inference_utils][INFO] - Global Rank: 1 wrote 64 rows to /data/mhwang/Rec/GRID/logs/inference/runs/2025-09-17/20-50-32/pickle/predictions_1_20250917T125105222.pkl.
[2025-09-17 20:51:05,420][src.utils.inference_utils][INFO] - Global Rank: 1 wrote 64 rows to /data/mhwang/Rec/GRID/logs/inference/runs/2025-09-17/20-50-32/pickle/predictions_1_20250917T125105417.pkl.
[2025-09-17 20:51:05,597][src.utils.inference_utils][INFO] - Global Rank: 1 wrote 64 rows to /data/mhwang/Rec/GRID/logs/inference/runs/2025-09-17/20-50-32/pickle/predictions_1_20250917T125105594.pkl.
[2025-09-17 20:51:05,790][src.utils.inference_utils][INFO] - Global Rank: 1 wrote 64 rows to /data/mhwang/Rec/GRID/logs/inference/runs/2025-09-17/20-50-32/pickle/predictions_1_20250917T125105787.pkl.
[2025-09-17 20:51:05,982][src.utils.inference_utils][INFO] - Global Rank: 1 wrote 64 rows to /data/mhwang/Rec/GRID/logs/inference/runs/2025-09-17/20-50-32/pickle/predictions_1_20250917T125105978.pkl.
[2025-09-17 20:51:06,181][src.utils.inference_utils][INFO] - Global Rank: 1 wrote 64 rows to /data/mhwang/Rec/GRID/logs/inference/runs/2025-09-17/20-50-32/pickle/predictions_1_20250917T125106178.pkl.
[2025-09-17 20:51:06,374][src.utils.inference_utils][INFO] - Global Rank: 1 wrote 64 rows to /data/mhwang/Rec/GRID/logs/inference/runs/2025-09-17/20-50-32/pickle/predictions_1_20250917T125106371.pkl.
[2025-09-17 20:51:06,400][src.utils.inference_utils][INFO] - Global Rank: 1 wrote 20 rows to /data/mhwang/Rec/GRID/logs/inference/runs/2025-09-17/20-50-32/pickle/predictions_1_20250917T125106400.pkl.
[2025-09-17 20:51:06,400][src.utils.inference_utils][INFO] - Rank 1 finished writing predictions.
[2025-09-17 20:51:06,402][src.utils.inference_utils][INFO] - Merging pickle files on main process.
[2025-09-17 20:51:07,502][src.utils.inference_utils][INFO] - Merged 11924 rows into merged_predictions.pkl.
[2025-09-17 20:51:09,033][src.utils.inference_utils][INFO] - Merged 11924 rows into merged_predictions_tensor.pt. as pytorch tensor
