[2025-09-21 17:06:36,971][src.utils.utils][INFO] - [rank: 0] Enforcing tags! <cfg.extras.enforce_tags=True>
[2025-09-21 17:06:36,977][src.utils.utils][WARNING] - [rank: 0] Config loss was not found in the config tree. Make sure this is expected.
[2025-09-21 17:06:36,977][src.utils.utils][WARNING] - [rank: 0] Config optim was not found in the config tree. Make sure this is expected.
[2025-09-21 17:06:36,978][src.utils.utils][WARNING] - [rank: 0] Config eval was not found in the config tree. Make sure this is expected.
[2025-09-21 17:06:39,978][src.utils.utils][INFO] - [rank: 0] Printing config tree with Rich! <cfg.extras.print_config=True>
[2025-09-21 17:06:39,985][src.utils.launcher_utils][INFO] - [rank: 0] Instantiating datamodule <src.data.loading.datamodules.sequence_datamodule.ItemDataModule>
[2025-09-21 17:06:40,189][src.utils.launcher_utils][INFO] - [rank: 0] Instantiating model <src.modules.semantic_embedding_inference_module.SemanticEmbeddingInferenceModule>
[2025-09-21 17:06:40,475][src.utils.launcher_utils][INFO] - [rank: 0] Instantiating callbacks...
[2025-09-21 17:06:40,475][src.utils.instantiators][INFO] - [rank: 0] Instantiating callback <src.utils.inference_utils.LocalPickleWriter>
[2025-09-21 17:06:40,604][src.utils.launcher_utils][INFO] - [rank: 0] Instantiating loggers...
[2025-09-21 17:06:40,604][src.utils.instantiators][INFO] - [rank: 0] Instantiating logger <lightning.pytorch.loggers.csv_logs.CSVLogger>
[2025-09-21 17:06:40,606][src.utils.launcher_utils][INFO] - [rank: 0] Instantiating trainer <lightning.pytorch.trainer.Trainer>
[2025-09-21 17:06:40,707][src.utils.launcher_utils][INFO] - [rank: 0] Logging hyperparameters!
[2025-09-21 17:06:40,853][__main__][INFO] - [rank: 0] Starting inference!
[2025-09-21 17:06:40,854][__main__][WARNING] - [rank: 0] No ckpt_path was provided. If using a model you trained, this is mandatory. Only leave ckpt_path=None if using a pre-trained model.
[2025-09-21 17:06:56,205][src.utils.inference_utils][INFO] - Rank 1 initialized for inference.
[2025-09-21 17:06:56,205][src.utils.inference_utils][INFO] - Rank 0 initialized for inference.
[2025-09-21 17:06:57,404][src.utils.inference_utils][INFO] - Global Rank: 0 wrote 64 rows to /data/mhwang/Rec/GRID/logs/inference/runs/2025-09-21/17-06-36/pickle/predictions_0_20250921T090657402.pkl.
[2025-09-21 17:06:57,565][src.utils.inference_utils][INFO] - Global Rank: 0 wrote 64 rows to /data/mhwang/Rec/GRID/logs/inference/runs/2025-09-21/17-06-36/pickle/predictions_0_20250921T090657563.pkl.
[2025-09-21 17:06:57,621][src.utils.inference_utils][INFO] - Global Rank: 1 wrote 64 rows to /data/mhwang/Rec/GRID/logs/inference/runs/2025-09-21/17-06-36/pickle/predictions_1_20250921T090657618.pkl.
[2025-09-21 17:06:57,702][src.utils.inference_utils][INFO] - Global Rank: 0 wrote 64 rows to /data/mhwang/Rec/GRID/logs/inference/runs/2025-09-21/17-06-36/pickle/predictions_0_20250921T090657699.pkl.
[2025-09-21 17:06:57,796][src.utils.inference_utils][INFO] - Global Rank: 1 wrote 64 rows to /data/mhwang/Rec/GRID/logs/inference/runs/2025-09-21/17-06-36/pickle/predictions_1_20250921T090657793.pkl.
[2025-09-21 17:06:57,895][src.utils.inference_utils][INFO] - Global Rank: 0 wrote 64 rows to /data/mhwang/Rec/GRID/logs/inference/runs/2025-09-21/17-06-36/pickle/predictions_0_20250921T090657891.pkl.
[2025-09-21 17:06:57,980][src.utils.inference_utils][INFO] - Global Rank: 1 wrote 64 rows to /data/mhwang/Rec/GRID/logs/inference/runs/2025-09-21/17-06-36/pickle/predictions_1_20250921T090657976.pkl.
[2025-09-21 17:06:58,055][src.utils.inference_utils][INFO] - Global Rank: 0 wrote 64 rows to /data/mhwang/Rec/GRID/logs/inference/runs/2025-09-21/17-06-36/pickle/predictions_0_20250921T090658053.pkl.
[2025-09-21 17:06:58,102][src.utils.inference_utils][INFO] - Global Rank: 1 wrote 64 rows to /data/mhwang/Rec/GRID/logs/inference/runs/2025-09-21/17-06-36/pickle/predictions_1_20250921T090658100.pkl.
[2025-09-21 17:06:58,223][src.utils.inference_utils][INFO] - Global Rank: 1 wrote 64 rows to /data/mhwang/Rec/GRID/logs/inference/runs/2025-09-21/17-06-36/pickle/predictions_1_20250921T090658220.pkl.
[2025-09-21 17:06:58,237][src.utils.inference_utils][INFO] - Global Rank: 0 wrote 64 rows to /data/mhwang/Rec/GRID/logs/inference/runs/2025-09-21/17-06-36/pickle/predictions_0_20250921T090658233.pkl.
[2025-09-21 17:06:58,367][src.utils.inference_utils][INFO] - Global Rank: 1 wrote 64 rows to /data/mhwang/Rec/GRID/logs/inference/runs/2025-09-21/17-06-36/pickle/predictions_1_20250921T090658364.pkl.
[2025-09-21 17:06:58,418][src.utils.inference_utils][INFO] - Global Rank: 0 wrote 64 rows to /data/mhwang/Rec/GRID/logs/inference/runs/2025-09-21/17-06-36/pickle/predictions_0_20250921T090658415.pkl.
[2025-09-21 17:06:58,549][src.utils.inference_utils][INFO] - Global Rank: 1 wrote 64 rows to /data/mhwang/Rec/GRID/logs/inference/runs/2025-09-21/17-06-36/pickle/predictions_1_20250921T090658546.pkl.
[2025-09-21 17:06:58,594][src.utils.inference_utils][INFO] - Global Rank: 0 wrote 64 rows to /data/mhwang/Rec/GRID/logs/inference/runs/2025-09-21/17-06-36/pickle/predictions_0_20250921T090658591.pkl.
[2025-09-21 17:06:58,698][src.utils.inference_utils][INFO] - Global Rank: 1 wrote 64 rows to /data/mhwang/Rec/GRID/logs/inference/runs/2025-09-21/17-06-36/pickle/predictions_1_20250921T090658695.pkl.
[2025-09-21 17:06:58,746][src.utils.inference_utils][INFO] - Global Rank: 0 wrote 64 rows to /data/mhwang/Rec/GRID/logs/inference/runs/2025-09-21/17-06-36/pickle/predictions_0_20250921T090658743.pkl.
[2025-09-21 17:06:58,847][src.utils.inference_utils][INFO] - Global Rank: 1 wrote 64 rows to /data/mhwang/Rec/GRID/logs/inference/runs/2025-09-21/17-06-36/pickle/predictions_1_20250921T090658844.pkl.
[2025-09-21 17:06:58,895][src.utils.inference_utils][INFO] - Global Rank: 0 wrote 64 rows to /data/mhwang/Rec/GRID/logs/inference/runs/2025-09-21/17-06-36/pickle/predictions_0_20250921T090658892.pkl.
[2025-09-21 17:06:59,007][src.utils.inference_utils][INFO] - Global Rank: 1 wrote 64 rows to /data/mhwang/Rec/GRID/logs/inference/runs/2025-09-21/17-06-36/pickle/predictions_1_20250921T090659004.pkl.
[2025-09-21 17:06:59,048][src.utils.inference_utils][INFO] - Global Rank: 0 wrote 64 rows to /data/mhwang/Rec/GRID/logs/inference/runs/2025-09-21/17-06-36/pickle/predictions_0_20250921T090659045.pkl.
[2025-09-21 17:06:59,183][src.utils.inference_utils][INFO] - Global Rank: 1 wrote 64 rows to /data/mhwang/Rec/GRID/logs/inference/runs/2025-09-21/17-06-36/pickle/predictions_1_20250921T090659181.pkl.
[2025-09-21 17:06:59,222][src.utils.inference_utils][INFO] - Global Rank: 0 wrote 64 rows to /data/mhwang/Rec/GRID/logs/inference/runs/2025-09-21/17-06-36/pickle/predictions_0_20250921T090659219.pkl.
[2025-09-21 17:06:59,307][src.utils.inference_utils][INFO] - Global Rank: 1 wrote 64 rows to /data/mhwang/Rec/GRID/logs/inference/runs/2025-09-21/17-06-36/pickle/predictions_1_20250921T090659304.pkl.
[2025-09-21 17:06:59,387][src.utils.inference_utils][INFO] - Global Rank: 0 wrote 64 rows to /data/mhwang/Rec/GRID/logs/inference/runs/2025-09-21/17-06-36/pickle/predictions_0_20250921T090659385.pkl.
[2025-09-21 17:06:59,432][src.utils.inference_utils][INFO] - Global Rank: 1 wrote 64 rows to /data/mhwang/Rec/GRID/logs/inference/runs/2025-09-21/17-06-36/pickle/predictions_1_20250921T090659429.pkl.
[2025-09-21 17:06:59,568][src.utils.inference_utils][INFO] - Global Rank: 0 wrote 64 rows to /data/mhwang/Rec/GRID/logs/inference/runs/2025-09-21/17-06-36/pickle/predictions_0_20250921T090659566.pkl.
[2025-09-21 17:06:59,572][src.utils.inference_utils][INFO] - Global Rank: 1 wrote 64 rows to /data/mhwang/Rec/GRID/logs/inference/runs/2025-09-21/17-06-36/pickle/predictions_1_20250921T090659570.pkl.
[2025-09-21 17:06:59,735][src.utils.inference_utils][INFO] - Global Rank: 0 wrote 64 rows to /data/mhwang/Rec/GRID/logs/inference/runs/2025-09-21/17-06-36/pickle/predictions_0_20250921T090659732.pkl.
[2025-09-21 17:06:59,747][src.utils.inference_utils][INFO] - Global Rank: 1 wrote 64 rows to /data/mhwang/Rec/GRID/logs/inference/runs/2025-09-21/17-06-36/pickle/predictions_1_20250921T090659744.pkl.
[2025-09-21 17:06:59,878][src.utils.inference_utils][INFO] - Global Rank: 0 wrote 64 rows to /data/mhwang/Rec/GRID/logs/inference/runs/2025-09-21/17-06-36/pickle/predictions_0_20250921T090659875.pkl.
[2025-09-21 17:06:59,925][src.utils.inference_utils][INFO] - Global Rank: 1 wrote 64 rows to /data/mhwang/Rec/GRID/logs/inference/runs/2025-09-21/17-06-36/pickle/predictions_1_20250921T090659923.pkl.
[2025-09-21 17:07:00,042][src.utils.inference_utils][INFO] - Global Rank: 0 wrote 64 rows to /data/mhwang/Rec/GRID/logs/inference/runs/2025-09-21/17-06-36/pickle/predictions_0_20250921T090700039.pkl.
[2025-09-21 17:07:00,103][src.utils.inference_utils][INFO] - Global Rank: 1 wrote 64 rows to /data/mhwang/Rec/GRID/logs/inference/runs/2025-09-21/17-06-36/pickle/predictions_1_20250921T090700100.pkl.
[2025-09-21 17:07:00,190][src.utils.inference_utils][INFO] - Global Rank: 0 wrote 64 rows to /data/mhwang/Rec/GRID/logs/inference/runs/2025-09-21/17-06-36/pickle/predictions_0_20250921T090700187.pkl.
[2025-09-21 17:07:00,259][src.utils.inference_utils][INFO] - Global Rank: 1 wrote 64 rows to /data/mhwang/Rec/GRID/logs/inference/runs/2025-09-21/17-06-36/pickle/predictions_1_20250921T090700255.pkl.
[2025-09-21 17:07:00,336][src.utils.inference_utils][INFO] - Global Rank: 0 wrote 64 rows to /data/mhwang/Rec/GRID/logs/inference/runs/2025-09-21/17-06-36/pickle/predictions_0_20250921T090700334.pkl.
[2025-09-21 17:07:00,403][src.utils.inference_utils][INFO] - Global Rank: 1 wrote 64 rows to /data/mhwang/Rec/GRID/logs/inference/runs/2025-09-21/17-06-36/pickle/predictions_1_20250921T090700400.pkl.
[2025-09-21 17:07:00,496][src.utils.inference_utils][INFO] - Global Rank: 0 wrote 64 rows to /data/mhwang/Rec/GRID/logs/inference/runs/2025-09-21/17-06-36/pickle/predictions_0_20250921T090700493.pkl.
[2025-09-21 17:07:00,582][src.utils.inference_utils][INFO] - Global Rank: 1 wrote 64 rows to /data/mhwang/Rec/GRID/logs/inference/runs/2025-09-21/17-06-36/pickle/predictions_1_20250921T090700581.pkl.
[2025-09-21 17:07:00,661][src.utils.inference_utils][INFO] - Global Rank: 0 wrote 64 rows to /data/mhwang/Rec/GRID/logs/inference/runs/2025-09-21/17-06-36/pickle/predictions_0_20250921T090700659.pkl.
[2025-09-21 17:07:00,743][src.utils.inference_utils][INFO] - Global Rank: 1 wrote 64 rows to /data/mhwang/Rec/GRID/logs/inference/runs/2025-09-21/17-06-36/pickle/predictions_1_20250921T090700741.pkl.
[2025-09-21 17:07:00,797][src.utils.inference_utils][INFO] - Global Rank: 0 wrote 64 rows to /data/mhwang/Rec/GRID/logs/inference/runs/2025-09-21/17-06-36/pickle/predictions_0_20250921T090700794.pkl.
[2025-09-21 17:07:00,919][src.utils.inference_utils][INFO] - Global Rank: 1 wrote 64 rows to /data/mhwang/Rec/GRID/logs/inference/runs/2025-09-21/17-06-36/pickle/predictions_1_20250921T090700916.pkl.
[2025-09-21 17:07:00,959][src.utils.inference_utils][INFO] - Global Rank: 0 wrote 64 rows to /data/mhwang/Rec/GRID/logs/inference/runs/2025-09-21/17-06-36/pickle/predictions_0_20250921T090700957.pkl.
[2025-09-21 17:07:01,083][src.utils.inference_utils][INFO] - Global Rank: 1 wrote 64 rows to /data/mhwang/Rec/GRID/logs/inference/runs/2025-09-21/17-06-36/pickle/predictions_1_20250921T090701079.pkl.
[2025-09-21 17:07:01,112][src.utils.inference_utils][INFO] - Global Rank: 0 wrote 64 rows to /data/mhwang/Rec/GRID/logs/inference/runs/2025-09-21/17-06-36/pickle/predictions_0_20250921T090701110.pkl.
[2025-09-21 17:07:01,227][src.utils.inference_utils][INFO] - Global Rank: 1 wrote 64 rows to /data/mhwang/Rec/GRID/logs/inference/runs/2025-09-21/17-06-36/pickle/predictions_1_20250921T090701225.pkl.
[2025-09-21 17:07:01,241][src.utils.inference_utils][INFO] - Global Rank: 0 wrote 64 rows to /data/mhwang/Rec/GRID/logs/inference/runs/2025-09-21/17-06-36/pickle/predictions_0_20250921T090701238.pkl.
[2025-09-21 17:07:01,391][src.utils.inference_utils][INFO] - Global Rank: 1 wrote 64 rows to /data/mhwang/Rec/GRID/logs/inference/runs/2025-09-21/17-06-36/pickle/predictions_1_20250921T090701388.pkl.
[2025-09-21 17:07:01,410][src.utils.inference_utils][INFO] - Global Rank: 0 wrote 64 rows to /data/mhwang/Rec/GRID/logs/inference/runs/2025-09-21/17-06-36/pickle/predictions_0_20250921T090701407.pkl.
[2025-09-21 17:07:01,562][src.utils.inference_utils][INFO] - Global Rank: 0 wrote 64 rows to /data/mhwang/Rec/GRID/logs/inference/runs/2025-09-21/17-06-36/pickle/predictions_0_20250921T090701559.pkl.
[2025-09-21 17:07:01,589][src.utils.inference_utils][INFO] - Global Rank: 1 wrote 64 rows to /data/mhwang/Rec/GRID/logs/inference/runs/2025-09-21/17-06-36/pickle/predictions_1_20250921T090701586.pkl.
[2025-09-21 17:07:01,738][src.utils.inference_utils][INFO] - Global Rank: 0 wrote 64 rows to /data/mhwang/Rec/GRID/logs/inference/runs/2025-09-21/17-06-36/pickle/predictions_0_20250921T090701735.pkl.
[2025-09-21 17:07:01,769][src.utils.inference_utils][INFO] - Global Rank: 1 wrote 64 rows to /data/mhwang/Rec/GRID/logs/inference/runs/2025-09-21/17-06-36/pickle/predictions_1_20250921T090701766.pkl.
[2025-09-21 17:07:01,882][src.utils.inference_utils][INFO] - Global Rank: 0 wrote 64 rows to /data/mhwang/Rec/GRID/logs/inference/runs/2025-09-21/17-06-36/pickle/predictions_0_20250921T090701880.pkl.
[2025-09-21 17:07:01,938][src.utils.inference_utils][INFO] - Global Rank: 1 wrote 64 rows to /data/mhwang/Rec/GRID/logs/inference/runs/2025-09-21/17-06-36/pickle/predictions_1_20250921T090701936.pkl.
[2025-09-21 17:07:02,050][src.utils.inference_utils][INFO] - Global Rank: 0 wrote 64 rows to /data/mhwang/Rec/GRID/logs/inference/runs/2025-09-21/17-06-36/pickle/predictions_0_20250921T090702047.pkl.
[2025-09-21 17:07:02,106][src.utils.inference_utils][INFO] - Global Rank: 1 wrote 64 rows to /data/mhwang/Rec/GRID/logs/inference/runs/2025-09-21/17-06-36/pickle/predictions_1_20250921T090702103.pkl.
[2025-09-21 17:07:02,185][src.utils.inference_utils][INFO] - Global Rank: 0 wrote 64 rows to /data/mhwang/Rec/GRID/logs/inference/runs/2025-09-21/17-06-36/pickle/predictions_0_20250921T090702183.pkl.
[2025-09-21 17:07:02,287][src.utils.inference_utils][INFO] - Global Rank: 1 wrote 64 rows to /data/mhwang/Rec/GRID/logs/inference/runs/2025-09-21/17-06-36/pickle/predictions_1_20250921T090702284.pkl.
[2025-09-21 17:07:02,322][src.utils.inference_utils][INFO] - Global Rank: 0 wrote 64 rows to /data/mhwang/Rec/GRID/logs/inference/runs/2025-09-21/17-06-36/pickle/predictions_0_20250921T090702320.pkl.
[2025-09-21 17:07:02,434][src.utils.inference_utils][INFO] - Global Rank: 1 wrote 64 rows to /data/mhwang/Rec/GRID/logs/inference/runs/2025-09-21/17-06-36/pickle/predictions_1_20250921T090702431.pkl.
[2025-09-21 17:07:02,458][src.utils.inference_utils][INFO] - Global Rank: 0 wrote 64 rows to /data/mhwang/Rec/GRID/logs/inference/runs/2025-09-21/17-06-36/pickle/predictions_0_20250921T090702455.pkl.
[2025-09-21 17:07:02,581][src.utils.inference_utils][INFO] - Global Rank: 1 wrote 64 rows to /data/mhwang/Rec/GRID/logs/inference/runs/2025-09-21/17-06-36/pickle/predictions_1_20250921T090702577.pkl.
[2025-09-21 17:07:02,635][src.utils.inference_utils][INFO] - Global Rank: 0 wrote 64 rows to /data/mhwang/Rec/GRID/logs/inference/runs/2025-09-21/17-06-36/pickle/predictions_0_20250921T090702633.pkl.
[2025-09-21 17:07:02,763][src.utils.inference_utils][INFO] - Global Rank: 1 wrote 64 rows to /data/mhwang/Rec/GRID/logs/inference/runs/2025-09-21/17-06-36/pickle/predictions_1_20250921T090702760.pkl.
[2025-09-21 17:07:02,787][src.utils.inference_utils][INFO] - Global Rank: 0 wrote 64 rows to /data/mhwang/Rec/GRID/logs/inference/runs/2025-09-21/17-06-36/pickle/predictions_0_20250921T090702784.pkl.
[2025-09-21 17:07:02,935][src.utils.inference_utils][INFO] - Global Rank: 0 wrote 64 rows to /data/mhwang/Rec/GRID/logs/inference/runs/2025-09-21/17-06-36/pickle/predictions_0_20250921T090702932.pkl.
[2025-09-21 17:07:02,954][src.utils.inference_utils][INFO] - Global Rank: 1 wrote 64 rows to /data/mhwang/Rec/GRID/logs/inference/runs/2025-09-21/17-06-36/pickle/predictions_1_20250921T090702950.pkl.
[2025-09-21 17:07:03,097][src.utils.inference_utils][INFO] - Global Rank: 1 wrote 64 rows to /data/mhwang/Rec/GRID/logs/inference/runs/2025-09-21/17-06-36/pickle/predictions_1_20250921T090703094.pkl.
[2025-09-21 17:07:03,139][src.utils.inference_utils][INFO] - Global Rank: 0 wrote 64 rows to /data/mhwang/Rec/GRID/logs/inference/runs/2025-09-21/17-06-36/pickle/predictions_0_20250921T090703135.pkl.
[2025-09-21 17:07:03,263][src.utils.inference_utils][INFO] - Global Rank: 1 wrote 64 rows to /data/mhwang/Rec/GRID/logs/inference/runs/2025-09-21/17-06-36/pickle/predictions_1_20250921T090703260.pkl.
[2025-09-21 17:07:03,303][src.utils.inference_utils][INFO] - Global Rank: 0 wrote 64 rows to /data/mhwang/Rec/GRID/logs/inference/runs/2025-09-21/17-06-36/pickle/predictions_0_20250921T090703300.pkl.
[2025-09-21 17:07:03,400][src.utils.inference_utils][INFO] - Global Rank: 1 wrote 64 rows to /data/mhwang/Rec/GRID/logs/inference/runs/2025-09-21/17-06-36/pickle/predictions_1_20250921T090703398.pkl.
[2025-09-21 17:07:03,475][src.utils.inference_utils][INFO] - Global Rank: 0 wrote 64 rows to /data/mhwang/Rec/GRID/logs/inference/runs/2025-09-21/17-06-36/pickle/predictions_0_20250921T090703473.pkl.
[2025-09-21 17:07:03,539][src.utils.inference_utils][INFO] - Global Rank: 1 wrote 64 rows to /data/mhwang/Rec/GRID/logs/inference/runs/2025-09-21/17-06-36/pickle/predictions_1_20250921T090703537.pkl.
[2025-09-21 17:07:03,628][src.utils.inference_utils][INFO] - Global Rank: 0 wrote 64 rows to /data/mhwang/Rec/GRID/logs/inference/runs/2025-09-21/17-06-36/pickle/predictions_0_20250921T090703626.pkl.
[2025-09-21 17:07:03,684][src.utils.inference_utils][INFO] - Global Rank: 1 wrote 64 rows to /data/mhwang/Rec/GRID/logs/inference/runs/2025-09-21/17-06-36/pickle/predictions_1_20250921T090703681.pkl.
[2025-09-21 17:07:03,789][src.utils.inference_utils][INFO] - Global Rank: 0 wrote 64 rows to /data/mhwang/Rec/GRID/logs/inference/runs/2025-09-21/17-06-36/pickle/predictions_0_20250921T090703786.pkl.
[2025-09-21 17:07:03,813][src.utils.inference_utils][INFO] - Global Rank: 1 wrote 64 rows to /data/mhwang/Rec/GRID/logs/inference/runs/2025-09-21/17-06-36/pickle/predictions_1_20250921T090703811.pkl.
[2025-09-21 17:07:03,920][src.utils.inference_utils][INFO] - Global Rank: 0 wrote 64 rows to /data/mhwang/Rec/GRID/logs/inference/runs/2025-09-21/17-06-36/pickle/predictions_0_20250921T090703917.pkl.
[2025-09-21 17:07:03,965][src.utils.inference_utils][INFO] - Global Rank: 1 wrote 64 rows to /data/mhwang/Rec/GRID/logs/inference/runs/2025-09-21/17-06-36/pickle/predictions_1_20250921T090703961.pkl.
[2025-09-21 17:07:04,096][src.utils.inference_utils][INFO] - Global Rank: 0 wrote 64 rows to /data/mhwang/Rec/GRID/logs/inference/runs/2025-09-21/17-06-36/pickle/predictions_0_20250921T090704094.pkl.
[2025-09-21 17:07:04,133][src.utils.inference_utils][INFO] - Global Rank: 1 wrote 64 rows to /data/mhwang/Rec/GRID/logs/inference/runs/2025-09-21/17-06-36/pickle/predictions_1_20250921T090704129.pkl.
[2025-09-21 17:07:04,287][src.utils.inference_utils][INFO] - Global Rank: 0 wrote 64 rows to /data/mhwang/Rec/GRID/logs/inference/runs/2025-09-21/17-06-36/pickle/predictions_0_20250921T090704281.pkl.
[2025-09-21 17:07:04,297][src.utils.inference_utils][INFO] - Global Rank: 1 wrote 64 rows to /data/mhwang/Rec/GRID/logs/inference/runs/2025-09-21/17-06-36/pickle/predictions_1_20250921T090704294.pkl.
[2025-09-21 17:07:04,448][src.utils.inference_utils][INFO] - Global Rank: 0 wrote 64 rows to /data/mhwang/Rec/GRID/logs/inference/runs/2025-09-21/17-06-36/pickle/predictions_0_20250921T090704445.pkl.
[2025-09-21 17:07:04,472][src.utils.inference_utils][INFO] - Global Rank: 1 wrote 64 rows to /data/mhwang/Rec/GRID/logs/inference/runs/2025-09-21/17-06-36/pickle/predictions_1_20250921T090704469.pkl.
[2025-09-21 17:07:04,629][src.utils.inference_utils][INFO] - Global Rank: 0 wrote 64 rows to /data/mhwang/Rec/GRID/logs/inference/runs/2025-09-21/17-06-36/pickle/predictions_0_20250921T090704627.pkl.
[2025-09-21 17:07:04,649][src.utils.inference_utils][INFO] - Global Rank: 1 wrote 64 rows to /data/mhwang/Rec/GRID/logs/inference/runs/2025-09-21/17-06-36/pickle/predictions_1_20250921T090704646.pkl.
[2025-09-21 17:07:04,796][src.utils.inference_utils][INFO] - Global Rank: 0 wrote 64 rows to /data/mhwang/Rec/GRID/logs/inference/runs/2025-09-21/17-06-36/pickle/predictions_0_20250921T090704794.pkl.
[2025-09-21 17:07:04,800][src.utils.inference_utils][INFO] - Global Rank: 1 wrote 64 rows to /data/mhwang/Rec/GRID/logs/inference/runs/2025-09-21/17-06-36/pickle/predictions_1_20250921T090704797.pkl.
[2025-09-21 17:07:04,935][src.utils.inference_utils][INFO] - Global Rank: 0 wrote 64 rows to /data/mhwang/Rec/GRID/logs/inference/runs/2025-09-21/17-06-36/pickle/predictions_0_20250921T090704932.pkl.
[2025-09-21 17:07:04,971][src.utils.inference_utils][INFO] - Global Rank: 1 wrote 64 rows to /data/mhwang/Rec/GRID/logs/inference/runs/2025-09-21/17-06-36/pickle/predictions_1_20250921T090704968.pkl.
[2025-09-21 17:07:05,086][src.utils.inference_utils][INFO] - Global Rank: 0 wrote 64 rows to /data/mhwang/Rec/GRID/logs/inference/runs/2025-09-21/17-06-36/pickle/predictions_0_20250921T090705082.pkl.
[2025-09-21 17:07:05,111][src.utils.inference_utils][INFO] - Global Rank: 1 wrote 64 rows to /data/mhwang/Rec/GRID/logs/inference/runs/2025-09-21/17-06-36/pickle/predictions_1_20250921T090705108.pkl.
[2025-09-21 17:07:05,230][src.utils.inference_utils][INFO] - Global Rank: 0 wrote 64 rows to /data/mhwang/Rec/GRID/logs/inference/runs/2025-09-21/17-06-36/pickle/predictions_0_20250921T090705228.pkl.
[2025-09-21 17:07:05,272][src.utils.inference_utils][INFO] - Global Rank: 1 wrote 64 rows to /data/mhwang/Rec/GRID/logs/inference/runs/2025-09-21/17-06-36/pickle/predictions_1_20250921T090705269.pkl.
[2025-09-21 17:07:05,411][src.utils.inference_utils][INFO] - Global Rank: 0 wrote 64 rows to /data/mhwang/Rec/GRID/logs/inference/runs/2025-09-21/17-06-36/pickle/predictions_0_20250921T090705407.pkl.
[2025-09-21 17:07:05,430][src.utils.inference_utils][INFO] - Global Rank: 1 wrote 64 rows to /data/mhwang/Rec/GRID/logs/inference/runs/2025-09-21/17-06-36/pickle/predictions_1_20250921T090705427.pkl.
[2025-09-21 17:07:05,562][src.utils.inference_utils][INFO] - Global Rank: 0 wrote 64 rows to /data/mhwang/Rec/GRID/logs/inference/runs/2025-09-21/17-06-36/pickle/predictions_0_20250921T090705558.pkl.
[2025-09-21 17:07:05,592][src.utils.inference_utils][INFO] - Global Rank: 1 wrote 64 rows to /data/mhwang/Rec/GRID/logs/inference/runs/2025-09-21/17-06-36/pickle/predictions_1_20250921T090705588.pkl.
[2025-09-21 17:07:05,738][src.utils.inference_utils][INFO] - Global Rank: 0 wrote 64 rows to /data/mhwang/Rec/GRID/logs/inference/runs/2025-09-21/17-06-36/pickle/predictions_0_20250921T090705735.pkl.
[2025-09-21 17:07:05,767][src.utils.inference_utils][INFO] - Global Rank: 1 wrote 64 rows to /data/mhwang/Rec/GRID/logs/inference/runs/2025-09-21/17-06-36/pickle/predictions_1_20250921T090705765.pkl.
[2025-09-21 17:07:05,883][src.utils.inference_utils][INFO] - Global Rank: 0 wrote 64 rows to /data/mhwang/Rec/GRID/logs/inference/runs/2025-09-21/17-06-36/pickle/predictions_0_20250921T090705880.pkl.
[2025-09-21 17:07:05,940][src.utils.inference_utils][INFO] - Global Rank: 1 wrote 64 rows to /data/mhwang/Rec/GRID/logs/inference/runs/2025-09-21/17-06-36/pickle/predictions_1_20250921T090705937.pkl.
[2025-09-21 17:07:06,051][src.utils.inference_utils][INFO] - Global Rank: 0 wrote 64 rows to /data/mhwang/Rec/GRID/logs/inference/runs/2025-09-21/17-06-36/pickle/predictions_0_20250921T090706047.pkl.
[2025-09-21 17:07:06,125][src.utils.inference_utils][INFO] - Global Rank: 1 wrote 64 rows to /data/mhwang/Rec/GRID/logs/inference/runs/2025-09-21/17-06-36/pickle/predictions_1_20250921T090706123.pkl.
[2025-09-21 17:07:06,195][src.utils.inference_utils][INFO] - Global Rank: 0 wrote 64 rows to /data/mhwang/Rec/GRID/logs/inference/runs/2025-09-21/17-06-36/pickle/predictions_0_20250921T090706193.pkl.
[2025-09-21 17:07:06,296][src.utils.inference_utils][INFO] - Global Rank: 1 wrote 64 rows to /data/mhwang/Rec/GRID/logs/inference/runs/2025-09-21/17-06-36/pickle/predictions_1_20250921T090706294.pkl.
[2025-09-21 17:07:06,314][src.utils.inference_utils][INFO] - Global Rank: 0 wrote 64 rows to /data/mhwang/Rec/GRID/logs/inference/runs/2025-09-21/17-06-36/pickle/predictions_0_20250921T090706311.pkl.
[2025-09-21 17:07:06,439][src.utils.inference_utils][INFO] - Global Rank: 0 wrote 64 rows to /data/mhwang/Rec/GRID/logs/inference/runs/2025-09-21/17-06-36/pickle/predictions_0_20250921T090706437.pkl.
[2025-09-21 17:07:06,462][src.utils.inference_utils][INFO] - Global Rank: 1 wrote 64 rows to /data/mhwang/Rec/GRID/logs/inference/runs/2025-09-21/17-06-36/pickle/predictions_1_20250921T090706458.pkl.
[2025-09-21 17:07:06,590][src.utils.inference_utils][INFO] - Global Rank: 0 wrote 64 rows to /data/mhwang/Rec/GRID/logs/inference/runs/2025-09-21/17-06-36/pickle/predictions_0_20250921T090706585.pkl.
[2025-09-21 17:07:06,651][src.utils.inference_utils][INFO] - Global Rank: 1 wrote 64 rows to /data/mhwang/Rec/GRID/logs/inference/runs/2025-09-21/17-06-36/pickle/predictions_1_20250921T090706649.pkl.
[2025-09-21 17:07:06,732][src.utils.inference_utils][INFO] - Global Rank: 0 wrote 64 rows to /data/mhwang/Rec/GRID/logs/inference/runs/2025-09-21/17-06-36/pickle/predictions_0_20250921T090706729.pkl.
[2025-09-21 17:07:06,857][src.utils.inference_utils][INFO] - Global Rank: 1 wrote 64 rows to /data/mhwang/Rec/GRID/logs/inference/runs/2025-09-21/17-06-36/pickle/predictions_1_20250921T090706852.pkl.
[2025-09-21 17:07:06,909][src.utils.inference_utils][INFO] - Global Rank: 0 wrote 64 rows to /data/mhwang/Rec/GRID/logs/inference/runs/2025-09-21/17-06-36/pickle/predictions_0_20250921T090706907.pkl.
[2025-09-21 17:07:07,021][src.utils.inference_utils][INFO] - Global Rank: 1 wrote 64 rows to /data/mhwang/Rec/GRID/logs/inference/runs/2025-09-21/17-06-36/pickle/predictions_1_20250921T090707017.pkl.
[2025-09-21 17:07:07,061][src.utils.inference_utils][INFO] - Global Rank: 0 wrote 64 rows to /data/mhwang/Rec/GRID/logs/inference/runs/2025-09-21/17-06-36/pickle/predictions_0_20250921T090707058.pkl.
[2025-09-21 17:07:07,184][src.utils.inference_utils][INFO] - Global Rank: 0 wrote 64 rows to /data/mhwang/Rec/GRID/logs/inference/runs/2025-09-21/17-06-36/pickle/predictions_0_20250921T090707181.pkl.
[2025-09-21 17:07:07,210][src.utils.inference_utils][INFO] - Global Rank: 1 wrote 64 rows to /data/mhwang/Rec/GRID/logs/inference/runs/2025-09-21/17-06-36/pickle/predictions_1_20250921T090707207.pkl.
[2025-09-21 17:07:07,351][src.utils.inference_utils][INFO] - Global Rank: 0 wrote 64 rows to /data/mhwang/Rec/GRID/logs/inference/runs/2025-09-21/17-06-36/pickle/predictions_0_20250921T090707345.pkl.
[2025-09-21 17:07:07,362][src.utils.inference_utils][INFO] - Global Rank: 1 wrote 64 rows to /data/mhwang/Rec/GRID/logs/inference/runs/2025-09-21/17-06-36/pickle/predictions_1_20250921T090707359.pkl.
[2025-09-21 17:07:07,517][src.utils.inference_utils][INFO] - Global Rank: 1 wrote 64 rows to /data/mhwang/Rec/GRID/logs/inference/runs/2025-09-21/17-06-36/pickle/predictions_1_20250921T090707514.pkl.
[2025-09-21 17:07:07,525][src.utils.inference_utils][INFO] - Global Rank: 0 wrote 64 rows to /data/mhwang/Rec/GRID/logs/inference/runs/2025-09-21/17-06-36/pickle/predictions_0_20250921T090707523.pkl.
[2025-09-21 17:07:07,667][src.utils.inference_utils][INFO] - Global Rank: 0 wrote 64 rows to /data/mhwang/Rec/GRID/logs/inference/runs/2025-09-21/17-06-36/pickle/predictions_0_20250921T090707665.pkl.
[2025-09-21 17:07:07,700][src.utils.inference_utils][INFO] - Global Rank: 1 wrote 64 rows to /data/mhwang/Rec/GRID/logs/inference/runs/2025-09-21/17-06-36/pickle/predictions_1_20250921T090707698.pkl.
[2025-09-21 17:07:07,843][src.utils.inference_utils][INFO] - Global Rank: 0 wrote 64 rows to /data/mhwang/Rec/GRID/logs/inference/runs/2025-09-21/17-06-36/pickle/predictions_0_20250921T090707840.pkl.
[2025-09-21 17:07:07,855][src.utils.inference_utils][INFO] - Global Rank: 1 wrote 64 rows to /data/mhwang/Rec/GRID/logs/inference/runs/2025-09-21/17-06-36/pickle/predictions_1_20250921T090707852.pkl.
[2025-09-21 17:07:08,030][src.utils.inference_utils][INFO] - Global Rank: 1 wrote 64 rows to /data/mhwang/Rec/GRID/logs/inference/runs/2025-09-21/17-06-36/pickle/predictions_1_20250921T090708028.pkl.
[2025-09-21 17:07:08,032][src.utils.inference_utils][INFO] - Global Rank: 0 wrote 64 rows to /data/mhwang/Rec/GRID/logs/inference/runs/2025-09-21/17-06-36/pickle/predictions_0_20250921T090708028.pkl.
[2025-09-21 17:07:08,216][src.utils.inference_utils][INFO] - Global Rank: 0 wrote 64 rows to /data/mhwang/Rec/GRID/logs/inference/runs/2025-09-21/17-06-36/pickle/predictions_0_20250921T090708212.pkl.
[2025-09-21 17:07:08,226][src.utils.inference_utils][INFO] - Global Rank: 1 wrote 64 rows to /data/mhwang/Rec/GRID/logs/inference/runs/2025-09-21/17-06-36/pickle/predictions_1_20250921T090708223.pkl.
[2025-09-21 17:07:08,382][src.utils.inference_utils][INFO] - Global Rank: 1 wrote 64 rows to /data/mhwang/Rec/GRID/logs/inference/runs/2025-09-21/17-06-36/pickle/predictions_1_20250921T090708381.pkl.
[2025-09-21 17:07:08,396][src.utils.inference_utils][INFO] - Global Rank: 0 wrote 64 rows to /data/mhwang/Rec/GRID/logs/inference/runs/2025-09-21/17-06-36/pickle/predictions_0_20250921T090708392.pkl.
[2025-09-21 17:07:08,535][src.utils.inference_utils][INFO] - Global Rank: 1 wrote 64 rows to /data/mhwang/Rec/GRID/logs/inference/runs/2025-09-21/17-06-36/pickle/predictions_1_20250921T090708532.pkl.
[2025-09-21 17:07:08,543][src.utils.inference_utils][INFO] - Global Rank: 0 wrote 64 rows to /data/mhwang/Rec/GRID/logs/inference/runs/2025-09-21/17-06-36/pickle/predictions_0_20250921T090708540.pkl.
[2025-09-21 17:07:08,696][src.utils.inference_utils][INFO] - Global Rank: 1 wrote 64 rows to /data/mhwang/Rec/GRID/logs/inference/runs/2025-09-21/17-06-36/pickle/predictions_1_20250921T090708692.pkl.
[2025-09-21 17:07:08,718][src.utils.inference_utils][INFO] - Global Rank: 0 wrote 64 rows to /data/mhwang/Rec/GRID/logs/inference/runs/2025-09-21/17-06-36/pickle/predictions_0_20250921T090708714.pkl.
[2025-09-21 17:07:08,860][src.utils.inference_utils][INFO] - Global Rank: 1 wrote 64 rows to /data/mhwang/Rec/GRID/logs/inference/runs/2025-09-21/17-06-36/pickle/predictions_1_20250921T090708858.pkl.
[2025-09-21 17:07:08,874][src.utils.inference_utils][INFO] - Global Rank: 0 wrote 64 rows to /data/mhwang/Rec/GRID/logs/inference/runs/2025-09-21/17-06-36/pickle/predictions_0_20250921T090708872.pkl.
[2025-09-21 17:07:09,023][src.utils.inference_utils][INFO] - Global Rank: 0 wrote 64 rows to /data/mhwang/Rec/GRID/logs/inference/runs/2025-09-21/17-06-36/pickle/predictions_0_20250921T090709021.pkl.
[2025-09-21 17:07:09,045][src.utils.inference_utils][INFO] - Global Rank: 1 wrote 64 rows to /data/mhwang/Rec/GRID/logs/inference/runs/2025-09-21/17-06-36/pickle/predictions_1_20250921T090709043.pkl.
[2025-09-21 17:07:09,155][src.utils.inference_utils][INFO] - Global Rank: 0 wrote 64 rows to /data/mhwang/Rec/GRID/logs/inference/runs/2025-09-21/17-06-36/pickle/predictions_0_20250921T090709152.pkl.
[2025-09-21 17:07:09,221][src.utils.inference_utils][INFO] - Global Rank: 1 wrote 64 rows to /data/mhwang/Rec/GRID/logs/inference/runs/2025-09-21/17-06-36/pickle/predictions_1_20250921T090709217.pkl.
[2025-09-21 17:07:09,302][src.utils.inference_utils][INFO] - Global Rank: 0 wrote 64 rows to /data/mhwang/Rec/GRID/logs/inference/runs/2025-09-21/17-06-36/pickle/predictions_0_20250921T090709299.pkl.
[2025-09-21 17:07:09,379][src.utils.inference_utils][INFO] - Global Rank: 1 wrote 64 rows to /data/mhwang/Rec/GRID/logs/inference/runs/2025-09-21/17-06-36/pickle/predictions_1_20250921T090709376.pkl.
[2025-09-21 17:07:09,482][src.utils.inference_utils][INFO] - Global Rank: 0 wrote 64 rows to /data/mhwang/Rec/GRID/logs/inference/runs/2025-09-21/17-06-36/pickle/predictions_0_20250921T090709480.pkl.
[2025-09-21 17:07:09,544][src.utils.inference_utils][INFO] - Global Rank: 1 wrote 64 rows to /data/mhwang/Rec/GRID/logs/inference/runs/2025-09-21/17-06-36/pickle/predictions_1_20250921T090709541.pkl.
[2025-09-21 17:07:09,672][src.utils.inference_utils][INFO] - Global Rank: 0 wrote 64 rows to /data/mhwang/Rec/GRID/logs/inference/runs/2025-09-21/17-06-36/pickle/predictions_0_20250921T090709670.pkl.
[2025-09-21 17:07:09,703][src.utils.inference_utils][INFO] - Global Rank: 1 wrote 64 rows to /data/mhwang/Rec/GRID/logs/inference/runs/2025-09-21/17-06-36/pickle/predictions_1_20250921T090709700.pkl.
[2025-09-21 17:07:09,829][src.utils.inference_utils][INFO] - Global Rank: 0 wrote 64 rows to /data/mhwang/Rec/GRID/logs/inference/runs/2025-09-21/17-06-36/pickle/predictions_0_20250921T090709827.pkl.
[2025-09-21 17:07:09,842][src.utils.inference_utils][INFO] - Global Rank: 1 wrote 64 rows to /data/mhwang/Rec/GRID/logs/inference/runs/2025-09-21/17-06-36/pickle/predictions_1_20250921T090709839.pkl.
[2025-09-21 17:07:09,992][src.utils.inference_utils][INFO] - Global Rank: 1 wrote 64 rows to /data/mhwang/Rec/GRID/logs/inference/runs/2025-09-21/17-06-36/pickle/predictions_1_20250921T090709989.pkl.
[2025-09-21 17:07:09,999][src.utils.inference_utils][INFO] - Global Rank: 0 wrote 64 rows to /data/mhwang/Rec/GRID/logs/inference/runs/2025-09-21/17-06-36/pickle/predictions_0_20250921T090709996.pkl.
[2025-09-21 17:07:10,147][src.utils.inference_utils][INFO] - Global Rank: 0 wrote 64 rows to /data/mhwang/Rec/GRID/logs/inference/runs/2025-09-21/17-06-36/pickle/predictions_0_20250921T090710144.pkl.
[2025-09-21 17:07:10,193][src.utils.inference_utils][INFO] - Global Rank: 1 wrote 64 rows to /data/mhwang/Rec/GRID/logs/inference/runs/2025-09-21/17-06-36/pickle/predictions_1_20250921T090710190.pkl.
[2025-09-21 17:07:10,290][src.utils.inference_utils][INFO] - Global Rank: 0 wrote 64 rows to /data/mhwang/Rec/GRID/logs/inference/runs/2025-09-21/17-06-36/pickle/predictions_0_20250921T090710287.pkl.
[2025-09-21 17:07:10,359][src.utils.inference_utils][INFO] - Global Rank: 1 wrote 64 rows to /data/mhwang/Rec/GRID/logs/inference/runs/2025-09-21/17-06-36/pickle/predictions_1_20250921T090710356.pkl.
[2025-09-21 17:07:10,424][src.utils.inference_utils][INFO] - Global Rank: 0 wrote 64 rows to /data/mhwang/Rec/GRID/logs/inference/runs/2025-09-21/17-06-36/pickle/predictions_0_20250921T090710420.pkl.
[2025-09-21 17:07:10,553][src.utils.inference_utils][INFO] - Global Rank: 1 wrote 64 rows to /data/mhwang/Rec/GRID/logs/inference/runs/2025-09-21/17-06-36/pickle/predictions_1_20250921T090710549.pkl.
[2025-09-21 17:07:10,566][src.utils.inference_utils][INFO] - Global Rank: 0 wrote 64 rows to /data/mhwang/Rec/GRID/logs/inference/runs/2025-09-21/17-06-36/pickle/predictions_0_20250921T090710564.pkl.
[2025-09-21 17:07:10,709][src.utils.inference_utils][INFO] - Global Rank: 0 wrote 64 rows to /data/mhwang/Rec/GRID/logs/inference/runs/2025-09-21/17-06-36/pickle/predictions_0_20250921T090710706.pkl.
[2025-09-21 17:07:10,746][src.utils.inference_utils][INFO] - Global Rank: 1 wrote 64 rows to /data/mhwang/Rec/GRID/logs/inference/runs/2025-09-21/17-06-36/pickle/predictions_1_20250921T090710743.pkl.
[2025-09-21 17:07:10,832][src.utils.inference_utils][INFO] - Global Rank: 0 wrote 64 rows to /data/mhwang/Rec/GRID/logs/inference/runs/2025-09-21/17-06-36/pickle/predictions_0_20250921T090710829.pkl.
[2025-09-21 17:07:10,916][src.utils.inference_utils][INFO] - Global Rank: 1 wrote 64 rows to /data/mhwang/Rec/GRID/logs/inference/runs/2025-09-21/17-06-36/pickle/predictions_1_20250921T090710914.pkl.
[2025-09-21 17:07:10,968][src.utils.inference_utils][INFO] - Global Rank: 0 wrote 64 rows to /data/mhwang/Rec/GRID/logs/inference/runs/2025-09-21/17-06-36/pickle/predictions_0_20250921T090710966.pkl.
[2025-09-21 17:07:11,068][src.utils.inference_utils][INFO] - Global Rank: 1 wrote 64 rows to /data/mhwang/Rec/GRID/logs/inference/runs/2025-09-21/17-06-36/pickle/predictions_1_20250921T090711065.pkl.
[2025-09-21 17:07:11,128][src.utils.inference_utils][INFO] - Global Rank: 0 wrote 64 rows to /data/mhwang/Rec/GRID/logs/inference/runs/2025-09-21/17-06-36/pickle/predictions_0_20250921T090711126.pkl.
[2025-09-21 17:07:11,251][src.utils.inference_utils][INFO] - Global Rank: 1 wrote 64 rows to /data/mhwang/Rec/GRID/logs/inference/runs/2025-09-21/17-06-36/pickle/predictions_1_20250921T090711248.pkl.
[2025-09-21 17:07:11,280][src.utils.inference_utils][INFO] - Global Rank: 0 wrote 64 rows to /data/mhwang/Rec/GRID/logs/inference/runs/2025-09-21/17-06-36/pickle/predictions_0_20250921T090711277.pkl.
[2025-09-21 17:07:11,408][src.utils.inference_utils][INFO] - Global Rank: 0 wrote 64 rows to /data/mhwang/Rec/GRID/logs/inference/runs/2025-09-21/17-06-36/pickle/predictions_0_20250921T090711406.pkl.
[2025-09-21 17:07:11,505][src.utils.inference_utils][INFO] - Global Rank: 1 wrote 64 rows to /data/mhwang/Rec/GRID/logs/inference/runs/2025-09-21/17-06-36/pickle/predictions_1_20250921T090711501.pkl.
[2025-09-21 17:07:11,547][src.utils.inference_utils][INFO] - Global Rank: 0 wrote 64 rows to /data/mhwang/Rec/GRID/logs/inference/runs/2025-09-21/17-06-36/pickle/predictions_0_20250921T090711543.pkl.
[2025-09-21 17:07:11,678][src.utils.inference_utils][INFO] - Global Rank: 0 wrote 64 rows to /data/mhwang/Rec/GRID/logs/inference/runs/2025-09-21/17-06-36/pickle/predictions_0_20250921T090711675.pkl.
[2025-09-21 17:07:11,720][src.utils.inference_utils][INFO] - Global Rank: 1 wrote 64 rows to /data/mhwang/Rec/GRID/logs/inference/runs/2025-09-21/17-06-36/pickle/predictions_1_20250921T090711717.pkl.
[2025-09-21 17:07:11,831][src.utils.inference_utils][INFO] - Global Rank: 0 wrote 64 rows to /data/mhwang/Rec/GRID/logs/inference/runs/2025-09-21/17-06-36/pickle/predictions_0_20250921T090711828.pkl.
[2025-09-21 17:07:11,941][src.utils.inference_utils][INFO] - Global Rank: 1 wrote 64 rows to /data/mhwang/Rec/GRID/logs/inference/runs/2025-09-21/17-06-36/pickle/predictions_1_20250921T090711938.pkl.
[2025-09-21 17:07:11,985][src.utils.inference_utils][INFO] - Global Rank: 0 wrote 64 rows to /data/mhwang/Rec/GRID/logs/inference/runs/2025-09-21/17-06-36/pickle/predictions_0_20250921T090711982.pkl.
[2025-09-21 17:07:12,136][src.utils.inference_utils][INFO] - Global Rank: 0 wrote 64 rows to /data/mhwang/Rec/GRID/logs/inference/runs/2025-09-21/17-06-36/pickle/predictions_0_20250921T090712133.pkl.
[2025-09-21 17:07:12,206][src.utils.inference_utils][INFO] - Global Rank: 1 wrote 64 rows to /data/mhwang/Rec/GRID/logs/inference/runs/2025-09-21/17-06-36/pickle/predictions_1_20250921T090712203.pkl.
[2025-09-21 17:07:12,269][src.utils.inference_utils][INFO] - Global Rank: 0 wrote 64 rows to /data/mhwang/Rec/GRID/logs/inference/runs/2025-09-21/17-06-36/pickle/predictions_0_20250921T090712266.pkl.
[2025-09-21 17:07:12,270][src.utils.inference_utils][INFO] - Buffer is empty, nothing to flush.
[2025-09-21 17:07:12,271][src.utils.inference_utils][INFO] - Rank 0 finished writing predictions.
[2025-09-21 17:07:12,423][src.utils.inference_utils][INFO] - Global Rank: 1 wrote 64 rows to /data/mhwang/Rec/GRID/logs/inference/runs/2025-09-21/17-06-36/pickle/predictions_1_20250921T090712420.pkl.
[2025-09-21 17:07:12,664][src.utils.inference_utils][INFO] - Global Rank: 1 wrote 64 rows to /data/mhwang/Rec/GRID/logs/inference/runs/2025-09-21/17-06-36/pickle/predictions_1_20250921T090712662.pkl.
[2025-09-21 17:07:12,695][src.utils.inference_utils][INFO] - Global Rank: 1 wrote 20 rows to /data/mhwang/Rec/GRID/logs/inference/runs/2025-09-21/17-06-36/pickle/predictions_1_20250921T090712694.pkl.
[2025-09-21 17:07:12,695][src.utils.inference_utils][INFO] - Rank 1 finished writing predictions.
[2025-09-21 17:07:12,698][src.utils.inference_utils][INFO] - Merging pickle files on main process.
[2025-09-21 17:07:13,777][src.utils.inference_utils][INFO] - Merged 11924 rows into merged_predictions.pkl.
[2025-09-21 17:07:15,288][src.utils.inference_utils][INFO] - Merged 11924 rows into merged_predictions_tensor.pt. as pytorch tensor
