[2025-09-17 19:44:50,398][src.utils.utils][INFO] - [rank: 0] Enforcing tags! <cfg.extras.enforce_tags=True>
[2025-09-17 19:44:50,405][src.utils.utils][WARNING] - [rank: 0] Config loss was not found in the config tree. Make sure this is expected.
[2025-09-17 19:44:50,405][src.utils.utils][WARNING] - [rank: 0] Config optim was not found in the config tree. Make sure this is expected.
[2025-09-17 19:44:50,406][src.utils.utils][WARNING] - [rank: 0] Config eval was not found in the config tree. Make sure this is expected.
[2025-09-17 19:44:53,406][src.utils.utils][INFO] - [rank: 0] Printing config tree with Rich! <cfg.extras.print_config=True>
[2025-09-17 19:44:53,410][src.utils.launcher_utils][INFO] - [rank: 0] Instantiating datamodule <src.data.loading.datamodules.sequence_datamodule.ItemDataModule>
[2025-09-17 19:44:53,641][src.utils.launcher_utils][INFO] - [rank: 0] Instantiating model <src.modules.semantic_embedding_inference_module.SemanticEmbeddingInferenceModule>
[2025-09-17 19:44:53,910][src.utils.launcher_utils][INFO] - [rank: 0] Instantiating callbacks...
[2025-09-17 19:44:53,910][src.utils.instantiators][INFO] - [rank: 0] Instantiating callback <src.utils.inference_utils.LocalPickleWriter>
[2025-09-17 19:44:54,038][src.utils.launcher_utils][INFO] - [rank: 0] Instantiating loggers...
[2025-09-17 19:44:54,038][src.utils.instantiators][INFO] - [rank: 0] Instantiating logger <lightning.pytorch.loggers.csv_logs.CSVLogger>
[2025-09-17 19:44:54,040][src.utils.launcher_utils][INFO] - [rank: 0] Instantiating trainer <lightning.pytorch.trainer.Trainer>
[2025-09-17 19:44:54,150][src.utils.launcher_utils][INFO] - [rank: 0] Logging hyperparameters!
[2025-09-17 19:44:54,269][__main__][INFO] - [rank: 0] Starting inference!
[2025-09-17 19:44:54,269][__main__][WARNING] - [rank: 0] No ckpt_path was provided. If using a model you trained, this is mandatory. Only leave ckpt_path=None if using a pre-trained model.
[2025-09-17 19:45:08,045][src.utils.inference_utils][INFO] - Rank 0 initialized for inference.
[2025-09-17 19:45:08,046][src.utils.inference_utils][INFO] - Rank 1 initialized for inference.
[2025-09-17 19:45:09,063][src.utils.inference_utils][INFO] - Global Rank: 1 wrote 64 rows to /data/mhwang/Rec/GRID/logs/inference/runs/2025-09-17/19-44-50/pickle/predictions_1_20250917T114509060.pkl.
[2025-09-17 19:45:09,092][src.utils.inference_utils][INFO] - Global Rank: 0 wrote 64 rows to /data/mhwang/Rec/GRID/logs/inference/runs/2025-09-17/19-44-50/pickle/predictions_0_20250917T114509089.pkl.
[2025-09-17 19:45:09,219][src.utils.inference_utils][INFO] - Global Rank: 1 wrote 64 rows to /data/mhwang/Rec/GRID/logs/inference/runs/2025-09-17/19-44-50/pickle/predictions_1_20250917T114509215.pkl.
[2025-09-17 19:45:09,247][src.utils.inference_utils][INFO] - Global Rank: 0 wrote 64 rows to /data/mhwang/Rec/GRID/logs/inference/runs/2025-09-17/19-44-50/pickle/predictions_0_20250917T114509243.pkl.
[2025-09-17 19:45:09,356][src.utils.inference_utils][INFO] - Global Rank: 1 wrote 64 rows to /data/mhwang/Rec/GRID/logs/inference/runs/2025-09-17/19-44-50/pickle/predictions_1_20250917T114509353.pkl.
[2025-09-17 19:45:09,399][src.utils.inference_utils][INFO] - Global Rank: 0 wrote 64 rows to /data/mhwang/Rec/GRID/logs/inference/runs/2025-09-17/19-44-50/pickle/predictions_0_20250917T114509396.pkl.
[2025-09-17 19:45:09,524][src.utils.inference_utils][INFO] - Global Rank: 1 wrote 64 rows to /data/mhwang/Rec/GRID/logs/inference/runs/2025-09-17/19-44-50/pickle/predictions_1_20250917T114509520.pkl.
[2025-09-17 19:45:09,559][src.utils.inference_utils][INFO] - Global Rank: 0 wrote 64 rows to /data/mhwang/Rec/GRID/logs/inference/runs/2025-09-17/19-44-50/pickle/predictions_0_20250917T114509556.pkl.
[2025-09-17 19:45:09,653][src.utils.inference_utils][INFO] - Global Rank: 1 wrote 64 rows to /data/mhwang/Rec/GRID/logs/inference/runs/2025-09-17/19-44-50/pickle/predictions_1_20250917T114509651.pkl.
[2025-09-17 19:45:09,711][src.utils.inference_utils][INFO] - Global Rank: 0 wrote 64 rows to /data/mhwang/Rec/GRID/logs/inference/runs/2025-09-17/19-44-50/pickle/predictions_0_20250917T114509708.pkl.
[2025-09-17 19:45:09,798][src.utils.inference_utils][INFO] - Global Rank: 1 wrote 64 rows to /data/mhwang/Rec/GRID/logs/inference/runs/2025-09-17/19-44-50/pickle/predictions_1_20250917T114509796.pkl.
[2025-09-17 19:45:09,850][src.utils.inference_utils][INFO] - Global Rank: 0 wrote 64 rows to /data/mhwang/Rec/GRID/logs/inference/runs/2025-09-17/19-44-50/pickle/predictions_0_20250917T114509847.pkl.
[2025-09-17 19:45:09,938][src.utils.inference_utils][INFO] - Global Rank: 1 wrote 64 rows to /data/mhwang/Rec/GRID/logs/inference/runs/2025-09-17/19-44-50/pickle/predictions_1_20250917T114509936.pkl.
[2025-09-17 19:45:10,011][src.utils.inference_utils][INFO] - Global Rank: 0 wrote 64 rows to /data/mhwang/Rec/GRID/logs/inference/runs/2025-09-17/19-44-50/pickle/predictions_0_20250917T114510009.pkl.
[2025-09-17 19:45:10,071][src.utils.inference_utils][INFO] - Global Rank: 1 wrote 64 rows to /data/mhwang/Rec/GRID/logs/inference/runs/2025-09-17/19-44-50/pickle/predictions_1_20250917T114510069.pkl.
[2025-09-17 19:45:10,167][src.utils.inference_utils][INFO] - Global Rank: 0 wrote 64 rows to /data/mhwang/Rec/GRID/logs/inference/runs/2025-09-17/19-44-50/pickle/predictions_0_20250917T114510165.pkl.
[2025-09-17 19:45:10,232][src.utils.inference_utils][INFO] - Global Rank: 1 wrote 64 rows to /data/mhwang/Rec/GRID/logs/inference/runs/2025-09-17/19-44-50/pickle/predictions_1_20250917T114510230.pkl.
[2025-09-17 19:45:10,297][src.utils.inference_utils][INFO] - Global Rank: 0 wrote 64 rows to /data/mhwang/Rec/GRID/logs/inference/runs/2025-09-17/19-44-50/pickle/predictions_0_20250917T114510294.pkl.
[2025-09-17 19:45:10,385][src.utils.inference_utils][INFO] - Global Rank: 1 wrote 64 rows to /data/mhwang/Rec/GRID/logs/inference/runs/2025-09-17/19-44-50/pickle/predictions_1_20250917T114510382.pkl.
[2025-09-17 19:45:10,460][src.utils.inference_utils][INFO] - Global Rank: 0 wrote 64 rows to /data/mhwang/Rec/GRID/logs/inference/runs/2025-09-17/19-44-50/pickle/predictions_0_20250917T114510456.pkl.
[2025-09-17 19:45:10,534][src.utils.inference_utils][INFO] - Global Rank: 1 wrote 64 rows to /data/mhwang/Rec/GRID/logs/inference/runs/2025-09-17/19-44-50/pickle/predictions_1_20250917T114510532.pkl.
[2025-09-17 19:45:10,615][src.utils.inference_utils][INFO] - Global Rank: 0 wrote 64 rows to /data/mhwang/Rec/GRID/logs/inference/runs/2025-09-17/19-44-50/pickle/predictions_0_20250917T114510613.pkl.
[2025-09-17 19:45:10,660][src.utils.inference_utils][INFO] - Global Rank: 1 wrote 64 rows to /data/mhwang/Rec/GRID/logs/inference/runs/2025-09-17/19-44-50/pickle/predictions_1_20250917T114510657.pkl.
[2025-09-17 19:45:10,766][src.utils.inference_utils][INFO] - Global Rank: 0 wrote 64 rows to /data/mhwang/Rec/GRID/logs/inference/runs/2025-09-17/19-44-50/pickle/predictions_0_20250917T114510763.pkl.
[2025-09-17 19:45:10,784][src.utils.inference_utils][INFO] - Global Rank: 1 wrote 64 rows to /data/mhwang/Rec/GRID/logs/inference/runs/2025-09-17/19-44-50/pickle/predictions_1_20250917T114510782.pkl.
[2025-09-17 19:45:10,910][src.utils.inference_utils][INFO] - Global Rank: 1 wrote 64 rows to /data/mhwang/Rec/GRID/logs/inference/runs/2025-09-17/19-44-50/pickle/predictions_1_20250917T114510907.pkl.
[2025-09-17 19:45:10,971][src.utils.inference_utils][INFO] - Global Rank: 0 wrote 64 rows to /data/mhwang/Rec/GRID/logs/inference/runs/2025-09-17/19-44-50/pickle/predictions_0_20250917T114510968.pkl.
[2025-09-17 19:45:11,027][src.utils.inference_utils][INFO] - Global Rank: 1 wrote 64 rows to /data/mhwang/Rec/GRID/logs/inference/runs/2025-09-17/19-44-50/pickle/predictions_1_20250917T114511024.pkl.
[2025-09-17 19:45:11,140][src.utils.inference_utils][INFO] - Global Rank: 0 wrote 64 rows to /data/mhwang/Rec/GRID/logs/inference/runs/2025-09-17/19-44-50/pickle/predictions_0_20250917T114511136.pkl.
[2025-09-17 19:45:11,164][src.utils.inference_utils][INFO] - Global Rank: 1 wrote 64 rows to /data/mhwang/Rec/GRID/logs/inference/runs/2025-09-17/19-44-50/pickle/predictions_1_20250917T114511161.pkl.
[2025-09-17 19:45:11,305][src.utils.inference_utils][INFO] - Global Rank: 0 wrote 64 rows to /data/mhwang/Rec/GRID/logs/inference/runs/2025-09-17/19-44-50/pickle/predictions_0_20250917T114511301.pkl.
[2025-09-17 19:45:11,320][src.utils.inference_utils][INFO] - Global Rank: 1 wrote 64 rows to /data/mhwang/Rec/GRID/logs/inference/runs/2025-09-17/19-44-50/pickle/predictions_1_20250917T114511317.pkl.
[2025-09-17 19:45:11,441][src.utils.inference_utils][INFO] - Global Rank: 0 wrote 64 rows to /data/mhwang/Rec/GRID/logs/inference/runs/2025-09-17/19-44-50/pickle/predictions_0_20250917T114511438.pkl.
[2025-09-17 19:45:11,508][src.utils.inference_utils][INFO] - Global Rank: 1 wrote 64 rows to /data/mhwang/Rec/GRID/logs/inference/runs/2025-09-17/19-44-50/pickle/predictions_1_20250917T114511505.pkl.
[2025-09-17 19:45:11,591][src.utils.inference_utils][INFO] - Global Rank: 0 wrote 64 rows to /data/mhwang/Rec/GRID/logs/inference/runs/2025-09-17/19-44-50/pickle/predictions_0_20250917T114511589.pkl.
[2025-09-17 19:45:11,646][src.utils.inference_utils][INFO] - Global Rank: 1 wrote 64 rows to /data/mhwang/Rec/GRID/logs/inference/runs/2025-09-17/19-44-50/pickle/predictions_1_20250917T114511644.pkl.
[2025-09-17 19:45:11,737][src.utils.inference_utils][INFO] - Global Rank: 0 wrote 64 rows to /data/mhwang/Rec/GRID/logs/inference/runs/2025-09-17/19-44-50/pickle/predictions_0_20250917T114511735.pkl.
[2025-09-17 19:45:11,777][src.utils.inference_utils][INFO] - Global Rank: 1 wrote 64 rows to /data/mhwang/Rec/GRID/logs/inference/runs/2025-09-17/19-44-50/pickle/predictions_1_20250917T114511775.pkl.
[2025-09-17 19:45:11,895][src.utils.inference_utils][INFO] - Global Rank: 0 wrote 64 rows to /data/mhwang/Rec/GRID/logs/inference/runs/2025-09-17/19-44-50/pickle/predictions_0_20250917T114511892.pkl.
[2025-09-17 19:45:11,917][src.utils.inference_utils][INFO] - Global Rank: 1 wrote 64 rows to /data/mhwang/Rec/GRID/logs/inference/runs/2025-09-17/19-44-50/pickle/predictions_1_20250917T114511914.pkl.
[2025-09-17 19:45:12,040][src.utils.inference_utils][INFO] - Global Rank: 0 wrote 64 rows to /data/mhwang/Rec/GRID/logs/inference/runs/2025-09-17/19-44-50/pickle/predictions_0_20250917T114512037.pkl.
[2025-09-17 19:45:12,049][src.utils.inference_utils][INFO] - Global Rank: 1 wrote 64 rows to /data/mhwang/Rec/GRID/logs/inference/runs/2025-09-17/19-44-50/pickle/predictions_1_20250917T114512046.pkl.
[2025-09-17 19:45:12,193][src.utils.inference_utils][INFO] - Global Rank: 0 wrote 64 rows to /data/mhwang/Rec/GRID/logs/inference/runs/2025-09-17/19-44-50/pickle/predictions_0_20250917T114512191.pkl.
[2025-09-17 19:45:12,210][src.utils.inference_utils][INFO] - Global Rank: 1 wrote 64 rows to /data/mhwang/Rec/GRID/logs/inference/runs/2025-09-17/19-44-50/pickle/predictions_1_20250917T114512207.pkl.
[2025-09-17 19:45:12,337][src.utils.inference_utils][INFO] - Global Rank: 1 wrote 64 rows to /data/mhwang/Rec/GRID/logs/inference/runs/2025-09-17/19-44-50/pickle/predictions_1_20250917T114512335.pkl.
[2025-09-17 19:45:12,367][src.utils.inference_utils][INFO] - Global Rank: 0 wrote 64 rows to /data/mhwang/Rec/GRID/logs/inference/runs/2025-09-17/19-44-50/pickle/predictions_0_20250917T114512364.pkl.
[2025-09-17 19:45:12,474][src.utils.inference_utils][INFO] - Global Rank: 1 wrote 64 rows to /data/mhwang/Rec/GRID/logs/inference/runs/2025-09-17/19-44-50/pickle/predictions_1_20250917T114512471.pkl.
[2025-09-17 19:45:12,511][src.utils.inference_utils][INFO] - Global Rank: 0 wrote 64 rows to /data/mhwang/Rec/GRID/logs/inference/runs/2025-09-17/19-44-50/pickle/predictions_0_20250917T114512509.pkl.
[2025-09-17 19:45:12,601][src.utils.inference_utils][INFO] - Global Rank: 1 wrote 64 rows to /data/mhwang/Rec/GRID/logs/inference/runs/2025-09-17/19-44-50/pickle/predictions_1_20250917T114512598.pkl.
[2025-09-17 19:45:12,674][src.utils.inference_utils][INFO] - Global Rank: 0 wrote 64 rows to /data/mhwang/Rec/GRID/logs/inference/runs/2025-09-17/19-44-50/pickle/predictions_0_20250917T114512671.pkl.
[2025-09-17 19:45:12,718][src.utils.inference_utils][INFO] - Global Rank: 1 wrote 64 rows to /data/mhwang/Rec/GRID/logs/inference/runs/2025-09-17/19-44-50/pickle/predictions_1_20250917T114512716.pkl.
[2025-09-17 19:45:12,828][src.utils.inference_utils][INFO] - Global Rank: 0 wrote 64 rows to /data/mhwang/Rec/GRID/logs/inference/runs/2025-09-17/19-44-50/pickle/predictions_0_20250917T114512826.pkl.
[2025-09-17 19:45:12,851][src.utils.inference_utils][INFO] - Global Rank: 1 wrote 64 rows to /data/mhwang/Rec/GRID/logs/inference/runs/2025-09-17/19-44-50/pickle/predictions_1_20250917T114512849.pkl.
[2025-09-17 19:45:12,984][src.utils.inference_utils][INFO] - Global Rank: 1 wrote 64 rows to /data/mhwang/Rec/GRID/logs/inference/runs/2025-09-17/19-44-50/pickle/predictions_1_20250917T114512982.pkl.
[2025-09-17 19:45:13,003][src.utils.inference_utils][INFO] - Global Rank: 0 wrote 64 rows to /data/mhwang/Rec/GRID/logs/inference/runs/2025-09-17/19-44-50/pickle/predictions_0_20250917T114513000.pkl.
[2025-09-17 19:45:13,109][src.utils.inference_utils][INFO] - Global Rank: 1 wrote 64 rows to /data/mhwang/Rec/GRID/logs/inference/runs/2025-09-17/19-44-50/pickle/predictions_1_20250917T114513107.pkl.
[2025-09-17 19:45:13,162][src.utils.inference_utils][INFO] - Global Rank: 0 wrote 64 rows to /data/mhwang/Rec/GRID/logs/inference/runs/2025-09-17/19-44-50/pickle/predictions_0_20250917T114513159.pkl.
[2025-09-17 19:45:13,234][src.utils.inference_utils][INFO] - Global Rank: 1 wrote 64 rows to /data/mhwang/Rec/GRID/logs/inference/runs/2025-09-17/19-44-50/pickle/predictions_1_20250917T114513232.pkl.
[2025-09-17 19:45:13,322][src.utils.inference_utils][INFO] - Global Rank: 0 wrote 64 rows to /data/mhwang/Rec/GRID/logs/inference/runs/2025-09-17/19-44-50/pickle/predictions_0_20250917T114513318.pkl.
[2025-09-17 19:45:13,373][src.utils.inference_utils][INFO] - Global Rank: 1 wrote 64 rows to /data/mhwang/Rec/GRID/logs/inference/runs/2025-09-17/19-44-50/pickle/predictions_1_20250917T114513371.pkl.
[2025-09-17 19:45:13,460][src.utils.inference_utils][INFO] - Global Rank: 0 wrote 64 rows to /data/mhwang/Rec/GRID/logs/inference/runs/2025-09-17/19-44-50/pickle/predictions_0_20250917T114513458.pkl.
[2025-09-17 19:45:13,506][src.utils.inference_utils][INFO] - Global Rank: 1 wrote 64 rows to /data/mhwang/Rec/GRID/logs/inference/runs/2025-09-17/19-44-50/pickle/predictions_1_20250917T114513503.pkl.
[2025-09-17 19:45:13,627][src.utils.inference_utils][INFO] - Global Rank: 0 wrote 64 rows to /data/mhwang/Rec/GRID/logs/inference/runs/2025-09-17/19-44-50/pickle/predictions_0_20250917T114513625.pkl.
[2025-09-17 19:45:13,630][src.utils.inference_utils][INFO] - Global Rank: 1 wrote 64 rows to /data/mhwang/Rec/GRID/logs/inference/runs/2025-09-17/19-44-50/pickle/predictions_1_20250917T114513626.pkl.
[2025-09-17 19:45:13,758][src.utils.inference_utils][INFO] - Global Rank: 1 wrote 64 rows to /data/mhwang/Rec/GRID/logs/inference/runs/2025-09-17/19-44-50/pickle/predictions_1_20250917T114513756.pkl.
[2025-09-17 19:45:13,776][src.utils.inference_utils][INFO] - Global Rank: 0 wrote 64 rows to /data/mhwang/Rec/GRID/logs/inference/runs/2025-09-17/19-44-50/pickle/predictions_0_20250917T114513773.pkl.
[2025-09-17 19:45:13,895][src.utils.inference_utils][INFO] - Global Rank: 1 wrote 64 rows to /data/mhwang/Rec/GRID/logs/inference/runs/2025-09-17/19-44-50/pickle/predictions_1_20250917T114513893.pkl.
[2025-09-17 19:45:13,915][src.utils.inference_utils][INFO] - Global Rank: 0 wrote 64 rows to /data/mhwang/Rec/GRID/logs/inference/runs/2025-09-17/19-44-50/pickle/predictions_0_20250917T114513913.pkl.
[2025-09-17 19:45:14,017][src.utils.inference_utils][INFO] - Global Rank: 1 wrote 64 rows to /data/mhwang/Rec/GRID/logs/inference/runs/2025-09-17/19-44-50/pickle/predictions_1_20250917T114514014.pkl.
[2025-09-17 19:45:14,049][src.utils.inference_utils][INFO] - Global Rank: 0 wrote 64 rows to /data/mhwang/Rec/GRID/logs/inference/runs/2025-09-17/19-44-50/pickle/predictions_0_20250917T114514045.pkl.
[2025-09-17 19:45:14,156][src.utils.inference_utils][INFO] - Global Rank: 1 wrote 64 rows to /data/mhwang/Rec/GRID/logs/inference/runs/2025-09-17/19-44-50/pickle/predictions_1_20250917T114514153.pkl.
[2025-09-17 19:45:14,203][src.utils.inference_utils][INFO] - Global Rank: 0 wrote 64 rows to /data/mhwang/Rec/GRID/logs/inference/runs/2025-09-17/19-44-50/pickle/predictions_0_20250917T114514200.pkl.
[2025-09-17 19:45:14,287][src.utils.inference_utils][INFO] - Global Rank: 1 wrote 64 rows to /data/mhwang/Rec/GRID/logs/inference/runs/2025-09-17/19-44-50/pickle/predictions_1_20250917T114514284.pkl.
[2025-09-17 19:45:14,347][src.utils.inference_utils][INFO] - Global Rank: 0 wrote 64 rows to /data/mhwang/Rec/GRID/logs/inference/runs/2025-09-17/19-44-50/pickle/predictions_0_20250917T114514344.pkl.
[2025-09-17 19:45:14,410][src.utils.inference_utils][INFO] - Global Rank: 1 wrote 64 rows to /data/mhwang/Rec/GRID/logs/inference/runs/2025-09-17/19-44-50/pickle/predictions_1_20250917T114514408.pkl.
[2025-09-17 19:45:14,460][src.utils.inference_utils][INFO] - Global Rank: 0 wrote 64 rows to /data/mhwang/Rec/GRID/logs/inference/runs/2025-09-17/19-44-50/pickle/predictions_0_20250917T114514459.pkl.
[2025-09-17 19:45:14,555][src.utils.inference_utils][INFO] - Global Rank: 1 wrote 64 rows to /data/mhwang/Rec/GRID/logs/inference/runs/2025-09-17/19-44-50/pickle/predictions_1_20250917T114514552.pkl.
[2025-09-17 19:45:14,569][src.utils.inference_utils][INFO] - Global Rank: 0 wrote 64 rows to /data/mhwang/Rec/GRID/logs/inference/runs/2025-09-17/19-44-50/pickle/predictions_0_20250917T114514566.pkl.
[2025-09-17 19:45:14,667][src.utils.inference_utils][INFO] - Global Rank: 1 wrote 64 rows to /data/mhwang/Rec/GRID/logs/inference/runs/2025-09-17/19-44-50/pickle/predictions_1_20250917T114514665.pkl.
[2025-09-17 19:45:14,670][src.utils.inference_utils][INFO] - Global Rank: 0 wrote 64 rows to /data/mhwang/Rec/GRID/logs/inference/runs/2025-09-17/19-44-50/pickle/predictions_0_20250917T114514668.pkl.
[2025-09-17 19:45:14,773][src.utils.inference_utils][INFO] - Global Rank: 0 wrote 64 rows to /data/mhwang/Rec/GRID/logs/inference/runs/2025-09-17/19-44-50/pickle/predictions_0_20250917T114514771.pkl.
[2025-09-17 19:45:14,780][src.utils.inference_utils][INFO] - Global Rank: 1 wrote 64 rows to /data/mhwang/Rec/GRID/logs/inference/runs/2025-09-17/19-44-50/pickle/predictions_1_20250917T114514777.pkl.
[2025-09-17 19:45:14,871][src.utils.inference_utils][INFO] - Global Rank: 0 wrote 64 rows to /data/mhwang/Rec/GRID/logs/inference/runs/2025-09-17/19-44-50/pickle/predictions_0_20250917T114514869.pkl.
[2025-09-17 19:45:14,886][src.utils.inference_utils][INFO] - Global Rank: 1 wrote 64 rows to /data/mhwang/Rec/GRID/logs/inference/runs/2025-09-17/19-44-50/pickle/predictions_1_20250917T114514883.pkl.
[2025-09-17 19:45:14,986][src.utils.inference_utils][INFO] - Global Rank: 0 wrote 64 rows to /data/mhwang/Rec/GRID/logs/inference/runs/2025-09-17/19-44-50/pickle/predictions_0_20250917T114514984.pkl.
[2025-09-17 19:45:14,998][src.utils.inference_utils][INFO] - Global Rank: 1 wrote 64 rows to /data/mhwang/Rec/GRID/logs/inference/runs/2025-09-17/19-44-50/pickle/predictions_1_20250917T114514993.pkl.
[2025-09-17 19:45:15,108][src.utils.inference_utils][INFO] - Global Rank: 1 wrote 64 rows to /data/mhwang/Rec/GRID/logs/inference/runs/2025-09-17/19-44-50/pickle/predictions_1_20250917T114515106.pkl.
[2025-09-17 19:45:15,131][src.utils.inference_utils][INFO] - Global Rank: 0 wrote 64 rows to /data/mhwang/Rec/GRID/logs/inference/runs/2025-09-17/19-44-50/pickle/predictions_0_20250917T114515128.pkl.
[2025-09-17 19:45:15,217][src.utils.inference_utils][INFO] - Global Rank: 1 wrote 64 rows to /data/mhwang/Rec/GRID/logs/inference/runs/2025-09-17/19-44-50/pickle/predictions_1_20250917T114515215.pkl.
[2025-09-17 19:45:15,257][src.utils.inference_utils][INFO] - Global Rank: 0 wrote 64 rows to /data/mhwang/Rec/GRID/logs/inference/runs/2025-09-17/19-44-50/pickle/predictions_0_20250917T114515255.pkl.
[2025-09-17 19:45:15,359][src.utils.inference_utils][INFO] - Global Rank: 1 wrote 64 rows to /data/mhwang/Rec/GRID/logs/inference/runs/2025-09-17/19-44-50/pickle/predictions_1_20250917T114515356.pkl.
[2025-09-17 19:45:15,367][src.utils.inference_utils][INFO] - Global Rank: 0 wrote 64 rows to /data/mhwang/Rec/GRID/logs/inference/runs/2025-09-17/19-44-50/pickle/predictions_0_20250917T114515365.pkl.
[2025-09-17 19:45:15,470][src.utils.inference_utils][INFO] - Global Rank: 1 wrote 64 rows to /data/mhwang/Rec/GRID/logs/inference/runs/2025-09-17/19-44-50/pickle/predictions_1_20250917T114515468.pkl.
[2025-09-17 19:45:15,499][src.utils.inference_utils][INFO] - Global Rank: 0 wrote 64 rows to /data/mhwang/Rec/GRID/logs/inference/runs/2025-09-17/19-44-50/pickle/predictions_0_20250917T114515496.pkl.
[2025-09-17 19:45:15,588][src.utils.inference_utils][INFO] - Global Rank: 1 wrote 64 rows to /data/mhwang/Rec/GRID/logs/inference/runs/2025-09-17/19-44-50/pickle/predictions_1_20250917T114515585.pkl.
[2025-09-17 19:45:15,601][src.utils.inference_utils][INFO] - Global Rank: 0 wrote 64 rows to /data/mhwang/Rec/GRID/logs/inference/runs/2025-09-17/19-44-50/pickle/predictions_0_20250917T114515599.pkl.
[2025-09-17 19:45:15,711][src.utils.inference_utils][INFO] - Global Rank: 1 wrote 64 rows to /data/mhwang/Rec/GRID/logs/inference/runs/2025-09-17/19-44-50/pickle/predictions_1_20250917T114515709.pkl.
[2025-09-17 19:45:15,728][src.utils.inference_utils][INFO] - Global Rank: 0 wrote 64 rows to /data/mhwang/Rec/GRID/logs/inference/runs/2025-09-17/19-44-50/pickle/predictions_0_20250917T114515726.pkl.
[2025-09-17 19:45:15,842][src.utils.inference_utils][INFO] - Global Rank: 0 wrote 64 rows to /data/mhwang/Rec/GRID/logs/inference/runs/2025-09-17/19-44-50/pickle/predictions_0_20250917T114515840.pkl.
[2025-09-17 19:45:15,846][src.utils.inference_utils][INFO] - Global Rank: 1 wrote 64 rows to /data/mhwang/Rec/GRID/logs/inference/runs/2025-09-17/19-44-50/pickle/predictions_1_20250917T114515844.pkl.
[2025-09-17 19:45:15,951][src.utils.inference_utils][INFO] - Global Rank: 1 wrote 64 rows to /data/mhwang/Rec/GRID/logs/inference/runs/2025-09-17/19-44-50/pickle/predictions_1_20250917T114515949.pkl.
[2025-09-17 19:45:15,988][src.utils.inference_utils][INFO] - Global Rank: 0 wrote 64 rows to /data/mhwang/Rec/GRID/logs/inference/runs/2025-09-17/19-44-50/pickle/predictions_0_20250917T114515985.pkl.
[2025-09-17 19:45:16,073][src.utils.inference_utils][INFO] - Global Rank: 1 wrote 64 rows to /data/mhwang/Rec/GRID/logs/inference/runs/2025-09-17/19-44-50/pickle/predictions_1_20250917T114516070.pkl.
[2025-09-17 19:45:16,101][src.utils.inference_utils][INFO] - Global Rank: 0 wrote 64 rows to /data/mhwang/Rec/GRID/logs/inference/runs/2025-09-17/19-44-50/pickle/predictions_0_20250917T114516098.pkl.
[2025-09-17 19:45:16,179][src.utils.inference_utils][INFO] - Global Rank: 1 wrote 64 rows to /data/mhwang/Rec/GRID/logs/inference/runs/2025-09-17/19-44-50/pickle/predictions_1_20250917T114516177.pkl.
[2025-09-17 19:45:16,200][src.utils.inference_utils][INFO] - Global Rank: 0 wrote 64 rows to /data/mhwang/Rec/GRID/logs/inference/runs/2025-09-17/19-44-50/pickle/predictions_0_20250917T114516198.pkl.
[2025-09-17 19:45:16,301][src.utils.inference_utils][INFO] - Global Rank: 0 wrote 64 rows to /data/mhwang/Rec/GRID/logs/inference/runs/2025-09-17/19-44-50/pickle/predictions_0_20250917T114516299.pkl.
[2025-09-17 19:45:16,318][src.utils.inference_utils][INFO] - Global Rank: 1 wrote 64 rows to /data/mhwang/Rec/GRID/logs/inference/runs/2025-09-17/19-44-50/pickle/predictions_1_20250917T114516312.pkl.
[2025-09-17 19:45:16,442][src.utils.inference_utils][INFO] - Global Rank: 1 wrote 64 rows to /data/mhwang/Rec/GRID/logs/inference/runs/2025-09-17/19-44-50/pickle/predictions_1_20250917T114516439.pkl.
[2025-09-17 19:45:16,471][src.utils.inference_utils][INFO] - Global Rank: 0 wrote 64 rows to /data/mhwang/Rec/GRID/logs/inference/runs/2025-09-17/19-44-50/pickle/predictions_0_20250917T114516469.pkl.
[2025-09-17 19:45:16,557][src.utils.inference_utils][INFO] - Global Rank: 1 wrote 64 rows to /data/mhwang/Rec/GRID/logs/inference/runs/2025-09-17/19-44-50/pickle/predictions_1_20250917T114516554.pkl.
[2025-09-17 19:45:16,610][src.utils.inference_utils][INFO] - Global Rank: 0 wrote 64 rows to /data/mhwang/Rec/GRID/logs/inference/runs/2025-09-17/19-44-50/pickle/predictions_0_20250917T114516607.pkl.
[2025-09-17 19:45:16,664][src.utils.inference_utils][INFO] - Global Rank: 1 wrote 64 rows to /data/mhwang/Rec/GRID/logs/inference/runs/2025-09-17/19-44-50/pickle/predictions_1_20250917T114516661.pkl.
[2025-09-17 19:45:16,739][src.utils.inference_utils][INFO] - Global Rank: 0 wrote 64 rows to /data/mhwang/Rec/GRID/logs/inference/runs/2025-09-17/19-44-50/pickle/predictions_0_20250917T114516736.pkl.
[2025-09-17 19:45:16,788][src.utils.inference_utils][INFO] - Global Rank: 1 wrote 64 rows to /data/mhwang/Rec/GRID/logs/inference/runs/2025-09-17/19-44-50/pickle/predictions_1_20250917T114516785.pkl.
[2025-09-17 19:45:16,866][src.utils.inference_utils][INFO] - Global Rank: 0 wrote 64 rows to /data/mhwang/Rec/GRID/logs/inference/runs/2025-09-17/19-44-50/pickle/predictions_0_20250917T114516864.pkl.
[2025-09-17 19:45:16,921][src.utils.inference_utils][INFO] - Global Rank: 1 wrote 64 rows to /data/mhwang/Rec/GRID/logs/inference/runs/2025-09-17/19-44-50/pickle/predictions_1_20250917T114516918.pkl.
[2025-09-17 19:45:16,986][src.utils.inference_utils][INFO] - Global Rank: 0 wrote 64 rows to /data/mhwang/Rec/GRID/logs/inference/runs/2025-09-17/19-44-50/pickle/predictions_0_20250917T114516983.pkl.
[2025-09-17 19:45:17,034][src.utils.inference_utils][INFO] - Global Rank: 1 wrote 64 rows to /data/mhwang/Rec/GRID/logs/inference/runs/2025-09-17/19-44-50/pickle/predictions_1_20250917T114517031.pkl.
[2025-09-17 19:45:17,129][src.utils.inference_utils][INFO] - Global Rank: 0 wrote 64 rows to /data/mhwang/Rec/GRID/logs/inference/runs/2025-09-17/19-44-50/pickle/predictions_0_20250917T114517126.pkl.
[2025-09-17 19:45:17,177][src.utils.inference_utils][INFO] - Global Rank: 1 wrote 64 rows to /data/mhwang/Rec/GRID/logs/inference/runs/2025-09-17/19-44-50/pickle/predictions_1_20250917T114517174.pkl.
[2025-09-17 19:45:17,266][src.utils.inference_utils][INFO] - Global Rank: 0 wrote 64 rows to /data/mhwang/Rec/GRID/logs/inference/runs/2025-09-17/19-44-50/pickle/predictions_0_20250917T114517263.pkl.
[2025-09-17 19:45:17,294][src.utils.inference_utils][INFO] - Global Rank: 1 wrote 64 rows to /data/mhwang/Rec/GRID/logs/inference/runs/2025-09-17/19-44-50/pickle/predictions_1_20250917T114517291.pkl.
[2025-09-17 19:45:17,416][src.utils.inference_utils][INFO] - Global Rank: 1 wrote 64 rows to /data/mhwang/Rec/GRID/logs/inference/runs/2025-09-17/19-44-50/pickle/predictions_1_20250917T114517414.pkl.
[2025-09-17 19:45:17,419][src.utils.inference_utils][INFO] - Global Rank: 0 wrote 64 rows to /data/mhwang/Rec/GRID/logs/inference/runs/2025-09-17/19-44-50/pickle/predictions_0_20250917T114517416.pkl.
[2025-09-17 19:45:17,526][src.utils.inference_utils][INFO] - Global Rank: 1 wrote 64 rows to /data/mhwang/Rec/GRID/logs/inference/runs/2025-09-17/19-44-50/pickle/predictions_1_20250917T114517524.pkl.
[2025-09-17 19:45:17,604][src.utils.inference_utils][INFO] - Global Rank: 0 wrote 64 rows to /data/mhwang/Rec/GRID/logs/inference/runs/2025-09-17/19-44-50/pickle/predictions_0_20250917T114517600.pkl.
[2025-09-17 19:45:17,640][src.utils.inference_utils][INFO] - Global Rank: 1 wrote 64 rows to /data/mhwang/Rec/GRID/logs/inference/runs/2025-09-17/19-44-50/pickle/predictions_1_20250917T114517638.pkl.
[2025-09-17 19:45:17,728][src.utils.inference_utils][INFO] - Global Rank: 0 wrote 64 rows to /data/mhwang/Rec/GRID/logs/inference/runs/2025-09-17/19-44-50/pickle/predictions_0_20250917T114517726.pkl.
[2025-09-17 19:45:17,757][src.utils.inference_utils][INFO] - Global Rank: 1 wrote 64 rows to /data/mhwang/Rec/GRID/logs/inference/runs/2025-09-17/19-44-50/pickle/predictions_1_20250917T114517755.pkl.
[2025-09-17 19:45:17,865][src.utils.inference_utils][INFO] - Global Rank: 0 wrote 64 rows to /data/mhwang/Rec/GRID/logs/inference/runs/2025-09-17/19-44-50/pickle/predictions_0_20250917T114517863.pkl.
[2025-09-17 19:45:17,876][src.utils.inference_utils][INFO] - Global Rank: 1 wrote 64 rows to /data/mhwang/Rec/GRID/logs/inference/runs/2025-09-17/19-44-50/pickle/predictions_1_20250917T114517873.pkl.
[2025-09-17 19:45:17,989][src.utils.inference_utils][INFO] - Global Rank: 1 wrote 64 rows to /data/mhwang/Rec/GRID/logs/inference/runs/2025-09-17/19-44-50/pickle/predictions_1_20250917T114517986.pkl.
[2025-09-17 19:45:18,027][src.utils.inference_utils][INFO] - Global Rank: 0 wrote 64 rows to /data/mhwang/Rec/GRID/logs/inference/runs/2025-09-17/19-44-50/pickle/predictions_0_20250917T114518025.pkl.
[2025-09-17 19:45:18,094][src.utils.inference_utils][INFO] - Global Rank: 1 wrote 64 rows to /data/mhwang/Rec/GRID/logs/inference/runs/2025-09-17/19-44-50/pickle/predictions_1_20250917T114518091.pkl.
[2025-09-17 19:45:18,194][src.utils.inference_utils][INFO] - Global Rank: 0 wrote 64 rows to /data/mhwang/Rec/GRID/logs/inference/runs/2025-09-17/19-44-50/pickle/predictions_0_20250917T114518191.pkl.
[2025-09-17 19:45:18,197][src.utils.inference_utils][INFO] - Global Rank: 1 wrote 64 rows to /data/mhwang/Rec/GRID/logs/inference/runs/2025-09-17/19-44-50/pickle/predictions_1_20250917T114518194.pkl.
[2025-09-17 19:45:18,310][src.utils.inference_utils][INFO] - Global Rank: 1 wrote 64 rows to /data/mhwang/Rec/GRID/logs/inference/runs/2025-09-17/19-44-50/pickle/predictions_1_20250917T114518308.pkl.
[2025-09-17 19:45:18,348][src.utils.inference_utils][INFO] - Global Rank: 0 wrote 64 rows to /data/mhwang/Rec/GRID/logs/inference/runs/2025-09-17/19-44-50/pickle/predictions_0_20250917T114518346.pkl.
[2025-09-17 19:45:18,445][src.utils.inference_utils][INFO] - Global Rank: 1 wrote 64 rows to /data/mhwang/Rec/GRID/logs/inference/runs/2025-09-17/19-44-50/pickle/predictions_1_20250917T114518443.pkl.
[2025-09-17 19:45:18,506][src.utils.inference_utils][INFO] - Global Rank: 0 wrote 64 rows to /data/mhwang/Rec/GRID/logs/inference/runs/2025-09-17/19-44-50/pickle/predictions_0_20250917T114518504.pkl.
[2025-09-17 19:45:18,580][src.utils.inference_utils][INFO] - Global Rank: 1 wrote 64 rows to /data/mhwang/Rec/GRID/logs/inference/runs/2025-09-17/19-44-50/pickle/predictions_1_20250917T114518578.pkl.
[2025-09-17 19:45:18,694][src.utils.inference_utils][INFO] - Global Rank: 1 wrote 64 rows to /data/mhwang/Rec/GRID/logs/inference/runs/2025-09-17/19-44-50/pickle/predictions_1_20250917T114518691.pkl.
[2025-09-17 19:45:18,704][src.utils.inference_utils][INFO] - Global Rank: 0 wrote 64 rows to /data/mhwang/Rec/GRID/logs/inference/runs/2025-09-17/19-44-50/pickle/predictions_0_20250917T114518700.pkl.
[2025-09-17 19:45:18,812][src.utils.inference_utils][INFO] - Global Rank: 1 wrote 64 rows to /data/mhwang/Rec/GRID/logs/inference/runs/2025-09-17/19-44-50/pickle/predictions_1_20250917T114518810.pkl.
[2025-09-17 19:45:18,873][src.utils.inference_utils][INFO] - Global Rank: 0 wrote 64 rows to /data/mhwang/Rec/GRID/logs/inference/runs/2025-09-17/19-44-50/pickle/predictions_0_20250917T114518871.pkl.
[2025-09-17 19:45:18,930][src.utils.inference_utils][INFO] - Global Rank: 1 wrote 64 rows to /data/mhwang/Rec/GRID/logs/inference/runs/2025-09-17/19-44-50/pickle/predictions_1_20250917T114518926.pkl.
[2025-09-17 19:45:19,038][src.utils.inference_utils][INFO] - Global Rank: 0 wrote 64 rows to /data/mhwang/Rec/GRID/logs/inference/runs/2025-09-17/19-44-50/pickle/predictions_0_20250917T114519035.pkl.
[2025-09-17 19:45:19,096][src.utils.inference_utils][INFO] - Global Rank: 1 wrote 64 rows to /data/mhwang/Rec/GRID/logs/inference/runs/2025-09-17/19-44-50/pickle/predictions_1_20250917T114519093.pkl.
[2025-09-17 19:45:19,165][src.utils.inference_utils][INFO] - Global Rank: 0 wrote 64 rows to /data/mhwang/Rec/GRID/logs/inference/runs/2025-09-17/19-44-50/pickle/predictions_0_20250917T114519163.pkl.
[2025-09-17 19:45:19,219][src.utils.inference_utils][INFO] - Global Rank: 1 wrote 64 rows to /data/mhwang/Rec/GRID/logs/inference/runs/2025-09-17/19-44-50/pickle/predictions_1_20250917T114519217.pkl.
[2025-09-17 19:45:19,311][src.utils.inference_utils][INFO] - Global Rank: 0 wrote 64 rows to /data/mhwang/Rec/GRID/logs/inference/runs/2025-09-17/19-44-50/pickle/predictions_0_20250917T114519308.pkl.
[2025-09-17 19:45:19,336][src.utils.inference_utils][INFO] - Global Rank: 1 wrote 64 rows to /data/mhwang/Rec/GRID/logs/inference/runs/2025-09-17/19-44-50/pickle/predictions_1_20250917T114519334.pkl.
[2025-09-17 19:45:19,441][src.utils.inference_utils][INFO] - Global Rank: 0 wrote 64 rows to /data/mhwang/Rec/GRID/logs/inference/runs/2025-09-17/19-44-50/pickle/predictions_0_20250917T114519439.pkl.
[2025-09-17 19:45:19,461][src.utils.inference_utils][INFO] - Global Rank: 1 wrote 64 rows to /data/mhwang/Rec/GRID/logs/inference/runs/2025-09-17/19-44-50/pickle/predictions_1_20250917T114519458.pkl.
[2025-09-17 19:45:19,569][src.utils.inference_utils][INFO] - Global Rank: 0 wrote 64 rows to /data/mhwang/Rec/GRID/logs/inference/runs/2025-09-17/19-44-50/pickle/predictions_0_20250917T114519566.pkl.
[2025-09-17 19:45:19,577][src.utils.inference_utils][INFO] - Global Rank: 1 wrote 64 rows to /data/mhwang/Rec/GRID/logs/inference/runs/2025-09-17/19-44-50/pickle/predictions_1_20250917T114519575.pkl.
[2025-09-17 19:45:19,701][src.utils.inference_utils][INFO] - Global Rank: 1 wrote 64 rows to /data/mhwang/Rec/GRID/logs/inference/runs/2025-09-17/19-44-50/pickle/predictions_1_20250917T114519698.pkl.
[2025-09-17 19:45:19,713][src.utils.inference_utils][INFO] - Global Rank: 0 wrote 64 rows to /data/mhwang/Rec/GRID/logs/inference/runs/2025-09-17/19-44-50/pickle/predictions_0_20250917T114519711.pkl.
[2025-09-17 19:45:19,861][src.utils.inference_utils][INFO] - Global Rank: 0 wrote 64 rows to /data/mhwang/Rec/GRID/logs/inference/runs/2025-09-17/19-44-50/pickle/predictions_0_20250917T114519858.pkl.
[2025-09-17 19:45:19,873][src.utils.inference_utils][INFO] - Global Rank: 1 wrote 64 rows to /data/mhwang/Rec/GRID/logs/inference/runs/2025-09-17/19-44-50/pickle/predictions_1_20250917T114519869.pkl.
[2025-09-17 19:45:20,011][src.utils.inference_utils][INFO] - Global Rank: 0 wrote 64 rows to /data/mhwang/Rec/GRID/logs/inference/runs/2025-09-17/19-44-50/pickle/predictions_0_20250917T114520008.pkl.
[2025-09-17 19:45:20,031][src.utils.inference_utils][INFO] - Global Rank: 1 wrote 64 rows to /data/mhwang/Rec/GRID/logs/inference/runs/2025-09-17/19-44-50/pickle/predictions_1_20250917T114520028.pkl.
[2025-09-17 19:45:20,182][src.utils.inference_utils][INFO] - Global Rank: 0 wrote 64 rows to /data/mhwang/Rec/GRID/logs/inference/runs/2025-09-17/19-44-50/pickle/predictions_0_20250917T114520179.pkl.
[2025-09-17 19:45:20,192][src.utils.inference_utils][INFO] - Global Rank: 1 wrote 64 rows to /data/mhwang/Rec/GRID/logs/inference/runs/2025-09-17/19-44-50/pickle/predictions_1_20250917T114520188.pkl.
[2025-09-17 19:45:20,316][src.utils.inference_utils][INFO] - Global Rank: 0 wrote 64 rows to /data/mhwang/Rec/GRID/logs/inference/runs/2025-09-17/19-44-50/pickle/predictions_0_20250917T114520314.pkl.
[2025-09-17 19:45:20,345][src.utils.inference_utils][INFO] - Global Rank: 1 wrote 64 rows to /data/mhwang/Rec/GRID/logs/inference/runs/2025-09-17/19-44-50/pickle/predictions_1_20250917T114520343.pkl.
[2025-09-17 19:45:20,434][src.utils.inference_utils][INFO] - Global Rank: 0 wrote 64 rows to /data/mhwang/Rec/GRID/logs/inference/runs/2025-09-17/19-44-50/pickle/predictions_0_20250917T114520432.pkl.
[2025-09-17 19:45:20,467][src.utils.inference_utils][INFO] - Global Rank: 1 wrote 64 rows to /data/mhwang/Rec/GRID/logs/inference/runs/2025-09-17/19-44-50/pickle/predictions_1_20250917T114520463.pkl.
[2025-09-17 19:45:20,580][src.utils.inference_utils][INFO] - Global Rank: 0 wrote 64 rows to /data/mhwang/Rec/GRID/logs/inference/runs/2025-09-17/19-44-50/pickle/predictions_0_20250917T114520578.pkl.
[2025-09-17 19:45:20,604][src.utils.inference_utils][INFO] - Global Rank: 1 wrote 64 rows to /data/mhwang/Rec/GRID/logs/inference/runs/2025-09-17/19-44-50/pickle/predictions_1_20250917T114520600.pkl.
[2025-09-17 19:45:20,727][src.utils.inference_utils][INFO] - Global Rank: 1 wrote 64 rows to /data/mhwang/Rec/GRID/logs/inference/runs/2025-09-17/19-44-50/pickle/predictions_1_20250917T114520723.pkl.
[2025-09-17 19:45:20,740][src.utils.inference_utils][INFO] - Global Rank: 0 wrote 64 rows to /data/mhwang/Rec/GRID/logs/inference/runs/2025-09-17/19-44-50/pickle/predictions_0_20250917T114520737.pkl.
[2025-09-17 19:45:20,853][src.utils.inference_utils][INFO] - Global Rank: 1 wrote 64 rows to /data/mhwang/Rec/GRID/logs/inference/runs/2025-09-17/19-44-50/pickle/predictions_1_20250917T114520851.pkl.
[2025-09-17 19:45:20,866][src.utils.inference_utils][INFO] - Global Rank: 0 wrote 64 rows to /data/mhwang/Rec/GRID/logs/inference/runs/2025-09-17/19-44-50/pickle/predictions_0_20250917T114520864.pkl.
[2025-09-17 19:45:20,957][src.utils.inference_utils][INFO] - Global Rank: 1 wrote 64 rows to /data/mhwang/Rec/GRID/logs/inference/runs/2025-09-17/19-44-50/pickle/predictions_1_20250917T114520955.pkl.
[2025-09-17 19:45:21,031][src.utils.inference_utils][INFO] - Global Rank: 0 wrote 64 rows to /data/mhwang/Rec/GRID/logs/inference/runs/2025-09-17/19-44-50/pickle/predictions_0_20250917T114521029.pkl.
[2025-09-17 19:45:21,071][src.utils.inference_utils][INFO] - Global Rank: 1 wrote 64 rows to /data/mhwang/Rec/GRID/logs/inference/runs/2025-09-17/19-44-50/pickle/predictions_1_20250917T114521069.pkl.
[2025-09-17 19:45:21,178][src.utils.inference_utils][INFO] - Global Rank: 1 wrote 64 rows to /data/mhwang/Rec/GRID/logs/inference/runs/2025-09-17/19-44-50/pickle/predictions_1_20250917T114521176.pkl.
[2025-09-17 19:45:21,179][src.utils.inference_utils][INFO] - Global Rank: 0 wrote 64 rows to /data/mhwang/Rec/GRID/logs/inference/runs/2025-09-17/19-44-50/pickle/predictions_0_20250917T114521177.pkl.
[2025-09-17 19:45:21,309][src.utils.inference_utils][INFO] - Global Rank: 1 wrote 64 rows to /data/mhwang/Rec/GRID/logs/inference/runs/2025-09-17/19-44-50/pickle/predictions_1_20250917T114521307.pkl.
[2025-09-17 19:45:21,311][src.utils.inference_utils][INFO] - Buffer is empty, nothing to flush.
[2025-09-17 19:45:21,311][src.utils.inference_utils][INFO] - Rank 1 finished writing predictions.
[2025-09-17 19:45:21,322][src.utils.inference_utils][INFO] - Global Rank: 0 wrote 64 rows to /data/mhwang/Rec/GRID/logs/inference/runs/2025-09-17/19-44-50/pickle/predictions_0_20250917T114521320.pkl.
[2025-09-17 19:45:21,472][src.utils.inference_utils][INFO] - Global Rank: 0 wrote 64 rows to /data/mhwang/Rec/GRID/logs/inference/runs/2025-09-17/19-44-50/pickle/predictions_0_20250917T114521470.pkl.
[2025-09-17 19:45:21,614][src.utils.inference_utils][INFO] - Global Rank: 0 wrote 64 rows to /data/mhwang/Rec/GRID/logs/inference/runs/2025-09-17/19-44-50/pickle/predictions_0_20250917T114521612.pkl.
[2025-09-17 19:45:21,761][src.utils.inference_utils][INFO] - Global Rank: 0 wrote 64 rows to /data/mhwang/Rec/GRID/logs/inference/runs/2025-09-17/19-44-50/pickle/predictions_0_20250917T114521759.pkl.
[2025-09-17 19:45:21,917][src.utils.inference_utils][INFO] - Global Rank: 0 wrote 64 rows to /data/mhwang/Rec/GRID/logs/inference/runs/2025-09-17/19-44-50/pickle/predictions_0_20250917T114521915.pkl.
[2025-09-17 19:45:22,107][src.utils.inference_utils][INFO] - Global Rank: 0 wrote 64 rows to /data/mhwang/Rec/GRID/logs/inference/runs/2025-09-17/19-44-50/pickle/predictions_0_20250917T114522104.pkl.
[2025-09-17 19:45:22,262][src.utils.inference_utils][INFO] - Global Rank: 0 wrote 64 rows to /data/mhwang/Rec/GRID/logs/inference/runs/2025-09-17/19-44-50/pickle/predictions_0_20250917T114522260.pkl.
[2025-09-17 19:45:22,390][src.utils.inference_utils][INFO] - Global Rank: 0 wrote 64 rows to /data/mhwang/Rec/GRID/logs/inference/runs/2025-09-17/19-44-50/pickle/predictions_0_20250917T114522388.pkl.
[2025-09-17 19:45:22,391][src.utils.inference_utils][INFO] - Global Rank: 0 wrote 5 rows to /data/mhwang/Rec/GRID/logs/inference/runs/2025-09-17/19-44-50/pickle/predictions_0_20250917T114522391.pkl.
[2025-09-17 19:45:22,392][src.utils.inference_utils][INFO] - Rank 0 finished writing predictions.
[2025-09-17 19:45:22,392][src.utils.inference_utils][INFO] - Merging pickle files on main process.
[2025-09-17 19:45:23,496][src.utils.inference_utils][INFO] - Merged 12101 rows into merged_predictions.pkl.
[2025-09-17 19:45:24,983][src.utils.inference_utils][INFO] - Merged 12101 rows into merged_predictions_tensor.pt. as pytorch tensor
