[2025-09-17 20:50:25,092][src.utils.utils][INFO] - [rank: 0] Enforcing tags! <cfg.extras.enforce_tags=True>
[2025-09-17 20:50:25,100][src.utils.utils][WARNING] - [rank: 0] Config loss was not found in the config tree. Make sure this is expected.
[2025-09-17 20:50:25,101][src.utils.utils][WARNING] - [rank: 0] Config optim was not found in the config tree. Make sure this is expected.
[2025-09-17 20:50:25,101][src.utils.utils][WARNING] - [rank: 0] Config eval was not found in the config tree. Make sure this is expected.
[2025-09-17 20:50:28,102][src.utils.utils][INFO] - [rank: 0] Printing config tree with Rich! <cfg.extras.print_config=True>
[2025-09-17 20:50:28,107][src.utils.launcher_utils][INFO] - [rank: 0] Instantiating datamodule <src.data.loading.datamodules.sequence_datamodule.ItemDataModule>
[2025-09-17 20:50:28,272][src.utils.launcher_utils][INFO] - [rank: 0] Instantiating model <src.modules.semantic_embedding_inference_module.SemanticEmbeddingInferenceModule>
[2025-09-17 20:50:28,539][src.utils.launcher_utils][INFO] - [rank: 0] Instantiating callbacks...
[2025-09-17 20:50:28,540][src.utils.instantiators][INFO] - [rank: 0] Instantiating callback <src.utils.inference_utils.LocalPickleWriter>
[2025-09-17 20:50:28,664][src.utils.launcher_utils][INFO] - [rank: 0] Instantiating loggers...
[2025-09-17 20:50:28,664][src.utils.instantiators][INFO] - [rank: 0] Instantiating logger <lightning.pytorch.loggers.csv_logs.CSVLogger>
[2025-09-17 20:50:28,666][src.utils.launcher_utils][INFO] - [rank: 0] Instantiating trainer <lightning.pytorch.trainer.Trainer>
[2025-09-17 20:50:28,775][src.utils.launcher_utils][INFO] - [rank: 0] Logging hyperparameters!
[2025-09-17 20:50:28,895][__main__][INFO] - [rank: 0] Starting inference!
[2025-09-17 20:50:28,896][__main__][WARNING] - [rank: 0] No ckpt_path was provided. If using a model you trained, this is mandatory. Only leave ckpt_path=None if using a pre-trained model.
[2025-09-17 20:50:43,160][src.utils.inference_utils][INFO] - Rank 1 initialized for inference.
[2025-09-17 20:50:43,160][src.utils.inference_utils][INFO] - Rank 0 initialized for inference.
[2025-09-17 20:50:44,202][src.utils.inference_utils][INFO] - Global Rank: 0 wrote 64 rows to /data/mhwang/Rec/GRID/logs/inference/runs/2025-09-17/20-50-24/pickle/predictions_0_20250917T125044200.pkl.
[2025-09-17 20:50:44,235][src.utils.inference_utils][INFO] - Global Rank: 1 wrote 64 rows to /data/mhwang/Rec/GRID/logs/inference/runs/2025-09-17/20-50-24/pickle/predictions_1_20250917T125044233.pkl.
[2025-09-17 20:50:44,365][src.utils.inference_utils][INFO] - Global Rank: 0 wrote 64 rows to /data/mhwang/Rec/GRID/logs/inference/runs/2025-09-17/20-50-24/pickle/predictions_0_20250917T125044361.pkl.
[2025-09-17 20:50:44,381][src.utils.inference_utils][INFO] - Global Rank: 1 wrote 64 rows to /data/mhwang/Rec/GRID/logs/inference/runs/2025-09-17/20-50-24/pickle/predictions_1_20250917T125044379.pkl.
[2025-09-17 20:50:44,483][src.utils.inference_utils][INFO] - Global Rank: 0 wrote 64 rows to /data/mhwang/Rec/GRID/logs/inference/runs/2025-09-17/20-50-24/pickle/predictions_0_20250917T125044481.pkl.
[2025-09-17 20:50:44,523][src.utils.inference_utils][INFO] - Global Rank: 1 wrote 64 rows to /data/mhwang/Rec/GRID/logs/inference/runs/2025-09-17/20-50-24/pickle/predictions_1_20250917T125044521.pkl.
[2025-09-17 20:50:44,614][src.utils.inference_utils][INFO] - Global Rank: 0 wrote 64 rows to /data/mhwang/Rec/GRID/logs/inference/runs/2025-09-17/20-50-24/pickle/predictions_0_20250917T125044611.pkl.
[2025-09-17 20:50:44,674][src.utils.inference_utils][INFO] - Global Rank: 1 wrote 64 rows to /data/mhwang/Rec/GRID/logs/inference/runs/2025-09-17/20-50-24/pickle/predictions_1_20250917T125044672.pkl.
[2025-09-17 20:50:44,795][src.utils.inference_utils][INFO] - Global Rank: 0 wrote 64 rows to /data/mhwang/Rec/GRID/logs/inference/runs/2025-09-17/20-50-24/pickle/predictions_0_20250917T125044792.pkl.
[2025-09-17 20:50:44,838][src.utils.inference_utils][INFO] - Global Rank: 1 wrote 64 rows to /data/mhwang/Rec/GRID/logs/inference/runs/2025-09-17/20-50-24/pickle/predictions_1_20250917T125044835.pkl.
[2025-09-17 20:50:44,931][src.utils.inference_utils][INFO] - Global Rank: 0 wrote 64 rows to /data/mhwang/Rec/GRID/logs/inference/runs/2025-09-17/20-50-24/pickle/predictions_0_20250917T125044929.pkl.
[2025-09-17 20:50:45,009][src.utils.inference_utils][INFO] - Global Rank: 1 wrote 64 rows to /data/mhwang/Rec/GRID/logs/inference/runs/2025-09-17/20-50-24/pickle/predictions_1_20250917T125045007.pkl.
[2025-09-17 20:50:45,091][src.utils.inference_utils][INFO] - Global Rank: 0 wrote 64 rows to /data/mhwang/Rec/GRID/logs/inference/runs/2025-09-17/20-50-24/pickle/predictions_0_20250917T125045089.pkl.
[2025-09-17 20:50:45,153][src.utils.inference_utils][INFO] - Global Rank: 1 wrote 64 rows to /data/mhwang/Rec/GRID/logs/inference/runs/2025-09-17/20-50-24/pickle/predictions_1_20250917T125045151.pkl.
[2025-09-17 20:50:45,231][src.utils.inference_utils][INFO] - Global Rank: 0 wrote 64 rows to /data/mhwang/Rec/GRID/logs/inference/runs/2025-09-17/20-50-24/pickle/predictions_0_20250917T125045228.pkl.
[2025-09-17 20:50:45,297][src.utils.inference_utils][INFO] - Global Rank: 1 wrote 64 rows to /data/mhwang/Rec/GRID/logs/inference/runs/2025-09-17/20-50-24/pickle/predictions_1_20250917T125045295.pkl.
[2025-09-17 20:50:45,370][src.utils.inference_utils][INFO] - Global Rank: 0 wrote 64 rows to /data/mhwang/Rec/GRID/logs/inference/runs/2025-09-17/20-50-24/pickle/predictions_0_20250917T125045367.pkl.
[2025-09-17 20:50:45,449][src.utils.inference_utils][INFO] - Global Rank: 1 wrote 64 rows to /data/mhwang/Rec/GRID/logs/inference/runs/2025-09-17/20-50-24/pickle/predictions_1_20250917T125045446.pkl.
[2025-09-17 20:50:45,537][src.utils.inference_utils][INFO] - Global Rank: 0 wrote 64 rows to /data/mhwang/Rec/GRID/logs/inference/runs/2025-09-17/20-50-24/pickle/predictions_0_20250917T125045535.pkl.
[2025-09-17 20:50:45,594][src.utils.inference_utils][INFO] - Global Rank: 1 wrote 64 rows to /data/mhwang/Rec/GRID/logs/inference/runs/2025-09-17/20-50-24/pickle/predictions_1_20250917T125045592.pkl.
[2025-09-17 20:50:45,652][src.utils.inference_utils][INFO] - Global Rank: 0 wrote 64 rows to /data/mhwang/Rec/GRID/logs/inference/runs/2025-09-17/20-50-24/pickle/predictions_0_20250917T125045649.pkl.
[2025-09-17 20:50:45,767][src.utils.inference_utils][INFO] - Global Rank: 1 wrote 64 rows to /data/mhwang/Rec/GRID/logs/inference/runs/2025-09-17/20-50-24/pickle/predictions_1_20250917T125045763.pkl.
[2025-09-17 20:50:45,802][src.utils.inference_utils][INFO] - Global Rank: 0 wrote 64 rows to /data/mhwang/Rec/GRID/logs/inference/runs/2025-09-17/20-50-24/pickle/predictions_0_20250917T125045797.pkl.
[2025-09-17 20:50:45,923][src.utils.inference_utils][INFO] - Global Rank: 1 wrote 64 rows to /data/mhwang/Rec/GRID/logs/inference/runs/2025-09-17/20-50-24/pickle/predictions_1_20250917T125045921.pkl.
[2025-09-17 20:50:45,974][src.utils.inference_utils][INFO] - Global Rank: 0 wrote 64 rows to /data/mhwang/Rec/GRID/logs/inference/runs/2025-09-17/20-50-24/pickle/predictions_0_20250917T125045971.pkl.
[2025-09-17 20:50:46,066][src.utils.inference_utils][INFO] - Global Rank: 1 wrote 64 rows to /data/mhwang/Rec/GRID/logs/inference/runs/2025-09-17/20-50-24/pickle/predictions_1_20250917T125046064.pkl.
[2025-09-17 20:50:46,082][src.utils.inference_utils][INFO] - Global Rank: 0 wrote 64 rows to /data/mhwang/Rec/GRID/logs/inference/runs/2025-09-17/20-50-24/pickle/predictions_0_20250917T125046079.pkl.
[2025-09-17 20:50:46,186][src.utils.inference_utils][INFO] - Global Rank: 1 wrote 64 rows to /data/mhwang/Rec/GRID/logs/inference/runs/2025-09-17/20-50-24/pickle/predictions_1_20250917T125046183.pkl.
[2025-09-17 20:50:46,207][src.utils.inference_utils][INFO] - Global Rank: 0 wrote 64 rows to /data/mhwang/Rec/GRID/logs/inference/runs/2025-09-17/20-50-24/pickle/predictions_0_20250917T125046205.pkl.
[2025-09-17 20:50:46,322][src.utils.inference_utils][INFO] - Global Rank: 1 wrote 64 rows to /data/mhwang/Rec/GRID/logs/inference/runs/2025-09-17/20-50-24/pickle/predictions_1_20250917T125046320.pkl.
[2025-09-17 20:50:46,334][src.utils.inference_utils][INFO] - Global Rank: 0 wrote 64 rows to /data/mhwang/Rec/GRID/logs/inference/runs/2025-09-17/20-50-24/pickle/predictions_0_20250917T125046332.pkl.
[2025-09-17 20:50:46,463][src.utils.inference_utils][INFO] - Global Rank: 1 wrote 64 rows to /data/mhwang/Rec/GRID/logs/inference/runs/2025-09-17/20-50-24/pickle/predictions_1_20250917T125046460.pkl.
[2025-09-17 20:50:46,475][src.utils.inference_utils][INFO] - Global Rank: 0 wrote 64 rows to /data/mhwang/Rec/GRID/logs/inference/runs/2025-09-17/20-50-24/pickle/predictions_0_20250917T125046473.pkl.
[2025-09-17 20:50:46,589][src.utils.inference_utils][INFO] - Global Rank: 1 wrote 64 rows to /data/mhwang/Rec/GRID/logs/inference/runs/2025-09-17/20-50-24/pickle/predictions_1_20250917T125046587.pkl.
[2025-09-17 20:50:46,631][src.utils.inference_utils][INFO] - Global Rank: 0 wrote 64 rows to /data/mhwang/Rec/GRID/logs/inference/runs/2025-09-17/20-50-24/pickle/predictions_0_20250917T125046628.pkl.
[2025-09-17 20:50:46,720][src.utils.inference_utils][INFO] - Global Rank: 1 wrote 64 rows to /data/mhwang/Rec/GRID/logs/inference/runs/2025-09-17/20-50-24/pickle/predictions_1_20250917T125046717.pkl.
[2025-09-17 20:50:46,774][src.utils.inference_utils][INFO] - Global Rank: 0 wrote 64 rows to /data/mhwang/Rec/GRID/logs/inference/runs/2025-09-17/20-50-24/pickle/predictions_0_20250917T125046772.pkl.
[2025-09-17 20:50:46,833][src.utils.inference_utils][INFO] - Global Rank: 1 wrote 64 rows to /data/mhwang/Rec/GRID/logs/inference/runs/2025-09-17/20-50-24/pickle/predictions_1_20250917T125046831.pkl.
[2025-09-17 20:50:46,917][src.utils.inference_utils][INFO] - Global Rank: 0 wrote 64 rows to /data/mhwang/Rec/GRID/logs/inference/runs/2025-09-17/20-50-24/pickle/predictions_0_20250917T125046915.pkl.
[2025-09-17 20:50:46,946][src.utils.inference_utils][INFO] - Global Rank: 1 wrote 64 rows to /data/mhwang/Rec/GRID/logs/inference/runs/2025-09-17/20-50-24/pickle/predictions_1_20250917T125046944.pkl.
[2025-09-17 20:50:47,074][src.utils.inference_utils][INFO] - Global Rank: 0 wrote 64 rows to /data/mhwang/Rec/GRID/logs/inference/runs/2025-09-17/20-50-24/pickle/predictions_0_20250917T125047072.pkl.
[2025-09-17 20:50:47,097][src.utils.inference_utils][INFO] - Global Rank: 1 wrote 64 rows to /data/mhwang/Rec/GRID/logs/inference/runs/2025-09-17/20-50-24/pickle/predictions_1_20250917T125047095.pkl.
[2025-09-17 20:50:47,202][src.utils.inference_utils][INFO] - Global Rank: 0 wrote 64 rows to /data/mhwang/Rec/GRID/logs/inference/runs/2025-09-17/20-50-24/pickle/predictions_0_20250917T125047199.pkl.
[2025-09-17 20:50:47,255][src.utils.inference_utils][INFO] - Global Rank: 1 wrote 64 rows to /data/mhwang/Rec/GRID/logs/inference/runs/2025-09-17/20-50-24/pickle/predictions_1_20250917T125047252.pkl.
[2025-09-17 20:50:47,335][src.utils.inference_utils][INFO] - Global Rank: 0 wrote 64 rows to /data/mhwang/Rec/GRID/logs/inference/runs/2025-09-17/20-50-24/pickle/predictions_0_20250917T125047332.pkl.
[2025-09-17 20:50:47,398][src.utils.inference_utils][INFO] - Global Rank: 1 wrote 64 rows to /data/mhwang/Rec/GRID/logs/inference/runs/2025-09-17/20-50-24/pickle/predictions_1_20250917T125047396.pkl.
[2025-09-17 20:50:47,475][src.utils.inference_utils][INFO] - Global Rank: 0 wrote 64 rows to /data/mhwang/Rec/GRID/logs/inference/runs/2025-09-17/20-50-24/pickle/predictions_0_20250917T125047472.pkl.
[2025-09-17 20:50:47,512][src.utils.inference_utils][INFO] - Global Rank: 1 wrote 64 rows to /data/mhwang/Rec/GRID/logs/inference/runs/2025-09-17/20-50-24/pickle/predictions_1_20250917T125047510.pkl.
[2025-09-17 20:50:47,616][src.utils.inference_utils][INFO] - Global Rank: 0 wrote 64 rows to /data/mhwang/Rec/GRID/logs/inference/runs/2025-09-17/20-50-24/pickle/predictions_0_20250917T125047613.pkl.
[2025-09-17 20:50:47,629][src.utils.inference_utils][INFO] - Global Rank: 1 wrote 64 rows to /data/mhwang/Rec/GRID/logs/inference/runs/2025-09-17/20-50-24/pickle/predictions_1_20250917T125047627.pkl.
[2025-09-17 20:50:47,762][src.utils.inference_utils][INFO] - Global Rank: 1 wrote 64 rows to /data/mhwang/Rec/GRID/logs/inference/runs/2025-09-17/20-50-24/pickle/predictions_1_20250917T125047760.pkl.
[2025-09-17 20:50:47,783][src.utils.inference_utils][INFO] - Global Rank: 0 wrote 64 rows to /data/mhwang/Rec/GRID/logs/inference/runs/2025-09-17/20-50-24/pickle/predictions_0_20250917T125047780.pkl.
[2025-09-17 20:50:47,885][src.utils.inference_utils][INFO] - Global Rank: 1 wrote 64 rows to /data/mhwang/Rec/GRID/logs/inference/runs/2025-09-17/20-50-24/pickle/predictions_1_20250917T125047883.pkl.
[2025-09-17 20:50:47,929][src.utils.inference_utils][INFO] - Global Rank: 0 wrote 64 rows to /data/mhwang/Rec/GRID/logs/inference/runs/2025-09-17/20-50-24/pickle/predictions_0_20250917T125047926.pkl.
[2025-09-17 20:50:48,016][src.utils.inference_utils][INFO] - Global Rank: 1 wrote 64 rows to /data/mhwang/Rec/GRID/logs/inference/runs/2025-09-17/20-50-24/pickle/predictions_1_20250917T125048014.pkl.
[2025-09-17 20:50:48,076][src.utils.inference_utils][INFO] - Global Rank: 0 wrote 64 rows to /data/mhwang/Rec/GRID/logs/inference/runs/2025-09-17/20-50-24/pickle/predictions_0_20250917T125048074.pkl.
[2025-09-17 20:50:48,140][src.utils.inference_utils][INFO] - Global Rank: 1 wrote 64 rows to /data/mhwang/Rec/GRID/logs/inference/runs/2025-09-17/20-50-24/pickle/predictions_1_20250917T125048138.pkl.
[2025-09-17 20:50:48,215][src.utils.inference_utils][INFO] - Global Rank: 0 wrote 64 rows to /data/mhwang/Rec/GRID/logs/inference/runs/2025-09-17/20-50-24/pickle/predictions_0_20250917T125048212.pkl.
[2025-09-17 20:50:48,254][src.utils.inference_utils][INFO] - Global Rank: 1 wrote 64 rows to /data/mhwang/Rec/GRID/logs/inference/runs/2025-09-17/20-50-24/pickle/predictions_1_20250917T125048252.pkl.
[2025-09-17 20:50:48,361][src.utils.inference_utils][INFO] - Global Rank: 0 wrote 64 rows to /data/mhwang/Rec/GRID/logs/inference/runs/2025-09-17/20-50-24/pickle/predictions_0_20250917T125048358.pkl.
[2025-09-17 20:50:48,398][src.utils.inference_utils][INFO] - Global Rank: 1 wrote 64 rows to /data/mhwang/Rec/GRID/logs/inference/runs/2025-09-17/20-50-24/pickle/predictions_1_20250917T125048394.pkl.
[2025-09-17 20:50:48,530][src.utils.inference_utils][INFO] - Global Rank: 0 wrote 64 rows to /data/mhwang/Rec/GRID/logs/inference/runs/2025-09-17/20-50-24/pickle/predictions_0_20250917T125048526.pkl.
[2025-09-17 20:50:48,539][src.utils.inference_utils][INFO] - Global Rank: 1 wrote 64 rows to /data/mhwang/Rec/GRID/logs/inference/runs/2025-09-17/20-50-24/pickle/predictions_1_20250917T125048536.pkl.
[2025-09-17 20:50:48,667][src.utils.inference_utils][INFO] - Global Rank: 0 wrote 64 rows to /data/mhwang/Rec/GRID/logs/inference/runs/2025-09-17/20-50-24/pickle/predictions_0_20250917T125048664.pkl.
[2025-09-17 20:50:48,722][src.utils.inference_utils][INFO] - Global Rank: 1 wrote 64 rows to /data/mhwang/Rec/GRID/logs/inference/runs/2025-09-17/20-50-24/pickle/predictions_1_20250917T125048719.pkl.
[2025-09-17 20:50:48,824][src.utils.inference_utils][INFO] - Global Rank: 0 wrote 64 rows to /data/mhwang/Rec/GRID/logs/inference/runs/2025-09-17/20-50-24/pickle/predictions_0_20250917T125048822.pkl.
[2025-09-17 20:50:48,851][src.utils.inference_utils][INFO] - Global Rank: 1 wrote 64 rows to /data/mhwang/Rec/GRID/logs/inference/runs/2025-09-17/20-50-24/pickle/predictions_1_20250917T125048849.pkl.
[2025-09-17 20:50:48,971][src.utils.inference_utils][INFO] - Global Rank: 1 wrote 64 rows to /data/mhwang/Rec/GRID/logs/inference/runs/2025-09-17/20-50-24/pickle/predictions_1_20250917T125048968.pkl.
[2025-09-17 20:50:48,972][src.utils.inference_utils][INFO] - Global Rank: 0 wrote 64 rows to /data/mhwang/Rec/GRID/logs/inference/runs/2025-09-17/20-50-24/pickle/predictions_0_20250917T125048969.pkl.
[2025-09-17 20:50:49,090][src.utils.inference_utils][INFO] - Global Rank: 1 wrote 64 rows to /data/mhwang/Rec/GRID/logs/inference/runs/2025-09-17/20-50-24/pickle/predictions_1_20250917T125049087.pkl.
[2025-09-17 20:50:49,138][src.utils.inference_utils][INFO] - Global Rank: 0 wrote 64 rows to /data/mhwang/Rec/GRID/logs/inference/runs/2025-09-17/20-50-24/pickle/predictions_0_20250917T125049136.pkl.
[2025-09-17 20:50:49,218][src.utils.inference_utils][INFO] - Global Rank: 1 wrote 64 rows to /data/mhwang/Rec/GRID/logs/inference/runs/2025-09-17/20-50-24/pickle/predictions_1_20250917T125049215.pkl.
[2025-09-17 20:50:49,280][src.utils.inference_utils][INFO] - Global Rank: 0 wrote 64 rows to /data/mhwang/Rec/GRID/logs/inference/runs/2025-09-17/20-50-24/pickle/predictions_0_20250917T125049277.pkl.
[2025-09-17 20:50:49,341][src.utils.inference_utils][INFO] - Global Rank: 1 wrote 64 rows to /data/mhwang/Rec/GRID/logs/inference/runs/2025-09-17/20-50-24/pickle/predictions_1_20250917T125049339.pkl.
[2025-09-17 20:50:49,434][src.utils.inference_utils][INFO] - Global Rank: 0 wrote 64 rows to /data/mhwang/Rec/GRID/logs/inference/runs/2025-09-17/20-50-24/pickle/predictions_0_20250917T125049431.pkl.
[2025-09-17 20:50:49,468][src.utils.inference_utils][INFO] - Global Rank: 1 wrote 64 rows to /data/mhwang/Rec/GRID/logs/inference/runs/2025-09-17/20-50-24/pickle/predictions_1_20250917T125049466.pkl.
[2025-09-17 20:50:49,580][src.utils.inference_utils][INFO] - Global Rank: 0 wrote 64 rows to /data/mhwang/Rec/GRID/logs/inference/runs/2025-09-17/20-50-24/pickle/predictions_0_20250917T125049578.pkl.
[2025-09-17 20:50:49,587][src.utils.inference_utils][INFO] - Global Rank: 1 wrote 64 rows to /data/mhwang/Rec/GRID/logs/inference/runs/2025-09-17/20-50-24/pickle/predictions_1_20250917T125049585.pkl.
[2025-09-17 20:50:49,708][src.utils.inference_utils][INFO] - Global Rank: 1 wrote 64 rows to /data/mhwang/Rec/GRID/logs/inference/runs/2025-09-17/20-50-24/pickle/predictions_1_20250917T125049706.pkl.
[2025-09-17 20:50:49,741][src.utils.inference_utils][INFO] - Global Rank: 0 wrote 64 rows to /data/mhwang/Rec/GRID/logs/inference/runs/2025-09-17/20-50-24/pickle/predictions_0_20250917T125049738.pkl.
[2025-09-17 20:50:49,833][src.utils.inference_utils][INFO] - Global Rank: 1 wrote 64 rows to /data/mhwang/Rec/GRID/logs/inference/runs/2025-09-17/20-50-24/pickle/predictions_1_20250917T125049831.pkl.
[2025-09-17 20:50:49,894][src.utils.inference_utils][INFO] - Global Rank: 0 wrote 64 rows to /data/mhwang/Rec/GRID/logs/inference/runs/2025-09-17/20-50-24/pickle/predictions_0_20250917T125049891.pkl.
[2025-09-17 20:50:49,965][src.utils.inference_utils][INFO] - Global Rank: 1 wrote 64 rows to /data/mhwang/Rec/GRID/logs/inference/runs/2025-09-17/20-50-24/pickle/predictions_1_20250917T125049963.pkl.
[2025-09-17 20:50:50,021][src.utils.inference_utils][INFO] - Global Rank: 0 wrote 64 rows to /data/mhwang/Rec/GRID/logs/inference/runs/2025-09-17/20-50-24/pickle/predictions_0_20250917T125050019.pkl.
[2025-09-17 20:50:50,101][src.utils.inference_utils][INFO] - Global Rank: 1 wrote 64 rows to /data/mhwang/Rec/GRID/logs/inference/runs/2025-09-17/20-50-24/pickle/predictions_1_20250917T125050099.pkl.
[2025-09-17 20:50:50,166][src.utils.inference_utils][INFO] - Global Rank: 0 wrote 64 rows to /data/mhwang/Rec/GRID/logs/inference/runs/2025-09-17/20-50-24/pickle/predictions_0_20250917T125050163.pkl.
[2025-09-17 20:50:50,231][src.utils.inference_utils][INFO] - Global Rank: 1 wrote 64 rows to /data/mhwang/Rec/GRID/logs/inference/runs/2025-09-17/20-50-24/pickle/predictions_1_20250917T125050229.pkl.
[2025-09-17 20:50:50,325][src.utils.inference_utils][INFO] - Global Rank: 0 wrote 64 rows to /data/mhwang/Rec/GRID/logs/inference/runs/2025-09-17/20-50-24/pickle/predictions_0_20250917T125050323.pkl.
[2025-09-17 20:50:50,353][src.utils.inference_utils][INFO] - Global Rank: 1 wrote 64 rows to /data/mhwang/Rec/GRID/logs/inference/runs/2025-09-17/20-50-24/pickle/predictions_1_20250917T125050350.pkl.
[2025-09-17 20:50:50,454][src.utils.inference_utils][INFO] - Global Rank: 0 wrote 64 rows to /data/mhwang/Rec/GRID/logs/inference/runs/2025-09-17/20-50-24/pickle/predictions_0_20250917T125050452.pkl.
[2025-09-17 20:50:50,471][src.utils.inference_utils][INFO] - Global Rank: 1 wrote 64 rows to /data/mhwang/Rec/GRID/logs/inference/runs/2025-09-17/20-50-24/pickle/predictions_1_20250917T125050469.pkl.
[2025-09-17 20:50:50,591][src.utils.inference_utils][INFO] - Global Rank: 1 wrote 64 rows to /data/mhwang/Rec/GRID/logs/inference/runs/2025-09-17/20-50-24/pickle/predictions_1_20250917T125050587.pkl.
[2025-09-17 20:50:50,609][src.utils.inference_utils][INFO] - Global Rank: 0 wrote 64 rows to /data/mhwang/Rec/GRID/logs/inference/runs/2025-09-17/20-50-24/pickle/predictions_0_20250917T125050607.pkl.
[2025-09-17 20:50:50,708][src.utils.inference_utils][INFO] - Global Rank: 1 wrote 64 rows to /data/mhwang/Rec/GRID/logs/inference/runs/2025-09-17/20-50-24/pickle/predictions_1_20250917T125050706.pkl.
[2025-09-17 20:50:50,774][src.utils.inference_utils][INFO] - Global Rank: 0 wrote 64 rows to /data/mhwang/Rec/GRID/logs/inference/runs/2025-09-17/20-50-24/pickle/predictions_0_20250917T125050772.pkl.
[2025-09-17 20:50:50,826][src.utils.inference_utils][INFO] - Global Rank: 1 wrote 64 rows to /data/mhwang/Rec/GRID/logs/inference/runs/2025-09-17/20-50-24/pickle/predictions_1_20250917T125050824.pkl.
[2025-09-17 20:50:50,939][src.utils.inference_utils][INFO] - Global Rank: 1 wrote 64 rows to /data/mhwang/Rec/GRID/logs/inference/runs/2025-09-17/20-50-24/pickle/predictions_1_20250917T125050937.pkl.
[2025-09-17 20:50:50,955][src.utils.inference_utils][INFO] - Global Rank: 0 wrote 64 rows to /data/mhwang/Rec/GRID/logs/inference/runs/2025-09-17/20-50-24/pickle/predictions_0_20250917T125050953.pkl.
[2025-09-17 20:50:51,054][src.utils.inference_utils][INFO] - Global Rank: 1 wrote 64 rows to /data/mhwang/Rec/GRID/logs/inference/runs/2025-09-17/20-50-24/pickle/predictions_1_20250917T125051052.pkl.
[2025-09-17 20:50:51,121][src.utils.inference_utils][INFO] - Global Rank: 0 wrote 64 rows to /data/mhwang/Rec/GRID/logs/inference/runs/2025-09-17/20-50-24/pickle/predictions_0_20250917T125051118.pkl.
[2025-09-17 20:50:51,177][src.utils.inference_utils][INFO] - Global Rank: 1 wrote 64 rows to /data/mhwang/Rec/GRID/logs/inference/runs/2025-09-17/20-50-24/pickle/predictions_1_20250917T125051175.pkl.
[2025-09-17 20:50:51,271][src.utils.inference_utils][INFO] - Global Rank: 0 wrote 64 rows to /data/mhwang/Rec/GRID/logs/inference/runs/2025-09-17/20-50-24/pickle/predictions_0_20250917T125051269.pkl.
[2025-09-17 20:50:51,297][src.utils.inference_utils][INFO] - Global Rank: 1 wrote 64 rows to /data/mhwang/Rec/GRID/logs/inference/runs/2025-09-17/20-50-24/pickle/predictions_1_20250917T125051296.pkl.
[2025-09-17 20:50:51,413][src.utils.inference_utils][INFO] - Global Rank: 1 wrote 64 rows to /data/mhwang/Rec/GRID/logs/inference/runs/2025-09-17/20-50-24/pickle/predictions_1_20250917T125051410.pkl.
[2025-09-17 20:50:51,421][src.utils.inference_utils][INFO] - Global Rank: 0 wrote 64 rows to /data/mhwang/Rec/GRID/logs/inference/runs/2025-09-17/20-50-24/pickle/predictions_0_20250917T125051419.pkl.
[2025-09-17 20:50:51,572][src.utils.inference_utils][INFO] - Global Rank: 1 wrote 64 rows to /data/mhwang/Rec/GRID/logs/inference/runs/2025-09-17/20-50-24/pickle/predictions_1_20250917T125051569.pkl.
[2025-09-17 20:50:51,623][src.utils.inference_utils][INFO] - Global Rank: 0 wrote 64 rows to /data/mhwang/Rec/GRID/logs/inference/runs/2025-09-17/20-50-24/pickle/predictions_0_20250917T125051620.pkl.
[2025-09-17 20:50:51,698][src.utils.inference_utils][INFO] - Global Rank: 1 wrote 64 rows to /data/mhwang/Rec/GRID/logs/inference/runs/2025-09-17/20-50-24/pickle/predictions_1_20250917T125051696.pkl.
[2025-09-17 20:50:51,769][src.utils.inference_utils][INFO] - Global Rank: 0 wrote 64 rows to /data/mhwang/Rec/GRID/logs/inference/runs/2025-09-17/20-50-24/pickle/predictions_0_20250917T125051766.pkl.
[2025-09-17 20:50:51,838][src.utils.inference_utils][INFO] - Global Rank: 1 wrote 64 rows to /data/mhwang/Rec/GRID/logs/inference/runs/2025-09-17/20-50-24/pickle/predictions_1_20250917T125051835.pkl.
[2025-09-17 20:50:51,911][src.utils.inference_utils][INFO] - Global Rank: 0 wrote 64 rows to /data/mhwang/Rec/GRID/logs/inference/runs/2025-09-17/20-50-24/pickle/predictions_0_20250917T125051909.pkl.
[2025-09-17 20:50:51,962][src.utils.inference_utils][INFO] - Global Rank: 1 wrote 64 rows to /data/mhwang/Rec/GRID/logs/inference/runs/2025-09-17/20-50-24/pickle/predictions_1_20250917T125051959.pkl.
[2025-09-17 20:50:52,055][src.utils.inference_utils][INFO] - Global Rank: 0 wrote 64 rows to /data/mhwang/Rec/GRID/logs/inference/runs/2025-09-17/20-50-24/pickle/predictions_0_20250917T125052052.pkl.
[2025-09-17 20:50:52,093][src.utils.inference_utils][INFO] - Global Rank: 1 wrote 64 rows to /data/mhwang/Rec/GRID/logs/inference/runs/2025-09-17/20-50-24/pickle/predictions_1_20250917T125052090.pkl.
[2025-09-17 20:50:52,213][src.utils.inference_utils][INFO] - Global Rank: 0 wrote 64 rows to /data/mhwang/Rec/GRID/logs/inference/runs/2025-09-17/20-50-24/pickle/predictions_0_20250917T125052210.pkl.
[2025-09-17 20:50:52,223][src.utils.inference_utils][INFO] - Global Rank: 1 wrote 64 rows to /data/mhwang/Rec/GRID/logs/inference/runs/2025-09-17/20-50-24/pickle/predictions_1_20250917T125052221.pkl.
[2025-09-17 20:50:52,356][src.utils.inference_utils][INFO] - Global Rank: 1 wrote 64 rows to /data/mhwang/Rec/GRID/logs/inference/runs/2025-09-17/20-50-24/pickle/predictions_1_20250917T125052353.pkl.
[2025-09-17 20:50:52,364][src.utils.inference_utils][INFO] - Global Rank: 0 wrote 64 rows to /data/mhwang/Rec/GRID/logs/inference/runs/2025-09-17/20-50-24/pickle/predictions_0_20250917T125052360.pkl.
[2025-09-17 20:50:52,493][src.utils.inference_utils][INFO] - Global Rank: 0 wrote 64 rows to /data/mhwang/Rec/GRID/logs/inference/runs/2025-09-17/20-50-24/pickle/predictions_0_20250917T125052489.pkl.
[2025-09-17 20:50:52,497][src.utils.inference_utils][INFO] - Global Rank: 1 wrote 64 rows to /data/mhwang/Rec/GRID/logs/inference/runs/2025-09-17/20-50-24/pickle/predictions_1_20250917T125052495.pkl.
[2025-09-17 20:50:52,638][src.utils.inference_utils][INFO] - Global Rank: 1 wrote 64 rows to /data/mhwang/Rec/GRID/logs/inference/runs/2025-09-17/20-50-24/pickle/predictions_1_20250917T125052636.pkl.
[2025-09-17 20:50:52,660][src.utils.inference_utils][INFO] - Global Rank: 0 wrote 64 rows to /data/mhwang/Rec/GRID/logs/inference/runs/2025-09-17/20-50-24/pickle/predictions_0_20250917T125052658.pkl.
[2025-09-17 20:50:52,779][src.utils.inference_utils][INFO] - Global Rank: 1 wrote 64 rows to /data/mhwang/Rec/GRID/logs/inference/runs/2025-09-17/20-50-24/pickle/predictions_1_20250917T125052777.pkl.
[2025-09-17 20:50:52,823][src.utils.inference_utils][INFO] - Global Rank: 0 wrote 64 rows to /data/mhwang/Rec/GRID/logs/inference/runs/2025-09-17/20-50-24/pickle/predictions_0_20250917T125052820.pkl.
[2025-09-17 20:50:52,916][src.utils.inference_utils][INFO] - Global Rank: 1 wrote 64 rows to /data/mhwang/Rec/GRID/logs/inference/runs/2025-09-17/20-50-24/pickle/predictions_1_20250917T125052913.pkl.
[2025-09-17 20:50:53,003][src.utils.inference_utils][INFO] - Global Rank: 0 wrote 64 rows to /data/mhwang/Rec/GRID/logs/inference/runs/2025-09-17/20-50-24/pickle/predictions_0_20250917T125053001.pkl.
[2025-09-17 20:50:53,054][src.utils.inference_utils][INFO] - Global Rank: 1 wrote 64 rows to /data/mhwang/Rec/GRID/logs/inference/runs/2025-09-17/20-50-24/pickle/predictions_1_20250917T125053052.pkl.
[2025-09-17 20:50:53,158][src.utils.inference_utils][INFO] - Global Rank: 0 wrote 64 rows to /data/mhwang/Rec/GRID/logs/inference/runs/2025-09-17/20-50-24/pickle/predictions_0_20250917T125053156.pkl.
[2025-09-17 20:50:53,198][src.utils.inference_utils][INFO] - Global Rank: 1 wrote 64 rows to /data/mhwang/Rec/GRID/logs/inference/runs/2025-09-17/20-50-24/pickle/predictions_1_20250917T125053195.pkl.
[2025-09-17 20:50:53,309][src.utils.inference_utils][INFO] - Global Rank: 0 wrote 64 rows to /data/mhwang/Rec/GRID/logs/inference/runs/2025-09-17/20-50-24/pickle/predictions_0_20250917T125053307.pkl.
[2025-09-17 20:50:53,327][src.utils.inference_utils][INFO] - Global Rank: 1 wrote 64 rows to /data/mhwang/Rec/GRID/logs/inference/runs/2025-09-17/20-50-24/pickle/predictions_1_20250917T125053325.pkl.
[2025-09-17 20:50:53,448][src.utils.inference_utils][INFO] - Global Rank: 0 wrote 64 rows to /data/mhwang/Rec/GRID/logs/inference/runs/2025-09-17/20-50-24/pickle/predictions_0_20250917T125053446.pkl.
[2025-09-17 20:50:53,467][src.utils.inference_utils][INFO] - Global Rank: 1 wrote 64 rows to /data/mhwang/Rec/GRID/logs/inference/runs/2025-09-17/20-50-24/pickle/predictions_1_20250917T125053465.pkl.
[2025-09-17 20:50:53,606][src.utils.inference_utils][INFO] - Global Rank: 0 wrote 64 rows to /data/mhwang/Rec/GRID/logs/inference/runs/2025-09-17/20-50-24/pickle/predictions_0_20250917T125053603.pkl.
[2025-09-17 20:50:53,609][src.utils.inference_utils][INFO] - Global Rank: 1 wrote 64 rows to /data/mhwang/Rec/GRID/logs/inference/runs/2025-09-17/20-50-24/pickle/predictions_1_20250917T125053606.pkl.
[2025-09-17 20:50:53,750][src.utils.inference_utils][INFO] - Global Rank: 1 wrote 64 rows to /data/mhwang/Rec/GRID/logs/inference/runs/2025-09-17/20-50-24/pickle/predictions_1_20250917T125053748.pkl.
[2025-09-17 20:50:53,759][src.utils.inference_utils][INFO] - Global Rank: 0 wrote 64 rows to /data/mhwang/Rec/GRID/logs/inference/runs/2025-09-17/20-50-24/pickle/predictions_0_20250917T125053757.pkl.
[2025-09-17 20:50:53,880][src.utils.inference_utils][INFO] - Global Rank: 1 wrote 64 rows to /data/mhwang/Rec/GRID/logs/inference/runs/2025-09-17/20-50-24/pickle/predictions_1_20250917T125053878.pkl.
[2025-09-17 20:50:53,920][src.utils.inference_utils][INFO] - Global Rank: 0 wrote 64 rows to /data/mhwang/Rec/GRID/logs/inference/runs/2025-09-17/20-50-24/pickle/predictions_0_20250917T125053917.pkl.
[2025-09-17 20:50:54,020][src.utils.inference_utils][INFO] - Global Rank: 1 wrote 64 rows to /data/mhwang/Rec/GRID/logs/inference/runs/2025-09-17/20-50-24/pickle/predictions_1_20250917T125054018.pkl.
[2025-09-17 20:50:54,057][src.utils.inference_utils][INFO] - Global Rank: 0 wrote 64 rows to /data/mhwang/Rec/GRID/logs/inference/runs/2025-09-17/20-50-24/pickle/predictions_0_20250917T125054054.pkl.
[2025-09-17 20:50:54,160][src.utils.inference_utils][INFO] - Global Rank: 1 wrote 64 rows to /data/mhwang/Rec/GRID/logs/inference/runs/2025-09-17/20-50-24/pickle/predictions_1_20250917T125054157.pkl.
[2025-09-17 20:50:54,181][src.utils.inference_utils][INFO] - Global Rank: 0 wrote 64 rows to /data/mhwang/Rec/GRID/logs/inference/runs/2025-09-17/20-50-24/pickle/predictions_0_20250917T125054177.pkl.
[2025-09-17 20:50:54,292][src.utils.inference_utils][INFO] - Global Rank: 1 wrote 64 rows to /data/mhwang/Rec/GRID/logs/inference/runs/2025-09-17/20-50-24/pickle/predictions_1_20250917T125054289.pkl.
[2025-09-17 20:50:54,328][src.utils.inference_utils][INFO] - Global Rank: 0 wrote 64 rows to /data/mhwang/Rec/GRID/logs/inference/runs/2025-09-17/20-50-24/pickle/predictions_0_20250917T125054326.pkl.
[2025-09-17 20:50:54,429][src.utils.inference_utils][INFO] - Global Rank: 1 wrote 64 rows to /data/mhwang/Rec/GRID/logs/inference/runs/2025-09-17/20-50-24/pickle/predictions_1_20250917T125054426.pkl.
[2025-09-17 20:50:54,486][src.utils.inference_utils][INFO] - Global Rank: 0 wrote 64 rows to /data/mhwang/Rec/GRID/logs/inference/runs/2025-09-17/20-50-24/pickle/predictions_0_20250917T125054484.pkl.
[2025-09-17 20:50:54,575][src.utils.inference_utils][INFO] - Global Rank: 1 wrote 64 rows to /data/mhwang/Rec/GRID/logs/inference/runs/2025-09-17/20-50-24/pickle/predictions_1_20250917T125054573.pkl.
[2025-09-17 20:50:54,630][src.utils.inference_utils][INFO] - Global Rank: 0 wrote 64 rows to /data/mhwang/Rec/GRID/logs/inference/runs/2025-09-17/20-50-24/pickle/predictions_0_20250917T125054628.pkl.
[2025-09-17 20:50:54,706][src.utils.inference_utils][INFO] - Global Rank: 1 wrote 64 rows to /data/mhwang/Rec/GRID/logs/inference/runs/2025-09-17/20-50-24/pickle/predictions_1_20250917T125054704.pkl.
[2025-09-17 20:50:54,771][src.utils.inference_utils][INFO] - Global Rank: 0 wrote 64 rows to /data/mhwang/Rec/GRID/logs/inference/runs/2025-09-17/20-50-24/pickle/predictions_0_20250917T125054769.pkl.
[2025-09-17 20:50:54,836][src.utils.inference_utils][INFO] - Global Rank: 1 wrote 64 rows to /data/mhwang/Rec/GRID/logs/inference/runs/2025-09-17/20-50-24/pickle/predictions_1_20250917T125054833.pkl.
[2025-09-17 20:50:54,898][src.utils.inference_utils][INFO] - Global Rank: 0 wrote 64 rows to /data/mhwang/Rec/GRID/logs/inference/runs/2025-09-17/20-50-24/pickle/predictions_0_20250917T125054896.pkl.
[2025-09-17 20:50:54,970][src.utils.inference_utils][INFO] - Global Rank: 1 wrote 64 rows to /data/mhwang/Rec/GRID/logs/inference/runs/2025-09-17/20-50-24/pickle/predictions_1_20250917T125054967.pkl.
[2025-09-17 20:50:55,050][src.utils.inference_utils][INFO] - Global Rank: 0 wrote 64 rows to /data/mhwang/Rec/GRID/logs/inference/runs/2025-09-17/20-50-24/pickle/predictions_0_20250917T125055048.pkl.
[2025-09-17 20:50:55,096][src.utils.inference_utils][INFO] - Global Rank: 1 wrote 64 rows to /data/mhwang/Rec/GRID/logs/inference/runs/2025-09-17/20-50-24/pickle/predictions_1_20250917T125055094.pkl.
[2025-09-17 20:50:55,221][src.utils.inference_utils][INFO] - Global Rank: 0 wrote 64 rows to /data/mhwang/Rec/GRID/logs/inference/runs/2025-09-17/20-50-24/pickle/predictions_0_20250917T125055218.pkl.
[2025-09-17 20:50:55,238][src.utils.inference_utils][INFO] - Global Rank: 1 wrote 64 rows to /data/mhwang/Rec/GRID/logs/inference/runs/2025-09-17/20-50-24/pickle/predictions_1_20250917T125055236.pkl.
[2025-09-17 20:50:55,342][src.utils.inference_utils][INFO] - Global Rank: 0 wrote 64 rows to /data/mhwang/Rec/GRID/logs/inference/runs/2025-09-17/20-50-24/pickle/predictions_0_20250917T125055340.pkl.
[2025-09-17 20:50:55,368][src.utils.inference_utils][INFO] - Global Rank: 1 wrote 64 rows to /data/mhwang/Rec/GRID/logs/inference/runs/2025-09-17/20-50-24/pickle/predictions_1_20250917T125055366.pkl.
[2025-09-17 20:50:55,529][src.utils.inference_utils][INFO] - Global Rank: 0 wrote 64 rows to /data/mhwang/Rec/GRID/logs/inference/runs/2025-09-17/20-50-24/pickle/predictions_0_20250917T125055526.pkl.
[2025-09-17 20:50:55,563][src.utils.inference_utils][INFO] - Global Rank: 1 wrote 64 rows to /data/mhwang/Rec/GRID/logs/inference/runs/2025-09-17/20-50-24/pickle/predictions_1_20250917T125055560.pkl.
[2025-09-17 20:50:55,751][src.utils.inference_utils][INFO] - Global Rank: 0 wrote 64 rows to /data/mhwang/Rec/GRID/logs/inference/runs/2025-09-17/20-50-24/pickle/predictions_0_20250917T125055747.pkl.
[2025-09-17 20:50:55,810][src.utils.inference_utils][INFO] - Global Rank: 1 wrote 64 rows to /data/mhwang/Rec/GRID/logs/inference/runs/2025-09-17/20-50-24/pickle/predictions_1_20250917T125055807.pkl.
[2025-09-17 20:50:55,912][src.utils.inference_utils][INFO] - Global Rank: 0 wrote 64 rows to /data/mhwang/Rec/GRID/logs/inference/runs/2025-09-17/20-50-24/pickle/predictions_0_20250917T125055909.pkl.
[2025-09-17 20:50:56,037][src.utils.inference_utils][INFO] - Global Rank: 1 wrote 64 rows to /data/mhwang/Rec/GRID/logs/inference/runs/2025-09-17/20-50-24/pickle/predictions_1_20250917T125056034.pkl.
[2025-09-17 20:50:56,076][src.utils.inference_utils][INFO] - Global Rank: 0 wrote 64 rows to /data/mhwang/Rec/GRID/logs/inference/runs/2025-09-17/20-50-24/pickle/predictions_0_20250917T125056075.pkl.
[2025-09-17 20:50:56,231][src.utils.inference_utils][INFO] - Global Rank: 0 wrote 64 rows to /data/mhwang/Rec/GRID/logs/inference/runs/2025-09-17/20-50-24/pickle/predictions_0_20250917T125056229.pkl.
[2025-09-17 20:50:56,249][src.utils.inference_utils][INFO] - Global Rank: 1 wrote 64 rows to /data/mhwang/Rec/GRID/logs/inference/runs/2025-09-17/20-50-24/pickle/predictions_1_20250917T125056246.pkl.
[2025-09-17 20:50:56,401][src.utils.inference_utils][INFO] - Global Rank: 0 wrote 64 rows to /data/mhwang/Rec/GRID/logs/inference/runs/2025-09-17/20-50-24/pickle/predictions_0_20250917T125056399.pkl.
[2025-09-17 20:50:56,462][src.utils.inference_utils][INFO] - Global Rank: 1 wrote 64 rows to /data/mhwang/Rec/GRID/logs/inference/runs/2025-09-17/20-50-24/pickle/predictions_1_20250917T125056459.pkl.
[2025-09-17 20:50:56,568][src.utils.inference_utils][INFO] - Global Rank: 0 wrote 64 rows to /data/mhwang/Rec/GRID/logs/inference/runs/2025-09-17/20-50-24/pickle/predictions_0_20250917T125056566.pkl.
[2025-09-17 20:50:56,682][src.utils.inference_utils][INFO] - Global Rank: 1 wrote 64 rows to /data/mhwang/Rec/GRID/logs/inference/runs/2025-09-17/20-50-24/pickle/predictions_1_20250917T125056679.pkl.
[2025-09-17 20:50:56,711][src.utils.inference_utils][INFO] - Global Rank: 1 wrote 20 rows to /data/mhwang/Rec/GRID/logs/inference/runs/2025-09-17/20-50-24/pickle/predictions_1_20250917T125056710.pkl.
[2025-09-17 20:50:56,711][src.utils.inference_utils][INFO] - Rank 1 finished writing predictions.
[2025-09-17 20:50:56,733][src.utils.inference_utils][INFO] - Global Rank: 0 wrote 64 rows to /data/mhwang/Rec/GRID/logs/inference/runs/2025-09-17/20-50-24/pickle/predictions_0_20250917T125056731.pkl.
[2025-09-17 20:50:56,894][src.utils.inference_utils][INFO] - Global Rank: 0 wrote 64 rows to /data/mhwang/Rec/GRID/logs/inference/runs/2025-09-17/20-50-24/pickle/predictions_0_20250917T125056891.pkl.
[2025-09-17 20:50:57,038][src.utils.inference_utils][INFO] - Global Rank: 0 wrote 64 rows to /data/mhwang/Rec/GRID/logs/inference/runs/2025-09-17/20-50-24/pickle/predictions_0_20250917T125057036.pkl.
[2025-09-17 20:50:57,180][src.utils.inference_utils][INFO] - Global Rank: 0 wrote 64 rows to /data/mhwang/Rec/GRID/logs/inference/runs/2025-09-17/20-50-24/pickle/predictions_0_20250917T125057177.pkl.
[2025-09-17 20:50:57,346][src.utils.inference_utils][INFO] - Global Rank: 0 wrote 64 rows to /data/mhwang/Rec/GRID/logs/inference/runs/2025-09-17/20-50-24/pickle/predictions_0_20250917T125057343.pkl.
[2025-09-17 20:50:57,488][src.utils.inference_utils][INFO] - Global Rank: 0 wrote 64 rows to /data/mhwang/Rec/GRID/logs/inference/runs/2025-09-17/20-50-24/pickle/predictions_0_20250917T125057485.pkl.
[2025-09-17 20:50:57,638][src.utils.inference_utils][INFO] - Global Rank: 0 wrote 64 rows to /data/mhwang/Rec/GRID/logs/inference/runs/2025-09-17/20-50-24/pickle/predictions_0_20250917T125057635.pkl.
[2025-09-17 20:50:57,761][src.utils.inference_utils][INFO] - Global Rank: 0 wrote 64 rows to /data/mhwang/Rec/GRID/logs/inference/runs/2025-09-17/20-50-24/pickle/predictions_0_20250917T125057758.pkl.
[2025-09-17 20:50:57,926][src.utils.inference_utils][INFO] - Global Rank: 0 wrote 64 rows to /data/mhwang/Rec/GRID/logs/inference/runs/2025-09-17/20-50-24/pickle/predictions_0_20250917T125057923.pkl.
[2025-09-17 20:50:58,089][src.utils.inference_utils][INFO] - Global Rank: 0 wrote 64 rows to /data/mhwang/Rec/GRID/logs/inference/runs/2025-09-17/20-50-24/pickle/predictions_0_20250917T125058086.pkl.
[2025-09-17 20:50:58,211][src.utils.inference_utils][INFO] - Global Rank: 0 wrote 64 rows to /data/mhwang/Rec/GRID/logs/inference/runs/2025-09-17/20-50-24/pickle/predictions_0_20250917T125058209.pkl.
[2025-09-17 20:50:58,366][src.utils.inference_utils][INFO] - Global Rank: 0 wrote 64 rows to /data/mhwang/Rec/GRID/logs/inference/runs/2025-09-17/20-50-24/pickle/predictions_0_20250917T125058364.pkl.
[2025-09-17 20:50:58,515][src.utils.inference_utils][INFO] - Global Rank: 0 wrote 64 rows to /data/mhwang/Rec/GRID/logs/inference/runs/2025-09-17/20-50-24/pickle/predictions_0_20250917T125058508.pkl.
[2025-09-17 20:50:58,517][src.utils.inference_utils][INFO] - Buffer is empty, nothing to flush.
[2025-09-17 20:50:58,517][src.utils.inference_utils][INFO] - Rank 0 finished writing predictions.
[2025-09-17 20:50:58,518][src.utils.inference_utils][INFO] - Merging pickle files on main process.
[2025-09-17 20:50:59,626][src.utils.inference_utils][INFO] - Merged 11924 rows into merged_predictions.pkl.
[2025-09-17 20:51:01,145][src.utils.inference_utils][INFO] - Merged 11924 rows into merged_predictions_tensor.pt. as pytorch tensor
