[2025-11-03 02:31:15,883][src.utils.utils][INFO] - [rank: 0] Enforcing tags! <cfg.extras.enforce_tags=True>
[2025-11-03 02:31:15,891][src.utils.utils][INFO] - [rank: 0] Printing config tree with Rich! <cfg.extras.print_config=True>
[2025-11-03 02:31:15,891][src.utils.restart_job][INFO] - [rank: 0] should_skip_retry set to True. Skipping retry logic.
[2025-11-03 02:31:15,895][src.utils.launcher_utils][INFO] - [rank: 0] Instantiating datamodule <src.data.loading.datamodules.sequence_datamodule.SequenceDataModule>
[2025-11-03 02:31:15,987][src.utils.launcher_utils][INFO] - [rank: 0] Instantiating model <src.models.modules.semantic_id.tiger_generation_model.SemanticIDEncoderDecoder>
[2025-11-03 02:31:16,249][src.models.modules.semantic_id.tiger_generation_model][INFO] - [rank: 0] i am here
[2025-11-03 02:31:16,604][src.utils.launcher_utils][INFO] - [rank: 0] Instantiating callbacks...
[2025-11-03 02:31:16,605][src.utils.instantiators][INFO] - [rank: 0] Instantiating callback <lightning.pytorch.callbacks.ModelCheckpoint>
[2025-11-03 02:31:16,609][src.utils.instantiators][INFO] - [rank: 0] Instantiating callback <lightning.pytorch.callbacks.EarlyStopping>
[2025-11-03 02:31:16,613][src.utils.instantiators][INFO] - [rank: 0] Instantiating callback <lightning.pytorch.callbacks.RichModelSummary>
[2025-11-03 02:31:16,614][src.utils.instantiators][INFO] - [rank: 0] Instantiating callback <src.utils.restart_job.RestartAndLoadCheckpointCallback>
[2025-11-03 02:31:16,617][src.utils.restart_job_utils][INFO] - [rank: 0] Trying to load metadata from /data/mhwang/Rec/GRID/logs/train/runs/2025-11-03/02-31-15/metadata/restart_metadata.json
[2025-11-03 02:31:16,617][src.utils.restart_job_utils][WARNING] - [rank: 0] Metadata file not found at /data/mhwang/Rec/GRID/logs/train/runs/2025-11-03/02-31-15/metadata/restart_metadata.json. Creating empty metadata.
[2025-11-03 02:31:16,617][src.utils.restart_job_utils][INFO] - [rank: 0] Saving metadata to /data/mhwang/Rec/GRID/logs/train/runs/2025-11-03/02-31-15/metadata/restart_metadata.json. {'start_time': '2025-11-03T02:31:16.617825', 'restarts': [], 'current_run': 0, 'used_ports': [], 'world_size': 0, 'node_rank': 0, 'master_addr': '', 'original_args': ['/data/mhwang/Rec/GRID/src/train.py', 'experiment=tiger_train_flat', 'data_dir=/data/mhwang/Rec/GRID/amazon_data/toys', 'semantic_id_path=/data/mhwang/Rec/GRID/logs/inference/runs/2025-09-17/21-57-54/pickle/merged_predictions_tensor.pt', 'num_hierarchies=4', '++should_skip_retry=True']}
[2025-11-03 02:31:16,618][src.utils.launcher_utils][INFO] - [rank: 0] Instantiating loggers...
[2025-11-03 02:31:16,618][src.utils.instantiators][INFO] - [rank: 0] Instantiating logger <lightning.pytorch.loggers.csv_logs.CSVLogger>
[2025-11-03 02:31:16,621][src.utils.launcher_utils][INFO] - [rank: 0] Instantiating trainer <lightning.pytorch.trainer.Trainer>
[2025-11-03 02:31:16,623][src.utils.restart_job_utils][INFO] - [rank: 0] Trying to load metadata from /data/mhwang/Rec/GRID/logs/train/runs/2025-11-03/02-31-15/metadata/restart_metadata.json
[2025-11-03 02:31:16,624][src.utils.restart_job_utils][INFO] - [rank: 0] Metadata loaded successfully from /data/mhwang/Rec/GRID/logs/train/runs/2025-11-03/02-31-15/metadata/restart_metadata.json
[2025-11-03 02:31:16,624][src.utils.restart_job_utils][INFO] - [rank: 0] Retrieved current_run: 0 from metadata /data/mhwang/Rec/GRID/logs/train/runs/2025-11-03/02-31-15/metadata/restart_metadata.json
[2025-11-03 02:31:16,750][src.utils.launcher_utils][INFO] - [rank: 0] Logging hyperparameters!
[2025-11-03 02:31:17,071][__main__][INFO] - [rank: 0] Starting training!
[2025-11-03 02:31:19,976][src.utils.restart_job_utils][INFO] - [rank: 0] Saving metadata to /data/mhwang/Rec/GRID/logs/train/runs/2025-11-03/02-31-15/metadata/restart_metadata.json. {'start_time': '2025-11-03T02:31:16.617825', 'restarts': [], 'current_run': 0, 'used_ports': ['53391'], 'world_size': 1, 'node_rank': 0, 'master_addr': '127.0.0.1', 'original_args': ['/data/mhwang/Rec/GRID/src/train.py', 'experiment=tiger_train_flat', 'data_dir=/data/mhwang/Rec/GRID/amazon_data/toys', 'semantic_id_path=/data/mhwang/Rec/GRID/logs/inference/runs/2025-09-17/21-57-54/pickle/merged_predictions_tensor.pt', 'num_hierarchies=4', '++should_skip_retry=True']}
[2025-11-03 11:43:56,694][__main__][INFO] - [rank: 0] Starting testing!
[2025-11-03 11:48:32,722][__main__][INFO] - [rank: 0] Best ckpt path: /data/mhwang/Rec/GRID/logs/train/runs/2025-11-03/02-31-15/checkpoints/checkpoint_epoch=000_step=005000.ckpt
[2025-11-03 11:48:32,798][__main__][INFO] - [rank: 0] Metrics: {'train/loss': tensor(8.1764), 'train/loss_step': tensor(5.5601), 'val/loss': tensor(9.6255), 'val/ndcg@5': tensor(0.0353), 'val/ndcg@10': tensor(0.0432), 'val/recall@5': tensor(0.0512), 'val/recall@10': tensor(0.0756), 'train/loss_epoch': tensor(8.1764), 'test/loss': tensor(10.0065), 'test/ndcg@5': tensor(0.0269), 'test/ndcg@10': tensor(0.0332), 'test/recall@5': tensor(0.0406), 'test/recall@10': tensor(0.0599)}
