[2025-11-26 21:19:31,040][src.utils.utils][INFO] - [rank: 0] Enforcing tags! <cfg.extras.enforce_tags=True>
[2025-11-26 21:19:31,044][src.utils.utils][WARNING] - [rank: 0] Config loss was not found in the config tree. Make sure this is expected.
[2025-11-26 21:19:31,045][src.utils.utils][WARNING] - [rank: 0] Config optim was not found in the config tree. Make sure this is expected.
[2025-11-26 21:19:31,045][src.utils.utils][WARNING] - [rank: 0] Config eval was not found in the config tree. Make sure this is expected.
[2025-11-26 21:19:34,045][src.utils.utils][INFO] - [rank: 0] Printing config tree with Rich! <cfg.extras.print_config=True>
[2025-11-26 21:19:34,051][src.utils.launcher_utils][INFO] - [rank: 0] Instantiating datamodule <src.data.loading.datamodules.sequence_datamodule.ItemDataModule>
[2025-11-26 21:19:34,483][src.utils.launcher_utils][INFO] - [rank: 0] Instantiating model <src.modules.semantic_embedding_inference_module.SemanticEmbeddingInferenceModule>
[2025-11-26 21:19:51,231][src.utils.launcher_utils][INFO] - [rank: 0] Instantiating callbacks...
[2025-11-26 21:19:51,232][src.utils.instantiators][INFO] - [rank: 0] Instantiating callback <src.utils.inference_utils.LocalPickleWriter>
[2025-11-26 21:19:51,355][src.utils.launcher_utils][INFO] - [rank: 0] Instantiating loggers...
[2025-11-26 21:19:51,356][src.utils.instantiators][INFO] - [rank: 0] Instantiating logger <lightning.pytorch.loggers.csv_logs.CSVLogger>
[2025-11-26 21:19:51,358][src.utils.launcher_utils][INFO] - [rank: 0] Instantiating trainer <lightning.pytorch.trainer.Trainer>
[2025-11-26 21:19:51,445][src.utils.launcher_utils][INFO] - [rank: 0] Logging hyperparameters!
[2025-11-26 21:19:51,568][__main__][INFO] - [rank: 0] Starting inference!
[2025-11-26 21:19:51,568][__main__][WARNING] - [rank: 0] No ckpt_path was provided. If using a model you trained, this is mandatory. Only leave ckpt_path=None if using a pre-trained model.
[2025-11-26 21:20:22,732][src.utils.inference_utils][INFO] - Rank 0 initialized for inference.
[2025-11-26 21:20:22,732][src.utils.inference_utils][INFO] - Rank 1 initialized for inference.
[2025-11-26 21:20:22,732][src.utils.inference_utils][INFO] - Rank 2 initialized for inference.
[2025-11-26 21:20:22,733][src.utils.inference_utils][INFO] - Rank 3 initialized for inference.
[2025-11-26 21:20:31,220][src.utils.inference_utils][INFO] - Global Rank: 0 wrote 64 rows to /data/mhwang/Rec/GRID/logs/inference/runs/2025-11-26/21-19-30/pickle/predictions_0_20251126T132031212.pkl.
[2025-11-26 21:20:31,227][src.utils.inference_utils][INFO] - Global Rank: 2 wrote 64 rows to /data/mhwang/Rec/GRID/logs/inference/runs/2025-11-26/21-19-30/pickle/predictions_2_20251126T132031219.pkl.
[2025-11-26 21:20:31,232][src.utils.inference_utils][INFO] - Global Rank: 3 wrote 64 rows to /data/mhwang/Rec/GRID/logs/inference/runs/2025-11-26/21-19-30/pickle/predictions_3_20251126T132031225.pkl.
[2025-11-26 21:20:31,273][src.utils.inference_utils][INFO] - Global Rank: 1 wrote 64 rows to /data/mhwang/Rec/GRID/logs/inference/runs/2025-11-26/21-19-30/pickle/predictions_1_20251126T132031265.pkl.
[2025-11-26 21:20:32,658][src.utils.inference_utils][INFO] - Global Rank: 3 wrote 64 rows to /data/mhwang/Rec/GRID/logs/inference/runs/2025-11-26/21-19-30/pickle/predictions_3_20251126T132032650.pkl.
[2025-11-26 21:20:32,661][src.utils.inference_utils][INFO] - Global Rank: 2 wrote 64 rows to /data/mhwang/Rec/GRID/logs/inference/runs/2025-11-26/21-19-30/pickle/predictions_2_20251126T132032651.pkl.
[2025-11-26 21:20:32,711][src.utils.inference_utils][INFO] - Global Rank: 0 wrote 64 rows to /data/mhwang/Rec/GRID/logs/inference/runs/2025-11-26/21-19-30/pickle/predictions_0_20251126T132032703.pkl.
[2025-11-26 21:20:32,753][src.utils.inference_utils][INFO] - Global Rank: 1 wrote 64 rows to /data/mhwang/Rec/GRID/logs/inference/runs/2025-11-26/21-19-30/pickle/predictions_1_20251126T132032744.pkl.
[2025-11-26 21:20:34,089][src.utils.inference_utils][INFO] - Global Rank: 2 wrote 64 rows to /data/mhwang/Rec/GRID/logs/inference/runs/2025-11-26/21-19-30/pickle/predictions_2_20251126T132034079.pkl.
[2025-11-26 21:20:34,100][src.utils.inference_utils][INFO] - Global Rank: 3 wrote 64 rows to /data/mhwang/Rec/GRID/logs/inference/runs/2025-11-26/21-19-30/pickle/predictions_3_20251126T132034090.pkl.
[2025-11-26 21:20:34,194][src.utils.inference_utils][INFO] - Global Rank: 0 wrote 64 rows to /data/mhwang/Rec/GRID/logs/inference/runs/2025-11-26/21-19-30/pickle/predictions_0_20251126T132034186.pkl.
[2025-11-26 21:20:34,238][src.utils.inference_utils][INFO] - Global Rank: 1 wrote 64 rows to /data/mhwang/Rec/GRID/logs/inference/runs/2025-11-26/21-19-30/pickle/predictions_1_20251126T132034229.pkl.
[2025-11-26 21:20:35,517][src.utils.inference_utils][INFO] - Global Rank: 2 wrote 64 rows to /data/mhwang/Rec/GRID/logs/inference/runs/2025-11-26/21-19-30/pickle/predictions_2_20251126T132035508.pkl.
[2025-11-26 21:20:35,539][src.utils.inference_utils][INFO] - Global Rank: 3 wrote 64 rows to /data/mhwang/Rec/GRID/logs/inference/runs/2025-11-26/21-19-30/pickle/predictions_3_20251126T132035530.pkl.
[2025-11-26 21:20:35,674][src.utils.inference_utils][INFO] - Global Rank: 0 wrote 64 rows to /data/mhwang/Rec/GRID/logs/inference/runs/2025-11-26/21-19-30/pickle/predictions_0_20251126T132035666.pkl.
[2025-11-26 21:20:35,723][src.utils.inference_utils][INFO] - Global Rank: 1 wrote 64 rows to /data/mhwang/Rec/GRID/logs/inference/runs/2025-11-26/21-19-30/pickle/predictions_1_20251126T132035714.pkl.
[2025-11-26 21:20:36,945][src.utils.inference_utils][INFO] - Global Rank: 2 wrote 64 rows to /data/mhwang/Rec/GRID/logs/inference/runs/2025-11-26/21-19-30/pickle/predictions_2_20251126T132036937.pkl.
[2025-11-26 21:20:37,130][src.utils.inference_utils][INFO] - Global Rank: 3 wrote 64 rows to /data/mhwang/Rec/GRID/logs/inference/runs/2025-11-26/21-19-30/pickle/predictions_3_20251126T132037121.pkl.
[2025-11-26 21:20:37,155][src.utils.inference_utils][INFO] - Global Rank: 0 wrote 64 rows to /data/mhwang/Rec/GRID/logs/inference/runs/2025-11-26/21-19-30/pickle/predictions_0_20251126T132037147.pkl.
[2025-11-26 21:20:37,204][src.utils.inference_utils][INFO] - Global Rank: 1 wrote 64 rows to /data/mhwang/Rec/GRID/logs/inference/runs/2025-11-26/21-19-30/pickle/predictions_1_20251126T132037196.pkl.
[2025-11-26 21:20:38,388][src.utils.inference_utils][INFO] - Global Rank: 2 wrote 64 rows to /data/mhwang/Rec/GRID/logs/inference/runs/2025-11-26/21-19-30/pickle/predictions_2_20251126T132038380.pkl.
[2025-11-26 21:20:38,649][src.utils.inference_utils][INFO] - Global Rank: 0 wrote 64 rows to /data/mhwang/Rec/GRID/logs/inference/runs/2025-11-26/21-19-30/pickle/predictions_0_20251126T132038638.pkl.
[2025-11-26 21:20:38,687][src.utils.inference_utils][INFO] - Global Rank: 1 wrote 64 rows to /data/mhwang/Rec/GRID/logs/inference/runs/2025-11-26/21-19-30/pickle/predictions_1_20251126T132038677.pkl.
[2025-11-26 21:20:38,713][src.utils.inference_utils][INFO] - Global Rank: 3 wrote 64 rows to /data/mhwang/Rec/GRID/logs/inference/runs/2025-11-26/21-19-30/pickle/predictions_3_20251126T132038704.pkl.
[2025-11-26 21:20:39,827][src.utils.inference_utils][INFO] - Global Rank: 2 wrote 64 rows to /data/mhwang/Rec/GRID/logs/inference/runs/2025-11-26/21-19-30/pickle/predictions_2_20251126T132039817.pkl.
[2025-11-26 21:20:40,138][src.utils.inference_utils][INFO] - Global Rank: 0 wrote 64 rows to /data/mhwang/Rec/GRID/logs/inference/runs/2025-11-26/21-19-30/pickle/predictions_0_20251126T132040129.pkl.
[2025-11-26 21:20:40,176][src.utils.inference_utils][INFO] - Global Rank: 1 wrote 64 rows to /data/mhwang/Rec/GRID/logs/inference/runs/2025-11-26/21-19-30/pickle/predictions_1_20251126T132040166.pkl.
[2025-11-26 21:20:40,315][src.utils.inference_utils][INFO] - Global Rank: 3 wrote 64 rows to /data/mhwang/Rec/GRID/logs/inference/runs/2025-11-26/21-19-30/pickle/predictions_3_20251126T132040305.pkl.
[2025-11-26 21:20:41,263][src.utils.inference_utils][INFO] - Global Rank: 2 wrote 64 rows to /data/mhwang/Rec/GRID/logs/inference/runs/2025-11-26/21-19-30/pickle/predictions_2_20251126T132041254.pkl.
[2025-11-26 21:20:41,625][src.utils.inference_utils][INFO] - Global Rank: 0 wrote 64 rows to /data/mhwang/Rec/GRID/logs/inference/runs/2025-11-26/21-19-30/pickle/predictions_0_20251126T132041617.pkl.
[2025-11-26 21:20:41,668][src.utils.inference_utils][INFO] - Global Rank: 1 wrote 64 rows to /data/mhwang/Rec/GRID/logs/inference/runs/2025-11-26/21-19-30/pickle/predictions_1_20251126T132041659.pkl.
[2025-11-26 21:20:41,950][src.utils.inference_utils][INFO] - Global Rank: 3 wrote 64 rows to /data/mhwang/Rec/GRID/logs/inference/runs/2025-11-26/21-19-30/pickle/predictions_3_20251126T132041942.pkl.
[2025-11-26 21:20:42,698][src.utils.inference_utils][INFO] - Global Rank: 2 wrote 64 rows to /data/mhwang/Rec/GRID/logs/inference/runs/2025-11-26/21-19-30/pickle/predictions_2_20251126T132042690.pkl.
[2025-11-26 21:20:43,113][src.utils.inference_utils][INFO] - Global Rank: 0 wrote 64 rows to /data/mhwang/Rec/GRID/logs/inference/runs/2025-11-26/21-19-30/pickle/predictions_0_20251126T132043104.pkl.
[2025-11-26 21:20:43,166][src.utils.inference_utils][INFO] - Global Rank: 1 wrote 64 rows to /data/mhwang/Rec/GRID/logs/inference/runs/2025-11-26/21-19-30/pickle/predictions_1_20251126T132043151.pkl.
[2025-11-26 21:20:43,584][src.utils.inference_utils][INFO] - Global Rank: 3 wrote 64 rows to /data/mhwang/Rec/GRID/logs/inference/runs/2025-11-26/21-19-30/pickle/predictions_3_20251126T132043577.pkl.
[2025-11-26 21:20:44,131][src.utils.inference_utils][INFO] - Global Rank: 2 wrote 64 rows to /data/mhwang/Rec/GRID/logs/inference/runs/2025-11-26/21-19-30/pickle/predictions_2_20251126T132044122.pkl.
[2025-11-26 21:20:44,599][src.utils.inference_utils][INFO] - Global Rank: 0 wrote 64 rows to /data/mhwang/Rec/GRID/logs/inference/runs/2025-11-26/21-19-30/pickle/predictions_0_20251126T132044589.pkl.
[2025-11-26 21:20:44,657][src.utils.inference_utils][INFO] - Global Rank: 1 wrote 64 rows to /data/mhwang/Rec/GRID/logs/inference/runs/2025-11-26/21-19-30/pickle/predictions_1_20251126T132044649.pkl.
[2025-11-26 21:20:45,220][src.utils.inference_utils][INFO] - Global Rank: 3 wrote 64 rows to /data/mhwang/Rec/GRID/logs/inference/runs/2025-11-26/21-19-30/pickle/predictions_3_20251126T132045213.pkl.
[2025-11-26 21:20:45,569][src.utils.inference_utils][INFO] - Global Rank: 2 wrote 64 rows to /data/mhwang/Rec/GRID/logs/inference/runs/2025-11-26/21-19-30/pickle/predictions_2_20251126T132045560.pkl.
[2025-11-26 21:20:46,085][src.utils.inference_utils][INFO] - Global Rank: 0 wrote 64 rows to /data/mhwang/Rec/GRID/logs/inference/runs/2025-11-26/21-19-30/pickle/predictions_0_20251126T132046075.pkl.
[2025-11-26 21:20:46,150][src.utils.inference_utils][INFO] - Global Rank: 1 wrote 64 rows to /data/mhwang/Rec/GRID/logs/inference/runs/2025-11-26/21-19-30/pickle/predictions_1_20251126T132046141.pkl.
[2025-11-26 21:20:46,858][src.utils.inference_utils][INFO] - Global Rank: 3 wrote 64 rows to /data/mhwang/Rec/GRID/logs/inference/runs/2025-11-26/21-19-30/pickle/predictions_3_20251126T132046850.pkl.
[2025-11-26 21:20:47,002][src.utils.inference_utils][INFO] - Global Rank: 2 wrote 64 rows to /data/mhwang/Rec/GRID/logs/inference/runs/2025-11-26/21-19-30/pickle/predictions_2_20251126T132046994.pkl.
[2025-11-26 21:20:47,571][src.utils.inference_utils][INFO] - Global Rank: 0 wrote 64 rows to /data/mhwang/Rec/GRID/logs/inference/runs/2025-11-26/21-19-30/pickle/predictions_0_20251126T132047563.pkl.
[2025-11-26 21:20:47,638][src.utils.inference_utils][INFO] - Global Rank: 1 wrote 64 rows to /data/mhwang/Rec/GRID/logs/inference/runs/2025-11-26/21-19-30/pickle/predictions_1_20251126T132047630.pkl.
[2025-11-26 21:20:48,438][src.utils.inference_utils][INFO] - Global Rank: 2 wrote 64 rows to /data/mhwang/Rec/GRID/logs/inference/runs/2025-11-26/21-19-30/pickle/predictions_2_20251126T132048431.pkl.
[2025-11-26 21:20:48,489][src.utils.inference_utils][INFO] - Global Rank: 3 wrote 64 rows to /data/mhwang/Rec/GRID/logs/inference/runs/2025-11-26/21-19-30/pickle/predictions_3_20251126T132048481.pkl.
[2025-11-26 21:20:49,059][src.utils.inference_utils][INFO] - Global Rank: 0 wrote 64 rows to /data/mhwang/Rec/GRID/logs/inference/runs/2025-11-26/21-19-30/pickle/predictions_0_20251126T132049050.pkl.
[2025-11-26 21:20:49,123][src.utils.inference_utils][INFO] - Global Rank: 1 wrote 64 rows to /data/mhwang/Rec/GRID/logs/inference/runs/2025-11-26/21-19-30/pickle/predictions_1_20251126T132049115.pkl.
[2025-11-26 21:20:49,873][src.utils.inference_utils][INFO] - Global Rank: 2 wrote 64 rows to /data/mhwang/Rec/GRID/logs/inference/runs/2025-11-26/21-19-30/pickle/predictions_2_20251126T132049866.pkl.
[2025-11-26 21:20:50,127][src.utils.inference_utils][INFO] - Global Rank: 3 wrote 64 rows to /data/mhwang/Rec/GRID/logs/inference/runs/2025-11-26/21-19-30/pickle/predictions_3_20251126T132050119.pkl.
[2025-11-26 21:20:50,540][src.utils.inference_utils][INFO] - Global Rank: 0 wrote 64 rows to /data/mhwang/Rec/GRID/logs/inference/runs/2025-11-26/21-19-30/pickle/predictions_0_20251126T132050532.pkl.
[2025-11-26 21:20:50,610][src.utils.inference_utils][INFO] - Global Rank: 1 wrote 64 rows to /data/mhwang/Rec/GRID/logs/inference/runs/2025-11-26/21-19-30/pickle/predictions_1_20251126T132050602.pkl.
[2025-11-26 21:20:51,313][src.utils.inference_utils][INFO] - Global Rank: 2 wrote 64 rows to /data/mhwang/Rec/GRID/logs/inference/runs/2025-11-26/21-19-30/pickle/predictions_2_20251126T132051305.pkl.
[2025-11-26 21:20:51,765][src.utils.inference_utils][INFO] - Global Rank: 3 wrote 64 rows to /data/mhwang/Rec/GRID/logs/inference/runs/2025-11-26/21-19-30/pickle/predictions_3_20251126T132051757.pkl.
[2025-11-26 21:20:52,023][src.utils.inference_utils][INFO] - Global Rank: 0 wrote 64 rows to /data/mhwang/Rec/GRID/logs/inference/runs/2025-11-26/21-19-30/pickle/predictions_0_20251126T132052013.pkl.
[2025-11-26 21:20:52,097][src.utils.inference_utils][INFO] - Global Rank: 1 wrote 64 rows to /data/mhwang/Rec/GRID/logs/inference/runs/2025-11-26/21-19-30/pickle/predictions_1_20251126T132052089.pkl.
[2025-11-26 21:20:52,748][src.utils.inference_utils][INFO] - Global Rank: 2 wrote 64 rows to /data/mhwang/Rec/GRID/logs/inference/runs/2025-11-26/21-19-30/pickle/predictions_2_20251126T132052741.pkl.
[2025-11-26 21:20:53,419][src.utils.inference_utils][INFO] - Global Rank: 3 wrote 64 rows to /data/mhwang/Rec/GRID/logs/inference/runs/2025-11-26/21-19-30/pickle/predictions_3_20251126T132053409.pkl.
[2025-11-26 21:20:53,501][src.utils.inference_utils][INFO] - Global Rank: 0 wrote 64 rows to /data/mhwang/Rec/GRID/logs/inference/runs/2025-11-26/21-19-30/pickle/predictions_0_20251126T132053494.pkl.
[2025-11-26 21:20:53,583][src.utils.inference_utils][INFO] - Global Rank: 1 wrote 64 rows to /data/mhwang/Rec/GRID/logs/inference/runs/2025-11-26/21-19-30/pickle/predictions_1_20251126T132053575.pkl.
[2025-11-26 21:20:54,187][src.utils.inference_utils][INFO] - Global Rank: 2 wrote 64 rows to /data/mhwang/Rec/GRID/logs/inference/runs/2025-11-26/21-19-30/pickle/predictions_2_20251126T132054179.pkl.
[2025-11-26 21:20:54,923][src.utils.inference_utils][INFO] - Global Rank: 3 wrote 64 rows to /data/mhwang/Rec/GRID/logs/inference/runs/2025-11-26/21-19-30/pickle/predictions_3_20251126T132054913.pkl.
[2025-11-26 21:20:54,980][src.utils.inference_utils][INFO] - Global Rank: 0 wrote 64 rows to /data/mhwang/Rec/GRID/logs/inference/runs/2025-11-26/21-19-30/pickle/predictions_0_20251126T132054972.pkl.
[2025-11-26 21:20:55,067][src.utils.inference_utils][INFO] - Global Rank: 1 wrote 64 rows to /data/mhwang/Rec/GRID/logs/inference/runs/2025-11-26/21-19-30/pickle/predictions_1_20251126T132055058.pkl.
[2025-11-26 21:20:55,629][src.utils.inference_utils][INFO] - Global Rank: 2 wrote 64 rows to /data/mhwang/Rec/GRID/logs/inference/runs/2025-11-26/21-19-30/pickle/predictions_2_20251126T132055621.pkl.
[2025-11-26 21:20:56,370][src.utils.inference_utils][INFO] - Global Rank: 3 wrote 64 rows to /data/mhwang/Rec/GRID/logs/inference/runs/2025-11-26/21-19-30/pickle/predictions_3_20251126T132056360.pkl.
[2025-11-26 21:20:56,465][src.utils.inference_utils][INFO] - Global Rank: 0 wrote 64 rows to /data/mhwang/Rec/GRID/logs/inference/runs/2025-11-26/21-19-30/pickle/predictions_0_20251126T132056457.pkl.
[2025-11-26 21:20:56,556][src.utils.inference_utils][INFO] - Global Rank: 1 wrote 64 rows to /data/mhwang/Rec/GRID/logs/inference/runs/2025-11-26/21-19-30/pickle/predictions_1_20251126T132056548.pkl.
[2025-11-26 21:20:57,066][src.utils.inference_utils][INFO] - Global Rank: 2 wrote 64 rows to /data/mhwang/Rec/GRID/logs/inference/runs/2025-11-26/21-19-30/pickle/predictions_2_20251126T132057059.pkl.
[2025-11-26 21:20:57,817][src.utils.inference_utils][INFO] - Global Rank: 3 wrote 64 rows to /data/mhwang/Rec/GRID/logs/inference/runs/2025-11-26/21-19-30/pickle/predictions_3_20251126T132057808.pkl.
[2025-11-26 21:20:57,954][src.utils.inference_utils][INFO] - Global Rank: 0 wrote 64 rows to /data/mhwang/Rec/GRID/logs/inference/runs/2025-11-26/21-19-30/pickle/predictions_0_20251126T132057946.pkl.
[2025-11-26 21:20:58,038][src.utils.inference_utils][INFO] - Global Rank: 1 wrote 64 rows to /data/mhwang/Rec/GRID/logs/inference/runs/2025-11-26/21-19-30/pickle/predictions_1_20251126T132058030.pkl.
[2025-11-26 21:20:58,509][src.utils.inference_utils][INFO] - Global Rank: 2 wrote 64 rows to /data/mhwang/Rec/GRID/logs/inference/runs/2025-11-26/21-19-30/pickle/predictions_2_20251126T132058501.pkl.
[2025-11-26 21:20:59,259][src.utils.inference_utils][INFO] - Global Rank: 3 wrote 64 rows to /data/mhwang/Rec/GRID/logs/inference/runs/2025-11-26/21-19-30/pickle/predictions_3_20251126T132059248.pkl.
[2025-11-26 21:20:59,441][src.utils.inference_utils][INFO] - Global Rank: 0 wrote 64 rows to /data/mhwang/Rec/GRID/logs/inference/runs/2025-11-26/21-19-30/pickle/predictions_0_20251126T132059433.pkl.
[2025-11-26 21:20:59,522][src.utils.inference_utils][INFO] - Global Rank: 1 wrote 64 rows to /data/mhwang/Rec/GRID/logs/inference/runs/2025-11-26/21-19-30/pickle/predictions_1_20251126T132059514.pkl.
[2025-11-26 21:20:59,955][src.utils.inference_utils][INFO] - Global Rank: 2 wrote 64 rows to /data/mhwang/Rec/GRID/logs/inference/runs/2025-11-26/21-19-30/pickle/predictions_2_20251126T132059947.pkl.
[2025-11-26 21:21:00,702][src.utils.inference_utils][INFO] - Global Rank: 3 wrote 64 rows to /data/mhwang/Rec/GRID/logs/inference/runs/2025-11-26/21-19-30/pickle/predictions_3_20251126T132100693.pkl.
[2025-11-26 21:21:00,928][src.utils.inference_utils][INFO] - Global Rank: 0 wrote 64 rows to /data/mhwang/Rec/GRID/logs/inference/runs/2025-11-26/21-19-30/pickle/predictions_0_20251126T132100919.pkl.
[2025-11-26 21:21:01,010][src.utils.inference_utils][INFO] - Global Rank: 1 wrote 64 rows to /data/mhwang/Rec/GRID/logs/inference/runs/2025-11-26/21-19-30/pickle/predictions_1_20251126T132101002.pkl.
[2025-11-26 21:21:01,396][src.utils.inference_utils][INFO] - Global Rank: 2 wrote 64 rows to /data/mhwang/Rec/GRID/logs/inference/runs/2025-11-26/21-19-30/pickle/predictions_2_20251126T132101388.pkl.
[2025-11-26 21:21:02,147][src.utils.inference_utils][INFO] - Global Rank: 3 wrote 64 rows to /data/mhwang/Rec/GRID/logs/inference/runs/2025-11-26/21-19-30/pickle/predictions_3_20251126T132102139.pkl.
[2025-11-26 21:21:02,410][src.utils.inference_utils][INFO] - Global Rank: 0 wrote 64 rows to /data/mhwang/Rec/GRID/logs/inference/runs/2025-11-26/21-19-30/pickle/predictions_0_20251126T132102402.pkl.
[2025-11-26 21:21:02,492][src.utils.inference_utils][INFO] - Global Rank: 1 wrote 64 rows to /data/mhwang/Rec/GRID/logs/inference/runs/2025-11-26/21-19-30/pickle/predictions_1_20251126T132102485.pkl.
[2025-11-26 21:21:02,844][src.utils.inference_utils][INFO] - Global Rank: 2 wrote 64 rows to /data/mhwang/Rec/GRID/logs/inference/runs/2025-11-26/21-19-30/pickle/predictions_2_20251126T132102836.pkl.
[2025-11-26 21:21:03,595][src.utils.inference_utils][INFO] - Global Rank: 3 wrote 64 rows to /data/mhwang/Rec/GRID/logs/inference/runs/2025-11-26/21-19-30/pickle/predictions_3_20251126T132103587.pkl.
[2025-11-26 21:21:03,891][src.utils.inference_utils][INFO] - Global Rank: 0 wrote 64 rows to /data/mhwang/Rec/GRID/logs/inference/runs/2025-11-26/21-19-30/pickle/predictions_0_20251126T132103882.pkl.
[2025-11-26 21:21:03,977][src.utils.inference_utils][INFO] - Global Rank: 1 wrote 64 rows to /data/mhwang/Rec/GRID/logs/inference/runs/2025-11-26/21-19-30/pickle/predictions_1_20251126T132103969.pkl.
[2025-11-26 21:21:04,296][src.utils.inference_utils][INFO] - Global Rank: 2 wrote 64 rows to /data/mhwang/Rec/GRID/logs/inference/runs/2025-11-26/21-19-30/pickle/predictions_2_20251126T132104288.pkl.
[2025-11-26 21:21:05,042][src.utils.inference_utils][INFO] - Global Rank: 3 wrote 64 rows to /data/mhwang/Rec/GRID/logs/inference/runs/2025-11-26/21-19-30/pickle/predictions_3_20251126T132105034.pkl.
[2025-11-26 21:21:05,376][src.utils.inference_utils][INFO] - Global Rank: 0 wrote 64 rows to /data/mhwang/Rec/GRID/logs/inference/runs/2025-11-26/21-19-30/pickle/predictions_0_20251126T132105367.pkl.
[2025-11-26 21:21:05,458][src.utils.inference_utils][INFO] - Global Rank: 1 wrote 64 rows to /data/mhwang/Rec/GRID/logs/inference/runs/2025-11-26/21-19-30/pickle/predictions_1_20251126T132105450.pkl.
[2025-11-26 21:21:05,743][src.utils.inference_utils][INFO] - Global Rank: 2 wrote 64 rows to /data/mhwang/Rec/GRID/logs/inference/runs/2025-11-26/21-19-30/pickle/predictions_2_20251126T132105734.pkl.
[2025-11-26 21:21:06,488][src.utils.inference_utils][INFO] - Global Rank: 3 wrote 64 rows to /data/mhwang/Rec/GRID/logs/inference/runs/2025-11-26/21-19-30/pickle/predictions_3_20251126T132106480.pkl.
[2025-11-26 21:21:06,862][src.utils.inference_utils][INFO] - Global Rank: 0 wrote 64 rows to /data/mhwang/Rec/GRID/logs/inference/runs/2025-11-26/21-19-30/pickle/predictions_0_20251126T132106854.pkl.
[2025-11-26 21:21:06,949][src.utils.inference_utils][INFO] - Global Rank: 1 wrote 64 rows to /data/mhwang/Rec/GRID/logs/inference/runs/2025-11-26/21-19-30/pickle/predictions_1_20251126T132106940.pkl.
[2025-11-26 21:21:07,191][src.utils.inference_utils][INFO] - Global Rank: 2 wrote 64 rows to /data/mhwang/Rec/GRID/logs/inference/runs/2025-11-26/21-19-30/pickle/predictions_2_20251126T132107183.pkl.
[2025-11-26 21:21:07,938][src.utils.inference_utils][INFO] - Global Rank: 3 wrote 64 rows to /data/mhwang/Rec/GRID/logs/inference/runs/2025-11-26/21-19-30/pickle/predictions_3_20251126T132107930.pkl.
[2025-11-26 21:21:08,338][src.utils.inference_utils][INFO] - Global Rank: 0 wrote 64 rows to /data/mhwang/Rec/GRID/logs/inference/runs/2025-11-26/21-19-30/pickle/predictions_0_20251126T132108331.pkl.
[2025-11-26 21:21:08,430][src.utils.inference_utils][INFO] - Global Rank: 1 wrote 64 rows to /data/mhwang/Rec/GRID/logs/inference/runs/2025-11-26/21-19-30/pickle/predictions_1_20251126T132108423.pkl.
[2025-11-26 21:21:08,639][src.utils.inference_utils][INFO] - Global Rank: 2 wrote 64 rows to /data/mhwang/Rec/GRID/logs/inference/runs/2025-11-26/21-19-30/pickle/predictions_2_20251126T132108631.pkl.
[2025-11-26 21:21:09,382][src.utils.inference_utils][INFO] - Global Rank: 3 wrote 64 rows to /data/mhwang/Rec/GRID/logs/inference/runs/2025-11-26/21-19-30/pickle/predictions_3_20251126T132109374.pkl.
[2025-11-26 21:21:09,817][src.utils.inference_utils][INFO] - Global Rank: 0 wrote 64 rows to /data/mhwang/Rec/GRID/logs/inference/runs/2025-11-26/21-19-30/pickle/predictions_0_20251126T132109809.pkl.
[2025-11-26 21:21:09,909][src.utils.inference_utils][INFO] - Global Rank: 1 wrote 64 rows to /data/mhwang/Rec/GRID/logs/inference/runs/2025-11-26/21-19-30/pickle/predictions_1_20251126T132109901.pkl.
[2025-11-26 21:21:10,097][src.utils.inference_utils][INFO] - Global Rank: 2 wrote 64 rows to /data/mhwang/Rec/GRID/logs/inference/runs/2025-11-26/21-19-30/pickle/predictions_2_20251126T132110089.pkl.
[2025-11-26 21:21:10,830][src.utils.inference_utils][INFO] - Global Rank: 3 wrote 64 rows to /data/mhwang/Rec/GRID/logs/inference/runs/2025-11-26/21-19-30/pickle/predictions_3_20251126T132110820.pkl.
[2025-11-26 21:21:11,292][src.utils.inference_utils][INFO] - Global Rank: 0 wrote 64 rows to /data/mhwang/Rec/GRID/logs/inference/runs/2025-11-26/21-19-30/pickle/predictions_0_20251126T132111285.pkl.
[2025-11-26 21:21:11,390][src.utils.inference_utils][INFO] - Global Rank: 1 wrote 64 rows to /data/mhwang/Rec/GRID/logs/inference/runs/2025-11-26/21-19-30/pickle/predictions_1_20251126T132111382.pkl.
[2025-11-26 21:21:11,548][src.utils.inference_utils][INFO] - Global Rank: 2 wrote 64 rows to /data/mhwang/Rec/GRID/logs/inference/runs/2025-11-26/21-19-30/pickle/predictions_2_20251126T132111540.pkl.
[2025-11-26 21:21:12,278][src.utils.inference_utils][INFO] - Global Rank: 3 wrote 64 rows to /data/mhwang/Rec/GRID/logs/inference/runs/2025-11-26/21-19-30/pickle/predictions_3_20251126T132112270.pkl.
[2025-11-26 21:21:12,785][src.utils.inference_utils][INFO] - Global Rank: 0 wrote 64 rows to /data/mhwang/Rec/GRID/logs/inference/runs/2025-11-26/21-19-30/pickle/predictions_0_20251126T132112777.pkl.
[2025-11-26 21:21:12,870][src.utils.inference_utils][INFO] - Global Rank: 1 wrote 64 rows to /data/mhwang/Rec/GRID/logs/inference/runs/2025-11-26/21-19-30/pickle/predictions_1_20251126T132112862.pkl.
[2025-11-26 21:21:12,997][src.utils.inference_utils][INFO] - Global Rank: 2 wrote 64 rows to /data/mhwang/Rec/GRID/logs/inference/runs/2025-11-26/21-19-30/pickle/predictions_2_20251126T132112989.pkl.
[2025-11-26 21:21:13,721][src.utils.inference_utils][INFO] - Global Rank: 3 wrote 64 rows to /data/mhwang/Rec/GRID/logs/inference/runs/2025-11-26/21-19-30/pickle/predictions_3_20251126T132113713.pkl.
[2025-11-26 21:21:14,264][src.utils.inference_utils][INFO] - Global Rank: 0 wrote 64 rows to /data/mhwang/Rec/GRID/logs/inference/runs/2025-11-26/21-19-30/pickle/predictions_0_20251126T132114256.pkl.
[2025-11-26 21:21:14,359][src.utils.inference_utils][INFO] - Global Rank: 1 wrote 64 rows to /data/mhwang/Rec/GRID/logs/inference/runs/2025-11-26/21-19-30/pickle/predictions_1_20251126T132114350.pkl.
[2025-11-26 21:21:14,445][src.utils.inference_utils][INFO] - Global Rank: 2 wrote 64 rows to /data/mhwang/Rec/GRID/logs/inference/runs/2025-11-26/21-19-30/pickle/predictions_2_20251126T132114437.pkl.
[2025-11-26 21:21:15,178][src.utils.inference_utils][INFO] - Global Rank: 3 wrote 64 rows to /data/mhwang/Rec/GRID/logs/inference/runs/2025-11-26/21-19-30/pickle/predictions_3_20251126T132115156.pkl.
[2025-11-26 21:21:15,755][src.utils.inference_utils][INFO] - Global Rank: 0 wrote 64 rows to /data/mhwang/Rec/GRID/logs/inference/runs/2025-11-26/21-19-30/pickle/predictions_0_20251126T132115743.pkl.
[2025-11-26 21:21:15,844][src.utils.inference_utils][INFO] - Global Rank: 1 wrote 64 rows to /data/mhwang/Rec/GRID/logs/inference/runs/2025-11-26/21-19-30/pickle/predictions_1_20251126T132115836.pkl.
[2025-11-26 21:21:15,912][src.utils.inference_utils][INFO] - Global Rank: 2 wrote 64 rows to /data/mhwang/Rec/GRID/logs/inference/runs/2025-11-26/21-19-30/pickle/predictions_2_20251126T132115904.pkl.
[2025-11-26 21:21:16,642][src.utils.inference_utils][INFO] - Global Rank: 3 wrote 64 rows to /data/mhwang/Rec/GRID/logs/inference/runs/2025-11-26/21-19-30/pickle/predictions_3_20251126T132116635.pkl.
[2025-11-26 21:21:17,247][src.utils.inference_utils][INFO] - Global Rank: 0 wrote 64 rows to /data/mhwang/Rec/GRID/logs/inference/runs/2025-11-26/21-19-30/pickle/predictions_0_20251126T132117239.pkl.
[2025-11-26 21:21:17,326][src.utils.inference_utils][INFO] - Global Rank: 1 wrote 64 rows to /data/mhwang/Rec/GRID/logs/inference/runs/2025-11-26/21-19-30/pickle/predictions_1_20251126T132117318.pkl.
[2025-11-26 21:21:17,361][src.utils.inference_utils][INFO] - Global Rank: 2 wrote 64 rows to /data/mhwang/Rec/GRID/logs/inference/runs/2025-11-26/21-19-30/pickle/predictions_2_20251126T132117353.pkl.
[2025-11-26 21:21:18,087][src.utils.inference_utils][INFO] - Global Rank: 3 wrote 64 rows to /data/mhwang/Rec/GRID/logs/inference/runs/2025-11-26/21-19-30/pickle/predictions_3_20251126T132118079.pkl.
[2025-11-26 21:21:18,733][src.utils.inference_utils][INFO] - Global Rank: 0 wrote 64 rows to /data/mhwang/Rec/GRID/logs/inference/runs/2025-11-26/21-19-30/pickle/predictions_0_20251126T132118726.pkl.
[2025-11-26 21:21:18,810][src.utils.inference_utils][INFO] - Global Rank: 2 wrote 64 rows to /data/mhwang/Rec/GRID/logs/inference/runs/2025-11-26/21-19-30/pickle/predictions_2_20251126T132118803.pkl.
[2025-11-26 21:21:18,811][src.utils.inference_utils][INFO] - Global Rank: 1 wrote 64 rows to /data/mhwang/Rec/GRID/logs/inference/runs/2025-11-26/21-19-30/pickle/predictions_1_20251126T132118803.pkl.
[2025-11-26 21:21:19,538][src.utils.inference_utils][INFO] - Global Rank: 3 wrote 64 rows to /data/mhwang/Rec/GRID/logs/inference/runs/2025-11-26/21-19-30/pickle/predictions_3_20251126T132119529.pkl.
[2025-11-26 21:21:20,226][src.utils.inference_utils][INFO] - Global Rank: 0 wrote 64 rows to /data/mhwang/Rec/GRID/logs/inference/runs/2025-11-26/21-19-30/pickle/predictions_0_20251126T132120218.pkl.
[2025-11-26 21:21:20,261][src.utils.inference_utils][INFO] - Global Rank: 2 wrote 64 rows to /data/mhwang/Rec/GRID/logs/inference/runs/2025-11-26/21-19-30/pickle/predictions_2_20251126T132120252.pkl.
[2025-11-26 21:21:20,290][src.utils.inference_utils][INFO] - Global Rank: 1 wrote 64 rows to /data/mhwang/Rec/GRID/logs/inference/runs/2025-11-26/21-19-30/pickle/predictions_1_20251126T132120282.pkl.
[2025-11-26 21:21:20,997][src.utils.inference_utils][INFO] - Global Rank: 3 wrote 64 rows to /data/mhwang/Rec/GRID/logs/inference/runs/2025-11-26/21-19-30/pickle/predictions_3_20251126T132120988.pkl.
[2025-11-26 21:21:21,717][src.utils.inference_utils][INFO] - Global Rank: 0 wrote 64 rows to /data/mhwang/Rec/GRID/logs/inference/runs/2025-11-26/21-19-30/pickle/predictions_0_20251126T132121709.pkl.
[2025-11-26 21:21:21,720][src.utils.inference_utils][INFO] - Global Rank: 2 wrote 64 rows to /data/mhwang/Rec/GRID/logs/inference/runs/2025-11-26/21-19-30/pickle/predictions_2_20251126T132121707.pkl.
[2025-11-26 21:21:21,767][src.utils.inference_utils][INFO] - Global Rank: 1 wrote 64 rows to /data/mhwang/Rec/GRID/logs/inference/runs/2025-11-26/21-19-30/pickle/predictions_1_20251126T132121759.pkl.
[2025-11-26 21:21:22,446][src.utils.inference_utils][INFO] - Global Rank: 3 wrote 64 rows to /data/mhwang/Rec/GRID/logs/inference/runs/2025-11-26/21-19-30/pickle/predictions_3_20251126T132122438.pkl.
[2025-11-26 21:21:23,177][src.utils.inference_utils][INFO] - Global Rank: 2 wrote 64 rows to /data/mhwang/Rec/GRID/logs/inference/runs/2025-11-26/21-19-30/pickle/predictions_2_20251126T132123165.pkl.
[2025-11-26 21:21:23,201][src.utils.inference_utils][INFO] - Global Rank: 0 wrote 64 rows to /data/mhwang/Rec/GRID/logs/inference/runs/2025-11-26/21-19-30/pickle/predictions_0_20251126T132123193.pkl.
[2025-11-26 21:21:23,242][src.utils.inference_utils][INFO] - Global Rank: 1 wrote 64 rows to /data/mhwang/Rec/GRID/logs/inference/runs/2025-11-26/21-19-30/pickle/predictions_1_20251126T132123234.pkl.
[2025-11-26 21:21:23,895][src.utils.inference_utils][INFO] - Global Rank: 3 wrote 64 rows to /data/mhwang/Rec/GRID/logs/inference/runs/2025-11-26/21-19-30/pickle/predictions_3_20251126T132123887.pkl.
[2025-11-26 21:21:24,642][src.utils.inference_utils][INFO] - Global Rank: 2 wrote 64 rows to /data/mhwang/Rec/GRID/logs/inference/runs/2025-11-26/21-19-30/pickle/predictions_2_20251126T132124629.pkl.
[2025-11-26 21:21:24,684][src.utils.inference_utils][INFO] - Global Rank: 0 wrote 64 rows to /data/mhwang/Rec/GRID/logs/inference/runs/2025-11-26/21-19-30/pickle/predictions_0_20251126T132124677.pkl.
[2025-11-26 21:21:24,722][src.utils.inference_utils][INFO] - Global Rank: 1 wrote 64 rows to /data/mhwang/Rec/GRID/logs/inference/runs/2025-11-26/21-19-30/pickle/predictions_1_20251126T132124715.pkl.
[2025-11-26 21:21:25,341][src.utils.inference_utils][INFO] - Global Rank: 3 wrote 64 rows to /data/mhwang/Rec/GRID/logs/inference/runs/2025-11-26/21-19-30/pickle/predictions_3_20251126T132125333.pkl.
[2025-11-26 21:21:26,097][src.utils.inference_utils][INFO] - Global Rank: 2 wrote 64 rows to /data/mhwang/Rec/GRID/logs/inference/runs/2025-11-26/21-19-30/pickle/predictions_2_20251126T132126088.pkl.
[2025-11-26 21:21:26,166][src.utils.inference_utils][INFO] - Global Rank: 0 wrote 64 rows to /data/mhwang/Rec/GRID/logs/inference/runs/2025-11-26/21-19-30/pickle/predictions_0_20251126T132126158.pkl.
[2025-11-26 21:21:26,202][src.utils.inference_utils][INFO] - Global Rank: 1 wrote 64 rows to /data/mhwang/Rec/GRID/logs/inference/runs/2025-11-26/21-19-30/pickle/predictions_1_20251126T132126194.pkl.
[2025-11-26 21:21:26,793][src.utils.inference_utils][INFO] - Global Rank: 3 wrote 64 rows to /data/mhwang/Rec/GRID/logs/inference/runs/2025-11-26/21-19-30/pickle/predictions_3_20251126T132126786.pkl.
[2025-11-26 21:21:27,550][src.utils.inference_utils][INFO] - Global Rank: 2 wrote 64 rows to /data/mhwang/Rec/GRID/logs/inference/runs/2025-11-26/21-19-30/pickle/predictions_2_20251126T132127543.pkl.
[2025-11-26 21:21:27,647][src.utils.inference_utils][INFO] - Global Rank: 0 wrote 64 rows to /data/mhwang/Rec/GRID/logs/inference/runs/2025-11-26/21-19-30/pickle/predictions_0_20251126T132127639.pkl.
[2025-11-26 21:21:27,680][src.utils.inference_utils][INFO] - Global Rank: 1 wrote 64 rows to /data/mhwang/Rec/GRID/logs/inference/runs/2025-11-26/21-19-30/pickle/predictions_1_20251126T132127673.pkl.
[2025-11-26 21:21:28,242][src.utils.inference_utils][INFO] - Global Rank: 3 wrote 64 rows to /data/mhwang/Rec/GRID/logs/inference/runs/2025-11-26/21-19-30/pickle/predictions_3_20251126T132128235.pkl.
[2025-11-26 21:21:29,004][src.utils.inference_utils][INFO] - Global Rank: 2 wrote 64 rows to /data/mhwang/Rec/GRID/logs/inference/runs/2025-11-26/21-19-30/pickle/predictions_2_20251126T132128997.pkl.
[2025-11-26 21:21:29,132][src.utils.inference_utils][INFO] - Global Rank: 0 wrote 64 rows to /data/mhwang/Rec/GRID/logs/inference/runs/2025-11-26/21-19-30/pickle/predictions_0_20251126T132129124.pkl.
[2025-11-26 21:21:29,163][src.utils.inference_utils][INFO] - Global Rank: 1 wrote 64 rows to /data/mhwang/Rec/GRID/logs/inference/runs/2025-11-26/21-19-30/pickle/predictions_1_20251126T132129155.pkl.
[2025-11-26 21:21:29,698][src.utils.inference_utils][INFO] - Global Rank: 3 wrote 64 rows to /data/mhwang/Rec/GRID/logs/inference/runs/2025-11-26/21-19-30/pickle/predictions_3_20251126T132129691.pkl.
[2025-11-26 21:21:30,461][src.utils.inference_utils][INFO] - Global Rank: 2 wrote 64 rows to /data/mhwang/Rec/GRID/logs/inference/runs/2025-11-26/21-19-30/pickle/predictions_2_20251126T132130453.pkl.
[2025-11-26 21:21:30,611][src.utils.inference_utils][INFO] - Global Rank: 0 wrote 64 rows to /data/mhwang/Rec/GRID/logs/inference/runs/2025-11-26/21-19-30/pickle/predictions_0_20251126T132130604.pkl.
[2025-11-26 21:21:30,644][src.utils.inference_utils][INFO] - Global Rank: 1 wrote 64 rows to /data/mhwang/Rec/GRID/logs/inference/runs/2025-11-26/21-19-30/pickle/predictions_1_20251126T132130636.pkl.
[2025-11-26 21:21:31,157][src.utils.inference_utils][INFO] - Global Rank: 3 wrote 64 rows to /data/mhwang/Rec/GRID/logs/inference/runs/2025-11-26/21-19-30/pickle/predictions_3_20251126T132131150.pkl.
[2025-11-26 21:21:32,025][src.utils.inference_utils][INFO] - Global Rank: 2 wrote 64 rows to /data/mhwang/Rec/GRID/logs/inference/runs/2025-11-26/21-19-30/pickle/predictions_2_20251126T132132017.pkl.
[2025-11-26 21:21:32,096][src.utils.inference_utils][INFO] - Global Rank: 0 wrote 64 rows to /data/mhwang/Rec/GRID/logs/inference/runs/2025-11-26/21-19-30/pickle/predictions_0_20251126T132132089.pkl.
[2025-11-26 21:21:32,122][src.utils.inference_utils][INFO] - Global Rank: 1 wrote 64 rows to /data/mhwang/Rec/GRID/logs/inference/runs/2025-11-26/21-19-30/pickle/predictions_1_20251126T132132115.pkl.
[2025-11-26 21:21:32,612][src.utils.inference_utils][INFO] - Global Rank: 3 wrote 64 rows to /data/mhwang/Rec/GRID/logs/inference/runs/2025-11-26/21-19-30/pickle/predictions_3_20251126T132132605.pkl.
[2025-11-26 21:21:33,475][src.utils.inference_utils][INFO] - Global Rank: 2 wrote 64 rows to /data/mhwang/Rec/GRID/logs/inference/runs/2025-11-26/21-19-30/pickle/predictions_2_20251126T132133467.pkl.
[2025-11-26 21:21:33,579][src.utils.inference_utils][INFO] - Global Rank: 0 wrote 64 rows to /data/mhwang/Rec/GRID/logs/inference/runs/2025-11-26/21-19-30/pickle/predictions_0_20251126T132133572.pkl.
[2025-11-26 21:21:33,601][src.utils.inference_utils][INFO] - Global Rank: 1 wrote 64 rows to /data/mhwang/Rec/GRID/logs/inference/runs/2025-11-26/21-19-30/pickle/predictions_1_20251126T132133594.pkl.
[2025-11-26 21:21:34,060][src.utils.inference_utils][INFO] - Global Rank: 3 wrote 64 rows to /data/mhwang/Rec/GRID/logs/inference/runs/2025-11-26/21-19-30/pickle/predictions_3_20251126T132134053.pkl.
[2025-11-26 21:21:34,922][src.utils.inference_utils][INFO] - Global Rank: 2 wrote 64 rows to /data/mhwang/Rec/GRID/logs/inference/runs/2025-11-26/21-19-30/pickle/predictions_2_20251126T132134913.pkl.
[2025-11-26 21:21:34,926][src.utils.inference_utils][INFO] - Global Rank: 2 wrote 5 rows to /data/mhwang/Rec/GRID/logs/inference/runs/2025-11-26/21-19-30/pickle/predictions_2_20251126T132134925.pkl.
[2025-11-26 21:21:34,926][src.utils.inference_utils][INFO] - Rank 2 finished writing predictions.
[2025-11-26 21:21:35,059][src.utils.inference_utils][INFO] - Global Rank: 0 wrote 64 rows to /data/mhwang/Rec/GRID/logs/inference/runs/2025-11-26/21-19-30/pickle/predictions_0_20251126T132135052.pkl.
[2025-11-26 21:21:35,084][src.utils.inference_utils][INFO] - Global Rank: 1 wrote 64 rows to /data/mhwang/Rec/GRID/logs/inference/runs/2025-11-26/21-19-30/pickle/predictions_1_20251126T132135075.pkl.
[2025-11-26 21:21:35,526][src.utils.inference_utils][INFO] - Global Rank: 3 wrote 64 rows to /data/mhwang/Rec/GRID/logs/inference/runs/2025-11-26/21-19-30/pickle/predictions_3_20251126T132135517.pkl.
[2025-11-26 21:21:36,541][src.utils.inference_utils][INFO] - Global Rank: 0 wrote 64 rows to /data/mhwang/Rec/GRID/logs/inference/runs/2025-11-26/21-19-30/pickle/predictions_0_20251126T132136533.pkl.
[2025-11-26 21:21:36,563][src.utils.inference_utils][INFO] - Global Rank: 1 wrote 64 rows to /data/mhwang/Rec/GRID/logs/inference/runs/2025-11-26/21-19-30/pickle/predictions_1_20251126T132136556.pkl.
[2025-11-26 21:21:36,989][src.utils.inference_utils][INFO] - Global Rank: 3 wrote 64 rows to /data/mhwang/Rec/GRID/logs/inference/runs/2025-11-26/21-19-30/pickle/predictions_3_20251126T132136974.pkl.
[2025-11-26 21:21:38,022][src.utils.inference_utils][INFO] - Global Rank: 0 wrote 64 rows to /data/mhwang/Rec/GRID/logs/inference/runs/2025-11-26/21-19-30/pickle/predictions_0_20251126T132138014.pkl.
[2025-11-26 21:21:38,054][src.utils.inference_utils][INFO] - Global Rank: 1 wrote 64 rows to /data/mhwang/Rec/GRID/logs/inference/runs/2025-11-26/21-19-30/pickle/predictions_1_20251126T132138042.pkl.
[2025-11-26 21:21:38,442][src.utils.inference_utils][INFO] - Global Rank: 3 wrote 64 rows to /data/mhwang/Rec/GRID/logs/inference/runs/2025-11-26/21-19-30/pickle/predictions_3_20251126T132138434.pkl.
[2025-11-26 21:21:39,511][src.utils.inference_utils][INFO] - Global Rank: 0 wrote 64 rows to /data/mhwang/Rec/GRID/logs/inference/runs/2025-11-26/21-19-30/pickle/predictions_0_20251126T132139501.pkl.
[2025-11-26 21:21:39,539][src.utils.inference_utils][INFO] - Global Rank: 1 wrote 64 rows to /data/mhwang/Rec/GRID/logs/inference/runs/2025-11-26/21-19-30/pickle/predictions_1_20251126T132139532.pkl.
[2025-11-26 21:21:39,896][src.utils.inference_utils][INFO] - Global Rank: 3 wrote 64 rows to /data/mhwang/Rec/GRID/logs/inference/runs/2025-11-26/21-19-30/pickle/predictions_3_20251126T132139888.pkl.
[2025-11-26 21:21:40,988][src.utils.inference_utils][INFO] - Global Rank: 0 wrote 64 rows to /data/mhwang/Rec/GRID/logs/inference/runs/2025-11-26/21-19-30/pickle/predictions_0_20251126T132140981.pkl.
[2025-11-26 21:21:40,991][src.utils.inference_utils][INFO] - Buffer is empty, nothing to flush.
[2025-11-26 21:21:40,991][src.utils.inference_utils][INFO] - Rank 0 finished writing predictions.
[2025-11-26 21:21:41,018][src.utils.inference_utils][INFO] - Global Rank: 1 wrote 64 rows to /data/mhwang/Rec/GRID/logs/inference/runs/2025-11-26/21-19-30/pickle/predictions_1_20251126T132141011.pkl.
[2025-11-26 21:21:41,021][src.utils.inference_utils][INFO] - Buffer is empty, nothing to flush.
[2025-11-26 21:21:41,021][src.utils.inference_utils][INFO] - Rank 1 finished writing predictions.
[2025-11-26 21:21:41,353][src.utils.inference_utils][INFO] - Global Rank: 3 wrote 64 rows to /data/mhwang/Rec/GRID/logs/inference/runs/2025-11-26/21-19-30/pickle/predictions_3_20251126T132141345.pkl.
[2025-11-26 21:21:41,356][src.utils.inference_utils][INFO] - Buffer is empty, nothing to flush.
[2025-11-26 21:21:41,356][src.utils.inference_utils][INFO] - Rank 3 finished writing predictions.
[2025-11-26 21:21:41,356][src.utils.inference_utils][INFO] - Merging pickle files on main process.
[2025-11-26 21:21:45,912][src.utils.inference_utils][INFO] - Merged 12101 rows into merged_predictions.pkl.
[2025-11-26 21:21:52,791][src.utils.inference_utils][INFO] - Merged 12101 rows into merged_predictions_tensor.pt. as pytorch tensor
