[2025-11-13 15:15:33,300][src.utils.utils][INFO] - [rank: 0] Enforcing tags! <cfg.extras.enforce_tags=True>
[2025-11-13 15:15:33,313][src.utils.utils][INFO] - [rank: 0] Printing config tree with Rich! <cfg.extras.print_config=True>
[2025-11-13 15:15:33,314][src.utils.restart_job][INFO] - [rank: 0] should_skip_retry set to True. Skipping retry logic.
[2025-11-13 15:15:33,319][src.utils.launcher_utils][INFO] - [rank: 0] Instantiating datamodule <src.data.loading.datamodules.sequence_datamodule.SequenceDataModule>
[2025-11-13 15:15:33,475][src.utils.launcher_utils][INFO] - [rank: 0] Instantiating model <src.models.modules.semantic_id.tiger_generation_model.SemanticIDEncoderDecoder>
[2025-11-13 15:15:33,818][src.models.modules.semantic_id.tiger_generation_model][INFO] - [rank: 0] i am here
[2025-11-13 15:15:34,512][src.utils.launcher_utils][INFO] - [rank: 0] Instantiating callbacks...
[2025-11-13 15:15:34,528][src.utils.instantiators][INFO] - [rank: 0] Instantiating callback <lightning.pytorch.callbacks.ModelCheckpoint>
[2025-11-13 15:15:34,533][src.utils.instantiators][INFO] - [rank: 0] Instantiating callback <lightning.pytorch.callbacks.EarlyStopping>
[2025-11-13 15:15:34,536][src.utils.instantiators][INFO] - [rank: 0] Instantiating callback <lightning.pytorch.callbacks.RichModelSummary>
[2025-11-13 15:15:34,538][src.utils.instantiators][INFO] - [rank: 0] Instantiating callback <src.utils.restart_job.RestartAndLoadCheckpointCallback>
[2025-11-13 15:15:34,542][src.utils.restart_job_utils][INFO] - [rank: 0] Trying to load metadata from /data/mhwang/Rec/GRID/logs/train/runs/2025-11-13/15-15-33/metadata/restart_metadata.json
[2025-11-13 15:15:34,543][src.utils.restart_job_utils][WARNING] - [rank: 0] Metadata file not found at /data/mhwang/Rec/GRID/logs/train/runs/2025-11-13/15-15-33/metadata/restart_metadata.json. Creating empty metadata.
[2025-11-13 15:15:34,543][src.utils.restart_job_utils][INFO] - [rank: 0] Saving metadata to /data/mhwang/Rec/GRID/logs/train/runs/2025-11-13/15-15-33/metadata/restart_metadata.json. {'start_time': '2025-11-13T15:15:34.543871', 'restarts': [], 'current_run': 0, 'used_ports': [], 'world_size': 0, 'node_rank': 0, 'master_addr': '', 'original_args': ['/data/mhwang/Rec/GRID/src/train.py', 'experiment=tiger_train_flat', 'data_dir=/data/mhwang/Rec/GRID/amazon_data/beauty', 'semantic_id_path=/data/mhwang/Rec/GRID/logs/inference/runs/2025-11-12/23-33-09/pickle/merged_predictions_tensor.pt', 'num_hierarchies=10', '++should_skip_retry=True']}
[2025-11-13 15:15:34,545][src.utils.launcher_utils][INFO] - [rank: 0] Instantiating loggers...
[2025-11-13 15:15:34,546][src.utils.instantiators][INFO] - [rank: 0] Instantiating logger <lightning.pytorch.loggers.csv_logs.CSVLogger>
[2025-11-13 15:15:34,549][src.utils.launcher_utils][INFO] - [rank: 0] Instantiating trainer <lightning.pytorch.trainer.Trainer>
[2025-11-13 15:15:34,551][src.utils.restart_job_utils][INFO] - [rank: 0] Trying to load metadata from /data/mhwang/Rec/GRID/logs/train/runs/2025-11-13/15-15-33/metadata/restart_metadata.json
[2025-11-13 15:15:34,553][src.utils.restart_job_utils][INFO] - [rank: 0] Metadata loaded successfully from /data/mhwang/Rec/GRID/logs/train/runs/2025-11-13/15-15-33/metadata/restart_metadata.json
[2025-11-13 15:15:34,553][src.utils.restart_job_utils][INFO] - [rank: 0] Retrieved current_run: 0 from metadata /data/mhwang/Rec/GRID/logs/train/runs/2025-11-13/15-15-33/metadata/restart_metadata.json
[2025-11-13 15:15:34,728][src.utils.launcher_utils][INFO] - [rank: 0] Logging hyperparameters!
[2025-11-13 15:15:35,299][__main__][INFO] - [rank: 0] Starting training!
[2025-11-13 15:16:04,057][src.utils.restart_job_utils][INFO] - [rank: 0] Saving metadata to /data/mhwang/Rec/GRID/logs/train/runs/2025-11-13/15-15-33/metadata/restart_metadata.json. {'start_time': '2025-11-13T15:15:34.543871', 'restarts': [], 'current_run': 0, 'used_ports': ['36651'], 'world_size': 4, 'node_rank': 0, 'master_addr': '127.0.0.1', 'original_args': ['/data/mhwang/Rec/GRID/src/train.py', 'experiment=tiger_train_flat', 'data_dir=/data/mhwang/Rec/GRID/amazon_data/beauty', 'semantic_id_path=/data/mhwang/Rec/GRID/logs/inference/runs/2025-11-12/23-33-09/pickle/merged_predictions_tensor.pt', 'num_hierarchies=10', '++should_skip_retry=True']}
[2025-11-13 16:09:10,377][src.models.modules.semantic_id.tiger_generation_model][INFO] - [rank: 0] 开始统计训练集中的item流行度...
[2025-11-13 16:09:10,383][src.models.modules.semantic_id.tiger_generation_model][INFO] - [rank: 0] 训练集dataloader类型: <class 'tuple'>
[2025-11-13 16:09:10,384][src.models.modules.semantic_id.tiger_generation_model][INFO] - [rank: 0] 实际dataloader类型: <class 'src.data.loading.components.custom_dataloader.DataloaderWithIterationRetry'>
[2025-11-13 16:12:33,683][src.models.modules.semantic_id.tiger_generation_model][INFO] - [rank: 0] 已处理 1000 个batch，累计统计 1766596 个item交互
[2025-11-13 16:15:36,473][src.models.modules.semantic_id.tiger_generation_model][INFO] - [rank: 0] 已处理 2000 个batch，累计统计 3529752 个item交互
[2025-11-13 16:18:47,326][src.models.modules.semantic_id.tiger_generation_model][INFO] - [rank: 0] 已处理 3000 个batch，累计统计 5457750 个item交互
[2025-11-13 16:21:43,098][src.models.modules.semantic_id.tiger_generation_model][INFO] - [rank: 0] 已处理 4000 个batch，累计统计 7301911 个item交互
[2025-11-13 16:24:49,112][src.models.modules.semantic_id.tiger_generation_model][INFO] - [rank: 0] 已处理 5000 个batch，累计统计 9233509 个item交互
[2025-11-13 16:27:49,944][src.models.modules.semantic_id.tiger_generation_model][INFO] - [rank: 0] 已处理 6000 个batch，累计统计 11138330 个item交互
[2025-11-13 16:30:17,081][src.models.modules.semantic_id.tiger_generation_model][INFO] - [rank: 0] 已处理 7000 个batch，累计统计 12833540 个item交互
[2025-11-13 16:32:18,376][src.models.modules.semantic_id.tiger_generation_model][INFO] - [rank: 0] 已处理 8000 个batch，累计统计 14558643 个item交互
[2025-11-13 16:33:58,128][src.models.modules.semantic_id.tiger_generation_model][INFO] - [rank: 0] 已处理 9000 个batch，累计统计 16503027 个item交互
[2025-11-13 16:34:58,625][src.models.modules.semantic_id.tiger_generation_model][INFO] - [rank: 0] 已处理 10000 个batch，累计统计 18344193 个item交互
[2025-11-13 16:34:58,627][src.models.modules.semantic_id.tiger_generation_model][INFO] - [rank: 0] 已达到最大batch限制(10000)，停止统计
[2025-11-13 16:34:58,627][src.models.modules.semantic_id.tiger_generation_model][INFO] - [rank: 0] 训练集统计完成：共 11998 个唯一item，总交互次数 18344193
[2025-11-13 16:34:58,657][src.models.modules.semantic_id.tiger_generation_model][INFO] - [rank: 0] 流行度分组完成:
[2025-11-13 16:34:58,658][src.models.modules.semantic_id.tiger_generation_model][INFO] - [rank: 0]   Head组 (前20%): 2399 个item
[2025-11-13 16:34:58,658][src.models.modules.semantic_id.tiger_generation_model][INFO] - [rank: 0]   Body组 (20%-50%): 3600 个item
[2025-11-13 16:34:58,658][src.models.modules.semantic_id.tiger_generation_model][INFO] - [rank: 0]   Tail组 (后50%): 5999 个item
[2025-11-13 16:34:58,658][src.models.modules.semantic_id.tiger_generation_model][INFO] - [rank: 0]   Head组示例: item (164, 106, 165, 37, 87, 207, 73, 46, 119, 0) 出现 59399 次
[2025-11-13 16:34:58,659][src.models.modules.semantic_id.tiger_generation_model][INFO] - [rank: 0]   Tail组示例: item (102, 106, 141, 207, 160, 192, 82, 203, 205, 0) 出现 6 次
[2025-11-13 16:34:58,659][src.models.modules.semantic_id.tiger_generation_model][INFO] - [rank: 0] 已启用按流行度分组的评测（Head/Body/Tail）。
[2025-11-13 16:38:56,363][src.models.modules.semantic_id.tiger_generation_model][INFO] - [rank: 0] 
================================================================================
[2025-11-13 16:38:56,364][src.models.modules.semantic_id.tiger_generation_model][INFO] - [rank: 0] === 生成的语义ID Embedding相似度矩阵 (平均自 704 个batch) ===
[2025-11-13 16:38:56,368][src.models.modules.semantic_id.tiger_generation_model][INFO] - [rank: 0] 
[[ 0.99990606  0.09865429 -0.03562204 -0.03850064 -0.09176342 -0.09225535
   0.02253915  0.09706423 -0.00194702 -0.12278143]
 [ 0.09865429  1.000118   -0.0456396   0.06623624 -0.01418194  0.00826973
   0.10276826 -0.07818286  0.08789031 -0.06469072]
 [-0.03562204 -0.0456396   1.0001242  -0.06779388 -0.21231149  0.0318831
   0.04357718 -0.1165609  -0.02320349  0.01320688]
 [-0.03850064  0.06623624 -0.06779388  0.99995077 -0.0926668  -0.05664144
   0.08484452 -0.06375764  0.01803562  0.03273324]
 [-0.09176342 -0.01418194 -0.21231149 -0.0926668   1.0000386   0.0504359
   0.12518229  0.05895524  0.04197184 -0.05971736]
 [-0.09225535  0.00826973  0.0318831  -0.05664144  0.0504359   1.0000418
   0.00607325  0.06134158  0.08706534  0.06354798]
 [ 0.02253915  0.10276826  0.04357718  0.08484452  0.12518229  0.00607325
   1.0000823   0.04934433  0.03691456 -0.07698409]
 [ 0.09706423 -0.07818286 -0.1165609  -0.06375764  0.05895524  0.06134158
   0.04934433  0.9999011   0.07662301 -0.06708902]
 [-0.00194702  0.08789031 -0.02320349  0.01803562  0.04197184  0.08706534
   0.03691456  0.07662301  1.0001091   0.08667214]
 [-0.12278143 -0.06469072  0.01320688  0.03273324 -0.05971736  0.06354798
  -0.07698409 -0.06708902  0.08667214  1.0001042 ]]
[2025-11-13 16:38:56,369][src.models.modules.semantic_id.tiger_generation_model][INFO] - [rank: 0] ================================================================================

[2025-11-13 16:38:56,369][src.models.modules.semantic_id.tiger_generation_model][INFO] - [rank: 0] 
================================================================================
[2025-11-13 16:38:56,369][src.models.modules.semantic_id.tiger_generation_model][INFO] - [rank: 0] === 输入序列中每个Item的Hierarchy Embedding相似度矩阵 (平均自 704 个batch) ===
[2025-11-13 16:38:56,371][src.models.modules.semantic_id.tiger_generation_model][INFO] - [rank: 0] 
[[ 9.9999619e-01 -2.2871338e-03 -3.2087571e-03 -2.7131140e-03
  -1.5500112e-03 -1.8462717e-03 -1.0233745e-03 -3.1366572e-03
  -5.3491149e-05 -7.6516885e-03]
 [-2.2871338e-03  1.0000026e+00 -2.8602332e-03 -3.3654578e-04
   2.6421710e-03 -8.9970563e-04  3.7459915e-03 -1.7738900e-04
  -5.6925594e-05  1.3764457e-02]
 [-3.2087571e-03 -2.8602332e-03  1.0000001e+00 -6.9288322e-04
  -1.3261334e-03 -2.1595275e-03 -1.1461941e-03 -1.7011066e-03
  -9.0011372e-04  1.0960246e-03]
 [-2.7131140e-03 -3.3654578e-04 -6.9288322e-04  9.9998754e-01
  -1.7501685e-03 -4.3458847e-04 -1.3446813e-03 -7.1178883e-04
  -8.0045772e-04 -3.8431140e-03]
 [-1.5500112e-03  2.6421710e-03 -1.3261334e-03 -1.7501685e-03
   1.0000002e+00 -6.3078140e-04 -1.9145090e-04  2.9535685e-04
  -8.3439035e-04 -8.4768469e-03]
 [-1.8462717e-03 -8.9970563e-04 -2.1595275e-03 -4.3458847e-04
  -6.3078140e-04  1.0000005e+00 -3.1399340e-03 -9.1550447e-04
  -3.9497641e-04  5.9479815e-03]
 [-1.0233745e-03  3.7459915e-03 -1.1461941e-03 -1.3446813e-03
  -1.9145090e-04 -3.1399340e-03  1.0000015e+00  1.9638375e-03
  -3.3995099e-04 -7.6825786e-03]
 [-3.1366572e-03 -1.7738900e-04 -1.7011066e-03 -7.1178883e-04
   2.9535685e-04 -9.1550447e-04  1.9638375e-03  9.9999356e-01
  -1.6148495e-03  5.6598587e-03]
 [-5.3491149e-05 -5.6925594e-05 -9.0011372e-04 -8.0045772e-04
  -8.3439035e-04 -3.9497641e-04 -3.3995099e-04 -1.6148495e-03
   9.9999332e-01  1.3513798e-02]
 [-7.6516885e-03  1.3764457e-02  1.0960246e-03 -3.8431140e-03
  -8.4768469e-03  5.9479815e-03 -7.6825786e-03  5.6598587e-03
   1.3513798e-02  1.0001041e+00]]
[2025-11-13 16:38:56,372][src.models.modules.semantic_id.tiger_generation_model][INFO] - [rank: 0] ================================================================================

[2025-11-13 16:38:56,530][src.models.modules.semantic_id.tiger_generation_model][INFO] - [rank: 0] 
================================================================================
[2025-11-13 16:38:56,531][src.models.modules.semantic_id.tiger_generation_model][INFO] - [rank: 0] === 按流行度分组的评测指标（累计到当前阶段）===
[2025-11-13 16:38:56,531][src.models.modules.semantic_id.tiger_generation_model][INFO] - [rank: 0] [Body] ndcg@5: 0.004171  ndcg@10: 0.005499  recall@5: 0.007534  recall@10: 0.011591
[2025-11-13 16:38:56,531][src.models.modules.semantic_id.tiger_generation_model][INFO] - [rank: 0] [Tail] ndcg@5: 0.004792  ndcg@10: 0.006631  recall@5: 0.007951  recall@10: 0.013545
[2025-11-13 16:38:56,532][src.models.modules.semantic_id.tiger_generation_model][INFO] - [rank: 0] [Head] ndcg@5: 0.004535  ndcg@10: 0.005648  recall@5: 0.007891  recall@10: 0.011306
[2025-11-13 16:38:56,532][src.models.modules.semantic_id.tiger_generation_model][INFO] - [rank: 0] ================================================================================

[2025-11-13 17:31:15,008][src.models.modules.semantic_id.tiger_generation_model][INFO] - [rank: 0] 
================================================================================
[2025-11-13 17:31:15,009][src.models.modules.semantic_id.tiger_generation_model][INFO] - [rank: 0] === 生成的语义ID Embedding相似度矩阵 (平均自 704 个batch) ===
[2025-11-13 17:31:15,013][src.models.modules.semantic_id.tiger_generation_model][INFO] - [rank: 0] 
[[ 1.0000151  -0.00946764 -0.0107561   0.01977974  0.01390502  0.00631587
   0.01765303 -0.01986437 -0.01983786 -0.03691811]
 [-0.00946764  0.99999535  0.01235112 -0.00804517  0.04554262 -0.02682413
   0.00746224  0.00386364 -0.00100157 -0.01062611]
 [-0.0107561   0.01235112  1.000016   -0.02216381  0.01863176 -0.01833682
  -0.00777269  0.02419899 -0.03126813 -0.01821987]
 [ 0.01977974 -0.00804517 -0.02216381  1.0000134  -0.01991622  0.02460829
   0.02420871 -0.04897539  0.04393389 -0.01259616]
 [ 0.01390502  0.04554262  0.01863176 -0.01991622  1.000006   -0.01581375
   0.01009767  0.00821902  0.02736944  0.00190696]
 [ 0.00631587 -0.02682413 -0.01833682  0.02460829 -0.01581375  0.9999916
   0.01143723 -0.00219776 -0.02161635 -0.00592683]
 [ 0.01765303  0.00746224 -0.00777269  0.02420871  0.01009767  0.01143723
   0.99999326  0.00212537 -0.00743034 -0.02293107]
 [-0.01986437  0.00386364  0.02419899 -0.04897539  0.00821902 -0.00219776
   0.00212537  0.99998426 -0.04443911  0.01186779]
 [-0.01983786 -0.00100157 -0.03126813  0.04393389  0.02736944 -0.02161635
  -0.00743034 -0.04443911  0.9999703   0.00290112]
 [-0.03691811 -0.01062611 -0.01821987 -0.01259616  0.00190696 -0.00592683
  -0.02293107  0.01186779  0.00290112  1.0001218 ]]
[2025-11-13 17:31:15,013][src.models.modules.semantic_id.tiger_generation_model][INFO] - [rank: 0] ================================================================================

[2025-11-13 17:31:15,014][src.models.modules.semantic_id.tiger_generation_model][INFO] - [rank: 0] 
================================================================================
[2025-11-13 17:31:15,014][src.models.modules.semantic_id.tiger_generation_model][INFO] - [rank: 0] === 输入序列中每个Item的Hierarchy Embedding相似度矩阵 (平均自 704 个batch) ===
[2025-11-13 17:31:15,016][src.models.modules.semantic_id.tiger_generation_model][INFO] - [rank: 0] 
[[ 1.0000005e+00 -1.3502868e-03 -1.5014875e-03 -1.6317290e-03
  -5.2165356e-04 -1.4647405e-03 -5.3648604e-04 -3.2347620e-03
   8.4960222e-05 -1.0107479e-02]
 [-1.3502868e-03  1.0000041e+00 -1.5804939e-03  1.3322746e-03
   4.0992168e-03  3.2687782e-05  4.4261455e-03  8.6201821e-04
  -1.9836841e-04  1.3066534e-02]
 [-1.5014875e-03 -1.5804939e-03  1.0000137e+00  4.3111833e-04
   3.3895529e-04 -1.7674937e-03 -4.4924606e-04 -1.2110128e-03
  -1.3972374e-03  1.7523655e-03]
 [-1.6317290e-03  1.3322746e-03  4.3111833e-04  9.9999422e-01
  -7.9595571e-04  5.5283844e-04 -9.8882033e-04 -2.6087902e-04
  -2.1912390e-03 -3.5750233e-03]
 [-5.2165356e-04  4.0992168e-03  3.3895529e-04 -7.9595571e-04
   9.9999964e-01 -6.9972339e-05  1.0639052e-03  1.1590591e-03
  -1.4732983e-03 -7.9307742e-03]
 [-1.4647405e-03  3.2687782e-05 -1.7674937e-03  5.5283844e-04
  -6.9972339e-05  1.0000023e+00 -2.0050092e-03  4.8683121e-04
  -1.8669821e-03  5.4339827e-03]
 [-5.3648604e-04  4.4261455e-03 -4.4924606e-04 -9.8882033e-04
   1.0639052e-03 -2.0050092e-03  1.0000006e+00  2.7487190e-03
  -2.0659412e-03 -5.8997553e-03]
 [-3.2347620e-03  8.6201821e-04 -1.2110128e-03 -2.6087902e-04
   1.1590591e-03  4.8683121e-04  2.7487190e-03  9.9998719e-01
  -3.2460003e-03  5.6286254e-03]
 [ 8.4960222e-05 -1.9836841e-04 -1.3972374e-03 -2.1912390e-03
  -1.4732983e-03 -1.8669821e-03 -2.0659412e-03 -3.2460003e-03
   9.9999315e-01  1.7168440e-02]
 [-1.0107479e-02  1.3066534e-02  1.7523655e-03 -3.5750233e-03
  -7.9307742e-03  5.4339827e-03 -5.8997553e-03  5.6286254e-03
   1.7168440e-02  1.0001217e+00]]
[2025-11-13 17:31:15,016][src.models.modules.semantic_id.tiger_generation_model][INFO] - [rank: 0] ================================================================================

[2025-11-13 17:31:15,149][src.models.modules.semantic_id.tiger_generation_model][INFO] - [rank: 0] 
================================================================================
[2025-11-13 17:31:15,150][src.models.modules.semantic_id.tiger_generation_model][INFO] - [rank: 0] === 按流行度分组的评测指标（累计到当前阶段）===
[2025-11-13 17:31:15,150][src.models.modules.semantic_id.tiger_generation_model][INFO] - [rank: 0] [Body] ndcg@5: 0.011006  ndcg@10: 0.014325  recall@5: 0.017893  recall@10: 0.028035
[2025-11-13 17:31:15,150][src.models.modules.semantic_id.tiger_generation_model][INFO] - [rank: 0] [Tail] ndcg@5: 0.011793  ndcg@10: 0.016159  recall@5: 0.019287  recall@10: 0.032833
[2025-11-13 17:31:15,151][src.models.modules.semantic_id.tiger_generation_model][INFO] - [rank: 0] [Head] ndcg@5: 0.014618  ndcg@10: 0.019002  recall@5: 0.023849  recall@10: 0.037216
[2025-11-13 17:31:15,151][src.models.modules.semantic_id.tiger_generation_model][INFO] - [rank: 0] ================================================================================

[2025-11-13 18:23:44,050][src.models.modules.semantic_id.tiger_generation_model][INFO] - [rank: 0] 
================================================================================
[2025-11-13 18:23:44,051][src.models.modules.semantic_id.tiger_generation_model][INFO] - [rank: 0] === 生成的语义ID Embedding相似度矩阵 (平均自 704 个batch) ===
[2025-11-13 18:23:44,055][src.models.modules.semantic_id.tiger_generation_model][INFO] - [rank: 0] 
[[ 9.9998850e-01  3.0088879e-03  3.9237747e-03  9.3343854e-03
   8.3916793e-03 -1.4008681e-02  2.9947493e-02 -1.0179878e-02
  -1.7504847e-02 -2.8121686e-02]
 [ 3.0088879e-03  9.9998891e-01  2.3225894e-02 -9.2831999e-03
   8.3277300e-03 -1.6511858e-02  1.3777726e-02 -2.7865563e-03
  -4.0072721e-04  9.5791891e-03]
 [ 3.9237747e-03  2.3225894e-02  1.0000088e+00 -1.1402189e-02
   1.7309478e-02  2.2027728e-03  8.1367018e-03  1.9427024e-02
  -6.1075576e-03  1.9692515e-03]
 [ 9.3343854e-03 -9.2831999e-03 -1.1402189e-02  9.9997932e-01
   2.1607452e-03 -4.3299198e-03 -2.4279526e-02 -2.6737127e-02
   1.9282507e-02 -1.5360784e-02]
 [ 8.3916793e-03  8.3277300e-03  1.7309478e-02  2.1607452e-03
   1.0000088e+00 -1.6750822e-02  9.8061599e-03  1.0603863e-02
   1.1210846e-02  8.0533922e-03]
 [-1.4008681e-02 -1.6511858e-02  2.2027728e-03 -4.3299198e-03
  -1.6750822e-02  1.0000060e+00  8.3541572e-03  3.1311903e-04
  -5.2616247e-03 -1.3113590e-02]
 [ 2.9947493e-02  1.3777726e-02  8.1367018e-03 -2.4279526e-02
   9.8061599e-03  8.3541572e-03  9.9999613e-01 -1.1785789e-02
   1.2517251e-03 -3.8123950e-03]
 [-1.0179878e-02 -2.7865563e-03  1.9427024e-02 -2.6737127e-02
   1.0603863e-02  3.1311903e-04 -1.1785789e-02  9.9998832e-01
  -3.5051018e-02  1.3623821e-02]
 [-1.7504847e-02 -4.0072721e-04 -6.1075576e-03  1.9282507e-02
   1.1210846e-02 -5.2616247e-03  1.2517251e-03 -3.5051018e-02
   9.9998188e-01  1.1616807e-02]
 [-2.8121686e-02  9.5791891e-03  1.9692515e-03 -1.5360784e-02
   8.0533922e-03 -1.3113590e-02 -3.8123950e-03  1.3623821e-02
   1.1616807e-02  1.0000569e+00]]
[2025-11-13 18:23:44,055][src.models.modules.semantic_id.tiger_generation_model][INFO] - [rank: 0] ================================================================================

[2025-11-13 18:23:44,056][src.models.modules.semantic_id.tiger_generation_model][INFO] - [rank: 0] 
================================================================================
[2025-11-13 18:23:44,056][src.models.modules.semantic_id.tiger_generation_model][INFO] - [rank: 0] === 输入序列中每个Item的Hierarchy Embedding相似度矩阵 (平均自 704 个batch) ===
[2025-11-13 18:23:44,058][src.models.modules.semantic_id.tiger_generation_model][INFO] - [rank: 0] 
[[ 1.0000038e+00  9.9164911e-04  9.4991695e-04  2.5013695e-05
   7.6526130e-04 -7.9991110e-04 -1.3890105e-05 -3.2082228e-03
  -6.7177345e-04 -1.1562895e-02]
 [ 9.9164911e-04  9.9999404e-01  2.8771107e-04  3.0996015e-03
   5.4006041e-03  9.0985937e-04  5.4936376e-03  1.8393787e-03
  -6.1122683e-04  1.2246319e-02]
 [ 9.4991695e-04  2.8771107e-04  1.0000045e+00  2.3078292e-03
   2.1996961e-03 -6.5015070e-04  7.2389492e-04 -3.6118107e-04
  -1.7512942e-03  1.7120655e-03]
 [ 2.5013695e-05  3.0996015e-03  2.3078292e-03  9.9999720e-01
   7.9648063e-04  1.8358458e-03 -2.9909017e-05  9.9215645e-04
  -3.7143498e-03 -3.3532532e-03]
 [ 7.6526130e-04  5.4006041e-03  2.1996961e-03  7.9648063e-04
   1.0000024e+00  1.0096749e-03  2.6460958e-03  2.2521152e-03
  -2.6517103e-03 -7.7440529e-03]
 [-7.9991110e-04  9.0985937e-04 -6.5015070e-04  1.8358458e-03
   1.0096749e-03  9.9999392e-01 -2.7977143e-04  2.1862397e-03
  -3.2849570e-03  4.9253330e-03]
 [-1.3890105e-05  5.4936376e-03  7.2389492e-04 -2.9909017e-05
   2.6460958e-03 -2.7977143e-04  1.0000030e+00  4.3830872e-03
  -3.9821118e-03 -5.1922272e-03]
 [-3.2082228e-03  1.8393787e-03 -3.6118107e-04  9.9215645e-04
   2.2521152e-03  2.1862397e-03  4.3830872e-03  9.9999845e-01
  -5.9090187e-03  4.5883399e-03]
 [-6.7177345e-04 -6.1122683e-04 -1.7512942e-03 -3.7143498e-03
  -2.6517103e-03 -3.2849570e-03 -3.9821118e-03 -5.9090187e-03
   9.9999660e-01  2.3448087e-02]
 [-1.1562895e-02  1.2246319e-02  1.7120655e-03 -3.3532532e-03
  -7.7440529e-03  4.9253330e-03 -5.1922272e-03  4.5883399e-03
   2.3448087e-02  1.0000566e+00]]
[2025-11-13 18:23:44,059][src.models.modules.semantic_id.tiger_generation_model][INFO] - [rank: 0] ================================================================================

[2025-11-13 18:23:44,334][src.models.modules.semantic_id.tiger_generation_model][INFO] - [rank: 0] 
================================================================================
[2025-11-13 18:23:44,343][src.models.modules.semantic_id.tiger_generation_model][INFO] - [rank: 0] === 按流行度分组的评测指标（累计到当前阶段）===
[2025-11-13 18:23:44,344][src.models.modules.semantic_id.tiger_generation_model][INFO] - [rank: 0] [Body] ndcg@5: 0.016354  ndcg@10: 0.020778  recall@5: 0.025741  recall@10: 0.039361
[2025-11-13 18:23:44,344][src.models.modules.semantic_id.tiger_generation_model][INFO] - [rank: 0] [Tail] ndcg@5: 0.016851  ndcg@10: 0.022328  recall@5: 0.027287  recall@10: 0.044317
[2025-11-13 18:23:44,344][src.models.modules.semantic_id.tiger_generation_model][INFO] - [rank: 0] [Head] ndcg@5: 0.021363  ndcg@10: 0.027597  recall@5: 0.034429  recall@10: 0.053547
[2025-11-13 18:23:44,344][src.models.modules.semantic_id.tiger_generation_model][INFO] - [rank: 0] ================================================================================

[2025-11-13 19:01:55,980][src.models.modules.semantic_id.tiger_generation_model][INFO] - [rank: 0] 
================================================================================
[2025-11-13 19:01:55,981][src.models.modules.semantic_id.tiger_generation_model][INFO] - [rank: 0] === 生成的语义ID Embedding相似度矩阵 (平均自 704 个batch) ===
[2025-11-13 19:01:55,985][src.models.modules.semantic_id.tiger_generation_model][INFO] - [rank: 0] 
[[ 9.99995530e-01 -2.93910503e-03  2.19213106e-02 -1.05146850e-02
  -7.64408521e-03  4.91331611e-03  3.20916623e-03  1.46093918e-03
  -7.97139853e-03 -3.32802348e-02]
 [-2.93910503e-03  1.00000477e+00  2.15391163e-04 -5.90875605e-03
   1.06168641e-02 -1.13229556e-02 -2.46320944e-02 -7.60606676e-03
   5.14400611e-03 -5.23795048e-03]
 [ 2.19213106e-02  2.15391163e-04  1.00001442e+00 -5.09798527e-03
   5.24266390e-03 -1.45838887e-03  5.58299245e-03  4.03513527e-03
   3.86795728e-03 -7.03221373e-03]
 [-1.05146850e-02 -5.90875605e-03 -5.09798527e-03  1.00000966e+00
   2.80308351e-03  1.20899230e-02  1.68963019e-02 -4.87598171e-03
   1.99483009e-03  7.23898690e-03]
 [-7.64408521e-03  1.06168641e-02  5.24266390e-03  2.80308351e-03
   9.99975145e-01 -2.68795118e-02  1.04860775e-02  1.25336824e-02
  -9.19263996e-03 -1.41082685e-02]
 [ 4.91331611e-03 -1.13229556e-02 -1.45838887e-03  1.20899230e-02
  -2.68795118e-02  1.00001907e+00  5.90587780e-03  1.26665020e-02
  -3.22028883e-02  1.59478951e-02]
 [ 3.20916623e-03 -2.46320944e-02  5.58299245e-03  1.68963019e-02
   1.04860775e-02  5.90587780e-03  1.00000024e+00  1.88937783e-02
  -5.10369567e-03  5.90278534e-04]
 [ 1.46093918e-03 -7.60606676e-03  4.03513527e-03 -4.87598171e-03
   1.25336824e-02  1.26665020e-02  1.88937783e-02  9.99986827e-01
  -2.34228577e-02  1.54955965e-02]
 [-7.97139853e-03  5.14400611e-03  3.86795728e-03  1.99483009e-03
  -9.19263996e-03 -3.22028883e-02 -5.10369567e-03 -2.34228577e-02
   1.00000334e+00  3.64688784e-02]
 [-3.32802348e-02 -5.23795048e-03 -7.03221373e-03  7.23898690e-03
  -1.41082685e-02  1.59478951e-02  5.90278534e-04  1.54955965e-02
   3.64688784e-02  9.99978900e-01]]
[2025-11-13 19:01:55,985][src.models.modules.semantic_id.tiger_generation_model][INFO] - [rank: 0] ================================================================================

[2025-11-13 19:01:55,986][src.models.modules.semantic_id.tiger_generation_model][INFO] - [rank: 0] 
================================================================================
[2025-11-13 19:01:55,986][src.models.modules.semantic_id.tiger_generation_model][INFO] - [rank: 0] === 输入序列中每个Item的Hierarchy Embedding相似度矩阵 (平均自 704 个batch) ===
[2025-11-13 19:01:55,988][src.models.modules.semantic_id.tiger_generation_model][INFO] - [rank: 0] 
[[ 1.0000093e+00  3.6447572e-03  3.2804764e-03  1.6553997e-03
   1.7664050e-03 -2.2330695e-04  4.8954092e-04 -3.3451868e-03
  -2.3132064e-03 -1.2830237e-02]
 [ 3.6447572e-03  1.0000062e+00  1.9627695e-03  4.7600013e-03
   6.5617007e-03  2.0158263e-03  6.4738365e-03  2.7264385e-03
  -1.3850069e-03  1.1452321e-02]
 [ 3.2804764e-03  1.9627695e-03  1.0000008e+00  4.3045161e-03
   4.0725395e-03  8.0753776e-04  2.1435427e-03  9.2174875e-04
  -2.0087559e-03  2.3041265e-03]
 [ 1.6553997e-03  4.7600013e-03  4.3045161e-03  1.0000042e+00
   2.6523338e-03  3.3747917e-03  9.0090442e-04  2.3676658e-03
  -5.0667883e-03 -3.0613297e-03]
 [ 1.7664050e-03  6.5617007e-03  4.0725395e-03  2.6523338e-03
   9.9999374e-01  2.2355767e-03  4.3698899e-03  3.8525800e-03
  -3.7458709e-03 -7.0058289e-03]
 [-2.2330695e-04  2.0158263e-03  8.0753776e-04  3.3747917e-03
   2.2355767e-03  1.0000014e+00  1.8700314e-03  3.6409402e-03
  -4.3036351e-03  4.6544131e-03]
 [ 4.8954092e-04  6.4738365e-03  2.1435427e-03  9.0090442e-04
   4.3698899e-03  1.8700314e-03  1.0000027e+00  6.2243980e-03
  -5.8716210e-03 -5.0111962e-03]
 [-3.3451868e-03  2.7264385e-03  9.2174875e-04  2.3676658e-03
   3.8525800e-03  3.6409402e-03  6.2243980e-03  9.9999696e-01
  -8.8903960e-03  3.7372247e-03]
 [-2.3132064e-03 -1.3850069e-03 -2.0087559e-03 -5.0667883e-03
  -3.7458709e-03 -4.3036351e-03 -5.8716210e-03 -8.8903960e-03
   9.9999273e-01  2.9599559e-02]
 [-1.2830237e-02  1.1452321e-02  2.3041265e-03 -3.0613297e-03
  -7.0058289e-03  4.6544131e-03 -5.0111962e-03  3.7372247e-03
   2.9599559e-02  9.9997878e-01]]
[2025-11-13 19:01:55,988][src.models.modules.semantic_id.tiger_generation_model][INFO] - [rank: 0] ================================================================================

[2025-11-13 19:01:56,196][src.models.modules.semantic_id.tiger_generation_model][INFO] - [rank: 0] 
================================================================================
[2025-11-13 19:01:56,197][src.models.modules.semantic_id.tiger_generation_model][INFO] - [rank: 0] === 按流行度分组的评测指标（累计到当前阶段）===
[2025-11-13 19:01:56,197][src.models.modules.semantic_id.tiger_generation_model][INFO] - [rank: 0] [Body] ndcg@5: 0.019970  ndcg@10: 0.024964  recall@5: 0.030716  recall@10: 0.046110
[2025-11-13 19:01:56,197][src.models.modules.semantic_id.tiger_generation_model][INFO] - [rank: 0] [Tail] ndcg@5: 0.021057  ndcg@10: 0.027092  recall@5: 0.032796  recall@10: 0.051531
[2025-11-13 19:01:56,197][src.models.modules.semantic_id.tiger_generation_model][INFO] - [rank: 0] [Head] ndcg@5: 0.026083  ndcg@10: 0.033106  recall@5: 0.041426  recall@10: 0.062978
[2025-11-13 19:01:56,197][src.models.modules.semantic_id.tiger_generation_model][INFO] - [rank: 0] ================================================================================

[2025-11-13 19:38:51,759][src.models.modules.semantic_id.tiger_generation_model][INFO] - [rank: 0] 
================================================================================
[2025-11-13 19:38:51,760][src.models.modules.semantic_id.tiger_generation_model][INFO] - [rank: 0] === 生成的语义ID Embedding相似度矩阵 (平均自 704 个batch) ===
[2025-11-13 19:38:51,764][src.models.modules.semantic_id.tiger_generation_model][INFO] - [rank: 0] 
[[ 9.99995530e-01  7.21176667e-03  2.95224413e-02  5.72483847e-03
   8.57856590e-03  2.67081638e-03  1.98874790e-02 -1.24498578e-02
  -8.90073180e-03 -3.41124758e-02]
 [ 7.21176667e-03  9.99982715e-01  1.27774132e-02  1.28253419e-02
   1.57593228e-02 -4.52141324e-03  4.42755083e-03 -9.23387427e-03
   1.82832906e-03  1.33486856e-02]
 [ 2.95224413e-02  1.27774132e-02  9.99996364e-01 -3.91761860e-04
   1.14045134e-02 -1.82247255e-03 -4.79571894e-03  1.21498285e-02
  -1.39159337e-03 -7.97450542e-03]
 [ 5.72483847e-03  1.28253419e-02 -3.91761860e-04  1.00000441e+00
   3.65219964e-03  1.28000826e-02  8.27210117e-03 -1.77636892e-02
   1.48885958e-02 -1.84377795e-03]
 [ 8.57856590e-03  1.57593228e-02  1.14045134e-02  3.65219964e-03
   1.00001073e+00 -1.88676119e-02  9.21691954e-03  1.72752943e-02
  -2.40565510e-03 -6.48550922e-03]
 [ 2.67081638e-03 -4.52141324e-03 -1.82247255e-03  1.28000826e-02
  -1.88676119e-02  9.99998629e-01  5.83705120e-03  3.96557013e-03
  -2.37229001e-03  1.52966883e-02]
 [ 1.98874790e-02  4.42755083e-03 -4.79571894e-03  8.27210117e-03
   9.21691954e-03  5.83705120e-03  9.99981284e-01 -4.88280226e-03
  -4.76387748e-03 -1.17114894e-02]
 [-1.24498578e-02 -9.23387427e-03  1.21498285e-02 -1.77636892e-02
   1.72752943e-02  3.96557013e-03 -4.88280226e-03  1.00000441e+00
  -2.88520269e-02 -3.15624726e-04]
 [-8.90073180e-03  1.82832906e-03 -1.39159337e-03  1.48885958e-02
  -2.40565510e-03 -2.37229001e-03 -4.76387748e-03 -2.88520269e-02
   9.99994457e-01  3.68371718e-02]
 [-3.41124758e-02  1.33486856e-02 -7.97450542e-03 -1.84377795e-03
  -6.48550922e-03  1.52966883e-02 -1.17114894e-02 -3.15624726e-04
   3.68371718e-02  1.00000560e+00]]
[2025-11-13 19:38:51,765][src.models.modules.semantic_id.tiger_generation_model][INFO] - [rank: 0] ================================================================================

[2025-11-13 19:38:51,765][src.models.modules.semantic_id.tiger_generation_model][INFO] - [rank: 0] 
================================================================================
[2025-11-13 19:38:51,766][src.models.modules.semantic_id.tiger_generation_model][INFO] - [rank: 0] === 输入序列中每个Item的Hierarchy Embedding相似度矩阵 (平均自 704 个batch) ===
[2025-11-13 19:38:51,768][src.models.modules.semantic_id.tiger_generation_model][INFO] - [rank: 0] 
[[ 1.0000070e+00  5.9284940e-03  5.7116379e-03  2.8742589e-03
   2.6017574e-03  6.0142210e-04  6.3077116e-04 -2.7919193e-03
  -3.4606918e-03 -1.4166287e-02]
 [ 5.9284940e-03  1.0000002e+00  3.8904285e-03  6.6049756e-03
   7.7293124e-03  3.0316098e-03  7.1800207e-03  3.3039413e-03
  -2.2367742e-03  1.0227505e-02]
 [ 5.7116379e-03  3.8904285e-03  9.9999183e-01  6.3612969e-03
   6.2860320e-03  2.2577748e-03  3.8012462e-03  2.4591759e-03
  -2.4847207e-03  4.3739669e-04]
 [ 2.8742589e-03  6.6049756e-03  6.3612969e-03  1.0000046e+00
   4.6122740e-03  5.3916904e-03  2.5222076e-03  3.9811311e-03
  -5.2832696e-03 -2.6822044e-03]
 [ 2.6017574e-03  7.7293124e-03  6.2860320e-03  4.6122740e-03
   9.9999881e-01  4.0135169e-03  6.5843686e-03  5.5460823e-03
  -4.2952248e-03 -7.0895301e-03]
 [ 6.0142210e-04  3.0316098e-03  2.2577748e-03  5.3916904e-03
   4.0135169e-03  9.9999899e-01  4.0068035e-03  5.3925496e-03
  -5.1542991e-03  3.2473498e-03]
 [ 6.3077116e-04  7.1800207e-03  3.8012462e-03  2.5222076e-03
   6.5843686e-03  4.0068035e-03  9.9999815e-01  7.5696586e-03
  -6.3035027e-03 -3.8254575e-03]
 [-2.7919193e-03  3.3039413e-03  2.4591759e-03  3.9811311e-03
   5.5460823e-03  5.3925496e-03  7.5696586e-03  9.9999833e-01
  -1.1077154e-02  1.5004651e-03]
 [-3.4606918e-03 -2.2367742e-03 -2.4847207e-03 -5.2832696e-03
  -4.2952248e-03 -5.1542991e-03 -6.3035027e-03 -1.1077154e-02
   9.9998873e-01  3.4255207e-02]
 [-1.4166287e-02  1.0227505e-02  4.3739669e-04 -2.6822044e-03
  -7.0895301e-03  3.2473498e-03 -3.8254575e-03  1.5004651e-03
   3.4255207e-02  1.0000062e+00]]
[2025-11-13 19:38:51,768][src.models.modules.semantic_id.tiger_generation_model][INFO] - [rank: 0] ================================================================================

[2025-11-13 19:38:52,037][src.models.modules.semantic_id.tiger_generation_model][INFO] - [rank: 0] 
================================================================================
[2025-11-13 19:38:52,037][src.models.modules.semantic_id.tiger_generation_model][INFO] - [rank: 0] === 按流行度分组的评测指标（累计到当前阶段）===
[2025-11-13 19:38:52,038][src.models.modules.semantic_id.tiger_generation_model][INFO] - [rank: 0] [Body] ndcg@5: 0.022600  ndcg@10: 0.028175  recall@5: 0.034396  recall@10: 0.051579
[2025-11-13 19:38:52,038][src.models.modules.semantic_id.tiger_generation_model][INFO] - [rank: 0] [Tail] ndcg@5: 0.024240  ndcg@10: 0.030675  recall@5: 0.036867  recall@10: 0.056861
[2025-11-13 19:38:52,038][src.models.modules.semantic_id.tiger_generation_model][INFO] - [rank: 0] [Head] ndcg@5: 0.030011  ndcg@10: 0.037488  recall@5: 0.047109  recall@10: 0.070121
[2025-11-13 19:38:52,038][src.models.modules.semantic_id.tiger_generation_model][INFO] - [rank: 0] ================================================================================

[2025-11-13 20:18:59,600][src.models.modules.semantic_id.tiger_generation_model][INFO] - [rank: 0] 
================================================================================
[2025-11-13 20:18:59,601][src.models.modules.semantic_id.tiger_generation_model][INFO] - [rank: 0] === 生成的语义ID Embedding相似度矩阵 (平均自 704 个batch) ===
[2025-11-13 20:18:59,604][src.models.modules.semantic_id.tiger_generation_model][INFO] - [rank: 0] 
[[ 1.00000238e+00  1.02515137e-02  2.12203022e-02  4.88748588e-03
  -1.09968393e-03 -6.09466922e-04  1.57604031e-02 -7.20110536e-03
  -1.46033941e-02 -2.55857911e-02]
 [ 1.02515137e-02  1.00000477e+00  9.29228589e-03  4.34072409e-03
   6.93892082e-03 -9.75694798e-04  7.17869203e-04  2.43369769e-03
   2.53601372e-03  8.32917541e-03]
 [ 2.12203022e-02  9.29228589e-03  9.99994934e-01 -5.05383080e-03
   9.58980247e-03  4.78652492e-03  4.86071175e-03  1.37213422e-02
   2.63254577e-03 -4.00256831e-03]
 [ 4.88748588e-03  4.34072409e-03 -5.05383080e-03  1.00002027e+00
   6.37869071e-03  2.95873987e-03  3.32591496e-03 -7.81189825e-04
   1.42780505e-02 -6.51061442e-03]
 [-1.09968393e-03  6.93892082e-03  9.58980247e-03  6.37869071e-03
   9.99998808e-01 -4.28303424e-03  1.15417466e-02  2.01369766e-02
  -4.72571328e-03 -1.62836723e-02]
 [-6.09466922e-04 -9.75694798e-04  4.78652492e-03  2.95873987e-03
  -4.28303424e-03  9.99996305e-01  1.01965461e-02  7.88491499e-03
  -1.16885705e-02  1.44391815e-04]
 [ 1.57604031e-02  7.17869203e-04  4.86071175e-03  3.32591496e-03
   1.15417466e-02  1.01965461e-02  1.00000226e+00 -3.34108225e-03
  -2.62850150e-03  5.34280343e-03]
 [-7.20110536e-03  2.43369769e-03  1.37213422e-02 -7.81189825e-04
   2.01369766e-02  7.88491499e-03 -3.34108225e-03  9.99986231e-01
  -1.57746654e-02  3.31427436e-03]
 [-1.46033941e-02  2.53601372e-03  2.63254577e-03  1.42780505e-02
  -4.72571328e-03 -1.16885705e-02 -2.62850150e-03 -1.57746654e-02
   9.99991775e-01  3.47795375e-02]
 [-2.55857911e-02  8.32917541e-03 -4.00256831e-03 -6.51061442e-03
  -1.62836723e-02  1.44391815e-04  5.34280343e-03  3.31427436e-03
   3.47795375e-02  1.00011647e+00]]
[2025-11-13 20:18:59,604][src.models.modules.semantic_id.tiger_generation_model][INFO] - [rank: 0] ================================================================================

[2025-11-13 20:18:59,604][src.models.modules.semantic_id.tiger_generation_model][INFO] - [rank: 0] 
================================================================================
[2025-11-13 20:18:59,605][src.models.modules.semantic_id.tiger_generation_model][INFO] - [rank: 0] === 输入序列中每个Item的Hierarchy Embedding相似度矩阵 (平均自 704 个batch) ===
[2025-11-13 20:18:59,607][src.models.modules.semantic_id.tiger_generation_model][INFO] - [rank: 0] 
[[ 1.0000043e+00  8.2876533e-03  8.1653828e-03  4.8593963e-03
   3.9703031e-03  1.6794608e-03  1.2598104e-03 -2.3872345e-03
  -4.0559070e-03 -1.6271673e-02]
 [ 8.2876533e-03  1.0000046e+00  5.6967954e-03  8.5453559e-03
   9.1559468e-03  4.2421687e-03  8.2698772e-03  4.4341628e-03
  -3.6724792e-03  8.7739443e-03]
 [ 8.1653828e-03  5.6967954e-03  9.9999785e-01  8.2375836e-03
   8.5472474e-03  3.3854090e-03  5.1720473e-03  3.5633601e-03
  -2.9363029e-03 -8.4469595e-04]
 [ 4.8593963e-03  8.5453559e-03  8.2375836e-03  1.0000093e+00
   6.6263448e-03  7.1632694e-03  4.0214057e-03  5.2743410e-03
  -5.8244737e-03 -2.1666896e-03]
 [ 3.9703031e-03  9.1559468e-03  8.5472474e-03  6.6263448e-03
   9.9999601e-01  5.3060111e-03  7.7770655e-03  7.1243029e-03
  -4.1741240e-03 -7.9731680e-03]
 [ 1.6794608e-03  4.2421687e-03  3.3854090e-03  7.1632694e-03
   5.3060111e-03  1.0000026e+00  5.2775252e-03  6.4973701e-03
  -5.3194212e-03  2.8709003e-03]
 [ 1.2598104e-03  8.2698772e-03  5.1720473e-03  4.0214057e-03
   7.7770655e-03  5.2775252e-03  9.9999547e-01  8.6126989e-03
  -6.3233767e-03 -3.7321777e-03]
 [-2.3872345e-03  4.4341628e-03  3.5633601e-03  5.2743410e-03
   7.1243029e-03  6.4973701e-03  8.6126989e-03  9.9999958e-01
  -1.1824567e-02  1.6730499e-03]
 [-4.0559070e-03 -3.6724792e-03 -2.9363029e-03 -5.8244737e-03
  -4.1741240e-03 -5.3194212e-03 -6.3233767e-03 -1.1824567e-02
   9.9999815e-01  3.5447136e-02]
 [-1.6271673e-02  8.7739443e-03 -8.4469595e-04 -2.1666896e-03
  -7.9731680e-03  2.8709003e-03 -3.7321777e-03  1.6730499e-03
   3.5447136e-02  1.0001161e+00]]
[2025-11-13 20:18:59,607][src.models.modules.semantic_id.tiger_generation_model][INFO] - [rank: 0] ================================================================================

[2025-11-13 20:18:59,648][src.models.modules.semantic_id.tiger_generation_model][INFO] - [rank: 0] 
================================================================================
[2025-11-13 20:18:59,649][src.models.modules.semantic_id.tiger_generation_model][INFO] - [rank: 0] === 按流行度分组的评测指标（累计到当前阶段）===
[2025-11-13 20:18:59,649][src.models.modules.semantic_id.tiger_generation_model][INFO] - [rank: 0] [Body] ndcg@5: 0.024865  ndcg@10: 0.030740  recall@5: 0.037308  recall@10: 0.055419
[2025-11-13 20:18:59,649][src.models.modules.semantic_id.tiger_generation_model][INFO] - [rank: 0] [Tail] ndcg@5: 0.026366  ndcg@10: 0.033007  recall@5: 0.039532  recall@10: 0.060144
[2025-11-13 20:18:59,649][src.models.modules.semantic_id.tiger_generation_model][INFO] - [rank: 0] [Head] ndcg@5: 0.032866  ndcg@10: 0.040749  recall@5: 0.050897  recall@10: 0.075178
[2025-11-13 20:18:59,650][src.models.modules.semantic_id.tiger_generation_model][INFO] - [rank: 0] ================================================================================

[2025-11-13 20:56:01,993][src.utils.restart_job][ERROR] - [rank: 0] Exception caught: DataLoader worker (pid 3854292) is killed by signal: Aborted. 
[2025-11-13 20:56:02,020][src.utils.restart_job][ERROR] - [rank: 0] Stack trace: Traceback (most recent call last):
  File "/data_sdc/mhwang/miniconda3/envs/GRs/lib/python3.12/site-packages/lightning/pytorch/trainer/call.py", line 46, in _call_and_handle_interrupt
    return trainer.strategy.launcher.launch(trainer_fn, *args, trainer=trainer, **kwargs)
           ^^^^^^^^^^^^^^^^^^^^^^^^^^^^^^^^^^^^^^^^^^^^^^^^^^^^^^^^^^^^^^^^^^^^^^^^^^^^^^
  File "/data_sdc/mhwang/miniconda3/envs/GRs/lib/python3.12/site-packages/lightning/pytorch/strategies/launchers/subprocess_script.py", line 105, in launch
    return function(*args, **kwargs)
           ^^^^^^^^^^^^^^^^^^^^^^^^^
  File "/data_sdc/mhwang/miniconda3/envs/GRs/lib/python3.12/site-packages/lightning/pytorch/trainer/trainer.py", line 575, in _fit_impl
    self._run(model, ckpt_path=ckpt_path)
  File "/data_sdc/mhwang/miniconda3/envs/GRs/lib/python3.12/site-packages/lightning/pytorch/trainer/trainer.py", line 982, in _run
    results = self._run_stage()
              ^^^^^^^^^^^^^^^^^
  File "/data_sdc/mhwang/miniconda3/envs/GRs/lib/python3.12/site-packages/lightning/pytorch/trainer/trainer.py", line 1026, in _run_stage
    self.fit_loop.run()
  File "/data_sdc/mhwang/miniconda3/envs/GRs/lib/python3.12/site-packages/lightning/pytorch/loops/fit_loop.py", line 216, in run
    self.advance()
  File "/data_sdc/mhwang/miniconda3/envs/GRs/lib/python3.12/site-packages/lightning/pytorch/loops/fit_loop.py", line 455, in advance
    self.epoch_loop.run(self._data_fetcher)
  File "/data_sdc/mhwang/miniconda3/envs/GRs/lib/python3.12/site-packages/lightning/pytorch/loops/training_epoch_loop.py", line 151, in run
    self.on_advance_end(data_fetcher)
  File "/data_sdc/mhwang/miniconda3/envs/GRs/lib/python3.12/site-packages/lightning/pytorch/loops/training_epoch_loop.py", line 370, in on_advance_end
    self.val_loop.run()
  File "/data_sdc/mhwang/miniconda3/envs/GRs/lib/python3.12/site-packages/lightning/pytorch/loops/utilities.py", line 179, in _decorator
    return loop_run(self, *args, **kwargs)
           ^^^^^^^^^^^^^^^^^^^^^^^^^^^^^^^
  File "/data_sdc/mhwang/miniconda3/envs/GRs/lib/python3.12/site-packages/lightning/pytorch/loops/evaluation_loop.py", line 144, in run
    self._evaluation_step(batch, batch_idx, dataloader_idx, dataloader_iter)
  File "/data_sdc/mhwang/miniconda3/envs/GRs/lib/python3.12/site-packages/lightning/pytorch/loops/evaluation_loop.py", line 433, in _evaluation_step
    output = call._call_strategy_hook(trainer, hook_name, *step_args)
             ^^^^^^^^^^^^^^^^^^^^^^^^^^^^^^^^^^^^^^^^^^^^^^^^^^^^^^^^
  File "/data_sdc/mhwang/miniconda3/envs/GRs/lib/python3.12/site-packages/lightning/pytorch/trainer/call.py", line 323, in _call_strategy_hook
    output = fn(*args, **kwargs)
             ^^^^^^^^^^^^^^^^^^^
  File "/data_sdc/mhwang/miniconda3/envs/GRs/lib/python3.12/site-packages/lightning/pytorch/strategies/strategy.py", line 411, in validation_step
    return self._forward_redirection(self.model, self.lightning_module, "validation_step", *args, **kwargs)
           ^^^^^^^^^^^^^^^^^^^^^^^^^^^^^^^^^^^^^^^^^^^^^^^^^^^^^^^^^^^^^^^^^^^^^^^^^^^^^^^^^^^^^^^^^^^^^^^^
  File "/data_sdc/mhwang/miniconda3/envs/GRs/lib/python3.12/site-packages/lightning/pytorch/strategies/strategy.py", line 641, in __call__
    wrapper_output = wrapper_module(*args, **kwargs)
                     ^^^^^^^^^^^^^^^^^^^^^^^^^^^^^^^
  File "/data_sdc/mhwang/miniconda3/envs/GRs/lib/python3.12/site-packages/torch/nn/modules/module.py", line 1739, in _wrapped_call_impl
    return self._call_impl(*args, **kwargs)
           ^^^^^^^^^^^^^^^^^^^^^^^^^^^^^^^^
  File "/data_sdc/mhwang/miniconda3/envs/GRs/lib/python3.12/site-packages/torch/nn/modules/module.py", line 1750, in _call_impl
    return forward_call(*args, **kwargs)
           ^^^^^^^^^^^^^^^^^^^^^^^^^^^^^
  File "/data_sdc/mhwang/miniconda3/envs/GRs/lib/python3.12/site-packages/torch/nn/parallel/distributed.py", line 1643, in forward
    else self._run_ddp_forward(*inputs, **kwargs)
         ^^^^^^^^^^^^^^^^^^^^^^^^^^^^^^^^^^^^^^^^
  File "/data_sdc/mhwang/miniconda3/envs/GRs/lib/python3.12/site-packages/torch/nn/parallel/distributed.py", line 1459, in _run_ddp_forward
    return self.module(*inputs, **kwargs)  # type: ignore[index]
           ^^^^^^^^^^^^^^^^^^^^^^^^^^^^^^
  File "/data_sdc/mhwang/miniconda3/envs/GRs/lib/python3.12/site-packages/torch/nn/modules/module.py", line 1739, in _wrapped_call_impl
    return self._call_impl(*args, **kwargs)
           ^^^^^^^^^^^^^^^^^^^^^^^^^^^^^^^^
  File "/data_sdc/mhwang/miniconda3/envs/GRs/lib/python3.12/site-packages/torch/nn/modules/module.py", line 1750, in _call_impl
    return forward_call(*args, **kwargs)
           ^^^^^^^^^^^^^^^^^^^^^^^^^^^^^
  File "/data_sdc/mhwang/miniconda3/envs/GRs/lib/python3.12/site-packages/lightning/pytorch/strategies/strategy.py", line 634, in wrapped_forward
    out = method(*_args, **_kwargs)
          ^^^^^^^^^^^^^^^^^^^^^^^^^
  File "/data/mhwang/Rec/GRID/src/models/modules/base_module.py", line 204, in validation_step
    self.eval_step(batch, self.val_loss)
  File "/data/mhwang/Rec/GRID/src/models/modules/semantic_id/tiger_generation_model.py", line 1486, in eval_step
    generated_ids, marginal_probs = self.generate(
                                    ^^^^^^^^^^^^^^
  File "/data/mhwang/Rec/GRID/src/models/modules/semantic_id/tiger_generation_model.py", line 1240, in generate
    decoder_result = self.decoder_forward_pass(
                     ^^^^^^^^^^^^^^^^^^^^^^^^^^
  File "/data/mhwang/Rec/GRID/src/models/modules/semantic_id/tiger_generation_model.py", line 1158, in decoder_forward_pass
    decoder_output = self.decoder(
                     ^^^^^^^^^^^^^
  File "/data_sdc/mhwang/miniconda3/envs/GRs/lib/python3.12/site-packages/torch/nn/modules/module.py", line 1739, in _wrapped_call_impl
    return self._call_impl(*args, **kwargs)
           ^^^^^^^^^^^^^^^^^^^^^^^^^^^^^^^^
  File "/data_sdc/mhwang/miniconda3/envs/GRs/lib/python3.12/site-packages/torch/nn/modules/module.py", line 1750, in _call_impl
    return forward_call(*args, **kwargs)
           ^^^^^^^^^^^^^^^^^^^^^^^^^^^^^
  File "/data/mhwang/Rec/GRID/src/models/modules/semantic_id/tiger_generation_model.py", line 1670, in forward
    decoder_outputs: Seq2SeqModelOutput = self.decoder(
                                          ^^^^^^^^^^^^^
  File "/data_sdc/mhwang/miniconda3/envs/GRs/lib/python3.12/site-packages/torch/nn/modules/module.py", line 1739, in _wrapped_call_impl
    return self._call_impl(*args, **kwargs)
           ^^^^^^^^^^^^^^^^^^^^^^^^^^^^^^^^
  File "/data_sdc/mhwang/miniconda3/envs/GRs/lib/python3.12/site-packages/torch/nn/modules/module.py", line 1750, in _call_impl
    return forward_call(*args, **kwargs)
           ^^^^^^^^^^^^^^^^^^^^^^^^^^^^^
  File "/data_sdc/mhwang/miniconda3/envs/GRs/lib/python3.12/site-packages/transformers/models/t5/modeling_t5.py", line 1124, in forward
    layer_outputs = layer_module(
                    ^^^^^^^^^^^^^
  File "/data_sdc/mhwang/miniconda3/envs/GRs/lib/python3.12/site-packages/torch/nn/modules/module.py", line 1739, in _wrapped_call_impl
    return self._call_impl(*args, **kwargs)
           ^^^^^^^^^^^^^^^^^^^^^^^^^^^^^^^^
  File "/data_sdc/mhwang/miniconda3/envs/GRs/lib/python3.12/site-packages/torch/nn/modules/module.py", line 1750, in _call_impl
    return forward_call(*args, **kwargs)
           ^^^^^^^^^^^^^^^^^^^^^^^^^^^^^
  File "/data_sdc/mhwang/miniconda3/envs/GRs/lib/python3.12/site-packages/transformers/models/t5/modeling_t5.py", line 725, in forward
    hidden_states = self.layer[-1](hidden_states)
                    ^^^^^^^^^^^^^^^^^^^^^^^^^^^^^
  File "/data_sdc/mhwang/miniconda3/envs/GRs/lib/python3.12/site-packages/torch/nn/modules/module.py", line 1739, in _wrapped_call_impl
    return self._call_impl(*args, **kwargs)
           ^^^^^^^^^^^^^^^^^^^^^^^^^^^^^^^^
  File "/data_sdc/mhwang/miniconda3/envs/GRs/lib/python3.12/site-packages/torch/nn/modules/module.py", line 1750, in _call_impl
    return forward_call(*args, **kwargs)
           ^^^^^^^^^^^^^^^^^^^^^^^^^^^^^
  File "/data/mhwang/Rec/GRID/src/models/modules/semantic_id/tiger_generation_model.py", line 1773, in forward
    forwarded_states = self.mlp(forwarded_states)
                       ^^^^^^^^^^^^^^^^^^^^^^^^^^
  File "/data_sdc/mhwang/miniconda3/envs/GRs/lib/python3.12/site-packages/torch/nn/modules/module.py", line 1739, in _wrapped_call_impl
    return self._call_impl(*args, **kwargs)
           ^^^^^^^^^^^^^^^^^^^^^^^^^^^^^^^^
  File "/data_sdc/mhwang/miniconda3/envs/GRs/lib/python3.12/site-packages/torch/nn/modules/module.py", line 1750, in _call_impl
    return forward_call(*args, **kwargs)
           ^^^^^^^^^^^^^^^^^^^^^^^^^^^^^
  File "/data/mhwang/Rec/GRID/src/models/components/network_blocks/mlp.py", line 48, in forward
    return self.model(x)
           ^^^^^^^^^^^^^
  File "/data_sdc/mhwang/miniconda3/envs/GRs/lib/python3.12/site-packages/torch/nn/modules/module.py", line 1739, in _wrapped_call_impl
    return self._call_impl(*args, **kwargs)
           ^^^^^^^^^^^^^^^^^^^^^^^^^^^^^^^^
  File "/data_sdc/mhwang/miniconda3/envs/GRs/lib/python3.12/site-packages/torch/nn/modules/module.py", line 1750, in _call_impl
    return forward_call(*args, **kwargs)
           ^^^^^^^^^^^^^^^^^^^^^^^^^^^^^
  File "/data_sdc/mhwang/miniconda3/envs/GRs/lib/python3.12/site-packages/torch/nn/modules/container.py", line 250, in forward
    input = module(input)
            ^^^^^^^^^^^^^
  File "/data_sdc/mhwang/miniconda3/envs/GRs/lib/python3.12/site-packages/torch/nn/modules/module.py", line 1739, in _wrapped_call_impl
    return self._call_impl(*args, **kwargs)
           ^^^^^^^^^^^^^^^^^^^^^^^^^^^^^^^^
  File "/data_sdc/mhwang/miniconda3/envs/GRs/lib/python3.12/site-packages/torch/nn/modules/module.py", line 1750, in _call_impl
    return forward_call(*args, **kwargs)
           ^^^^^^^^^^^^^^^^^^^^^^^^^^^^^
  File "/data_sdc/mhwang/miniconda3/envs/GRs/lib/python3.12/site-packages/torch/nn/modules/linear.py", line 125, in forward
    return F.linear(input, self.weight, self.bias)
           ^^^^^^^^^^^^^^^^^^^^^^^^^^^^^^^^^^^^^^^
  File "/data_sdc/mhwang/miniconda3/envs/GRs/lib/python3.12/site-packages/torch/utils/data/_utils/signal_handling.py", line 73, in handler
    _error_if_any_worker_fails()
RuntimeError: DataLoader worker (pid 3854292) is killed by signal: Aborted. 

[2025-11-13 20:56:02,020][src.utils.restart_job][INFO] - [rank: 0] Cleaning up and handling restart logic
[2025-11-13 20:56:02,020][src.utils.restart_job_utils][INFO] - [rank: 0] Trying to load metadata from /data/mhwang/Rec/GRID/logs/train/runs/2025-11-13/15-15-33/metadata/restart_metadata.json
[2025-11-13 20:56:02,022][src.utils.restart_job_utils][INFO] - [rank: 0] Metadata loaded successfully from /data/mhwang/Rec/GRID/logs/train/runs/2025-11-13/15-15-33/metadata/restart_metadata.json
[2025-11-13 20:56:02,022][src.utils.restart_job_utils][INFO] - [rank: 0] Retrieved current_run: 0 from metadata /data/mhwang/Rec/GRID/logs/train/runs/2025-11-13/15-15-33/metadata/restart_metadata.json
[2025-11-13 20:56:02,023][src.utils.restart_job][INFO] - [rank: 0] Restarting job. Current metadata: JobCheckpointMetadata(start_time='2025-11-13T15:15:34.543871', restarts=[{'time': '2025-11-13T20:56:02.023135', 'exception': 'DataLoader worker (pid 3854292) is killed by signal: Aborted. ', 'run_number': 0}], current_run=1, used_ports=['36651'], world_size=4, node_rank=0, master_addr='127.0.0.1', original_args=['/data/mhwang/Rec/GRID/src/train.py', 'experiment=tiger_train_flat', 'data_dir=/data/mhwang/Rec/GRID/amazon_data/beauty', 'semantic_id_path=/data/mhwang/Rec/GRID/logs/inference/runs/2025-11-12/23-33-09/pickle/merged_predictions_tensor.pt', 'num_hierarchies=10', '++should_skip_retry=True'])
[2025-11-13 20:56:02,023][src.utils.restart_job_utils][INFO] - [rank: 0] Saving metadata to /data/mhwang/Rec/GRID/logs/train/runs/2025-11-13/15-15-33/metadata/restart_metadata.json. {'start_time': '2025-11-13T15:15:34.543871', 'restarts': [{'time': '2025-11-13T20:56:02.023135', 'exception': 'DataLoader worker (pid 3854292) is killed by signal: Aborted. ', 'run_number': 0}], 'current_run': 1, 'used_ports': ['36651'], 'world_size': 4, 'node_rank': 0, 'master_addr': '127.0.0.1', 'original_args': ['/data/mhwang/Rec/GRID/src/train.py', 'experiment=tiger_train_flat', 'data_dir=/data/mhwang/Rec/GRID/amazon_data/beauty', 'semantic_id_path=/data/mhwang/Rec/GRID/logs/inference/runs/2025-11-12/23-33-09/pickle/merged_predictions_tensor.pt', 'num_hierarchies=10', '++should_skip_retry=True']}
[2025-11-13 20:56:02,024][src.utils.restart_job_utils][INFO] - [rank: 0] Cleaning up distributed process group
[2025-11-13 20:56:02,481][src.utils.restart_job_utils][INFO] - [rank: 0] Clearing CUDA cache
[2025-11-13 20:56:02,525][src.utils.restart_job_utils][INFO] - [rank: 0] Tearing down trainer
[2025-11-13 20:56:03,015][src.utils.restart_job][INFO] - [rank: 0] Resources cleaned up.
