[2025-11-13 15:10:31,314][src.utils.utils][INFO] - [rank: 0] Enforcing tags! <cfg.extras.enforce_tags=True>
[2025-11-13 15:10:31,322][src.utils.utils][INFO] - [rank: 0] Printing config tree with Rich! <cfg.extras.print_config=True>
[2025-11-13 15:10:31,323][src.utils.restart_job][INFO] - [rank: 0] should_skip_retry set to True. Skipping retry logic.
[2025-11-13 15:10:31,327][src.utils.launcher_utils][INFO] - [rank: 0] Instantiating datamodule <src.data.loading.datamodules.sequence_datamodule.SequenceDataModule>
[2025-11-13 15:10:31,421][src.utils.launcher_utils][INFO] - [rank: 0] Instantiating model <src.models.modules.semantic_id.tiger_generation_model.SemanticIDEncoderDecoder>
[2025-11-13 15:10:31,672][src.models.modules.semantic_id.tiger_generation_model][INFO] - [rank: 0] i am here
[2025-11-13 15:10:32,091][src.utils.launcher_utils][INFO] - [rank: 0] Instantiating callbacks...
[2025-11-13 15:10:32,092][src.utils.instantiators][INFO] - [rank: 0] Instantiating callback <lightning.pytorch.callbacks.ModelCheckpoint>
[2025-11-13 15:10:32,096][src.utils.instantiators][INFO] - [rank: 0] Instantiating callback <lightning.pytorch.callbacks.EarlyStopping>
[2025-11-13 15:10:32,100][src.utils.instantiators][INFO] - [rank: 0] Instantiating callback <lightning.pytorch.callbacks.RichModelSummary>
[2025-11-13 15:10:32,101][src.utils.instantiators][INFO] - [rank: 0] Instantiating callback <src.utils.restart_job.RestartAndLoadCheckpointCallback>
[2025-11-13 15:10:32,104][src.utils.restart_job_utils][INFO] - [rank: 0] Trying to load metadata from /data/mhwang/Rec/GRID/logs/train/runs/2025-11-13/15-10-31/metadata/restart_metadata.json
[2025-11-13 15:10:32,105][src.utils.restart_job_utils][WARNING] - [rank: 0] Metadata file not found at /data/mhwang/Rec/GRID/logs/train/runs/2025-11-13/15-10-31/metadata/restart_metadata.json. Creating empty metadata.
[2025-11-13 15:10:32,105][src.utils.restart_job_utils][INFO] - [rank: 0] Saving metadata to /data/mhwang/Rec/GRID/logs/train/runs/2025-11-13/15-10-31/metadata/restart_metadata.json. {'start_time': '2025-11-13T15:10:32.105866', 'restarts': [], 'current_run': 0, 'used_ports': [], 'world_size': 0, 'node_rank': 0, 'master_addr': '', 'original_args': ['/data/mhwang/Rec/GRID/src/train.py', 'experiment=tiger_train_flat', 'data_dir=/data/mhwang/Rec/GRID/amazon_data/beauty', 'semantic_id_path=/data/mhwang/Rec/GRID/logs/inference/runs/2025-11-12/23-33-09/pickle/merged_predictions_tensor.pt', 'num_hierarchies=10', '++should_skip_retry=True']}
[2025-11-13 15:10:32,106][src.utils.launcher_utils][INFO] - [rank: 0] Instantiating loggers...
[2025-11-13 15:10:32,107][src.utils.instantiators][INFO] - [rank: 0] Instantiating logger <lightning.pytorch.loggers.csv_logs.CSVLogger>
[2025-11-13 15:10:32,109][src.utils.launcher_utils][INFO] - [rank: 0] Instantiating trainer <lightning.pytorch.trainer.Trainer>
[2025-11-13 15:10:32,112][src.utils.restart_job_utils][INFO] - [rank: 0] Trying to load metadata from /data/mhwang/Rec/GRID/logs/train/runs/2025-11-13/15-10-31/metadata/restart_metadata.json
[2025-11-13 15:10:32,113][src.utils.restart_job_utils][INFO] - [rank: 0] Metadata loaded successfully from /data/mhwang/Rec/GRID/logs/train/runs/2025-11-13/15-10-31/metadata/restart_metadata.json
[2025-11-13 15:10:32,113][src.utils.restart_job_utils][INFO] - [rank: 0] Retrieved current_run: 0 from metadata /data/mhwang/Rec/GRID/logs/train/runs/2025-11-13/15-10-31/metadata/restart_metadata.json
[2025-11-13 15:10:32,228][src.utils.launcher_utils][INFO] - [rank: 0] Logging hyperparameters!
[2025-11-13 15:10:32,579][__main__][INFO] - [rank: 0] Starting training!
[2025-11-13 15:10:54,411][src.utils.restart_job_utils][INFO] - [rank: 0] Saving metadata to /data/mhwang/Rec/GRID/logs/train/runs/2025-11-13/15-10-31/metadata/restart_metadata.json. {'start_time': '2025-11-13T15:10:32.105866', 'restarts': [], 'current_run': 0, 'used_ports': ['56647'], 'world_size': 4, 'node_rank': 0, 'master_addr': '127.0.0.1', 'original_args': ['/data/mhwang/Rec/GRID/src/train.py', 'experiment=tiger_train_flat', 'data_dir=/data/mhwang/Rec/GRID/amazon_data/beauty', 'semantic_id_path=/data/mhwang/Rec/GRID/logs/inference/runs/2025-11-12/23-33-09/pickle/merged_predictions_tensor.pt', 'num_hierarchies=10', '++should_skip_retry=True']}
[2025-11-13 15:10:59,925][src.models.modules.semantic_id.tiger_generation_model][INFO] - [rank: 0] 开始统计训练集中的item流行度...
[2025-11-13 15:10:59,927][src.models.modules.semantic_id.tiger_generation_model][INFO] - [rank: 0] 训练集dataloader类型: <class 'tuple'>
[2025-11-13 15:10:59,928][src.models.modules.semantic_id.tiger_generation_model][INFO] - [rank: 0] 实际dataloader类型: <class 'src.data.loading.components.custom_dataloader.DataloaderWithIterationRetry'>
[2025-11-13 15:11:53,430][src.models.modules.semantic_id.tiger_generation_model][ERROR] - [rank: 0] 遍历训练集时出错: DataLoader worker (pid 3337181) is killed by signal: Terminated. 
[2025-11-13 15:11:53,432][src.models.modules.semantic_id.tiger_generation_model][WARNING] - [rank: 0] 跳过流行度分组功能
[2025-11-13 15:11:54,337][src.utils.restart_job][ERROR] - [rank: 0] Exception caught: [Errno 32] Broken pipe
[2025-11-13 15:11:54,391][src.utils.restart_job][ERROR] - [rank: 0] Stack trace: Traceback (most recent call last):
  File "/data_sdc/mhwang/miniconda3/envs/GRs/lib/python3.12/site-packages/lightning/pytorch/trainer/call.py", line 46, in _call_and_handle_interrupt
    return trainer.strategy.launcher.launch(trainer_fn, *args, trainer=trainer, **kwargs)
           ^^^^^^^^^^^^^^^^^^^^^^^^^^^^^^^^^^^^^^^^^^^^^^^^^^^^^^^^^^^^^^^^^^^^^^^^^^^^^^
  File "/data_sdc/mhwang/miniconda3/envs/GRs/lib/python3.12/site-packages/lightning/pytorch/strategies/launchers/subprocess_script.py", line 105, in launch
    return function(*args, **kwargs)
           ^^^^^^^^^^^^^^^^^^^^^^^^^
  File "/data_sdc/mhwang/miniconda3/envs/GRs/lib/python3.12/site-packages/lightning/pytorch/trainer/trainer.py", line 575, in _fit_impl
    self._run(model, ckpt_path=ckpt_path)
  File "/data_sdc/mhwang/miniconda3/envs/GRs/lib/python3.12/site-packages/lightning/pytorch/trainer/trainer.py", line 982, in _run
    results = self._run_stage()
              ^^^^^^^^^^^^^^^^^
  File "/data_sdc/mhwang/miniconda3/envs/GRs/lib/python3.12/site-packages/lightning/pytorch/trainer/trainer.py", line 1026, in _run_stage
    self.fit_loop.run()
  File "/data_sdc/mhwang/miniconda3/envs/GRs/lib/python3.12/site-packages/lightning/pytorch/loops/fit_loop.py", line 216, in run
    self.advance()
  File "/data_sdc/mhwang/miniconda3/envs/GRs/lib/python3.12/site-packages/lightning/pytorch/loops/fit_loop.py", line 455, in advance
    self.epoch_loop.run(self._data_fetcher)
  File "/data_sdc/mhwang/miniconda3/envs/GRs/lib/python3.12/site-packages/lightning/pytorch/loops/training_epoch_loop.py", line 151, in run
    self.on_advance_end(data_fetcher)
  File "/data_sdc/mhwang/miniconda3/envs/GRs/lib/python3.12/site-packages/lightning/pytorch/loops/training_epoch_loop.py", line 370, in on_advance_end
    self.val_loop.run()
  File "/data_sdc/mhwang/miniconda3/envs/GRs/lib/python3.12/site-packages/lightning/pytorch/loops/utilities.py", line 179, in _decorator
    return loop_run(self, *args, **kwargs)
           ^^^^^^^^^^^^^^^^^^^^^^^^^^^^^^^
  File "/data_sdc/mhwang/miniconda3/envs/GRs/lib/python3.12/site-packages/lightning/pytorch/loops/evaluation_loop.py", line 144, in run
    self._evaluation_step(batch, batch_idx, dataloader_idx, dataloader_iter)
  File "/data_sdc/mhwang/miniconda3/envs/GRs/lib/python3.12/site-packages/lightning/pytorch/loops/evaluation_loop.py", line 422, in _evaluation_step
    call._call_callback_hooks(trainer, hook_name, *hook_kwargs.values())
  File "/data_sdc/mhwang/miniconda3/envs/GRs/lib/python3.12/site-packages/lightning/pytorch/trainer/call.py", line 222, in _call_callback_hooks
    fn(trainer, trainer.lightning_module, *args, **kwargs)
  File "/data_sdc/mhwang/miniconda3/envs/GRs/lib/python3.12/site-packages/lightning/pytorch/callbacks/progress/tqdm_progress.py", line 309, in on_validation_batch_start
    self.val_progress_bar.reset(convert_inf(self.total_val_batches_current_dataloader))
  File "/data_sdc/mhwang/miniconda3/envs/GRs/lib/python3.12/site-packages/tqdm/std.py", line 1380, in reset
    self.refresh()
  File "/data_sdc/mhwang/miniconda3/envs/GRs/lib/python3.12/site-packages/tqdm/std.py", line 1347, in refresh
    self.display()
  File "/data_sdc/mhwang/miniconda3/envs/GRs/lib/python3.12/site-packages/tqdm/std.py", line 1494, in display
    self.moveto(pos)
  File "/data_sdc/mhwang/miniconda3/envs/GRs/lib/python3.12/site-packages/tqdm/std.py", line 1444, in moveto
    getattr(self.fp, 'flush', lambda: None)()
  File "/data_sdc/mhwang/miniconda3/envs/GRs/lib/python3.12/site-packages/tqdm/utils.py", line 196, in inner
    return func(*args, **kwargs)
           ^^^^^^^^^^^^^^^^^^^^^
BrokenPipeError: [Errno 32] Broken pipe

[2025-11-13 15:11:54,392][src.utils.restart_job][INFO] - [rank: 0] Cleaning up and handling restart logic
[2025-11-13 15:11:54,392][src.utils.restart_job_utils][INFO] - [rank: 0] Trying to load metadata from /data/mhwang/Rec/GRID/logs/train/runs/2025-11-13/15-10-31/metadata/restart_metadata.json
[2025-11-13 15:11:54,393][src.utils.restart_job_utils][INFO] - [rank: 0] Metadata loaded successfully from /data/mhwang/Rec/GRID/logs/train/runs/2025-11-13/15-10-31/metadata/restart_metadata.json
[2025-11-13 15:11:54,394][src.utils.restart_job_utils][INFO] - [rank: 0] Retrieved current_run: 0 from metadata /data/mhwang/Rec/GRID/logs/train/runs/2025-11-13/15-10-31/metadata/restart_metadata.json
[2025-11-13 15:11:54,394][src.utils.restart_job][INFO] - [rank: 0] Restarting job. Current metadata: JobCheckpointMetadata(start_time='2025-11-13T15:10:32.105866', restarts=[{'time': '2025-11-13T15:11:54.394468', 'exception': '[Errno 32] Broken pipe', 'run_number': 0}], current_run=1, used_ports=['56647'], world_size=4, node_rank=0, master_addr='127.0.0.1', original_args=['/data/mhwang/Rec/GRID/src/train.py', 'experiment=tiger_train_flat', 'data_dir=/data/mhwang/Rec/GRID/amazon_data/beauty', 'semantic_id_path=/data/mhwang/Rec/GRID/logs/inference/runs/2025-11-12/23-33-09/pickle/merged_predictions_tensor.pt', 'num_hierarchies=10', '++should_skip_retry=True'])
[2025-11-13 15:11:54,394][src.utils.restart_job_utils][INFO] - [rank: 0] Saving metadata to /data/mhwang/Rec/GRID/logs/train/runs/2025-11-13/15-10-31/metadata/restart_metadata.json. {'start_time': '2025-11-13T15:10:32.105866', 'restarts': [{'time': '2025-11-13T15:11:54.394468', 'exception': '[Errno 32] Broken pipe', 'run_number': 0}], 'current_run': 1, 'used_ports': ['56647'], 'world_size': 4, 'node_rank': 0, 'master_addr': '127.0.0.1', 'original_args': ['/data/mhwang/Rec/GRID/src/train.py', 'experiment=tiger_train_flat', 'data_dir=/data/mhwang/Rec/GRID/amazon_data/beauty', 'semantic_id_path=/data/mhwang/Rec/GRID/logs/inference/runs/2025-11-12/23-33-09/pickle/merged_predictions_tensor.pt', 'num_hierarchies=10', '++should_skip_retry=True']}
[2025-11-13 15:11:54,396][src.utils.restart_job_utils][INFO] - [rank: 0] Cleaning up distributed process group
[2025-11-13 15:11:54,766][src.utils.restart_job_utils][INFO] - [rank: 0] Clearing CUDA cache
[2025-11-13 15:11:54,996][src.utils.restart_job_utils][INFO] - [rank: 0] Tearing down trainer
[2025-11-13 15:11:55,830][src.utils.restart_job][INFO] - [rank: 0] Resources cleaned up.
