[2025-09-17 21:03:27,233][src.utils.utils][INFO] - [rank: 0] Enforcing tags! <cfg.extras.enforce_tags=True>
[2025-09-17 21:03:27,238][src.utils.utils][INFO] - [rank: 0] Printing config tree with Rich! <cfg.extras.print_config=True>
[2025-09-17 21:03:27,239][src.utils.restart_job][INFO] - [rank: 0] should_skip_retry set to True. Skipping retry logic.
[2025-09-17 21:03:27,241][src.utils.launcher_utils][INFO] - [rank: 0] Instantiating datamodule <src.data.loading.datamodules.sequence_datamodule.SequenceDataModule>
[2025-09-17 21:03:27,289][src.utils.launcher_utils][INFO] - [rank: 0] Instantiating model <src.models.modules.semantic_id.tiger_generation_model.SemanticIDEncoderDecoder>
[2025-09-17 21:03:27,553][src.utils.launcher_utils][INFO] - [rank: 0] Instantiating callbacks...
[2025-09-17 21:03:27,554][src.utils.instantiators][INFO] - [rank: 0] Instantiating callback <lightning.pytorch.callbacks.ModelCheckpoint>
[2025-09-17 21:03:27,556][src.utils.instantiators][INFO] - [rank: 0] Instantiating callback <lightning.pytorch.callbacks.EarlyStopping>
[2025-09-17 21:03:27,558][src.utils.instantiators][INFO] - [rank: 0] Instantiating callback <lightning.pytorch.callbacks.RichModelSummary>
[2025-09-17 21:03:27,559][src.utils.instantiators][INFO] - [rank: 0] Instantiating callback <src.utils.restart_job.RestartAndLoadCheckpointCallback>
[2025-09-17 21:03:27,560][src.utils.restart_job_utils][INFO] - [rank: 0] Trying to load metadata from /data/mhwang/Rec/GRID/logs/train/runs/2025-09-17/21-03-27/metadata/restart_metadata.json
[2025-09-17 21:03:27,560][src.utils.restart_job_utils][WARNING] - [rank: 0] Metadata file not found at /data/mhwang/Rec/GRID/logs/train/runs/2025-09-17/21-03-27/metadata/restart_metadata.json. Creating empty metadata.
[2025-09-17 21:03:27,561][src.utils.restart_job_utils][INFO] - [rank: 0] Saving metadata to /data/mhwang/Rec/GRID/logs/train/runs/2025-09-17/21-03-27/metadata/restart_metadata.json. {'start_time': '2025-09-17T21:03:27.560967', 'restarts': [], 'current_run': 0, 'used_ports': [], 'world_size': 0, 'node_rank': 0, 'master_addr': '', 'original_args': ['/data/mhwang/Rec/GRID/src/train.py', 'experiment=tiger_train_flat', 'data_dir=/data/mhwang/Rec/GRID/amazon_data/toys', 'semantic_id_path=/data/mhwang/Rec/GRID/logs/inference/runs/2025-09-17/20-58-27/pickle/merged_predictions_tensor.pt', 'num_hierarchies=4', '++should_skip_retry=True']}
[2025-09-17 21:03:27,561][src.utils.launcher_utils][INFO] - [rank: 0] Instantiating loggers...
[2025-09-17 21:03:27,561][src.utils.instantiators][INFO] - [rank: 0] Instantiating logger <lightning.pytorch.loggers.csv_logs.CSVLogger>
[2025-09-17 21:03:27,562][src.utils.launcher_utils][INFO] - [rank: 0] Instantiating trainer <lightning.pytorch.trainer.Trainer>
[2025-09-17 21:03:27,564][src.utils.restart_job_utils][INFO] - [rank: 0] Trying to load metadata from /data/mhwang/Rec/GRID/logs/train/runs/2025-09-17/21-03-27/metadata/restart_metadata.json
[2025-09-17 21:03:27,564][src.utils.restart_job_utils][INFO] - [rank: 0] Metadata loaded successfully from /data/mhwang/Rec/GRID/logs/train/runs/2025-09-17/21-03-27/metadata/restart_metadata.json
[2025-09-17 21:03:27,564][src.utils.restart_job_utils][INFO] - [rank: 0] Retrieved current_run: 0 from metadata /data/mhwang/Rec/GRID/logs/train/runs/2025-09-17/21-03-27/metadata/restart_metadata.json
[2025-09-17 21:03:27,655][src.utils.launcher_utils][INFO] - [rank: 0] Logging hyperparameters!
[2025-09-17 21:03:27,833][__main__][INFO] - [rank: 0] Starting training!
[2025-09-17 21:03:39,836][src.utils.restart_job_utils][INFO] - [rank: 0] Saving metadata to /data/mhwang/Rec/GRID/logs/train/runs/2025-09-17/21-03-27/metadata/restart_metadata.json. {'start_time': '2025-09-17T21:03:27.560967', 'restarts': [], 'current_run': 0, 'used_ports': ['56259'], 'world_size': 2, 'node_rank': 0, 'master_addr': '127.0.0.1', 'original_args': ['/data/mhwang/Rec/GRID/src/train.py', 'experiment=tiger_train_flat', 'data_dir=/data/mhwang/Rec/GRID/amazon_data/toys', 'semantic_id_path=/data/mhwang/Rec/GRID/logs/inference/runs/2025-09-17/20-58-27/pickle/merged_predictions_tensor.pt', 'num_hierarchies=4', '++should_skip_retry=True']}
[2025-09-18 02:28:54,981][__main__][INFO] - [rank: 0] Starting testing!
[2025-09-18 02:30:57,290][__main__][INFO] - [rank: 0] Best ckpt path: /data/mhwang/Rec/GRID/logs/train/runs/2025-09-17/21-03-27/checkpoints/checkpoint_epoch=000_step=002600.ckpt
[2025-09-18 02:30:57,296][__main__][INFO] - [rank: 0] Metrics: {'train/loss': tensor(7.3931), 'train/loss_step': tensor(5.4184), 'val/loss': tensor(10.7539), 'val/ndcg@5': tensor(0.0363), 'val/ndcg@10': tensor(0.0436), 'val/recall@5': tensor(0.0518), 'val/recall@10': tensor(0.0745), 'train/loss_epoch': tensor(7.3931), 'test/loss': tensor(10.3894), 'test/ndcg@5': tensor(0.0269), 'test/ndcg@10': tensor(0.0330), 'test/recall@5': tensor(0.0401), 'test/recall@10': tensor(0.0589)}
