[2025-12-03 01:04:24,266][src.utils.utils][INFO] - [rank: 0] Enforcing tags! <cfg.extras.enforce_tags=True>
[2025-12-03 01:04:24,274][src.utils.utils][WARNING] - [rank: 0] Config loss was not found in the config tree. Make sure this is expected.
[2025-12-03 01:04:24,274][src.utils.utils][WARNING] - [rank: 0] Config optim was not found in the config tree. Make sure this is expected.
[2025-12-03 01:04:24,275][src.utils.utils][WARNING] - [rank: 0] Config eval was not found in the config tree. Make sure this is expected.
[2025-12-03 01:04:27,275][src.utils.utils][INFO] - [rank: 0] Printing config tree with Rich! <cfg.extras.print_config=True>
[2025-12-03 01:04:27,279][src.utils.launcher_utils][INFO] - [rank: 0] Instantiating datamodule <src.data.loading.datamodules.sequence_datamodule.SequenceDataModule>
[2025-12-03 01:04:27,369][src.utils.launcher_utils][INFO] - [rank: 0] Instantiating model <src.models.modules.semantic_id.tiger_generation_model.SemanticIDEncoderDecoder>
[2025-12-03 01:04:28,001][src.utils.launcher_utils][INFO] - [rank: 0] Instantiating callbacks...
[2025-12-03 01:04:28,001][src.utils.instantiators][INFO] - [rank: 0] Instantiating callback <src.utils.inference_utils.LocalPickleWriter>
[2025-12-03 01:04:28,755][src.utils.launcher_utils][INFO] - [rank: 0] Instantiating loggers...
[2025-12-03 01:04:28,755][src.utils.instantiators][INFO] - [rank: 0] Instantiating logger <lightning.pytorch.loggers.csv_logs.CSVLogger>
[2025-12-03 01:04:28,759][src.utils.launcher_utils][INFO] - [rank: 0] Instantiating trainer <lightning.pytorch.trainer.Trainer>
[2025-12-03 01:04:28,875][src.utils.launcher_utils][INFO] - [rank: 0] Logging hyperparameters!
[2025-12-03 01:04:29,097][__main__][INFO] - [rank: 0] Starting inference!
[2025-12-03 01:04:51,421][src.utils.inference_utils][INFO] - Rank 3 initialized for inference.
[2025-12-03 01:04:51,421][src.utils.inference_utils][INFO] - Rank 2 initialized for inference.
[2025-12-03 01:04:51,422][src.utils.inference_utils][INFO] - Rank 0 initialized for inference.
[2025-12-03 01:04:51,426][src.utils.inference_utils][INFO] - Rank 1 initialized for inference.
[2025-12-03 01:05:13,182][src.utils.inference_utils][INFO] - Global Rank: 2 wrote 5632 rows to /data/mhwang/Rec/GRID/logs/inference/runs/2025-12-03/01-04-24/pickle/predictions_2_20251202T170513142.pkl.
[2025-12-03 01:05:13,193][src.utils.inference_utils][INFO] - Rank 2 finished writing predictions.
[2025-12-03 01:05:13,501][src.utils.inference_utils][INFO] - Global Rank: 0 wrote 5595 rows to /data/mhwang/Rec/GRID/logs/inference/runs/2025-12-03/01-04-24/pickle/predictions_0_20251202T170513453.pkl.
[2025-12-03 01:05:13,515][src.utils.inference_utils][INFO] - Rank 0 finished writing predictions.
[2025-12-03 01:05:13,596][src.utils.inference_utils][INFO] - Global Rank: 1 wrote 5504 rows to /data/mhwang/Rec/GRID/logs/inference/runs/2025-12-03/01-04-24/pickle/predictions_1_20251202T170513549.pkl.
[2025-12-03 01:05:13,607][src.utils.inference_utils][INFO] - Rank 1 finished writing predictions.
[2025-12-03 01:05:13,928][src.utils.inference_utils][INFO] - Global Rank: 3 wrote 5632 rows to /data/mhwang/Rec/GRID/logs/inference/runs/2025-12-03/01-04-24/pickle/predictions_3_20251202T170513889.pkl.
[2025-12-03 01:05:13,939][src.utils.inference_utils][INFO] - Rank 3 finished writing predictions.
[2025-12-03 01:05:13,942][src.utils.inference_utils][INFO] - Merging pickle files on main process.
[2025-12-03 01:05:16,313][src.utils.inference_utils][INFO] - Merged 22363 rows into merged_predictions.pkl.
[2025-12-03 01:05:17,147][src.utils.inference_utils][INFO] - Merged 22363 rows into merged_predictions_tensor.pt. as pytorch tensor
