[2025-09-16 13:03:49,769][src.utils.utils][INFO] - [rank: 0] Enforcing tags! <cfg.extras.enforce_tags=True>
[2025-09-16 13:03:49,777][src.utils.utils][WARNING] - [rank: 0] Config loss was not found in the config tree. Make sure this is expected.
[2025-09-16 13:03:52,778][src.utils.utils][INFO] - [rank: 0] Printing config tree with Rich! <cfg.extras.print_config=True>
[2025-09-16 13:03:52,779][src.utils.restart_job][INFO] - [rank: 0] should_skip_retry set to True. Skipping retry logic.
[2025-09-16 13:03:52,783][src.utils.launcher_utils][INFO] - [rank: 0] Instantiating datamodule <src.data.loading.datamodules.sequence_datamodule.ItemDataModule>
[2025-09-16 13:03:53,404][src.utils.launcher_utils][INFO] - [rank: 0] Instantiating model <src.modules.clustering.residual_quantization.ResidualQuantization>
[2025-09-16 13:03:53,658][root][INFO] - Device cpu: Verbose mode enabled
[2025-09-16 13:03:53,752][root][INFO] - Device cpu: Using custom training loop function
[2025-09-16 13:03:53,768][src.utils.launcher_utils][INFO] - [rank: 0] Instantiating callbacks...
[2025-09-16 13:03:53,769][src.utils.instantiators][INFO] - [rank: 0] Instantiating callback <lightning.pytorch.callbacks.ModelCheckpoint>
[2025-09-16 13:03:53,776][src.utils.instantiators][INFO] - [rank: 0] Instantiating callback <lightning.pytorch.callbacks.RichModelSummary>
[2025-09-16 13:03:53,777][src.utils.launcher_utils][INFO] - [rank: 0] Instantiating loggers...
[2025-09-16 13:03:53,778][src.utils.instantiators][INFO] - [rank: 0] Instantiating logger <lightning.pytorch.loggers.csv_logs.CSVLogger>
[2025-09-16 13:03:53,781][src.utils.launcher_utils][INFO] - [rank: 0] Instantiating trainer <lightning.pytorch.trainer.Trainer>
[2025-09-16 13:03:53,847][pytorch_lightning.utilities.rank_zero][INFO] - Using bfloat16 Automatic Mixed Precision (AMP)
[2025-09-16 13:03:53,849][pytorch_lightning.utilities.rank_zero][INFO] - Trainer already configured with model summary callbacks: [<class 'lightning.pytorch.callbacks.rich_model_summary.RichModelSummary'>]. Skipping setting a default `ModelSummary` callback.
[2025-09-16 13:03:53,885][pytorch_lightning.utilities.rank_zero][INFO] - GPU available: True (cuda), used: True
[2025-09-16 13:03:53,886][pytorch_lightning.utilities.rank_zero][INFO] - TPU available: False, using: 0 TPU cores
[2025-09-16 13:03:53,886][pytorch_lightning.utilities.rank_zero][INFO] - HPU available: False, using: 0 HPUs
[2025-09-16 13:03:53,887][src.utils.launcher_utils][INFO] - [rank: 0] Logging hyperparameters!
[2025-09-16 13:03:54,205][__main__][INFO] - [rank: 0] Starting training!
[2025-09-16 13:04:11,969][root][INFO] - Device cpu: Verbose mode enabled
[2025-09-16 13:04:12,064][root][INFO] - Device cpu: Using custom training loop function
[2025-09-16 13:04:12,381][pytorch_lightning.utilities.rank_zero][INFO] - ----------------------------------------------------------------------------------------------------
distributed_backend=nccl
All distributed processes registered. Starting with 2 processes
----------------------------------------------------------------------------------------------------

[2025-09-16 13:04:34,439][root][INFO] - Device cuda:0: Training layers one-at-a-time, each for 10 steps. Ensure that early stopping callbacks are disabled.
[2025-09-16 13:04:34,439][root][INFO] - Device cuda:1: Training layers one-at-a-time, each for 10 steps. Ensure that early stopping callbacks are disabled.
[2025-09-16 13:04:57,469][root][INFO] - Device cuda:1: Finished training layer 0 of 3
[2025-09-16 13:04:57,470][root][INFO] - Device cuda:0: Finished training layer 0 of 3
[2025-09-16 13:05:13,260][root][INFO] - Device cuda:1: Finished training layer 1 of 3
[2025-09-16 13:05:13,260][root][INFO] - Device cuda:0: Finished training layer 1 of 3
[2025-09-16 13:05:28,299][pytorch_lightning.utilities.rank_zero][INFO] - Epoch 0, global step 30: 'train/loss' reached 4.62609 (best 4.62609), saving model to '/data/mhwang/Rec/GRID/logs/train/runs/2025-09-16/13-03-49/checkpoints/checkpoint_000_000030.ckpt' as top 1
[2025-09-16 13:05:34,425][pytorch_lightning.utilities.rank_zero][INFO] - `Trainer.fit` stopped: `max_steps=30` reached.
[2025-09-16 13:05:35,428][__main__][INFO] - [rank: 0] Metrics: {'train/loss': tensor(25.8562), 'train/loss_step': tensor(4.6261), 'train/quantization_loss': tensor(25.8562), 'train/quantization_loss_step': tensor(4.6261), 'train/reconstruction_loss': tensor(0.), 'train/reconstruction_loss_step': tensor(0.), 'train/last_residuals_norm_ratio': tensor(0.0184), 'train/last_residuals_norm_ratio_step': tensor(0.0218), 'train/first_residuals_norm_ratio': tensor(0.0062), 'train/first_residuals_norm_ratio_step': tensor(0.0036), 'train/first_centroids_norm': tensor(12.2485), 'train/first_centroids_norm_step': tensor(15.7061), 'train/last_centroids_norm': tensor(1.7778), 'train/last_centroids_norm_step': tensor(16.), 'train/frac_unique_ids': tensor(0.5011), 'train/frac_unique_ids_step': tensor(0.9912), 'train/mse': tensor(0.0003), 'train/mse_step': tensor(0.0004), 'train/layer_0/frac_layer_coverages': tensor(0.7289), 'train/layer_0/frac_layer_coverages_step': tensor(0.8594), 'train/layer_1/frac_layer_coverages': tensor(0.4677), 'train/layer_1/frac_layer_coverages_step': tensor(0.9102), 'train/layer_2/frac_layer_coverages': tensor(0.1671), 'train/layer_2/frac_layer_coverages_step': tensor(0.9766), 'train/layer_0/id_entropy': tensor(4.2067), 'train/layer_0/id_entropy_step': tensor(5.0469), 'train/layer_1/id_entropy': tensor(2.5776), 'train/layer_1/id_entropy_step': tensor(5.0758), 'train/layer_2/id_entropy': tensor(0.8831), 'train/layer_2/id_entropy_step': tensor(5.2985), 'train/loss_epoch': tensor(25.8562), 'train/quantization_loss_epoch': tensor(25.8562), 'train/reconstruction_loss_epoch': tensor(0.), 'train/last_residuals_norm_ratio_epoch': tensor(0.0184), 'train/first_residuals_norm_ratio_epoch': tensor(0.0062), 'train/first_centroids_norm_epoch': tensor(12.2485), 'train/last_centroids_norm_epoch': tensor(1.7778), 'train/frac_unique_ids_epoch': tensor(0.5011), 'train/mse_epoch': tensor(0.0003), 'train/layer_0/frac_layer_coverages_epoch': tensor(0.7289), 'train/layer_1/frac_layer_coverages_epoch': tensor(0.4677), 'train/layer_2/frac_layer_coverages_epoch': tensor(0.1671), 'train/layer_0/id_entropy_epoch': tensor(4.2067), 'train/layer_1/id_entropy_epoch': tensor(2.5776), 'train/layer_2/id_entropy_epoch': tensor(0.8831)}
