[2025-11-12 02:13:34,402][src.utils.utils][INFO] - [rank: 0] Enforcing tags! <cfg.extras.enforce_tags=True>
[2025-11-12 02:13:34,410][src.utils.utils][WARNING] - [rank: 0] Config loss was not found in the config tree. Make sure this is expected.
[2025-11-12 02:13:34,411][src.utils.utils][WARNING] - [rank: 0] Config optim was not found in the config tree. Make sure this is expected.
[2025-11-12 02:13:34,411][src.utils.utils][WARNING] - [rank: 0] Config eval was not found in the config tree. Make sure this is expected.
[2025-11-12 02:13:37,412][src.utils.utils][INFO] - [rank: 0] Printing config tree with Rich! <cfg.extras.print_config=True>
[2025-11-12 02:13:37,416][src.utils.launcher_utils][INFO] - [rank: 0] Instantiating datamodule <src.data.loading.datamodules.sequence_datamodule.ItemDataModule>
[2025-11-12 02:13:37,634][src.utils.launcher_utils][INFO] - [rank: 0] Instantiating model <src.modules.clustering.residual_quantization.ResidualQuantization>
[2025-11-12 02:13:37,871][root][INFO] - Device cpu: Verbose mode enabled
[2025-11-12 02:13:38,137][root][INFO] - Device cpu: Using custom training loop function
[2025-11-12 02:13:38,157][src.utils.launcher_utils][INFO] - [rank: 0] Instantiating callbacks...
[2025-11-12 02:13:38,158][src.utils.instantiators][INFO] - [rank: 0] Instantiating callback <src.utils.inference_utils.LocalPickleWriter>
[2025-11-12 02:13:38,379][src.utils.launcher_utils][INFO] - [rank: 0] Instantiating loggers...
[2025-11-12 02:13:38,379][src.utils.instantiators][INFO] - [rank: 0] Instantiating logger <lightning.pytorch.loggers.csv_logs.CSVLogger>
[2025-11-12 02:13:38,382][src.utils.launcher_utils][INFO] - [rank: 0] Instantiating trainer <lightning.pytorch.trainer.Trainer>
[2025-11-12 02:13:38,447][pytorch_lightning.utilities.rank_zero][INFO] - Using bfloat16 Automatic Mixed Precision (AMP)
[2025-11-12 02:13:38,483][pytorch_lightning.utilities.rank_zero][INFO] - GPU available: True (cuda), used: True
[2025-11-12 02:13:38,484][pytorch_lightning.utilities.rank_zero][INFO] - TPU available: False, using: 0 TPU cores
[2025-11-12 02:13:38,484][pytorch_lightning.utilities.rank_zero][INFO] - HPU available: False, using: 0 HPUs
[2025-11-12 02:13:38,485][src.utils.launcher_utils][INFO] - [rank: 0] Logging hyperparameters!
[2025-11-12 02:13:38,701][__main__][INFO] - [rank: 0] Starting inference!
[2025-11-12 02:13:38,819][pytorch_lightning.utilities.rank_zero][INFO] - You are using a CUDA device ('NVIDIA A800 80GB PCIe') that has Tensor Cores. To properly utilize them, you should set `torch.set_float32_matmul_precision('medium' | 'high')` which will trade-off precision for performance. For more details, read https://pytorch.org/docs/stable/generated/torch.set_float32_matmul_precision.html#torch.set_float32_matmul_precision
[2025-11-12 02:13:56,586][root][INFO] - Device cpu: Verbose mode enabled
[2025-11-12 02:13:56,797][root][INFO] - Device cpu: Using custom training loop function
[2025-11-12 02:13:57,262][root][INFO] - Device cpu: Verbose mode enabled
[2025-11-12 02:13:57,450][root][INFO] - Device cpu: Verbose mode enabled
[2025-11-12 02:13:57,589][root][INFO] - Device cpu: Using custom training loop function
[2025-11-12 02:13:57,809][root][INFO] - Device cpu: Using custom training loop function
[2025-11-12 02:13:58,333][pytorch_lightning.utilities.rank_zero][INFO] - ----------------------------------------------------------------------------------------------------
distributed_backend=nccl
All distributed processes registered. Starting with 4 processes
----------------------------------------------------------------------------------------------------

[2025-11-12 02:14:00,299][src.utils.inference_utils][INFO] - Rank 3 initialized for inference.
[2025-11-12 02:14:00,299][src.utils.inference_utils][INFO] - Rank 1 initialized for inference.
[2025-11-12 02:14:00,300][src.utils.inference_utils][INFO] - Rank 0 initialized for inference.
[2025-11-12 02:14:00,300][src.utils.inference_utils][INFO] - Rank 2 initialized for inference.
[2025-11-12 02:14:00,302][pytorch_lightning.utilities.rank_zero][INFO] - Restoring states from the checkpoint path at /data/mhwang/Rec/GRID/logs/train/runs/2025-11-12/02-05-33/checkpoints/checkpoint_000_000030.ckpt
[2025-11-12 02:14:01,508][pytorch_lightning.utilities.rank_zero][INFO] - Loaded model weights from the checkpoint at /data/mhwang/Rec/GRID/logs/train/runs/2025-11-12/02-05-33/checkpoints/checkpoint_000_000030.ckpt
[2025-11-12 02:14:06,117][src.utils.inference_utils][INFO] - Global Rank: 1 wrote 2708 rows to /data/mhwang/Rec/GRID/logs/inference/runs/2025-11-12/02-13-34/pickle/predictions_1_20251111T181406112.pkl.
[2025-11-12 02:14:06,119][src.utils.inference_utils][INFO] - Rank 1 finished writing predictions.
[2025-11-12 02:14:06,393][src.utils.inference_utils][INFO] - Global Rank: 0 wrote 3072 rows to /data/mhwang/Rec/GRID/logs/inference/runs/2025-11-12/02-13-34/pickle/predictions_0_20251111T181406386.pkl.
[2025-11-12 02:14:06,395][src.utils.inference_utils][INFO] - Rank 0 finished writing predictions.
[2025-11-12 02:14:06,523][src.utils.inference_utils][INFO] - Global Rank: 2 wrote 3072 rows to /data/mhwang/Rec/GRID/logs/inference/runs/2025-11-12/02-13-34/pickle/predictions_2_20251111T181406517.pkl.
[2025-11-12 02:14:06,526][src.utils.inference_utils][INFO] - Rank 2 finished writing predictions.
[2025-11-12 02:14:06,857][src.utils.inference_utils][INFO] - Global Rank: 3 wrote 3072 rows to /data/mhwang/Rec/GRID/logs/inference/runs/2025-11-12/02-13-34/pickle/predictions_3_20251111T181406851.pkl.
[2025-11-12 02:14:06,860][src.utils.inference_utils][INFO] - Rank 3 finished writing predictions.
[2025-11-12 02:14:06,861][src.utils.inference_utils][INFO] - Merging pickle files on main process.
[2025-11-12 02:14:07,830][src.utils.inference_utils][INFO] - Merged 11924 rows into merged_predictions.pkl.
[2025-11-12 02:14:08,032][src.utils.inference_utils][INFO] - Merged 11924 rows into merged_predictions_tensor.pt. as pytorch tensor
