[2025-09-17 20:34:45,585][src.utils.utils][INFO] - [rank: 0] Enforcing tags! <cfg.extras.enforce_tags=True>
[2025-09-17 20:34:45,589][src.utils.utils][WARNING] - [rank: 0] Config loss was not found in the config tree. Make sure this is expected.
[2025-09-17 20:34:48,590][src.utils.utils][INFO] - [rank: 0] Printing config tree with Rich! <cfg.extras.print_config=True>
[2025-09-17 20:34:48,591][src.utils.restart_job][INFO] - [rank: 0] should_skip_retry set to True. Skipping retry logic.
[2025-09-17 20:34:48,597][src.utils.launcher_utils][INFO] - [rank: 0] Instantiating datamodule <src.data.loading.datamodules.sequence_datamodule.ItemDataModule>
[2025-09-17 20:34:48,709][src.utils.launcher_utils][INFO] - [rank: 0] Instantiating model <src.modules.clustering.residual_quantization.ResidualQuantization>
[2025-09-17 20:34:48,832][root][INFO] - Device cpu: Verbose mode enabled
[2025-09-17 20:34:48,837][root][INFO] - Device cpu: Using custom training loop function
[2025-09-17 20:34:48,844][src.utils.launcher_utils][INFO] - [rank: 0] Instantiating callbacks...
[2025-09-17 20:34:48,845][src.utils.instantiators][INFO] - [rank: 0] Instantiating callback <lightning.pytorch.callbacks.ModelCheckpoint>
[2025-09-17 20:34:48,848][src.utils.instantiators][INFO] - [rank: 0] Instantiating callback <lightning.pytorch.callbacks.RichModelSummary>
[2025-09-17 20:34:48,849][src.utils.launcher_utils][INFO] - [rank: 0] Instantiating loggers...
[2025-09-17 20:34:48,849][src.utils.instantiators][INFO] - [rank: 0] Instantiating logger <lightning.pytorch.loggers.csv_logs.CSVLogger>
[2025-09-17 20:34:48,855][src.utils.launcher_utils][INFO] - [rank: 0] Instantiating trainer <lightning.pytorch.trainer.Trainer>
[2025-09-17 20:34:48,932][pytorch_lightning.utilities.rank_zero][INFO] - Using bfloat16 Automatic Mixed Precision (AMP)
[2025-09-17 20:34:48,933][pytorch_lightning.utilities.rank_zero][INFO] - Trainer already configured with model summary callbacks: [<class 'lightning.pytorch.callbacks.rich_model_summary.RichModelSummary'>]. Skipping setting a default `ModelSummary` callback.
[2025-09-17 20:34:48,961][pytorch_lightning.utilities.rank_zero][INFO] - GPU available: True (cuda), used: True
[2025-09-17 20:34:48,962][pytorch_lightning.utilities.rank_zero][INFO] - TPU available: False, using: 0 TPU cores
[2025-09-17 20:34:48,962][pytorch_lightning.utilities.rank_zero][INFO] - HPU available: False, using: 0 HPUs
[2025-09-17 20:34:48,962][src.utils.launcher_utils][INFO] - [rank: 0] Logging hyperparameters!
[2025-09-17 20:34:49,141][__main__][INFO] - [rank: 0] Starting training!
[2025-09-17 20:35:00,764][root][INFO] - Device cpu: Verbose mode enabled
[2025-09-17 20:35:00,769][root][INFO] - Device cpu: Using custom training loop function
[2025-09-17 20:35:00,984][pytorch_lightning.utilities.rank_zero][INFO] - ----------------------------------------------------------------------------------------------------
distributed_backend=nccl
All distributed processes registered. Starting with 2 processes
----------------------------------------------------------------------------------------------------

