[2025-09-17 21:46:22,301][src.utils.utils][INFO] - [rank: 0] Enforcing tags! <cfg.extras.enforce_tags=True>
[2025-09-17 21:46:22,305][src.utils.utils][INFO] - [rank: 0] Printing config tree with Rich! <cfg.extras.print_config=True>
[2025-09-17 21:46:22,306][src.utils.restart_job][INFO] - [rank: 0] should_skip_retry set to True. Skipping retry logic.
[2025-09-17 21:46:22,308][src.utils.launcher_utils][INFO] - [rank: 0] Instantiating datamodule <src.data.loading.datamodules.sequence_datamodule.SequenceDataModule>
[2025-09-17 21:46:22,357][src.utils.launcher_utils][INFO] - [rank: 0] Instantiating model <src.models.modules.semantic_id.tiger_generation_model.SemanticIDEncoderDecoder>
[2025-09-17 21:46:22,632][src.utils.launcher_utils][INFO] - [rank: 0] Instantiating callbacks...
[2025-09-17 21:46:22,632][src.utils.instantiators][INFO] - [rank: 0] Instantiating callback <lightning.pytorch.callbacks.ModelCheckpoint>
[2025-09-17 21:46:22,635][src.utils.instantiators][INFO] - [rank: 0] Instantiating callback <lightning.pytorch.callbacks.EarlyStopping>
[2025-09-17 21:46:22,637][src.utils.instantiators][INFO] - [rank: 0] Instantiating callback <lightning.pytorch.callbacks.RichModelSummary>
[2025-09-17 21:46:22,637][src.utils.instantiators][INFO] - [rank: 0] Instantiating callback <src.utils.restart_job.RestartAndLoadCheckpointCallback>
[2025-09-17 21:46:22,639][src.utils.restart_job_utils][INFO] - [rank: 0] Trying to load metadata from /data/mhwang/Rec/GRID/logs/train/runs/2025-09-17/21-46-22/metadata/restart_metadata.json
[2025-09-17 21:46:22,639][src.utils.restart_job_utils][WARNING] - [rank: 0] Metadata file not found at /data/mhwang/Rec/GRID/logs/train/runs/2025-09-17/21-46-22/metadata/restart_metadata.json. Creating empty metadata.
[2025-09-17 21:46:22,639][src.utils.restart_job_utils][INFO] - [rank: 0] Saving metadata to /data/mhwang/Rec/GRID/logs/train/runs/2025-09-17/21-46-22/metadata/restart_metadata.json. {'start_time': '2025-09-17T21:46:22.639882', 'restarts': [], 'current_run': 0, 'used_ports': [], 'world_size': 0, 'node_rank': 0, 'master_addr': '', 'original_args': ['/data/mhwang/Rec/GRID/src/train.py', 'experiment=tiger_train_flat', 'data_dir=/data/mhwang/Rec/GRID/amazon_data/toys', 'semantic_id_path=/data/mhwang/Rec/GRID/logs/inference/runs/2025-09-17/21-44-33/pickle/merged_predictions_tensor.pt', 'num_hierarchies=4', '++should_skip_retry=True']}
[2025-09-17 21:46:22,640][src.utils.launcher_utils][INFO] - [rank: 0] Instantiating loggers...
[2025-09-17 21:46:22,640][src.utils.instantiators][INFO] - [rank: 0] Instantiating logger <lightning.pytorch.loggers.csv_logs.CSVLogger>
[2025-09-17 21:46:22,641][src.utils.launcher_utils][INFO] - [rank: 0] Instantiating trainer <lightning.pytorch.trainer.Trainer>
[2025-09-17 21:46:22,643][src.utils.restart_job_utils][INFO] - [rank: 0] Trying to load metadata from /data/mhwang/Rec/GRID/logs/train/runs/2025-09-17/21-46-22/metadata/restart_metadata.json
[2025-09-17 21:46:22,643][src.utils.restart_job_utils][INFO] - [rank: 0] Metadata loaded successfully from /data/mhwang/Rec/GRID/logs/train/runs/2025-09-17/21-46-22/metadata/restart_metadata.json
[2025-09-17 21:46:22,643][src.utils.restart_job_utils][INFO] - [rank: 0] Retrieved current_run: 0 from metadata /data/mhwang/Rec/GRID/logs/train/runs/2025-09-17/21-46-22/metadata/restart_metadata.json
[2025-09-17 21:46:22,756][src.utils.launcher_utils][INFO] - [rank: 0] Logging hyperparameters!
[2025-09-17 21:46:22,933][__main__][INFO] - [rank: 0] Starting training!
[2025-09-17 21:46:33,969][src.utils.restart_job_utils][INFO] - [rank: 0] Saving metadata to /data/mhwang/Rec/GRID/logs/train/runs/2025-09-17/21-46-22/metadata/restart_metadata.json. {'start_time': '2025-09-17T21:46:22.639882', 'restarts': [], 'current_run': 0, 'used_ports': ['59617'], 'world_size': 2, 'node_rank': 0, 'master_addr': '127.0.0.1', 'original_args': ['/data/mhwang/Rec/GRID/src/train.py', 'experiment=tiger_train_flat', 'data_dir=/data/mhwang/Rec/GRID/amazon_data/toys', 'semantic_id_path=/data/mhwang/Rec/GRID/logs/inference/runs/2025-09-17/21-44-33/pickle/merged_predictions_tensor.pt', 'num_hierarchies=4', '++should_skip_retry=True']}
[2025-09-18 05:28:38,567][__main__][INFO] - [rank: 0] Starting testing!
[2025-09-18 05:31:33,415][__main__][INFO] - [rank: 0] Best ckpt path: /data/mhwang/Rec/GRID/logs/train/runs/2025-09-17/21-46-22/checkpoints/checkpoint_epoch=000_step=003300.ckpt
[2025-09-18 05:31:33,420][__main__][INFO] - [rank: 0] Metrics: {'train/loss': tensor(7.1516), 'train/loss_step': tensor(3.6770), 'val/loss': tensor(11.0704), 'val/ndcg@5': tensor(0.0345), 'val/ndcg@10': tensor(0.0410), 'val/recall@5': tensor(0.0481), 'val/recall@10': tensor(0.0681), 'train/loss_epoch': tensor(7.1516), 'test/loss': tensor(11.1878), 'test/ndcg@5': tensor(0.0247), 'test/ndcg@10': tensor(0.0305), 'test/recall@5': tensor(0.0375), 'test/recall@10': tensor(0.0553)}
