[2025-11-13 15:15:05,611][src.utils.utils][INFO] - [rank: 0] Enforcing tags! <cfg.extras.enforce_tags=True>
[2025-11-13 15:15:05,625][src.utils.utils][INFO] - [rank: 0] Printing config tree with Rich! <cfg.extras.print_config=True>
[2025-11-13 15:15:05,626][src.utils.restart_job][INFO] - [rank: 0] should_skip_retry set to True. Skipping retry logic.
[2025-11-13 15:15:05,631][src.utils.launcher_utils][INFO] - [rank: 0] Instantiating datamodule <src.data.loading.datamodules.sequence_datamodule.SequenceDataModule>
[2025-11-13 15:15:05,729][src.utils.launcher_utils][INFO] - [rank: 0] Instantiating model <src.models.modules.semantic_id.tiger_generation_model.SemanticIDEncoderDecoder>
[2025-11-13 15:15:05,996][src.models.modules.semantic_id.tiger_generation_model][INFO] - [rank: 0] i am here
[2025-11-13 15:15:06,393][src.utils.launcher_utils][INFO] - [rank: 0] Instantiating callbacks...
[2025-11-13 15:15:06,394][src.utils.instantiators][INFO] - [rank: 0] Instantiating callback <lightning.pytorch.callbacks.ModelCheckpoint>
[2025-11-13 15:15:06,402][src.utils.instantiators][INFO] - [rank: 0] Instantiating callback <lightning.pytorch.callbacks.EarlyStopping>
[2025-11-13 15:15:06,405][src.utils.instantiators][INFO] - [rank: 0] Instantiating callback <lightning.pytorch.callbacks.RichModelSummary>
[2025-11-13 15:15:06,407][src.utils.instantiators][INFO] - [rank: 0] Instantiating callback <src.utils.restart_job.RestartAndLoadCheckpointCallback>
[2025-11-13 15:15:06,410][src.utils.restart_job_utils][INFO] - [rank: 0] Trying to load metadata from /data/mhwang/Rec/GRID/logs/train/runs/2025-11-13/15-15-05/metadata/restart_metadata.json
[2025-11-13 15:15:06,411][src.utils.restart_job_utils][WARNING] - [rank: 0] Metadata file not found at /data/mhwang/Rec/GRID/logs/train/runs/2025-11-13/15-15-05/metadata/restart_metadata.json. Creating empty metadata.
[2025-11-13 15:15:06,411][src.utils.restart_job_utils][INFO] - [rank: 0] Saving metadata to /data/mhwang/Rec/GRID/logs/train/runs/2025-11-13/15-15-05/metadata/restart_metadata.json. {'start_time': '2025-11-13T15:15:06.411397', 'restarts': [], 'current_run': 0, 'used_ports': [], 'world_size': 0, 'node_rank': 0, 'master_addr': '', 'original_args': ['/data/mhwang/Rec/GRID/src/train.py', 'experiment=tiger_train_flat', 'data_dir=/data/mhwang/Rec/GRID/amazon_data/beauty', 'semantic_id_path=/data/mhwang/Rec/GRID/logs/inference/runs/2025-11-12/23-32-34/pickle/merged_predictions_tensor.pt', 'num_hierarchies=8', '++should_skip_retry=True']}
[2025-11-13 15:15:06,412][src.utils.launcher_utils][INFO] - [rank: 0] Instantiating loggers...
[2025-11-13 15:15:06,412][src.utils.instantiators][INFO] - [rank: 0] Instantiating logger <lightning.pytorch.loggers.csv_logs.CSVLogger>
[2025-11-13 15:15:06,415][src.utils.launcher_utils][INFO] - [rank: 0] Instantiating trainer <lightning.pytorch.trainer.Trainer>
[2025-11-13 15:15:06,418][src.utils.restart_job_utils][INFO] - [rank: 0] Trying to load metadata from /data/mhwang/Rec/GRID/logs/train/runs/2025-11-13/15-15-05/metadata/restart_metadata.json
[2025-11-13 15:15:06,419][src.utils.restart_job_utils][INFO] - [rank: 0] Metadata loaded successfully from /data/mhwang/Rec/GRID/logs/train/runs/2025-11-13/15-15-05/metadata/restart_metadata.json
[2025-11-13 15:15:06,419][src.utils.restart_job_utils][INFO] - [rank: 0] Retrieved current_run: 0 from metadata /data/mhwang/Rec/GRID/logs/train/runs/2025-11-13/15-15-05/metadata/restart_metadata.json
[2025-11-13 15:15:06,588][src.utils.launcher_utils][INFO] - [rank: 0] Logging hyperparameters!
[2025-11-13 15:15:07,041][__main__][INFO] - [rank: 0] Starting training!
[2025-11-13 15:15:29,834][src.utils.restart_job_utils][INFO] - [rank: 0] Saving metadata to /data/mhwang/Rec/GRID/logs/train/runs/2025-11-13/15-15-05/metadata/restart_metadata.json. {'start_time': '2025-11-13T15:15:06.411397', 'restarts': [], 'current_run': 0, 'used_ports': ['59425'], 'world_size': 2, 'node_rank': 0, 'master_addr': '127.0.0.1', 'original_args': ['/data/mhwang/Rec/GRID/src/train.py', 'experiment=tiger_train_flat', 'data_dir=/data/mhwang/Rec/GRID/amazon_data/beauty', 'semantic_id_path=/data/mhwang/Rec/GRID/logs/inference/runs/2025-11-12/23-32-34/pickle/merged_predictions_tensor.pt', 'num_hierarchies=8', '++should_skip_retry=True']}
[2025-11-13 16:00:49,079][src.models.modules.semantic_id.tiger_generation_model][INFO] - [rank: 0] 开始统计训练集中的item流行度...
[2025-11-13 16:00:49,082][src.models.modules.semantic_id.tiger_generation_model][INFO] - [rank: 0] 训练集dataloader类型: <class 'tuple'>
[2025-11-13 16:00:49,083][src.models.modules.semantic_id.tiger_generation_model][INFO] - [rank: 0] 实际dataloader类型: <class 'src.data.loading.components.custom_dataloader.DataloaderWithIterationRetry'>
[2025-11-13 16:02:47,861][src.models.modules.semantic_id.tiger_generation_model][INFO] - [rank: 0] 已处理 1000 个batch，累计统计 1966518 个item交互
[2025-11-13 16:04:43,361][src.models.modules.semantic_id.tiger_generation_model][INFO] - [rank: 0] 已处理 2000 个batch，累计统计 3924137 个item交互
[2025-11-13 16:07:28,999][src.models.modules.semantic_id.tiger_generation_model][INFO] - [rank: 0] 已处理 3000 个batch，累计统计 6008449 个item交互
[2025-11-13 16:10:26,631][src.models.modules.semantic_id.tiger_generation_model][INFO] - [rank: 0] 已处理 4000 个batch，累计统计 8057901 个item交互
[2025-11-13 16:13:41,766][src.models.modules.semantic_id.tiger_generation_model][INFO] - [rank: 0] 已处理 5000 个batch，累计统计 10198970 个item交互
[2025-11-13 16:16:54,184][src.models.modules.semantic_id.tiger_generation_model][INFO] - [rank: 0] 已处理 6000 个batch，累计统计 12309296 个item交互
[2025-11-13 16:19:50,113][src.models.modules.semantic_id.tiger_generation_model][INFO] - [rank: 0] 已处理 7000 个batch，累计统计 14124600 个item交互
[2025-11-13 16:22:40,561][src.models.modules.semantic_id.tiger_generation_model][INFO] - [rank: 0] 已处理 8000 个batch，累计统计 16034319 个item交互
[2025-11-13 16:25:46,112][src.models.modules.semantic_id.tiger_generation_model][INFO] - [rank: 0] 已处理 9000 个batch，累计统计 18142011 个item交互
[2025-11-13 16:28:41,038][src.models.modules.semantic_id.tiger_generation_model][INFO] - [rank: 0] 已处理 10000 个batch，累计统计 20171922 个item交互
[2025-11-13 16:28:41,065][src.models.modules.semantic_id.tiger_generation_model][INFO] - [rank: 0] 已达到最大batch限制(10000)，停止统计
[2025-11-13 16:28:41,066][src.models.modules.semantic_id.tiger_generation_model][INFO] - [rank: 0] 训练集统计完成：共 11998 个唯一item，总交互次数 20171922
[2025-11-13 16:28:41,172][src.models.modules.semantic_id.tiger_generation_model][INFO] - [rank: 0] 流行度分组完成:
[2025-11-13 16:28:41,174][src.models.modules.semantic_id.tiger_generation_model][INFO] - [rank: 0]   Head组 (前20%): 2399 个item
[2025-11-13 16:28:41,175][src.models.modules.semantic_id.tiger_generation_model][INFO] - [rank: 0]   Body组 (20%-50%): 3600 个item
[2025-11-13 16:28:41,182][src.models.modules.semantic_id.tiger_generation_model][INFO] - [rank: 0]   Tail组 (后50%): 5999 个item
[2025-11-13 16:28:41,192][src.models.modules.semantic_id.tiger_generation_model][INFO] - [rank: 0]   Head组示例: item (186, 64, 193, 164, 175, 172, 138, 0) 出现 66688 次
[2025-11-13 16:28:41,195][src.models.modules.semantic_id.tiger_generation_model][INFO] - [rank: 0]   Tail组示例: item (87, 185, 187, 91, 156, 92, 203, 0) 出现 5 次
[2025-11-13 16:28:41,195][src.models.modules.semantic_id.tiger_generation_model][INFO] - [rank: 0] 已启用按流行度分组的评测（Head/Body/Tail）。
[2025-11-13 16:38:48,561][src.models.modules.semantic_id.tiger_generation_model][INFO] - [rank: 0] 
================================================================================
[2025-11-13 16:38:48,562][src.models.modules.semantic_id.tiger_generation_model][INFO] - [rank: 0] === 生成的语义ID Embedding相似度矩阵 (平均自 1404 个batch) ===
[2025-11-13 16:38:48,564][src.models.modules.semantic_id.tiger_generation_model][INFO] - [rank: 0] 
[[ 1.000032    0.01573672  0.00777146  0.00772805 -0.00483731 -0.00674279
   0.00687614  0.00771893]
 [ 0.01573672  1.0000172   0.05509744 -0.07392844  0.02961376  0.03241272
   0.00348492 -0.04262391]
 [ 0.00777146  0.05509744  1.0000333  -0.03321255 -0.00454316  0.00248699
   0.00672157  0.0056349 ]
 [ 0.00772805 -0.07392844 -0.03321255  1.0000049  -0.03016092 -0.04926822
   0.02541889  0.05665231]
 [-0.00483731  0.02961376 -0.00454316 -0.03016092  1.0000072  -0.04333703
   0.02359635 -0.06440099]
 [-0.00674279  0.03241272  0.00248699 -0.04926822 -0.04333703  1.0000248
   0.00101948 -0.02261384]
 [ 0.00687614  0.00348492  0.00672157  0.02541889  0.02359635  0.00101948
   1.000035   -0.00135752]
 [ 0.00771893 -0.04262391  0.0056349   0.05665231 -0.06440099 -0.02261384
  -0.00135752  0.99987864]]
[2025-11-13 16:38:48,565][src.models.modules.semantic_id.tiger_generation_model][INFO] - [rank: 0] ================================================================================

[2025-11-13 16:38:48,565][src.models.modules.semantic_id.tiger_generation_model][INFO] - [rank: 0] 
================================================================================
[2025-11-13 16:38:48,566][src.models.modules.semantic_id.tiger_generation_model][INFO] - [rank: 0] === 输入序列中每个Item的Hierarchy Embedding相似度矩阵 (平均自 1404 个batch) ===
[2025-11-13 16:38:48,567][src.models.modules.semantic_id.tiger_generation_model][INFO] - [rank: 0] 
[[ 9.9999964e-01  1.1425519e-03 -4.4361134e-03 -1.5944146e-03
   4.2671879e-04  6.3933944e-04  2.4346653e-03  6.4715804e-03]
 [ 1.1425519e-03  1.0000024e+00  5.4591132e-04 -1.4375193e-03
  -9.2190945e-05 -9.3685012e-05 -9.8060758e-04  2.5347630e-03]
 [-4.4361134e-03  5.4591132e-04  9.9999541e-01 -4.8963184e-04
  -8.4414118e-04  8.0594810e-04 -9.1719354e-04 -2.6135703e-03]
 [-1.5944146e-03 -1.4375193e-03 -4.8963184e-04  9.9999911e-01
  -8.2794443e-04  2.7165120e-03  9.7116092e-05  4.2943400e-03]
 [ 4.2671879e-04 -9.2190945e-05 -8.4414118e-04 -8.2794443e-04
   9.9999911e-01 -1.4676052e-03 -8.7214907e-04  4.6739122e-03]
 [ 6.3933944e-04 -9.3685012e-05  8.0594810e-04  2.7165120e-03
  -1.4676052e-03  9.9999923e-01  5.9712055e-04  9.4162941e-04]
 [ 2.4346653e-03 -9.8060758e-04 -9.1719354e-04  9.7116092e-05
  -8.7214907e-04  5.9712055e-04  1.0000010e+00 -1.3238896e-02]
 [ 6.4715804e-03  2.5347630e-03 -2.6135703e-03  4.2943400e-03
   4.6739122e-03  9.4162941e-04 -1.3238896e-02  9.9987900e-01]]
[2025-11-13 16:38:48,568][src.models.modules.semantic_id.tiger_generation_model][INFO] - [rank: 0] ================================================================================

[2025-11-13 16:38:48,746][src.models.modules.semantic_id.tiger_generation_model][INFO] - [rank: 0] 
================================================================================
[2025-11-13 16:38:48,746][src.models.modules.semantic_id.tiger_generation_model][INFO] - [rank: 0] === 按流行度分组的评测指标（累计到当前阶段）===
[2025-11-13 16:38:48,746][src.models.modules.semantic_id.tiger_generation_model][INFO] - [rank: 0] [Head] ndcg@5: 0.015934  ndcg@10: 0.020095  recall@5: 0.024453  recall@10: 0.037511
[2025-11-13 16:38:48,747][src.models.modules.semantic_id.tiger_generation_model][INFO] - [rank: 0] [Tail] ndcg@5: 0.014825  ndcg@10: 0.018477  recall@5: 0.022553  recall@10: 0.033888
[2025-11-13 16:38:48,747][src.models.modules.semantic_id.tiger_generation_model][INFO] - [rank: 0] [Body] ndcg@5: 0.000000  ndcg@10: 0.000000  recall@5: 0.000000  recall@10: 0.000000
[2025-11-13 16:38:48,747][src.models.modules.semantic_id.tiger_generation_model][INFO] - [rank: 0] ================================================================================

[2025-11-13 17:33:12,382][src.models.modules.semantic_id.tiger_generation_model][INFO] - [rank: 0] 
================================================================================
[2025-11-13 17:33:12,382][src.models.modules.semantic_id.tiger_generation_model][INFO] - [rank: 0] === 生成的语义ID Embedding相似度矩阵 (平均自 1404 个batch) ===
[2025-11-13 17:33:12,388][src.models.modules.semantic_id.tiger_generation_model][INFO] - [rank: 0] 
[[ 9.99999464e-01  4.05596150e-03 -6.61986414e-03  6.29045814e-03
  -3.55716050e-02 -3.12843472e-02 -1.07561219e-02 -1.43149178e-02]
 [ 4.05596150e-03  1.00000119e+00  2.44825589e-03  4.24545724e-03
  -3.36771575e-03  2.16069929e-02 -1.89637169e-02 -1.82208642e-02]
 [-6.61986414e-03  2.44825589e-03  1.00000584e+00  4.01825746e-05
  -3.25327963e-02 -1.32315215e-02  4.59308503e-03  1.48844323e-03]
 [ 6.29045814e-03  4.24545724e-03  4.01825746e-05  1.00001693e+00
  -2.05209274e-02  6.36615511e-03  1.04735477e-03  2.27891300e-02]
 [-3.55716050e-02 -3.36771575e-03 -3.25327963e-02 -2.05209274e-02
   1.00000930e+00 -2.75691301e-02  2.76843691e-03  7.24974228e-03]
 [-3.12843472e-02  2.16069929e-02 -1.32315215e-02  6.36615511e-03
  -2.75691301e-02  9.99984682e-01  1.04769738e-02  7.19291251e-03]
 [-1.07561219e-02 -1.89637169e-02  4.59308503e-03  1.04735477e-03
   2.76843691e-03  1.04769738e-02  9.99983311e-01 -1.34486388e-02]
 [-1.43149178e-02 -1.82208642e-02  1.48844323e-03  2.27891300e-02
   7.24974228e-03  7.19291251e-03 -1.34486388e-02  1.00008035e+00]]
[2025-11-13 17:33:12,388][src.models.modules.semantic_id.tiger_generation_model][INFO] - [rank: 0] ================================================================================

[2025-11-13 17:33:12,389][src.models.modules.semantic_id.tiger_generation_model][INFO] - [rank: 0] 
================================================================================
[2025-11-13 17:33:12,389][src.models.modules.semantic_id.tiger_generation_model][INFO] - [rank: 0] === 输入序列中每个Item的Hierarchy Embedding相似度矩阵 (平均自 1404 个batch) ===
[2025-11-13 17:33:12,390][src.models.modules.semantic_id.tiger_generation_model][INFO] - [rank: 0] 
[[ 9.9999928e-01 -1.8363853e-04 -3.8313197e-03 -1.8003565e-03
   3.6380073e-04  8.0815330e-04  1.6671300e-03  6.0746209e-03]
 [-1.8363853e-04  1.0000036e+00  3.1908113e-04 -8.1522641e-04
   2.9048190e-04 -2.8251220e-06 -1.3826544e-03  3.7126266e-03]
 [-3.8313197e-03  3.1908113e-04  1.0000018e+00 -1.6117940e-04
  -9.4661220e-05  6.8721169e-04 -1.8121626e-03 -1.1397717e-03]
 [-1.8003565e-03 -8.1522641e-04 -1.6117940e-04  9.9999994e-01
  -4.6082333e-04  3.6252071e-03 -1.4954986e-03  5.3298380e-03]
 [ 3.6380073e-04  2.9048190e-04 -9.4661220e-05 -4.6082333e-04
   9.9999881e-01 -1.4266341e-03 -1.3112070e-03  7.4342205e-03]
 [ 8.0815330e-04 -2.8251220e-06  6.8721169e-04  3.6252071e-03
  -1.4266341e-03  9.9999845e-01 -1.1816719e-03  3.3327865e-03]
 [ 1.6671300e-03 -1.3826544e-03 -1.8121626e-03 -1.4954986e-03
  -1.3112070e-03 -1.1816719e-03  9.9999785e-01 -1.3155605e-02]
 [ 6.0746209e-03  3.7126266e-03 -1.1397717e-03  5.3298380e-03
   7.4342205e-03  3.3327865e-03 -1.3155605e-02  1.0000803e+00]]
[2025-11-13 17:33:12,391][src.models.modules.semantic_id.tiger_generation_model][INFO] - [rank: 0] ================================================================================

[2025-11-13 17:33:12,546][src.models.modules.semantic_id.tiger_generation_model][INFO] - [rank: 0] 
================================================================================
[2025-11-13 17:33:12,546][src.models.modules.semantic_id.tiger_generation_model][INFO] - [rank: 0] === 按流行度分组的评测指标（累计到当前阶段）===
[2025-11-13 17:33:12,547][src.models.modules.semantic_id.tiger_generation_model][INFO] - [rank: 0] [Head] ndcg@5: 0.024739  ndcg@10: 0.031528  recall@5: 0.038471  recall@10: 0.059467
[2025-11-13 17:33:12,547][src.models.modules.semantic_id.tiger_generation_model][INFO] - [rank: 0] [Tail] ndcg@5: 0.022427  ndcg@10: 0.027601  recall@5: 0.035069  recall@10: 0.051069
[2025-11-13 17:33:12,547][src.models.modules.semantic_id.tiger_generation_model][INFO] - [rank: 0] [Body] ndcg@5: 0.000482  ndcg@10: 0.000980  recall@5: 0.001016  recall@10: 0.002625
[2025-11-13 17:33:12,548][src.models.modules.semantic_id.tiger_generation_model][INFO] - [rank: 0] ================================================================================

[2025-11-13 18:16:32,472][src.utils.restart_job][ERROR] - [rank: 0] Exception caught: DataLoader worker (pid(s) 3626967) exited unexpectedly
[2025-11-13 18:16:32,500][src.utils.restart_job][ERROR] - [rank: 0] Stack trace: Traceback (most recent call last):
  File "/data_sdc/mhwang/miniconda3/envs/GRs/lib/python3.12/site-packages/torch/utils/data/dataloader.py", line 1251, in _try_get_data
    data = self._data_queue.get(timeout=timeout)
           ^^^^^^^^^^^^^^^^^^^^^^^^^^^^^^^^^^^^^
  File "/data_sdc/mhwang/miniconda3/envs/GRs/lib/python3.12/multiprocessing/queues.py", line 113, in get
    if not self._poll(timeout):
           ^^^^^^^^^^^^^^^^^^^
  File "/data_sdc/mhwang/miniconda3/envs/GRs/lib/python3.12/multiprocessing/connection.py", line 257, in poll
    return self._poll(timeout)
           ^^^^^^^^^^^^^^^^^^^
  File "/data_sdc/mhwang/miniconda3/envs/GRs/lib/python3.12/multiprocessing/connection.py", line 440, in _poll
    r = wait([self], timeout)
        ^^^^^^^^^^^^^^^^^^^^^
  File "/data_sdc/mhwang/miniconda3/envs/GRs/lib/python3.12/multiprocessing/connection.py", line 1135, in wait
    ready = selector.select(timeout)
            ^^^^^^^^^^^^^^^^^^^^^^^^
  File "/data_sdc/mhwang/miniconda3/envs/GRs/lib/python3.12/selectors.py", line 415, in select
    fd_event_list = self._selector.poll(timeout)
                    ^^^^^^^^^^^^^^^^^^^^^^^^^^^^
  File "/data_sdc/mhwang/miniconda3/envs/GRs/lib/python3.12/site-packages/torch/utils/data/_utils/signal_handling.py", line 73, in handler
    _error_if_any_worker_fails()
RuntimeError: DataLoader worker (pid 3626967) is killed by signal: Aborted. 

The above exception was the direct cause of the following exception:

Traceback (most recent call last):
  File "/data_sdc/mhwang/miniconda3/envs/GRs/lib/python3.12/site-packages/lightning/pytorch/trainer/call.py", line 46, in _call_and_handle_interrupt
    return trainer.strategy.launcher.launch(trainer_fn, *args, trainer=trainer, **kwargs)
           ^^^^^^^^^^^^^^^^^^^^^^^^^^^^^^^^^^^^^^^^^^^^^^^^^^^^^^^^^^^^^^^^^^^^^^^^^^^^^^
  File "/data_sdc/mhwang/miniconda3/envs/GRs/lib/python3.12/site-packages/lightning/pytorch/strategies/launchers/subprocess_script.py", line 105, in launch
    return function(*args, **kwargs)
           ^^^^^^^^^^^^^^^^^^^^^^^^^
  File "/data_sdc/mhwang/miniconda3/envs/GRs/lib/python3.12/site-packages/lightning/pytorch/trainer/trainer.py", line 575, in _fit_impl
    self._run(model, ckpt_path=ckpt_path)
  File "/data_sdc/mhwang/miniconda3/envs/GRs/lib/python3.12/site-packages/lightning/pytorch/trainer/trainer.py", line 982, in _run
    results = self._run_stage()
              ^^^^^^^^^^^^^^^^^
  File "/data_sdc/mhwang/miniconda3/envs/GRs/lib/python3.12/site-packages/lightning/pytorch/trainer/trainer.py", line 1026, in _run_stage
    self.fit_loop.run()
  File "/data_sdc/mhwang/miniconda3/envs/GRs/lib/python3.12/site-packages/lightning/pytorch/loops/fit_loop.py", line 216, in run
    self.advance()
  File "/data_sdc/mhwang/miniconda3/envs/GRs/lib/python3.12/site-packages/lightning/pytorch/loops/fit_loop.py", line 455, in advance
    self.epoch_loop.run(self._data_fetcher)
  File "/data_sdc/mhwang/miniconda3/envs/GRs/lib/python3.12/site-packages/lightning/pytorch/loops/training_epoch_loop.py", line 151, in run
    self.on_advance_end(data_fetcher)
  File "/data_sdc/mhwang/miniconda3/envs/GRs/lib/python3.12/site-packages/lightning/pytorch/loops/training_epoch_loop.py", line 370, in on_advance_end
    self.val_loop.run()
  File "/data_sdc/mhwang/miniconda3/envs/GRs/lib/python3.12/site-packages/lightning/pytorch/loops/utilities.py", line 179, in _decorator
    return loop_run(self, *args, **kwargs)
           ^^^^^^^^^^^^^^^^^^^^^^^^^^^^^^^
  File "/data_sdc/mhwang/miniconda3/envs/GRs/lib/python3.12/site-packages/lightning/pytorch/loops/evaluation_loop.py", line 122, in run
    self.reset()
  File "/data_sdc/mhwang/miniconda3/envs/GRs/lib/python3.12/site-packages/lightning/pytorch/loops/evaluation_loop.py", line 258, in reset
    iter(data_fetcher)  # creates the iterator inside the fetcher
    ^^^^^^^^^^^^^^^^^^
  File "/data_sdc/mhwang/miniconda3/envs/GRs/lib/python3.12/site-packages/lightning/pytorch/loops/fetchers.py", line 112, in __iter__
    batch = super().__next__()
            ^^^^^^^^^^^^^^^^^^
  File "/data_sdc/mhwang/miniconda3/envs/GRs/lib/python3.12/site-packages/lightning/pytorch/loops/fetchers.py", line 61, in __next__
    batch = next(self.iterator)
            ^^^^^^^^^^^^^^^^^^^
  File "/data_sdc/mhwang/miniconda3/envs/GRs/lib/python3.12/site-packages/lightning/pytorch/utilities/combined_loader.py", line 341, in __next__
    out = next(self._iterator)
          ^^^^^^^^^^^^^^^^^^^^
  File "/data_sdc/mhwang/miniconda3/envs/GRs/lib/python3.12/site-packages/lightning/pytorch/utilities/combined_loader.py", line 142, in __next__
    out = next(self.iterators[0])
          ^^^^^^^^^^^^^^^^^^^^^^^
  File "/data_sdc/mhwang/miniconda3/envs/GRs/lib/python3.12/site-packages/torch/utils/data/dataloader.py", line 708, in __next__
    data = self._next_data()
           ^^^^^^^^^^^^^^^^^
  File "/data_sdc/mhwang/miniconda3/envs/GRs/lib/python3.12/site-packages/torch/utils/data/dataloader.py", line 1458, in _next_data
    idx, data = self._get_data()
                ^^^^^^^^^^^^^^^^
  File "/data_sdc/mhwang/miniconda3/envs/GRs/lib/python3.12/site-packages/torch/utils/data/dataloader.py", line 1401, in _get_data
    success, data = self._try_get_data(self._timeout)
                    ^^^^^^^^^^^^^^^^^^^^^^^^^^^^^^^^^
  File "/data/mhwang/Rec/GRID/src/data/loading/components/custom_dataloader.py", line 27, in _try_get_data
    status, data = super()._try_get_data(timeout)
                   ^^^^^^^^^^^^^^^^^^^^^^^^^^^^^^
  File "/data_sdc/mhwang/miniconda3/envs/GRs/lib/python3.12/site-packages/torch/utils/data/dataloader.py", line 1264, in _try_get_data
    raise RuntimeError(
RuntimeError: DataLoader worker (pid(s) 3626967) exited unexpectedly

[2025-11-13 18:16:32,501][src.utils.restart_job][INFO] - [rank: 0] Cleaning up and handling restart logic
[2025-11-13 18:16:32,502][src.utils.restart_job_utils][INFO] - [rank: 0] Trying to load metadata from /data/mhwang/Rec/GRID/logs/train/runs/2025-11-13/15-15-05/metadata/restart_metadata.json
[2025-11-13 18:16:32,504][src.utils.restart_job_utils][INFO] - [rank: 0] Metadata loaded successfully from /data/mhwang/Rec/GRID/logs/train/runs/2025-11-13/15-15-05/metadata/restart_metadata.json
[2025-11-13 18:16:32,504][src.utils.restart_job_utils][INFO] - [rank: 0] Retrieved current_run: 0 from metadata /data/mhwang/Rec/GRID/logs/train/runs/2025-11-13/15-15-05/metadata/restart_metadata.json
[2025-11-13 18:16:32,505][src.utils.restart_job][INFO] - [rank: 0] Restarting job. Current metadata: JobCheckpointMetadata(start_time='2025-11-13T15:15:06.411397', restarts=[{'time': '2025-11-13T18:16:32.505629', 'exception': 'DataLoader worker (pid(s) 3626967) exited unexpectedly', 'run_number': 0}], current_run=1, used_ports=['59425'], world_size=2, node_rank=0, master_addr='127.0.0.1', original_args=['/data/mhwang/Rec/GRID/src/train.py', 'experiment=tiger_train_flat', 'data_dir=/data/mhwang/Rec/GRID/amazon_data/beauty', 'semantic_id_path=/data/mhwang/Rec/GRID/logs/inference/runs/2025-11-12/23-32-34/pickle/merged_predictions_tensor.pt', 'num_hierarchies=8', '++should_skip_retry=True'])
[2025-11-13 18:16:32,506][src.utils.restart_job_utils][INFO] - [rank: 0] Saving metadata to /data/mhwang/Rec/GRID/logs/train/runs/2025-11-13/15-15-05/metadata/restart_metadata.json. {'start_time': '2025-11-13T15:15:06.411397', 'restarts': [{'time': '2025-11-13T18:16:32.505629', 'exception': 'DataLoader worker (pid(s) 3626967) exited unexpectedly', 'run_number': 0}], 'current_run': 1, 'used_ports': ['59425'], 'world_size': 2, 'node_rank': 0, 'master_addr': '127.0.0.1', 'original_args': ['/data/mhwang/Rec/GRID/src/train.py', 'experiment=tiger_train_flat', 'data_dir=/data/mhwang/Rec/GRID/amazon_data/beauty', 'semantic_id_path=/data/mhwang/Rec/GRID/logs/inference/runs/2025-11-12/23-32-34/pickle/merged_predictions_tensor.pt', 'num_hierarchies=8', '++should_skip_retry=True']}
[2025-11-13 18:16:32,508][src.utils.restart_job_utils][INFO] - [rank: 0] Cleaning up distributed process group
[2025-11-13 18:16:33,051][src.utils.restart_job_utils][INFO] - [rank: 0] Clearing CUDA cache
[2025-11-13 18:16:33,134][src.utils.restart_job_utils][INFO] - [rank: 0] Tearing down trainer
[2025-11-13 18:16:33,482][src.utils.restart_job][INFO] - [rank: 0] Resources cleaned up.
