[2025-09-21 16:04:54,924][src.utils.utils][INFO] - [rank: 0] Enforcing tags! <cfg.extras.enforce_tags=True>
[2025-09-21 16:04:54,932][src.utils.utils][WARNING] - [rank: 0] Config loss was not found in the config tree. Make sure this is expected.
[2025-09-21 16:04:54,932][src.utils.utils][WARNING] - [rank: 0] Config optim was not found in the config tree. Make sure this is expected.
[2025-09-21 16:04:54,932][src.utils.utils][WARNING] - [rank: 0] Config eval was not found in the config tree. Make sure this is expected.
[2025-09-21 16:04:57,933][src.utils.utils][INFO] - [rank: 0] Printing config tree with Rich! <cfg.extras.print_config=True>
[2025-09-21 16:04:57,940][src.utils.launcher_utils][INFO] - [rank: 0] Instantiating datamodule <src.data.loading.datamodules.sequence_datamodule.ItemDataModule>
[2025-09-21 16:04:57,989][src.utils.launcher_utils][INFO] - [rank: 0] Instantiating model <src.modules.clustering.residual_quantization.ResidualQuantization>
[2025-09-21 16:04:58,124][root][INFO] - Device cpu: Verbose mode enabled
[2025-09-21 16:04:58,128][root][INFO] - Device cpu: Using custom training loop function
[2025-09-21 16:04:58,136][src.utils.launcher_utils][INFO] - [rank: 0] Instantiating callbacks...
[2025-09-21 16:04:58,137][src.utils.instantiators][INFO] - [rank: 0] Instantiating callback <src.utils.inference_utils.LocalPickleWriter>
[2025-09-21 16:04:58,279][src.utils.launcher_utils][INFO] - [rank: 0] Instantiating loggers...
[2025-09-21 16:04:58,280][src.utils.instantiators][INFO] - [rank: 0] Instantiating logger <lightning.pytorch.loggers.csv_logs.CSVLogger>
[2025-09-21 16:04:58,281][src.utils.launcher_utils][INFO] - [rank: 0] Instantiating trainer <lightning.pytorch.trainer.Trainer>
[2025-09-21 16:04:58,333][pytorch_lightning.utilities.rank_zero][INFO] - Using bfloat16 Automatic Mixed Precision (AMP)
[2025-09-21 16:04:58,362][pytorch_lightning.utilities.rank_zero][INFO] - GPU available: True (cuda), used: True
[2025-09-21 16:04:58,363][pytorch_lightning.utilities.rank_zero][INFO] - TPU available: False, using: 0 TPU cores
[2025-09-21 16:04:58,363][pytorch_lightning.utilities.rank_zero][INFO] - HPU available: False, using: 0 HPUs
[2025-09-21 16:04:58,363][src.utils.launcher_utils][INFO] - [rank: 0] Logging hyperparameters!
[2025-09-21 16:04:58,490][__main__][INFO] - [rank: 0] Starting inference!
[2025-09-21 16:04:58,596][pytorch_lightning.utilities.rank_zero][INFO] - You are using a CUDA device ('NVIDIA A800 80GB PCIe') that has Tensor Cores. To properly utilize them, you should set `torch.set_float32_matmul_precision('medium' | 'high')` which will trade-off precision for performance. For more details, read https://pytorch.org/docs/stable/generated/torch.set_float32_matmul_precision.html#torch.set_float32_matmul_precision
[2025-09-21 16:05:10,209][root][INFO] - Device cpu: Verbose mode enabled
[2025-09-21 16:05:10,222][root][INFO] - Device cpu: Using custom training loop function
[2025-09-21 16:05:10,617][pytorch_lightning.utilities.rank_zero][INFO] - ----------------------------------------------------------------------------------------------------
distributed_backend=nccl
All distributed processes registered. Starting with 2 processes
----------------------------------------------------------------------------------------------------

[2025-09-21 16:05:12,975][src.utils.inference_utils][INFO] - Rank 1 initialized for inference.
[2025-09-21 16:05:12,975][src.utils.inference_utils][INFO] - Rank 0 initialized for inference.
[2025-09-21 16:05:12,978][pytorch_lightning.utilities.rank_zero][INFO] - Restoring states from the checkpoint path at /data/mhwang/Rec/GRID/logs/train/runs/2025-09-17/19-49-48/checkpoints/checkpoint_000_003000.ckpt
