2025-11-12 01:57:50.835999: I tensorflow/core/platform/cpu_feature_guard.cc:210] This TensorFlow binary is optimized to use available CPU instructions in performance-critical operations.
To enable the following instructions: AVX2 AVX512F FMA, in other operations, rebuild TensorFlow with the appropriate compiler flags.
[[36m2025-11-12 01:57:56,941[0m][[34msrc.utils.utils[0m][[32mINFO[0m] - [rank: 0] Enforcing tags! <cfg.extras.enforce_tags=True>[0m
[[36m2025-11-12 01:57:56,951[0m][[34msrc.utils.utils[0m][[33mWARNING[0m] - [rank: 0] Config loss was not found in the config tree. Make sure this is expected.[0m
[[36m2025-11-12 01:57:59,951[0m][[34msrc.utils.utils[0m][[32mINFO[0m] - [rank: 0] Printing config tree with Rich! <cfg.extras.print_config=True>[0m
[[36m2025-11-12 01:57:59,955[0m][[34msrc.utils.restart_job[0m][[32mINFO[0m] - [rank: 0] Using metadata dir: /data/mhwang/Rec/GRID/logs/train/runs/2025-11-12/01-57-56/metadata[0m
[[36m2025-11-12 01:57:59,956[0m][[34msrc.utils.restart_job[0m][[32mINFO[0m] - [rank: 0] Starting job (attempt 1/4): /data_sdc/mhwang/miniconda3/envs/GRs/bin/python /data/mhwang/Rec/GRID/src/train.py experiment=rkmeans_train_flat data_dir=/data/mhwang/Rec/GRID/amazon_data/toys embedding_path=/data/mhwang/Rec/GRID/logs/inference/runs/2025-11-12/01-39-10/pickle/merged_predictions_tensor.pt embedding_dim=3584 num_hierarchies=5 codebook_width=256 ++should_skip_retry=True[0m
[[36m2025-11-12 01:58:14,907[0m][[34msrc.utils.utils[0m][[32mINFO[0m] - [rank: 0] Enforcing tags! <cfg.extras.enforce_tags=True>[0m
[[36m2025-11-12 01:58:14,915[0m][[34msrc.utils.utils[0m][[33mWARNING[0m] - [rank: 0] Config loss was not found in the config tree. Make sure this is expected.[0m
[[36m2025-11-12 01:58:17,916[0m][[34msrc.utils.utils[0m][[32mINFO[0m] - [rank: 0] Printing config tree with Rich! <cfg.extras.print_config=True>[0m
[[36m2025-11-12 01:58:17,916[0m][[34msrc.utils.restart_job[0m][[32mINFO[0m] - [rank: 0] should_skip_retry set to True. Skipping retry logic.[0m
Seed set to 42
[[36m2025-11-12 01:58:17,920[0m][[34msrc.utils.launcher_utils[0m][[32mINFO[0m] - [rank: 0] Instantiating datamodule <src.data.loading.datamodules.sequence_datamodule.ItemDataModule>[0m
[[36m2025-11-12 01:58:18,553[0m][[34msrc.utils.launcher_utils[0m][[32mINFO[0m] - [rank: 0] Instantiating model <src.modules.clustering.residual_quantization.ResidualQuantization>[0m
[[36m2025-11-12 01:58:19,192[0m][[34mroot[0m][[32mINFO[0m] - Device cpu: Verbose mode enabled[0m
[[36m2025-11-12 01:58:19,329[0m][[34mroot[0m][[32mINFO[0m] - Device cpu: Using custom training loop function[0m
[[36m2025-11-12 01:58:19,340[0m][[34msrc.utils.launcher_utils[0m][[32mINFO[0m] - [rank: 0] Instantiating callbacks...[0m
[[36m2025-11-12 01:58:19,341[0m][[34msrc.utils.instantiators[0m][[32mINFO[0m] - [rank: 0] Instantiating callback <lightning.pytorch.callbacks.ModelCheckpoint>[0m
[[36m2025-11-12 01:58:19,346[0m][[34msrc.utils.instantiators[0m][[32mINFO[0m] - [rank: 0] Instantiating callback <lightning.pytorch.callbacks.RichModelSummary>[0m
[[36m2025-11-12 01:58:19,348[0m][[34msrc.utils.launcher_utils[0m][[32mINFO[0m] - [rank: 0] Instantiating loggers...[0m
[[36m2025-11-12 01:58:19,349[0m][[34msrc.utils.instantiators[0m][[32mINFO[0m] - [rank: 0] Instantiating logger <lightning.pytorch.loggers.csv_logs.CSVLogger>[0m
[[36m2025-11-12 01:58:19,352[0m][[34msrc.utils.launcher_utils[0m][[32mINFO[0m] - [rank: 0] Instantiating trainer <lightning.pytorch.trainer.Trainer>[0m
[[36m2025-11-12 01:58:19,435[0m][[34mpytorch_lightning.utilities.rank_zero[0m][[32mINFO[0m] - Using bfloat16 Automatic Mixed Precision (AMP)[0m
[[36m2025-11-12 01:58:19,436[0m][[34mpytorch_lightning.utilities.rank_zero[0m][[32mINFO[0m] - Trainer already configured with model summary callbacks: [<class 'lightning.pytorch.callbacks.rich_model_summary.RichModelSummary'>]. Skipping setting a default `ModelSummary` callback.[0m
[[36m2025-11-12 01:58:19,472[0m][[34mpytorch_lightning.utilities.rank_zero[0m][[32mINFO[0m] - GPU available: True (cuda), used: True[0m
[[36m2025-11-12 01:58:19,473[0m][[34mpytorch_lightning.utilities.rank_zero[0m][[32mINFO[0m] - TPU available: False, using: 0 TPU cores[0m
[[36m2025-11-12 01:58:19,473[0m][[34mpytorch_lightning.utilities.rank_zero[0m][[32mINFO[0m] - HPU available: False, using: 0 HPUs[0m
[[36m2025-11-12 01:58:19,474[0m][[34msrc.utils.launcher_utils[0m][[32mINFO[0m] - [rank: 0] Logging hyperparameters![0m
[[36m2025-11-12 01:58:19,788[0m][[34m__main__[0m][[32mINFO[0m] - [rank: 0] Starting training![0m
Initializing distributed: GLOBAL_RANK: 0, MEMBER: 1/4
[rank: 3] Seed set to 42
[rank: 2] Seed set to 42
[rank: 1] Seed set to 42
[[36m2025-11-12 01:58:38,220[0m][[34mroot[0m][[32mINFO[0m] - Device cpu: Verbose mode enabled[0m
[[36m2025-11-12 01:58:38,268[0m][[34mroot[0m][[32mINFO[0m] - Device cpu: Verbose mode enabled[0m
[[36m2025-11-12 01:58:38,461[0m][[34mroot[0m][[32mINFO[0m] - Device cpu: Using custom training loop function[0m
[[36m2025-11-12 01:58:38,476[0m][[34mroot[0m][[32mINFO[0m] - Device cpu: Using custom training loop function[0m
Initializing distributed: GLOBAL_RANK: 2, MEMBER: 3/4
Initializing distributed: GLOBAL_RANK: 3, MEMBER: 4/4
[[36m2025-11-12 01:58:38,967[0m][[34mroot[0m][[32mINFO[0m] - Device cpu: Verbose mode enabled[0m
[[36m2025-11-12 01:58:39,096[0m][[34mroot[0m][[32mINFO[0m] - Device cpu: Using custom training loop function[0m
Initializing distributed: GLOBAL_RANK: 1, MEMBER: 2/4
[[36m2025-11-12 01:58:39,560[0m][[34mpytorch_lightning.utilities.rank_zero[0m][[32mINFO[0m] - ----------------------------------------------------------------------------------------------------
distributed_backend=nccl
All distributed processes registered. Starting with 4 processes
----------------------------------------------------------------------------------------------------
[0m
LOCAL_RANK: 2 - CUDA_VISIBLE_DEVICES: [0,1,2,3]
LOCAL_RANK: 3 - CUDA_VISIBLE_DEVICES: [0,1,2,3]
LOCAL_RANK: 1 - CUDA_VISIBLE_DEVICES: [0,1,2,3]
LOCAL_RANK: 0 - CUDA_VISIBLE_DEVICES: [0,1,2,3]
┏━━━━┳━━━━━━━━━━━━━━━━━━━━━━━━━━━━━━━━━━━━━━━━━━━━━━┳━━━━━━━━━┳━━━━━━━━┳━━━━━━━┓
┃    ┃ Name                                         ┃ Type    ┃ Params ┃ Mode  ┃
┡━━━━╇━━━━━━━━━━━━━━━━━━━━━━━━━━━━━━━━━━━━━━━━━━━━━━╇━━━━━━━━━╇━━━━━━━━╇━━━━━━━┩
│ 0  │ normalization_layer                          │ Identi… │      0 │ train │
│ 1  │ encoder                                      │ Identi… │      0 │ train │
│ 2  │ decoder                                      │ Identi… │      0 │ train │
│ 3  │ quantization_layer_list                      │ Module… │  4.6 M │ train │
│ 4  │ quantization_layer_list.0                    │ MiniBa… │  917 K │ train │
│ 5  │ quantization_layer_list.0.loss_function      │ Weight… │      0 │ train │
│ 6  │ quantization_layer_list.0.initializer        │ KMeans… │      0 │ train │
│ 7  │ quantization_layer_list.0.init_loss_function │ Weight… │      0 │ train │
│ 8  │ quantization_layer_list.0.train_loss         │ MeanMe… │      0 │ train │
│ 9  │ quantization_layer_list.1                    │ MiniBa… │  917 K │ train │
│ 10 │ quantization_layer_list.1.loss_function      │ Weight… │      0 │ train │
│ 11 │ quantization_layer_list.1.initializer        │ KMeans… │      0 │ train │
│ 12 │ quantization_layer_list.1.init_loss_function │ Weight… │      0 │ train │
│ 13 │ quantization_layer_list.1.train_loss         │ MeanMe… │      0 │ train │
│ 14 │ quantization_layer_list.2                    │ MiniBa… │  917 K │ train │
│ 15 │ quantization_layer_list.2.loss_function      │ Weight… │      0 │ train │
│ 16 │ quantization_layer_list.2.initializer        │ KMeans… │      0 │ train │
│ 17 │ quantization_layer_list.2.init_loss_function │ Weight… │      0 │ train │
│ 18 │ quantization_layer_list.2.train_loss         │ MeanMe… │      0 │ train │
│ 19 │ quantization_layer_list.3                    │ MiniBa… │  917 K │ train │
│ 20 │ quantization_layer_list.3.loss_function      │ Weight… │      0 │ train │
│ 21 │ quantization_layer_list.3.initializer        │ KMeans… │      0 │ train │
│ 22 │ quantization_layer_list.3.init_loss_function │ Weight… │      0 │ train │
│ 23 │ quantization_layer_list.3.train_loss         │ MeanMe… │      0 │ train │
│ 24 │ quantization_layer_list.4                    │ MiniBa… │  917 K │ train │
│ 25 │ quantization_layer_list.4.loss_function      │ Weight… │      0 │ train │
│ 26 │ quantization_layer_list.4.initializer        │ KMeans… │      0 │ train │
│ 27 │ quantization_layer_list.4.init_loss_function │ Weight… │      0 │ train │
│ 28 │ quantization_layer_list.4.train_loss         │ MeanMe… │      0 │ train │
│ 29 │ train_loss                                   │ MeanMe… │      0 │ train │
│ 30 │ train_quantization_loss                      │ MeanMe… │      0 │ train │
│ 31 │ train_reconstruction_loss                    │ MeanMe… │      0 │ train │
│ 32 │ train_first_residuals_norm_ratio             │ MeanMe… │      0 │ train │
│ 33 │ train_last_residuals_norm_ratio              │ MeanMe… │      0 │ train │
│ 34 │ first_centroids_norm                         │ MeanMe… │      0 │ train │
│ 35 │ last_centroids_norm                          │ MeanMe… │      0 │ train │
│ 36 │ train_frac_unique_ids                        │ MeanMe… │      0 │ train │
│ 37 │ train_mse                                    │ MeanMe… │      0 │ train │
│ 38 │ train_layer_coverages_0                      │ MeanMe… │      0 │ train │
│ 39 │ train_layer_id_entropy_0                     │ MeanMe… │      0 │ train │
│ 40 │ train_layer_coverages_1                      │ MeanMe… │      0 │ train │
│ 41 │ train_layer_id_entropy_1                     │ MeanMe… │      0 │ train │
│ 42 │ train_layer_coverages_2                      │ MeanMe… │      0 │ train │
│ 43 │ train_layer_id_entropy_2                     │ MeanMe… │      0 │ train │
│ 44 │ train_layer_coverages_3                      │ MeanMe… │      0 │ train │
│ 45 │ train_layer_id_entropy_3                     │ MeanMe… │      0 │ train │
│ 46 │ train_layer_coverages_4                      │ MeanMe… │      0 │ train │
│ 47 │ train_layer_id_entropy_4                     │ MeanMe… │      0 │ train │
│ 48 │ val_loss                                     │ MeanMe… │      0 │ train │
│ 49 │ val_first_residuals_norm_ratio               │ MeanMe… │      0 │ train │
│ 50 │ val_last_residuals_norm_ratio                │ MeanMe… │      0 │ train │
│ 51 │ val_mse                                      │ MeanMe… │      0 │ train │
│ 52 │ val_frac_unique_ids                          │ MeanMe… │      0 │ train │
│ 53 │ test_loss                                    │ MeanMe… │      0 │ train │
│ 54 │ test_first_residuals_norm_ratio              │ MeanMe… │      0 │ train │
│ 55 │ test_last_residuals_norm_ratio               │ MeanMe… │      0 │ train │
│ 56 │ test_mse                                     │ MeanMe… │      0 │ train │
│ 57 │ test_frac_unique_ids                         │ MeanMe… │      0 │ train │
└────┴──────────────────────────────────────────────┴─────────┴────────┴───────┘
Trainable params: 4.6 M                                                         
Non-trainable params: 0                                                         
Total params: 4.6 M                                                             
Total estimated model params size (MB): 18                                      
Modules in train mode: 58                                                       
Modules in eval mode: 0                                                         
[[36m2025-11-12 01:59:08,312[0m][[34mroot[0m][[32mINFO[0m] - Device cuda:3: Training layers one-at-a-time, each for 6 steps. Ensure that early stopping callbacks are disabled.[0m
[[36m2025-11-12 01:59:08,314[0m][[34mroot[0m][[32mINFO[0m] - Device cuda:1: Training layers one-at-a-time, each for 6 steps. Ensure that early stopping callbacks are disabled.[0m

Training: |          | 0/? [00:00<?, ?it/s][[36m2025-11-12 01:59:08,315[0m][[34mroot[0m][[32mINFO[0m] - Device cuda:2: Training layers one-at-a-time, each for 6 steps. Ensure that early stopping callbacks are disabled.[0m
[[36m2025-11-12 01:59:08,324[0m][[34mroot[0m][[32mINFO[0m] - Device cuda:0: Training layers one-at-a-time, each for 6 steps. Ensure that early stopping callbacks are disabled.[0m

Training: |          | 0/? [00:00<?, ?it/s]
Epoch 0: |          | 0/? [00:00<?, ?it/s] 
Epoch 0: |          | 1/? [00:01<00:00,  0.68it/s]
Epoch 0: |          | 1/? [00:01<00:00,  0.68it/s, v_num=0, train/loss_step=0.000, train/quantization_loss_step=0.000, train/reconstruction_loss_step=0.000, train/last_residuals_norm_ratio_step=0.0179, train/first_residuals_norm_ratio_step=0.0179, train/first_centroids_norm_step=0.000, train/last_centroids_norm_step=0.000, train/frac_unique_ids_step=0.000488, train/mse_step=0.000279, train/layer_0/frac_layer_coverages_step=0.00391, train/layer_1/frac_layer_coverages_step=0.00391, train/layer_2/frac_layer_coverages_step=0.00391, train/layer_3/frac_layer_coverages_step=0.00391, train/layer_4/frac_layer_coverages_step=0.00391, train/layer_0/id_entropy_step=1.19e-7, train/layer_1/id_entropy_step=1.19e-7, train/layer_2/id_entropy_step=1.19e-7, train/layer_3/id_entropy_step=1.19e-7, train/layer_4/id_entropy_step=1.19e-7]
Epoch 0: |          | 2/? [00:09<00:00,  0.22it/s, v_num=0, train/loss_step=0.000, train/quantization_loss_step=0.000, train/reconstruction_loss_step=0.000, train/last_residuals_norm_ratio_step=0.0179, train/first_residuals_norm_ratio_step=0.0179, train/first_centroids_norm_step=0.000, train/last_centroids_norm_step=0.000, train/frac_unique_ids_step=0.000488, train/mse_step=0.000279, train/layer_0/frac_layer_coverages_step=0.00391, train/layer_1/frac_layer_coverages_step=0.00391, train/layer_2/frac_layer_coverages_step=0.00391, train/layer_3/frac_layer_coverages_step=0.00391, train/layer_4/frac_layer_coverages_step=0.00391, train/layer_0/id_entropy_step=1.19e-7, train/layer_1/id_entropy_step=1.19e-7, train/layer_2/id_entropy_step=1.19e-7, train/layer_3/id_entropy_step=1.19e-7, train/layer_4/id_entropy_step=1.19e-7]
Epoch 0: |          | 2/? [00:09<00:00,  0.22it/s, v_num=0, train/loss_step=256.0, train/quantization_loss_step=256.0, train/reconstruction_loss_step=0.000, train/last_residuals_norm_ratio_step=0.0174, train/first_residuals_norm_ratio_step=0.00443, train/first_centroids_norm_step=0.000, train/last_centroids_norm_step=0.000, train/frac_unique_ids_step=0.119, train/mse_step=0.000264, train/layer_0/frac_layer_coverages_step=0.949, train/layer_1/frac_layer_coverages_step=0.00391, train/layer_2/frac_layer_coverages_step=0.00391, train/layer_3/frac_layer_coverages_step=0.00391, train/layer_4/frac_layer_coverages_step=0.00391, train/layer_0/id_entropy_step=5.130, train/layer_1/id_entropy_step=1.19e-7, train/layer_2/id_entropy_step=1.19e-7, train/layer_3/id_entropy_step=1.19e-7, train/layer_4/id_entropy_step=1.19e-7]      
Epoch 0: |          | 3/? [00:10<00:00,  0.30it/s, v_num=0, train/loss_step=256.0, train/quantization_loss_step=256.0, train/reconstruction_loss_step=0.000, train/last_residuals_norm_ratio_step=0.0174, train/first_residuals_norm_ratio_step=0.00443, train/first_centroids_norm_step=0.000, train/last_centroids_norm_step=0.000, train/frac_unique_ids_step=0.119, train/mse_step=0.000264, train/layer_0/frac_layer_coverages_step=0.949, train/layer_1/frac_layer_coverages_step=0.00391, train/layer_2/frac_layer_coverages_step=0.00391, train/layer_3/frac_layer_coverages_step=0.00391, train/layer_4/frac_layer_coverages_step=0.00391, train/layer_0/id_entropy_step=5.130, train/layer_1/id_entropy_step=1.19e-7, train/layer_2/id_entropy_step=1.19e-7, train/layer_3/id_entropy_step=1.19e-7, train/layer_4/id_entropy_step=1.19e-7]
Epoch 0: |          | 3/? [00:10<00:00,  0.30it/s, v_num=0, train/loss_step=7.750, train/quantization_loss_step=7.750, train/reconstruction_loss_step=0.000, train/last_residuals_norm_ratio_step=0.0175, train/first_residuals_norm_ratio_step=0.00445, train/first_centroids_norm_step=16.00, train/last_centroids_norm_step=0.000, train/frac_unique_ids_step=0.118, train/mse_step=0.000267, train/layer_0/frac_layer_coverages_step=0.941, train/layer_1/frac_layer_coverages_step=0.00391, train/layer_2/frac_layer_coverages_step=0.00391, train/layer_3/frac_layer_coverages_step=0.00391, train/layer_4/frac_layer_coverages_step=0.00391, train/layer_0/id_entropy_step=5.150, train/layer_1/id_entropy_step=1.19e-7, train/layer_2/id_entropy_step=1.19e-7, train/layer_3/id_entropy_step=1.19e-7, train/layer_4/id_entropy_step=1.19e-7]
Epoch 0: |          | 4/? [00:10<00:00,  0.38it/s, v_num=0, train/loss_step=7.750, train/quantization_loss_step=7.750, train/reconstruction_loss_step=0.000, train/last_residuals_norm_ratio_step=0.0175, train/first_residuals_norm_ratio_step=0.00445, train/first_centroids_norm_step=16.00, train/last_centroids_norm_step=0.000, train/frac_unique_ids_step=0.118, train/mse_step=0.000267, train/layer_0/frac_layer_coverages_step=0.941, train/layer_1/frac_layer_coverages_step=0.00391, train/layer_2/frac_layer_coverages_step=0.00391, train/layer_3/frac_layer_coverages_step=0.00391, train/layer_4/frac_layer_coverages_step=0.00391, train/layer_0/id_entropy_step=5.150, train/layer_1/id_entropy_step=1.19e-7, train/layer_2/id_entropy_step=1.19e-7, train/layer_3/id_entropy_step=1.19e-7, train/layer_4/id_entropy_step=1.19e-7]
Epoch 0: |          | 4/? [00:10<00:00,  0.38it/s, v_num=0, train/loss_step=1.420, train/quantization_loss_step=1.420, train/reconstruction_loss_step=0.000, train/last_residuals_norm_ratio_step=0.0175, train/first_residuals_norm_ratio_step=0.00445, train/first_centroids_norm_step=16.00, train/last_centroids_norm_step=0.000, train/frac_unique_ids_step=0.118, train/mse_step=0.000267, train/layer_0/frac_layer_coverages_step=0.941, train/layer_1/frac_layer_coverages_step=0.00391, train/layer_2/frac_layer_coverages_step=0.00391, train/layer_3/frac_layer_coverages_step=0.00391, train/layer_4/frac_layer_coverages_step=0.00391, train/layer_0/id_entropy_step=5.150, train/layer_1/id_entropy_step=1.19e-7, train/layer_2/id_entropy_step=1.19e-7, train/layer_3/id_entropy_step=1.19e-7, train/layer_4/id_entropy_step=1.19e-7]
Epoch 0: |          | 5/? [00:10<00:00,  0.46it/s, v_num=0, train/loss_step=1.420, train/quantization_loss_step=1.420, train/reconstruction_loss_step=0.000, train/last_residuals_norm_ratio_step=0.0175, train/first_residuals_norm_ratio_step=0.00445, train/first_centroids_norm_step=16.00, train/last_centroids_norm_step=0.000, train/frac_unique_ids_step=0.118, train/mse_step=0.000267, train/layer_0/frac_layer_coverages_step=0.941, train/layer_1/frac_layer_coverages_step=0.00391, train/layer_2/frac_layer_coverages_step=0.00391, train/layer_3/frac_layer_coverages_step=0.00391, train/layer_4/frac_layer_coverages_step=0.00391, train/layer_0/id_entropy_step=5.150, train/layer_1/id_entropy_step=1.19e-7, train/layer_2/id_entropy_step=1.19e-7, train/layer_3/id_entropy_step=1.19e-7, train/layer_4/id_entropy_step=1.19e-7]
Epoch 0: |          | 5/? [00:10<00:00,  0.46it/s, v_num=0, train/loss_step=0.708, train/quantization_loss_step=0.708, train/reconstruction_loss_step=0.000, train/last_residuals_norm_ratio_step=0.0175, train/first_residuals_norm_ratio_step=0.00445, train/first_centroids_norm_step=16.00, train/last_centroids_norm_step=0.000, train/frac_unique_ids_step=0.118, train/mse_step=0.000267, train/layer_0/frac_layer_coverages_step=0.941, train/layer_1/frac_layer_coverages_step=0.00391, train/layer_2/frac_layer_coverages_step=0.00391, train/layer_3/frac_layer_coverages_step=0.00391, train/layer_4/frac_layer_coverages_step=0.00391, train/layer_0/id_entropy_step=5.150, train/layer_1/id_entropy_step=1.19e-7, train/layer_2/id_entropy_step=1.19e-7, train/layer_3/id_entropy_step=1.19e-7, train/layer_4/id_entropy_step=1.19e-7]
Epoch 0: |          | 6/? [00:11<00:00,  0.53it/s, v_num=0, train/loss_step=0.708, train/quantization_loss_step=0.708, train/reconstruction_loss_step=0.000, train/last_residuals_norm_ratio_step=0.0175, train/first_residuals_norm_ratio_step=0.00445, train/first_centroids_norm_step=16.00, train/last_centroids_norm_step=0.000, train/frac_unique_ids_step=0.118, train/mse_step=0.000267, train/layer_0/frac_layer_coverages_step=0.941, train/layer_1/frac_layer_coverages_step=0.00391, train/layer_2/frac_layer_coverages_step=0.00391, train/layer_3/frac_layer_coverages_step=0.00391, train/layer_4/frac_layer_coverages_step=0.00391, train/layer_0/id_entropy_step=5.150, train/layer_1/id_entropy_step=1.19e-7, train/layer_2/id_entropy_step=1.19e-7, train/layer_3/id_entropy_step=1.19e-7, train/layer_4/id_entropy_step=1.19e-7]
Epoch 0: |          | 6/? [00:11<00:00,  0.53it/s, v_num=0, train/loss_step=0.518, train/quantization_loss_step=0.518, train/reconstruction_loss_step=0.000, train/last_residuals_norm_ratio_step=0.0175, train/first_residuals_norm_ratio_step=0.00445, train/first_centroids_norm_step=16.00, train/last_centroids_norm_step=0.000, train/frac_unique_ids_step=0.118, train/mse_step=0.000267, train/layer_0/frac_layer_coverages_step=0.941, train/layer_1/frac_layer_coverages_step=0.00391, train/layer_2/frac_layer_coverages_step=0.00391, train/layer_3/frac_layer_coverages_step=0.00391, train/layer_4/frac_layer_coverages_step=0.00391, train/layer_0/id_entropy_step=5.150, train/layer_1/id_entropy_step=1.19e-7, train/layer_2/id_entropy_step=1.19e-7, train/layer_3/id_entropy_step=1.19e-7, train/layer_4/id_entropy_step=1.19e-7]
Epoch 0: |          | 7/? [00:11<00:00,  0.60it/s, v_num=0, train/loss_step=0.518, train/quantization_loss_step=0.518, train/reconstruction_loss_step=0.000, train/last_residuals_norm_ratio_step=0.0175, train/first_residuals_norm_ratio_step=0.00445, train/first_centroids_norm_step=16.00, train/last_centroids_norm_step=0.000, train/frac_unique_ids_step=0.118, train/mse_step=0.000267, train/layer_0/frac_layer_coverages_step=0.941, train/layer_1/frac_layer_coverages_step=0.00391, train/layer_2/frac_layer_coverages_step=0.00391, train/layer_3/frac_layer_coverages_step=0.00391, train/layer_4/frac_layer_coverages_step=0.00391, train/layer_0/id_entropy_step=5.150, train/layer_1/id_entropy_step=1.19e-7, train/layer_2/id_entropy_step=1.19e-7, train/layer_3/id_entropy_step=1.19e-7, train/layer_4/id_entropy_step=1.19e-7]
Epoch 0: |          | 7/? [00:11<00:00,  0.60it/s, v_num=0, train/loss_step=0.299, train/quantization_loss_step=0.299, train/reconstruction_loss_step=0.000, train/last_residuals_norm_ratio_step=0.0175, train/first_residuals_norm_ratio_step=0.00445, train/first_centroids_norm_step=16.00, train/last_centroids_norm_step=0.000, train/frac_unique_ids_step=0.118, train/mse_step=0.000267, train/layer_0/frac_layer_coverages_step=0.941, train/layer_1/frac_layer_coverages_step=0.00391, train/layer_2/frac_layer_coverages_step=0.00391, train/layer_3/frac_layer_coverages_step=0.00391, train/layer_4/frac_layer_coverages_step=0.00391, train/layer_0/id_entropy_step=5.150, train/layer_1/id_entropy_step=1.19e-7, train/layer_2/id_entropy_step=1.19e-7, train/layer_3/id_entropy_step=1.19e-7, train/layer_4/id_entropy_step=1.19e-7][[36m2025-11-12 01:59:20,336[0m][[34mroot[0m][[32mINFO[0m] - Device cuda:2: Finished training layer 0 of 5[0m
[[36m2025-11-12 01:59:20,336[0m][[34mroot[0m][[32mINFO[0m] - Device cuda:3: Finished training layer 0 of 5[0m
[[36m2025-11-12 01:59:20,336[0m][[34mroot[0m][[32mINFO[0m] - Device cuda:1: Finished training layer 0 of 5[0m
[[36m2025-11-12 01:59:20,336[0m][[34mroot[0m][[32mINFO[0m] - Device cuda:0: Finished training layer 0 of 5[0m

Epoch 0: |          | 8/? [00:12<00:00,  0.67it/s, v_num=0, train/loss_step=0.299, train/quantization_loss_step=0.299, train/reconstruction_loss_step=0.000, train/last_residuals_norm_ratio_step=0.0175, train/first_residuals_norm_ratio_step=0.00445, train/first_centroids_norm_step=16.00, train/last_centroids_norm_step=0.000, train/frac_unique_ids_step=0.118, train/mse_step=0.000267, train/layer_0/frac_layer_coverages_step=0.941, train/layer_1/frac_layer_coverages_step=0.00391, train/layer_2/frac_layer_coverages_step=0.00391, train/layer_3/frac_layer_coverages_step=0.00391, train/layer_4/frac_layer_coverages_step=0.00391, train/layer_0/id_entropy_step=5.150, train/layer_1/id_entropy_step=1.19e-7, train/layer_2/id_entropy_step=1.19e-7, train/layer_3/id_entropy_step=1.19e-7, train/layer_4/id_entropy_step=1.19e-7]
Epoch 0: |          | 8/? [00:12<00:00,  0.67it/s, v_num=0, train/loss_step=0.293, train/quantization_loss_step=0.293, train/reconstruction_loss_step=0.000, train/last_residuals_norm_ratio_step=0.0175, train/first_residuals_norm_ratio_step=0.00445, train/first_centroids_norm_step=16.00, train/last_centroids_norm_step=0.000, train/frac_unique_ids_step=0.118, train/mse_step=0.000267, train/layer_0/frac_layer_coverages_step=0.941, train/layer_1/frac_layer_coverages_step=0.00391, train/layer_2/frac_layer_coverages_step=0.00391, train/layer_3/frac_layer_coverages_step=0.00391, train/layer_4/frac_layer_coverages_step=0.00391, train/layer_0/id_entropy_step=5.150, train/layer_1/id_entropy_step=1.19e-7, train/layer_2/id_entropy_step=1.19e-7, train/layer_3/id_entropy_step=1.19e-7, train/layer_4/id_entropy_step=1.19e-7]
Epoch 0: |          | 9/? [00:12<00:00,  0.72it/s, v_num=0, train/loss_step=0.293, train/quantization_loss_step=0.293, train/reconstruction_loss_step=0.000, train/last_residuals_norm_ratio_step=0.0175, train/first_residuals_norm_ratio_step=0.00445, train/first_centroids_norm_step=16.00, train/last_centroids_norm_step=0.000, train/frac_unique_ids_step=0.118, train/mse_step=0.000267, train/layer_0/frac_layer_coverages_step=0.941, train/layer_1/frac_layer_coverages_step=0.00391, train/layer_2/frac_layer_coverages_step=0.00391, train/layer_3/frac_layer_coverages_step=0.00391, train/layer_4/frac_layer_coverages_step=0.00391, train/layer_0/id_entropy_step=5.150, train/layer_1/id_entropy_step=1.19e-7, train/layer_2/id_entropy_step=1.19e-7, train/layer_3/id_entropy_step=1.19e-7, train/layer_4/id_entropy_step=1.19e-7]
Epoch 0: |          | 9/? [00:12<00:00,  0.72it/s, v_num=0, train/loss_step=0.000, train/quantization_loss_step=0.000, train/reconstruction_loss_step=0.000, train/last_residuals_norm_ratio_step=0.0175, train/first_residuals_norm_ratio_step=0.00445, train/first_centroids_norm_step=16.00, train/last_centroids_norm_step=0.000, train/frac_unique_ids_step=0.118, train/mse_step=0.000267, train/layer_0/frac_layer_coverages_step=0.941, train/layer_1/frac_layer_coverages_step=0.00391, train/layer_2/frac_layer_coverages_step=0.00391, train/layer_3/frac_layer_coverages_step=0.00391, train/layer_4/frac_layer_coverages_step=0.00391, train/layer_0/id_entropy_step=5.150, train/layer_1/id_entropy_step=1.19e-7, train/layer_2/id_entropy_step=1.19e-7, train/layer_3/id_entropy_step=1.19e-7, train/layer_4/id_entropy_step=1.19e-7]
Epoch 0: |          | 10/? [00:19<00:00,  0.51it/s, v_num=0, train/loss_step=0.000, train/quantization_loss_step=0.000, train/reconstruction_loss_step=0.000, train/last_residuals_norm_ratio_step=0.0175, train/first_residuals_norm_ratio_step=0.00445, train/first_centroids_norm_step=16.00, train/last_centroids_norm_step=0.000, train/frac_unique_ids_step=0.118, train/mse_step=0.000267, train/layer_0/frac_layer_coverages_step=0.941, train/layer_1/frac_layer_coverages_step=0.00391, train/layer_2/frac_layer_coverages_step=0.00391, train/layer_3/frac_layer_coverages_step=0.00391, train/layer_4/frac_layer_coverages_step=0.00391, train/layer_0/id_entropy_step=5.150, train/layer_1/id_entropy_step=1.19e-7, train/layer_2/id_entropy_step=1.19e-7, train/layer_3/id_entropy_step=1.19e-7, train/layer_4/id_entropy_step=1.19e-7]
Epoch 0: |          | 10/? [00:19<00:00,  0.51it/s, v_num=0, train/loss_step=256.0, train/quantization_loss_step=256.0, train/reconstruction_loss_step=0.000, train/last_residuals_norm_ratio_step=0.0175, train/first_residuals_norm_ratio_step=0.00445, train/first_centroids_norm_step=16.00, train/last_centroids_norm_step=0.000, train/frac_unique_ids_step=0.118, train/mse_step=0.000267, train/layer_0/frac_layer_coverages_step=0.941, train/layer_1/frac_layer_coverages_step=0.00391, train/layer_2/frac_layer_coverages_step=0.00391, train/layer_3/frac_layer_coverages_step=0.00391, train/layer_4/frac_layer_coverages_step=0.00391, train/layer_0/id_entropy_step=5.150, train/layer_1/id_entropy_step=1.19e-7, train/layer_2/id_entropy_step=1.19e-7, train/layer_3/id_entropy_step=1.19e-7, train/layer_4/id_entropy_step=1.19e-7]
Epoch 0: |          | 11/? [00:21<00:00,  0.52it/s, v_num=0, train/loss_step=256.0, train/quantization_loss_step=256.0, train/reconstruction_loss_step=0.000, train/last_residuals_norm_ratio_step=0.0175, train/first_residuals_norm_ratio_step=0.00445, train/first_centroids_norm_step=16.00, train/last_centroids_norm_step=0.000, train/frac_unique_ids_step=0.118, train/mse_step=0.000267, train/layer_0/frac_layer_coverages_step=0.941, train/layer_1/frac_layer_coverages_step=0.00391, train/layer_2/frac_layer_coverages_step=0.00391, train/layer_3/frac_layer_coverages_step=0.00391, train/layer_4/frac_layer_coverages_step=0.00391, train/layer_0/id_entropy_step=5.150, train/layer_1/id_entropy_step=1.19e-7, train/layer_2/id_entropy_step=1.19e-7, train/layer_3/id_entropy_step=1.19e-7, train/layer_4/id_entropy_step=1.19e-7]
Epoch 0: |          | 11/? [00:21<00:00,  0.52it/s, v_num=0, train/loss_step=159.0, train/quantization_loss_step=159.0, train/reconstruction_loss_step=0.000, train/last_residuals_norm_ratio_step=0.0175, train/first_residuals_norm_ratio_step=0.00445, train/first_centroids_norm_step=16.00, train/last_centroids_norm_step=0.000, train/frac_unique_ids_step=0.118, train/mse_step=0.000267, train/layer_0/frac_layer_coverages_step=0.941, train/layer_1/frac_layer_coverages_step=0.00391, train/layer_2/frac_layer_coverages_step=0.00391, train/layer_3/frac_layer_coverages_step=0.00391, train/layer_4/frac_layer_coverages_step=0.00391, train/layer_0/id_entropy_step=5.150, train/layer_1/id_entropy_step=1.19e-7, train/layer_2/id_entropy_step=1.19e-7, train/layer_3/id_entropy_step=1.19e-7, train/layer_4/id_entropy_step=1.19e-7]
Epoch 0: |          | 12/? [00:21<00:00,  0.56it/s, v_num=0, train/loss_step=159.0, train/quantization_loss_step=159.0, train/reconstruction_loss_step=0.000, train/last_residuals_norm_ratio_step=0.0175, train/first_residuals_norm_ratio_step=0.00445, train/first_centroids_norm_step=16.00, train/last_centroids_norm_step=0.000, train/frac_unique_ids_step=0.118, train/mse_step=0.000267, train/layer_0/frac_layer_coverages_step=0.941, train/layer_1/frac_layer_coverages_step=0.00391, train/layer_2/frac_layer_coverages_step=0.00391, train/layer_3/frac_layer_coverages_step=0.00391, train/layer_4/frac_layer_coverages_step=0.00391, train/layer_0/id_entropy_step=5.150, train/layer_1/id_entropy_step=1.19e-7, train/layer_2/id_entropy_step=1.19e-7, train/layer_3/id_entropy_step=1.19e-7, train/layer_4/id_entropy_step=1.19e-7]
Epoch 0: |          | 12/? [00:21<00:00,  0.56it/s, v_num=0, train/loss_step=18.20, train/quantization_loss_step=18.20, train/reconstruction_loss_step=0.000, train/last_residuals_norm_ratio_step=0.0175, train/first_residuals_norm_ratio_step=0.00445, train/first_centroids_norm_step=16.00, train/last_centroids_norm_step=0.000, train/frac_unique_ids_step=0.118, train/mse_step=0.000267, train/layer_0/frac_layer_coverages_step=0.941, train/layer_1/frac_layer_coverages_step=0.00391, train/layer_2/frac_layer_coverages_step=0.00391, train/layer_3/frac_layer_coverages_step=0.00391, train/layer_4/frac_layer_coverages_step=0.00391, train/layer_0/id_entropy_step=5.150, train/layer_1/id_entropy_step=1.19e-7, train/layer_2/id_entropy_step=1.19e-7, train/layer_3/id_entropy_step=1.19e-7, train/layer_4/id_entropy_step=1.19e-7]
Epoch 0: |          | 13/? [00:21<00:00,  0.59it/s, v_num=0, train/loss_step=18.20, train/quantization_loss_step=18.20, train/reconstruction_loss_step=0.000, train/last_residuals_norm_ratio_step=0.0175, train/first_residuals_norm_ratio_step=0.00445, train/first_centroids_norm_step=16.00, train/last_centroids_norm_step=0.000, train/frac_unique_ids_step=0.118, train/mse_step=0.000267, train/layer_0/frac_layer_coverages_step=0.941, train/layer_1/frac_layer_coverages_step=0.00391, train/layer_2/frac_layer_coverages_step=0.00391, train/layer_3/frac_layer_coverages_step=0.00391, train/layer_4/frac_layer_coverages_step=0.00391, train/layer_0/id_entropy_step=5.150, train/layer_1/id_entropy_step=1.19e-7, train/layer_2/id_entropy_step=1.19e-7, train/layer_3/id_entropy_step=1.19e-7, train/layer_4/id_entropy_step=1.19e-7]
Epoch 0: |          | 13/? [00:21<00:00,  0.59it/s, v_num=0, train/loss_step=15.40, train/quantization_loss_step=15.40, train/reconstruction_loss_step=0.000, train/last_residuals_norm_ratio_step=0.0175, train/first_residuals_norm_ratio_step=0.00445, train/first_centroids_norm_step=16.00, train/last_centroids_norm_step=0.000, train/frac_unique_ids_step=0.118, train/mse_step=0.000267, train/layer_0/frac_layer_coverages_step=0.941, train/layer_1/frac_layer_coverages_step=0.00391, train/layer_2/frac_layer_coverages_step=0.00391, train/layer_3/frac_layer_coverages_step=0.00391, train/layer_4/frac_layer_coverages_step=0.00391, train/layer_0/id_entropy_step=5.150, train/layer_1/id_entropy_step=1.19e-7, train/layer_2/id_entropy_step=1.19e-7, train/layer_3/id_entropy_step=1.19e-7, train/layer_4/id_entropy_step=1.19e-7]
Epoch 0: |          | 14/? [00:22<00:00,  0.63it/s, v_num=0, train/loss_step=15.40, train/quantization_loss_step=15.40, train/reconstruction_loss_step=0.000, train/last_residuals_norm_ratio_step=0.0175, train/first_residuals_norm_ratio_step=0.00445, train/first_centroids_norm_step=16.00, train/last_centroids_norm_step=0.000, train/frac_unique_ids_step=0.118, train/mse_step=0.000267, train/layer_0/frac_layer_coverages_step=0.941, train/layer_1/frac_layer_coverages_step=0.00391, train/layer_2/frac_layer_coverages_step=0.00391, train/layer_3/frac_layer_coverages_step=0.00391, train/layer_4/frac_layer_coverages_step=0.00391, train/layer_0/id_entropy_step=5.150, train/layer_1/id_entropy_step=1.19e-7, train/layer_2/id_entropy_step=1.19e-7, train/layer_3/id_entropy_step=1.19e-7, train/layer_4/id_entropy_step=1.19e-7]
Epoch 0: |          | 14/? [00:22<00:00,  0.63it/s, v_num=0, train/loss_step=10.50, train/quantization_loss_step=10.50, train/reconstruction_loss_step=0.000, train/last_residuals_norm_ratio_step=0.0175, train/first_residuals_norm_ratio_step=0.00445, train/first_centroids_norm_step=16.00, train/last_centroids_norm_step=0.000, train/frac_unique_ids_step=0.118, train/mse_step=0.000267, train/layer_0/frac_layer_coverages_step=0.941, train/layer_1/frac_layer_coverages_step=0.00391, train/layer_2/frac_layer_coverages_step=0.00391, train/layer_3/frac_layer_coverages_step=0.00391, train/layer_4/frac_layer_coverages_step=0.00391, train/layer_0/id_entropy_step=5.150, train/layer_1/id_entropy_step=1.19e-7, train/layer_2/id_entropy_step=1.19e-7, train/layer_3/id_entropy_step=1.19e-7, train/layer_4/id_entropy_step=1.19e-7]
Epoch 0: |          | 15/? [00:22<00:00,  0.66it/s, v_num=0, train/loss_step=10.50, train/quantization_loss_step=10.50, train/reconstruction_loss_step=0.000, train/last_residuals_norm_ratio_step=0.0175, train/first_residuals_norm_ratio_step=0.00445, train/first_centroids_norm_step=16.00, train/last_centroids_norm_step=0.000, train/frac_unique_ids_step=0.118, train/mse_step=0.000267, train/layer_0/frac_layer_coverages_step=0.941, train/layer_1/frac_layer_coverages_step=0.00391, train/layer_2/frac_layer_coverages_step=0.00391, train/layer_3/frac_layer_coverages_step=0.00391, train/layer_4/frac_layer_coverages_step=0.00391, train/layer_0/id_entropy_step=5.150, train/layer_1/id_entropy_step=1.19e-7, train/layer_2/id_entropy_step=1.19e-7, train/layer_3/id_entropy_step=1.19e-7, train/layer_4/id_entropy_step=1.19e-7]
Epoch 0: |          | 15/? [00:22<00:00,  0.66it/s, v_num=0, train/loss_step=8.650, train/quantization_loss_step=8.650, train/reconstruction_loss_step=0.000, train/last_residuals_norm_ratio_step=0.0179, train/first_residuals_norm_ratio_step=0.00347, train/first_centroids_norm_step=15.70, train/last_centroids_norm_step=0.000, train/frac_unique_ids_step=0.882, train/mse_step=0.000279, train/layer_0/frac_layer_coverages_step=0.895, train/layer_1/frac_layer_coverages_step=0.930, train/layer_2/frac_layer_coverages_step=0.00391, train/layer_3/frac_layer_coverages_step=0.00391, train/layer_4/frac_layer_coverages_step=0.00391, train/layer_0/id_entropy_step=5.180, train/layer_1/id_entropy_step=5.070, train/layer_2/id_entropy_step=1.19e-7, train/layer_3/id_entropy_step=1.19e-7, train/layer_4/id_entropy_step=1.19e-7]    [[36m2025-11-12 01:59:31,380[0m][[34mroot[0m][[32mINFO[0m] - Device cuda:2: Finished training layer 1 of 5[0m
[[36m2025-11-12 01:59:31,380[0m][[34mroot[0m][[32mINFO[0m] - Device cuda:3: Finished training layer 1 of 5[0m
[[36m2025-11-12 01:59:31,380[0m][[34mroot[0m][[32mINFO[0m] - Device cuda:1: Finished training layer 1 of 5[0m
[[36m2025-11-12 01:59:31,385[0m][[34mroot[0m][[32mINFO[0m] - Device cuda:0: Finished training layer 1 of 5[0m

Epoch 0: |          | 16/? [00:23<00:00,  0.69it/s, v_num=0, train/loss_step=8.650, train/quantization_loss_step=8.650, train/reconstruction_loss_step=0.000, train/last_residuals_norm_ratio_step=0.0179, train/first_residuals_norm_ratio_step=0.00347, train/first_centroids_norm_step=15.70, train/last_centroids_norm_step=0.000, train/frac_unique_ids_step=0.882, train/mse_step=0.000279, train/layer_0/frac_layer_coverages_step=0.895, train/layer_1/frac_layer_coverages_step=0.930, train/layer_2/frac_layer_coverages_step=0.00391, train/layer_3/frac_layer_coverages_step=0.00391, train/layer_4/frac_layer_coverages_step=0.00391, train/layer_0/id_entropy_step=5.180, train/layer_1/id_entropy_step=5.070, train/layer_2/id_entropy_step=1.19e-7, train/layer_3/id_entropy_step=1.19e-7, train/layer_4/id_entropy_step=1.19e-7]
Epoch 0: |          | 16/? [00:23<00:00,  0.69it/s, v_num=0, train/loss_step=6.500, train/quantization_loss_step=6.500, train/reconstruction_loss_step=0.000, train/last_residuals_norm_ratio_step=0.0179, train/first_residuals_norm_ratio_step=0.00347, train/first_centroids_norm_step=15.70, train/last_centroids_norm_step=0.000, train/frac_unique_ids_step=0.882, train/mse_step=0.000279, train/layer_0/frac_layer_coverages_step=0.895, train/layer_1/frac_layer_coverages_step=0.930, train/layer_2/frac_layer_coverages_step=0.00391, train/layer_3/frac_layer_coverages_step=0.00391, train/layer_4/frac_layer_coverages_step=0.00391, train/layer_0/id_entropy_step=5.180, train/layer_1/id_entropy_step=5.070, train/layer_2/id_entropy_step=1.19e-7, train/layer_3/id_entropy_step=1.19e-7, train/layer_4/id_entropy_step=1.19e-7]
Epoch 0: |          | 17/? [00:23<00:00,  0.73it/s, v_num=0, train/loss_step=6.500, train/quantization_loss_step=6.500, train/reconstruction_loss_step=0.000, train/last_residuals_norm_ratio_step=0.0179, train/first_residuals_norm_ratio_step=0.00347, train/first_centroids_norm_step=15.70, train/last_centroids_norm_step=0.000, train/frac_unique_ids_step=0.882, train/mse_step=0.000279, train/layer_0/frac_layer_coverages_step=0.895, train/layer_1/frac_layer_coverages_step=0.930, train/layer_2/frac_layer_coverages_step=0.00391, train/layer_3/frac_layer_coverages_step=0.00391, train/layer_4/frac_layer_coverages_step=0.00391, train/layer_0/id_entropy_step=5.180, train/layer_1/id_entropy_step=5.070, train/layer_2/id_entropy_step=1.19e-7, train/layer_3/id_entropy_step=1.19e-7, train/layer_4/id_entropy_step=1.19e-7]
Epoch 0: |          | 17/? [00:23<00:00,  0.73it/s, v_num=0, train/loss_step=0.000, train/quantization_loss_step=0.000, train/reconstruction_loss_step=0.000, train/last_residuals_norm_ratio_step=0.0179, train/first_residuals_norm_ratio_step=0.00347, train/first_centroids_norm_step=15.70, train/last_centroids_norm_step=0.000, train/frac_unique_ids_step=0.882, train/mse_step=0.000279, train/layer_0/frac_layer_coverages_step=0.895, train/layer_1/frac_layer_coverages_step=0.930, train/layer_2/frac_layer_coverages_step=0.00391, train/layer_3/frac_layer_coverages_step=0.00391, train/layer_4/frac_layer_coverages_step=0.00391, train/layer_0/id_entropy_step=5.180, train/layer_1/id_entropy_step=5.070, train/layer_2/id_entropy_step=1.19e-7, train/layer_3/id_entropy_step=1.19e-7, train/layer_4/id_entropy_step=1.19e-7]
Epoch 0: |          | 18/? [00:30<00:00,  0.58it/s, v_num=0, train/loss_step=0.000, train/quantization_loss_step=0.000, train/reconstruction_loss_step=0.000, train/last_residuals_norm_ratio_step=0.0179, train/first_residuals_norm_ratio_step=0.00347, train/first_centroids_norm_step=15.70, train/last_centroids_norm_step=0.000, train/frac_unique_ids_step=0.882, train/mse_step=0.000279, train/layer_0/frac_layer_coverages_step=0.895, train/layer_1/frac_layer_coverages_step=0.930, train/layer_2/frac_layer_coverages_step=0.00391, train/layer_3/frac_layer_coverages_step=0.00391, train/layer_4/frac_layer_coverages_step=0.00391, train/layer_0/id_entropy_step=5.180, train/layer_1/id_entropy_step=5.070, train/layer_2/id_entropy_step=1.19e-7, train/layer_3/id_entropy_step=1.19e-7, train/layer_4/id_entropy_step=1.19e-7]
Epoch 0: |          | 18/? [00:30<00:00,  0.58it/s, v_num=0, train/loss_step=256.0, train/quantization_loss_step=256.0, train/reconstruction_loss_step=0.000, train/last_residuals_norm_ratio_step=0.0179, train/first_residuals_norm_ratio_step=0.00347, train/first_centroids_norm_step=15.70, train/last_centroids_norm_step=0.000, train/frac_unique_ids_step=0.882, train/mse_step=0.000279, train/layer_0/frac_layer_coverages_step=0.895, train/layer_1/frac_layer_coverages_step=0.930, train/layer_2/frac_layer_coverages_step=0.00391, train/layer_3/frac_layer_coverages_step=0.00391, train/layer_4/frac_layer_coverages_step=0.00391, train/layer_0/id_entropy_step=5.180, train/layer_1/id_entropy_step=5.070, train/layer_2/id_entropy_step=1.19e-7, train/layer_3/id_entropy_step=1.19e-7, train/layer_4/id_entropy_step=1.19e-7]
Epoch 0: |          | 19/? [00:31<00:00,  0.61it/s, v_num=0, train/loss_step=256.0, train/quantization_loss_step=256.0, train/reconstruction_loss_step=0.000, train/last_residuals_norm_ratio_step=0.0179, train/first_residuals_norm_ratio_step=0.00347, train/first_centroids_norm_step=15.70, train/last_centroids_norm_step=0.000, train/frac_unique_ids_step=0.882, train/mse_step=0.000279, train/layer_0/frac_layer_coverages_step=0.895, train/layer_1/frac_layer_coverages_step=0.930, train/layer_2/frac_layer_coverages_step=0.00391, train/layer_3/frac_layer_coverages_step=0.00391, train/layer_4/frac_layer_coverages_step=0.00391, train/layer_0/id_entropy_step=5.180, train/layer_1/id_entropy_step=5.070, train/layer_2/id_entropy_step=1.19e-7, train/layer_3/id_entropy_step=1.19e-7, train/layer_4/id_entropy_step=1.19e-7]
Epoch 0: |          | 19/? [00:31<00:00,  0.61it/s, v_num=0, train/loss_step=184.0, train/quantization_loss_step=184.0, train/reconstruction_loss_step=0.000, train/last_residuals_norm_ratio_step=0.0179, train/first_residuals_norm_ratio_step=0.00347, train/first_centroids_norm_step=15.70, train/last_centroids_norm_step=0.000, train/frac_unique_ids_step=0.882, train/mse_step=0.000279, train/layer_0/frac_layer_coverages_step=0.895, train/layer_1/frac_layer_coverages_step=0.930, train/layer_2/frac_layer_coverages_step=0.00391, train/layer_3/frac_layer_coverages_step=0.00391, train/layer_4/frac_layer_coverages_step=0.00391, train/layer_0/id_entropy_step=5.180, train/layer_1/id_entropy_step=5.070, train/layer_2/id_entropy_step=1.19e-7, train/layer_3/id_entropy_step=1.19e-7, train/layer_4/id_entropy_step=1.19e-7]
Epoch 0: |          | 20/? [00:31<00:00,  0.63it/s, v_num=0, train/loss_step=184.0, train/quantization_loss_step=184.0, train/reconstruction_loss_step=0.000, train/last_residuals_norm_ratio_step=0.0179, train/first_residuals_norm_ratio_step=0.00347, train/first_centroids_norm_step=15.70, train/last_centroids_norm_step=0.000, train/frac_unique_ids_step=0.882, train/mse_step=0.000279, train/layer_0/frac_layer_coverages_step=0.895, train/layer_1/frac_layer_coverages_step=0.930, train/layer_2/frac_layer_coverages_step=0.00391, train/layer_3/frac_layer_coverages_step=0.00391, train/layer_4/frac_layer_coverages_step=0.00391, train/layer_0/id_entropy_step=5.180, train/layer_1/id_entropy_step=5.070, train/layer_2/id_entropy_step=1.19e-7, train/layer_3/id_entropy_step=1.19e-7, train/layer_4/id_entropy_step=1.19e-7]
Epoch 0: |          | 20/? [00:31<00:00,  0.63it/s, v_num=0, train/loss_step=21.60, train/quantization_loss_step=21.60, train/reconstruction_loss_step=0.000, train/last_residuals_norm_ratio_step=0.0179, train/first_residuals_norm_ratio_step=0.00347, train/first_centroids_norm_step=15.70, train/last_centroids_norm_step=0.000, train/frac_unique_ids_step=0.882, train/mse_step=0.000279, train/layer_0/frac_layer_coverages_step=0.895, train/layer_1/frac_layer_coverages_step=0.930, train/layer_2/frac_layer_coverages_step=0.00391, train/layer_3/frac_layer_coverages_step=0.00391, train/layer_4/frac_layer_coverages_step=0.00391, train/layer_0/id_entropy_step=5.180, train/layer_1/id_entropy_step=5.070, train/layer_2/id_entropy_step=1.19e-7, train/layer_3/id_entropy_step=1.19e-7, train/layer_4/id_entropy_step=1.19e-7]
Epoch 0: |          | 21/? [00:32<00:00,  0.65it/s, v_num=0, train/loss_step=21.60, train/quantization_loss_step=21.60, train/reconstruction_loss_step=0.000, train/last_residuals_norm_ratio_step=0.0179, train/first_residuals_norm_ratio_step=0.00347, train/first_centroids_norm_step=15.70, train/last_centroids_norm_step=0.000, train/frac_unique_ids_step=0.882, train/mse_step=0.000279, train/layer_0/frac_layer_coverages_step=0.895, train/layer_1/frac_layer_coverages_step=0.930, train/layer_2/frac_layer_coverages_step=0.00391, train/layer_3/frac_layer_coverages_step=0.00391, train/layer_4/frac_layer_coverages_step=0.00391, train/layer_0/id_entropy_step=5.180, train/layer_1/id_entropy_step=5.070, train/layer_2/id_entropy_step=1.19e-7, train/layer_3/id_entropy_step=1.19e-7, train/layer_4/id_entropy_step=1.19e-7]
Epoch 0: |          | 21/? [00:32<00:00,  0.65it/s, v_num=0, train/loss_step=11.50, train/quantization_loss_step=11.50, train/reconstruction_loss_step=0.000, train/last_residuals_norm_ratio_step=0.0179, train/first_residuals_norm_ratio_step=0.00347, train/first_centroids_norm_step=15.70, train/last_centroids_norm_step=0.000, train/frac_unique_ids_step=0.882, train/mse_step=0.000279, train/layer_0/frac_layer_coverages_step=0.895, train/layer_1/frac_layer_coverages_step=0.930, train/layer_2/frac_layer_coverages_step=0.00391, train/layer_3/frac_layer_coverages_step=0.00391, train/layer_4/frac_layer_coverages_step=0.00391, train/layer_0/id_entropy_step=5.180, train/layer_1/id_entropy_step=5.070, train/layer_2/id_entropy_step=1.19e-7, train/layer_3/id_entropy_step=1.19e-7, train/layer_4/id_entropy_step=1.19e-7]
Epoch 0: |          | 22/? [00:32<00:00,  0.68it/s, v_num=0, train/loss_step=11.50, train/quantization_loss_step=11.50, train/reconstruction_loss_step=0.000, train/last_residuals_norm_ratio_step=0.0179, train/first_residuals_norm_ratio_step=0.00347, train/first_centroids_norm_step=15.70, train/last_centroids_norm_step=0.000, train/frac_unique_ids_step=0.882, train/mse_step=0.000279, train/layer_0/frac_layer_coverages_step=0.895, train/layer_1/frac_layer_coverages_step=0.930, train/layer_2/frac_layer_coverages_step=0.00391, train/layer_3/frac_layer_coverages_step=0.00391, train/layer_4/frac_layer_coverages_step=0.00391, train/layer_0/id_entropy_step=5.180, train/layer_1/id_entropy_step=5.070, train/layer_2/id_entropy_step=1.19e-7, train/layer_3/id_entropy_step=1.19e-7, train/layer_4/id_entropy_step=1.19e-7]
Epoch 0: |          | 22/? [00:32<00:00,  0.68it/s, v_num=0, train/loss_step=10.10, train/quantization_loss_step=10.10, train/reconstruction_loss_step=0.000, train/last_residuals_norm_ratio_step=0.0179, train/first_residuals_norm_ratio_step=0.00347, train/first_centroids_norm_step=15.70, train/last_centroids_norm_step=0.000, train/frac_unique_ids_step=0.882, train/mse_step=0.000279, train/layer_0/frac_layer_coverages_step=0.895, train/layer_1/frac_layer_coverages_step=0.930, train/layer_2/frac_layer_coverages_step=0.00391, train/layer_3/frac_layer_coverages_step=0.00391, train/layer_4/frac_layer_coverages_step=0.00391, train/layer_0/id_entropy_step=5.180, train/layer_1/id_entropy_step=5.070, train/layer_2/id_entropy_step=1.19e-7, train/layer_3/id_entropy_step=1.19e-7, train/layer_4/id_entropy_step=1.19e-7]
Epoch 0: |          | 23/? [00:33<00:00,  0.70it/s, v_num=0, train/loss_step=10.10, train/quantization_loss_step=10.10, train/reconstruction_loss_step=0.000, train/last_residuals_norm_ratio_step=0.0179, train/first_residuals_norm_ratio_step=0.00347, train/first_centroids_norm_step=15.70, train/last_centroids_norm_step=0.000, train/frac_unique_ids_step=0.882, train/mse_step=0.000279, train/layer_0/frac_layer_coverages_step=0.895, train/layer_1/frac_layer_coverages_step=0.930, train/layer_2/frac_layer_coverages_step=0.00391, train/layer_3/frac_layer_coverages_step=0.00391, train/layer_4/frac_layer_coverages_step=0.00391, train/layer_0/id_entropy_step=5.180, train/layer_1/id_entropy_step=5.070, train/layer_2/id_entropy_step=1.19e-7, train/layer_3/id_entropy_step=1.19e-7, train/layer_4/id_entropy_step=1.19e-7]
Epoch 0: |          | 23/? [00:33<00:00,  0.70it/s, v_num=0, train/loss_step=7.670, train/quantization_loss_step=7.670, train/reconstruction_loss_step=0.000, train/last_residuals_norm_ratio_step=0.0179, train/first_residuals_norm_ratio_step=0.00347, train/first_centroids_norm_step=15.70, train/last_centroids_norm_step=0.000, train/frac_unique_ids_step=0.882, train/mse_step=0.000279, train/layer_0/frac_layer_coverages_step=0.895, train/layer_1/frac_layer_coverages_step=0.930, train/layer_2/frac_layer_coverages_step=0.00391, train/layer_3/frac_layer_coverages_step=0.00391, train/layer_4/frac_layer_coverages_step=0.00391, train/layer_0/id_entropy_step=5.180, train/layer_1/id_entropy_step=5.070, train/layer_2/id_entropy_step=1.19e-7, train/layer_3/id_entropy_step=1.19e-7, train/layer_4/id_entropy_step=1.19e-7][[36m2025-11-12 01:59:46,675[0m][[34mroot[0m][[32mINFO[0m] - Device cuda:3: Finished training layer 2 of 5[0m
[[36m2025-11-12 01:59:46,677[0m][[34mroot[0m][[32mINFO[0m] - Device cuda:1: Finished training layer 2 of 5[0m
[[36m2025-11-12 01:59:46,677[0m][[34mroot[0m][[32mINFO[0m] - Device cuda:2: Finished training layer 2 of 5[0m
[[36m2025-11-12 01:59:46,677[0m][[34mroot[0m][[32mINFO[0m] - Device cuda:0: Finished training layer 2 of 5[0m

Epoch 0: |          | 24/? [00:38<00:00,  0.63it/s, v_num=0, train/loss_step=7.670, train/quantization_loss_step=7.670, train/reconstruction_loss_step=0.000, train/last_residuals_norm_ratio_step=0.0179, train/first_residuals_norm_ratio_step=0.00347, train/first_centroids_norm_step=15.70, train/last_centroids_norm_step=0.000, train/frac_unique_ids_step=0.882, train/mse_step=0.000279, train/layer_0/frac_layer_coverages_step=0.895, train/layer_1/frac_layer_coverages_step=0.930, train/layer_2/frac_layer_coverages_step=0.00391, train/layer_3/frac_layer_coverages_step=0.00391, train/layer_4/frac_layer_coverages_step=0.00391, train/layer_0/id_entropy_step=5.180, train/layer_1/id_entropy_step=5.070, train/layer_2/id_entropy_step=1.19e-7, train/layer_3/id_entropy_step=1.19e-7, train/layer_4/id_entropy_step=1.19e-7]
Epoch 0: |          | 24/? [00:38<00:00,  0.63it/s, v_num=0, train/loss_step=6.260, train/quantization_loss_step=6.260, train/reconstruction_loss_step=0.000, train/last_residuals_norm_ratio_step=0.0179, train/first_residuals_norm_ratio_step=0.00347, train/first_centroids_norm_step=15.70, train/last_centroids_norm_step=0.000, train/frac_unique_ids_step=0.882, train/mse_step=0.000279, train/layer_0/frac_layer_coverages_step=0.895, train/layer_1/frac_layer_coverages_step=0.930, train/layer_2/frac_layer_coverages_step=0.00391, train/layer_3/frac_layer_coverages_step=0.00391, train/layer_4/frac_layer_coverages_step=0.00391, train/layer_0/id_entropy_step=5.180, train/layer_1/id_entropy_step=5.070, train/layer_2/id_entropy_step=1.19e-7, train/layer_3/id_entropy_step=1.19e-7, train/layer_4/id_entropy_step=1.19e-7]
Epoch 0: |          | 25/? [00:41<00:00,  0.60it/s, v_num=0, train/loss_step=6.260, train/quantization_loss_step=6.260, train/reconstruction_loss_step=0.000, train/last_residuals_norm_ratio_step=0.0179, train/first_residuals_norm_ratio_step=0.00347, train/first_centroids_norm_step=15.70, train/last_centroids_norm_step=0.000, train/frac_unique_ids_step=0.882, train/mse_step=0.000279, train/layer_0/frac_layer_coverages_step=0.895, train/layer_1/frac_layer_coverages_step=0.930, train/layer_2/frac_layer_coverages_step=0.00391, train/layer_3/frac_layer_coverages_step=0.00391, train/layer_4/frac_layer_coverages_step=0.00391, train/layer_0/id_entropy_step=5.180, train/layer_1/id_entropy_step=5.070, train/layer_2/id_entropy_step=1.19e-7, train/layer_3/id_entropy_step=1.19e-7, train/layer_4/id_entropy_step=1.19e-7]
Epoch 0: |          | 25/? [00:41<00:00,  0.60it/s, v_num=0, train/loss_step=0.000, train/quantization_loss_step=0.000, train/reconstruction_loss_step=0.000, train/last_residuals_norm_ratio_step=0.0179, train/first_residuals_norm_ratio_step=0.00347, train/first_centroids_norm_step=15.70, train/last_centroids_norm_step=0.000, train/frac_unique_ids_step=0.882, train/mse_step=0.000279, train/layer_0/frac_layer_coverages_step=0.895, train/layer_1/frac_layer_coverages_step=0.930, train/layer_2/frac_layer_coverages_step=0.00391, train/layer_3/frac_layer_coverages_step=0.00391, train/layer_4/frac_layer_coverages_step=0.00391, train/layer_0/id_entropy_step=5.180, train/layer_1/id_entropy_step=5.070, train/layer_2/id_entropy_step=1.19e-7, train/layer_3/id_entropy_step=1.19e-7, train/layer_4/id_entropy_step=1.19e-7]
Epoch 0: |          | 26/? [00:48<00:00,  0.53it/s, v_num=0, train/loss_step=0.000, train/quantization_loss_step=0.000, train/reconstruction_loss_step=0.000, train/last_residuals_norm_ratio_step=0.0179, train/first_residuals_norm_ratio_step=0.00347, train/first_centroids_norm_step=15.70, train/last_centroids_norm_step=0.000, train/frac_unique_ids_step=0.882, train/mse_step=0.000279, train/layer_0/frac_layer_coverages_step=0.895, train/layer_1/frac_layer_coverages_step=0.930, train/layer_2/frac_layer_coverages_step=0.00391, train/layer_3/frac_layer_coverages_step=0.00391, train/layer_4/frac_layer_coverages_step=0.00391, train/layer_0/id_entropy_step=5.180, train/layer_1/id_entropy_step=5.070, train/layer_2/id_entropy_step=1.19e-7, train/layer_3/id_entropy_step=1.19e-7, train/layer_4/id_entropy_step=1.19e-7]
Epoch 0: |          | 26/? [00:48<00:00,  0.53it/s, v_num=0, train/loss_step=256.0, train/quantization_loss_step=256.0, train/reconstruction_loss_step=0.000, train/last_residuals_norm_ratio_step=0.0179, train/first_residuals_norm_ratio_step=0.00347, train/first_centroids_norm_step=15.70, train/last_centroids_norm_step=0.000, train/frac_unique_ids_step=0.882, train/mse_step=0.000279, train/layer_0/frac_layer_coverages_step=0.895, train/layer_1/frac_layer_coverages_step=0.930, train/layer_2/frac_layer_coverages_step=0.00391, train/layer_3/frac_layer_coverages_step=0.00391, train/layer_4/frac_layer_coverages_step=0.00391, train/layer_0/id_entropy_step=5.180, train/layer_1/id_entropy_step=5.070, train/layer_2/id_entropy_step=1.19e-7, train/layer_3/id_entropy_step=1.19e-7, train/layer_4/id_entropy_step=1.19e-7]
Epoch 0: |          | 27/? [00:50<00:00,  0.54it/s, v_num=0, train/loss_step=256.0, train/quantization_loss_step=256.0, train/reconstruction_loss_step=0.000, train/last_residuals_norm_ratio_step=0.0179, train/first_residuals_norm_ratio_step=0.00347, train/first_centroids_norm_step=15.70, train/last_centroids_norm_step=0.000, train/frac_unique_ids_step=0.882, train/mse_step=0.000279, train/layer_0/frac_layer_coverages_step=0.895, train/layer_1/frac_layer_coverages_step=0.930, train/layer_2/frac_layer_coverages_step=0.00391, train/layer_3/frac_layer_coverages_step=0.00391, train/layer_4/frac_layer_coverages_step=0.00391, train/layer_0/id_entropy_step=5.180, train/layer_1/id_entropy_step=5.070, train/layer_2/id_entropy_step=1.19e-7, train/layer_3/id_entropy_step=1.19e-7, train/layer_4/id_entropy_step=1.19e-7]
Epoch 0: |          | 27/? [00:50<00:00,  0.54it/s, v_num=0, train/loss_step=195.0, train/quantization_loss_step=195.0, train/reconstruction_loss_step=0.000, train/last_residuals_norm_ratio_step=0.0179, train/first_residuals_norm_ratio_step=0.00347, train/first_centroids_norm_step=15.70, train/last_centroids_norm_step=0.000, train/frac_unique_ids_step=0.882, train/mse_step=0.000279, train/layer_0/frac_layer_coverages_step=0.895, train/layer_1/frac_layer_coverages_step=0.930, train/layer_2/frac_layer_coverages_step=0.00391, train/layer_3/frac_layer_coverages_step=0.00391, train/layer_4/frac_layer_coverages_step=0.00391, train/layer_0/id_entropy_step=5.180, train/layer_1/id_entropy_step=5.070, train/layer_2/id_entropy_step=1.19e-7, train/layer_3/id_entropy_step=1.19e-7, train/layer_4/id_entropy_step=1.19e-7]
Epoch 0: |          | 28/? [00:50<00:00,  0.56it/s, v_num=0, train/loss_step=195.0, train/quantization_loss_step=195.0, train/reconstruction_loss_step=0.000, train/last_residuals_norm_ratio_step=0.0179, train/first_residuals_norm_ratio_step=0.00347, train/first_centroids_norm_step=15.70, train/last_centroids_norm_step=0.000, train/frac_unique_ids_step=0.882, train/mse_step=0.000279, train/layer_0/frac_layer_coverages_step=0.895, train/layer_1/frac_layer_coverages_step=0.930, train/layer_2/frac_layer_coverages_step=0.00391, train/layer_3/frac_layer_coverages_step=0.00391, train/layer_4/frac_layer_coverages_step=0.00391, train/layer_0/id_entropy_step=5.180, train/layer_1/id_entropy_step=5.070, train/layer_2/id_entropy_step=1.19e-7, train/layer_3/id_entropy_step=1.19e-7, train/layer_4/id_entropy_step=1.19e-7]
Epoch 0: |          | 28/? [00:50<00:00,  0.56it/s, v_num=0, train/loss_step=21.10, train/quantization_loss_step=21.10, train/reconstruction_loss_step=0.000, train/last_residuals_norm_ratio_step=0.0179, train/first_residuals_norm_ratio_step=0.00347, train/first_centroids_norm_step=15.70, train/last_centroids_norm_step=0.000, train/frac_unique_ids_step=0.882, train/mse_step=0.000279, train/layer_0/frac_layer_coverages_step=0.895, train/layer_1/frac_layer_coverages_step=0.930, train/layer_2/frac_layer_coverages_step=0.00391, train/layer_3/frac_layer_coverages_step=0.00391, train/layer_4/frac_layer_coverages_step=0.00391, train/layer_0/id_entropy_step=5.180, train/layer_1/id_entropy_step=5.070, train/layer_2/id_entropy_step=1.19e-7, train/layer_3/id_entropy_step=1.19e-7, train/layer_4/id_entropy_step=1.19e-7]
Epoch 0: |          | 29/? [00:50<00:00,  0.57it/s, v_num=0, train/loss_step=21.10, train/quantization_loss_step=21.10, train/reconstruction_loss_step=0.000, train/last_residuals_norm_ratio_step=0.0179, train/first_residuals_norm_ratio_step=0.00347, train/first_centroids_norm_step=15.70, train/last_centroids_norm_step=0.000, train/frac_unique_ids_step=0.882, train/mse_step=0.000279, train/layer_0/frac_layer_coverages_step=0.895, train/layer_1/frac_layer_coverages_step=0.930, train/layer_2/frac_layer_coverages_step=0.00391, train/layer_3/frac_layer_coverages_step=0.00391, train/layer_4/frac_layer_coverages_step=0.00391, train/layer_0/id_entropy_step=5.180, train/layer_1/id_entropy_step=5.070, train/layer_2/id_entropy_step=1.19e-7, train/layer_3/id_entropy_step=1.19e-7, train/layer_4/id_entropy_step=1.19e-7]
Epoch 0: |          | 29/? [00:50<00:00,  0.57it/s, v_num=0, train/loss_step=10.40, train/quantization_loss_step=10.40, train/reconstruction_loss_step=0.000, train/last_residuals_norm_ratio_step=0.0179, train/first_residuals_norm_ratio_step=0.00344, train/first_centroids_norm_step=15.70, train/last_centroids_norm_step=0.000, train/frac_unique_ids_step=0.997, train/mse_step=0.000279, train/layer_0/frac_layer_coverages_step=0.895, train/layer_1/frac_layer_coverages_step=0.906, train/layer_2/frac_layer_coverages_step=0.957, train/layer_3/frac_layer_coverages_step=0.984, train/layer_4/frac_layer_coverages_step=0.00391, train/layer_0/id_entropy_step=5.190, train/layer_1/id_entropy_step=5.090, train/layer_2/id_entropy_step=5.240, train/layer_3/id_entropy_step=5.300, train/layer_4/id_entropy_step=1.19e-7]        
Epoch 0: |          | 30/? [00:51<00:00,  0.59it/s, v_num=0, train/loss_step=10.40, train/quantization_loss_step=10.40, train/reconstruction_loss_step=0.000, train/last_residuals_norm_ratio_step=0.0179, train/first_residuals_norm_ratio_step=0.00344, train/first_centroids_norm_step=15.70, train/last_centroids_norm_step=0.000, train/frac_unique_ids_step=0.997, train/mse_step=0.000279, train/layer_0/frac_layer_coverages_step=0.895, train/layer_1/frac_layer_coverages_step=0.906, train/layer_2/frac_layer_coverages_step=0.957, train/layer_3/frac_layer_coverages_step=0.984, train/layer_4/frac_layer_coverages_step=0.00391, train/layer_0/id_entropy_step=5.190, train/layer_1/id_entropy_step=5.090, train/layer_2/id_entropy_step=5.240, train/layer_3/id_entropy_step=5.300, train/layer_4/id_entropy_step=1.19e-7]
Epoch 0: |          | 30/? [00:51<00:00,  0.59it/s, v_num=0, train/loss_step=10.60, train/quantization_loss_step=10.60, train/reconstruction_loss_step=0.000, train/last_residuals_norm_ratio_step=0.0179, train/first_residuals_norm_ratio_step=0.00344, train/first_centroids_norm_step=15.70, train/last_centroids_norm_step=0.000, train/frac_unique_ids_step=0.997, train/mse_step=0.000279, train/layer_0/frac_layer_coverages_step=0.895, train/layer_1/frac_layer_coverages_step=0.906, train/layer_2/frac_layer_coverages_step=0.957, train/layer_3/frac_layer_coverages_step=0.984, train/layer_4/frac_layer_coverages_step=0.00391, train/layer_0/id_entropy_step=5.190, train/layer_1/id_entropy_step=5.090, train/layer_2/id_entropy_step=5.240, train/layer_3/id_entropy_step=5.300, train/layer_4/id_entropy_step=1.19e-7]
Epoch 0: |          | 31/? [00:51<00:00,  0.60it/s, v_num=0, train/loss_step=10.60, train/quantization_loss_step=10.60, train/reconstruction_loss_step=0.000, train/last_residuals_norm_ratio_step=0.0179, train/first_residuals_norm_ratio_step=0.00344, train/first_centroids_norm_step=15.70, train/last_centroids_norm_step=0.000, train/frac_unique_ids_step=0.997, train/mse_step=0.000279, train/layer_0/frac_layer_coverages_step=0.895, train/layer_1/frac_layer_coverages_step=0.906, train/layer_2/frac_layer_coverages_step=0.957, train/layer_3/frac_layer_coverages_step=0.984, train/layer_4/frac_layer_coverages_step=0.00391, train/layer_0/id_entropy_step=5.190, train/layer_1/id_entropy_step=5.090, train/layer_2/id_entropy_step=5.240, train/layer_3/id_entropy_step=5.300, train/layer_4/id_entropy_step=1.19e-7]
Epoch 0: |          | 31/? [00:51<00:00,  0.60it/s, v_num=0, train/loss_step=6.840, train/quantization_loss_step=6.840, train/reconstruction_loss_step=0.000, train/last_residuals_norm_ratio_step=0.0179, train/first_residuals_norm_ratio_step=0.00344, train/first_centroids_norm_step=15.70, train/last_centroids_norm_step=0.000, train/frac_unique_ids_step=0.997, train/mse_step=0.000279, train/layer_0/frac_layer_coverages_step=0.895, train/layer_1/frac_layer_coverages_step=0.906, train/layer_2/frac_layer_coverages_step=0.957, train/layer_3/frac_layer_coverages_step=0.984, train/layer_4/frac_layer_coverages_step=0.00391, train/layer_0/id_entropy_step=5.190, train/layer_1/id_entropy_step=5.090, train/layer_2/id_entropy_step=5.240, train/layer_3/id_entropy_step=5.300, train/layer_4/id_entropy_step=1.19e-7][[36m2025-11-12 02:00:00,351[0m][[34mroot[0m][[32mINFO[0m] - Device cuda:1: Finished training layer 3 of 5[0m
[[36m2025-11-12 02:00:00,352[0m][[34mroot[0m][[32mINFO[0m] - Device cuda:3: Finished training layer 3 of 5[0m
[[36m2025-11-12 02:00:00,353[0m][[34mroot[0m][[32mINFO[0m] - Device cuda:2: Finished training layer 3 of 5[0m
[[36m2025-11-12 02:00:00,357[0m][[34mroot[0m][[32mINFO[0m] - Device cuda:0: Finished training layer 3 of 5[0m

Epoch 0: |          | 32/? [00:52<00:00,  0.62it/s, v_num=0, train/loss_step=6.840, train/quantization_loss_step=6.840, train/reconstruction_loss_step=0.000, train/last_residuals_norm_ratio_step=0.0179, train/first_residuals_norm_ratio_step=0.00344, train/first_centroids_norm_step=15.70, train/last_centroids_norm_step=0.000, train/frac_unique_ids_step=0.997, train/mse_step=0.000279, train/layer_0/frac_layer_coverages_step=0.895, train/layer_1/frac_layer_coverages_step=0.906, train/layer_2/frac_layer_coverages_step=0.957, train/layer_3/frac_layer_coverages_step=0.984, train/layer_4/frac_layer_coverages_step=0.00391, train/layer_0/id_entropy_step=5.190, train/layer_1/id_entropy_step=5.090, train/layer_2/id_entropy_step=5.240, train/layer_3/id_entropy_step=5.300, train/layer_4/id_entropy_step=1.19e-7]
Epoch 0: |          | 32/? [00:52<00:00,  0.62it/s, v_num=0, train/loss_step=6.180, train/quantization_loss_step=6.180, train/reconstruction_loss_step=0.000, train/last_residuals_norm_ratio_step=0.0179, train/first_residuals_norm_ratio_step=0.00344, train/first_centroids_norm_step=15.70, train/last_centroids_norm_step=0.000, train/frac_unique_ids_step=0.997, train/mse_step=0.000279, train/layer_0/frac_layer_coverages_step=0.895, train/layer_1/frac_layer_coverages_step=0.906, train/layer_2/frac_layer_coverages_step=0.957, train/layer_3/frac_layer_coverages_step=0.984, train/layer_4/frac_layer_coverages_step=0.00391, train/layer_0/id_entropy_step=5.190, train/layer_1/id_entropy_step=5.090, train/layer_2/id_entropy_step=5.240, train/layer_3/id_entropy_step=5.300, train/layer_4/id_entropy_step=1.19e-7]
Epoch 0: |          | 33/? [00:52<00:00,  0.63it/s, v_num=0, train/loss_step=6.180, train/quantization_loss_step=6.180, train/reconstruction_loss_step=0.000, train/last_residuals_norm_ratio_step=0.0179, train/first_residuals_norm_ratio_step=0.00344, train/first_centroids_norm_step=15.70, train/last_centroids_norm_step=0.000, train/frac_unique_ids_step=0.997, train/mse_step=0.000279, train/layer_0/frac_layer_coverages_step=0.895, train/layer_1/frac_layer_coverages_step=0.906, train/layer_2/frac_layer_coverages_step=0.957, train/layer_3/frac_layer_coverages_step=0.984, train/layer_4/frac_layer_coverages_step=0.00391, train/layer_0/id_entropy_step=5.190, train/layer_1/id_entropy_step=5.090, train/layer_2/id_entropy_step=5.240, train/layer_3/id_entropy_step=5.300, train/layer_4/id_entropy_step=1.19e-7]
Epoch 0: |          | 33/? [00:52<00:00,  0.63it/s, v_num=0, train/loss_step=0.000, train/quantization_loss_step=0.000, train/reconstruction_loss_step=0.000, train/last_residuals_norm_ratio_step=0.0179, train/first_residuals_norm_ratio_step=0.00344, train/first_centroids_norm_step=15.70, train/last_centroids_norm_step=0.000, train/frac_unique_ids_step=0.997, train/mse_step=0.000279, train/layer_0/frac_layer_coverages_step=0.895, train/layer_1/frac_layer_coverages_step=0.906, train/layer_2/frac_layer_coverages_step=0.957, train/layer_3/frac_layer_coverages_step=0.984, train/layer_4/frac_layer_coverages_step=0.00391, train/layer_0/id_entropy_step=5.190, train/layer_1/id_entropy_step=5.090, train/layer_2/id_entropy_step=5.240, train/layer_3/id_entropy_step=5.300, train/layer_4/id_entropy_step=1.19e-7]
Epoch 0: |          | 34/? [00:59<00:00,  0.57it/s, v_num=0, train/loss_step=0.000, train/quantization_loss_step=0.000, train/reconstruction_loss_step=0.000, train/last_residuals_norm_ratio_step=0.0179, train/first_residuals_norm_ratio_step=0.00344, train/first_centroids_norm_step=15.70, train/last_centroids_norm_step=0.000, train/frac_unique_ids_step=0.997, train/mse_step=0.000279, train/layer_0/frac_layer_coverages_step=0.895, train/layer_1/frac_layer_coverages_step=0.906, train/layer_2/frac_layer_coverages_step=0.957, train/layer_3/frac_layer_coverages_step=0.984, train/layer_4/frac_layer_coverages_step=0.00391, train/layer_0/id_entropy_step=5.190, train/layer_1/id_entropy_step=5.090, train/layer_2/id_entropy_step=5.240, train/layer_3/id_entropy_step=5.300, train/layer_4/id_entropy_step=1.19e-7]
Epoch 0: |          | 34/? [00:59<00:00,  0.57it/s, v_num=0, train/loss_step=256.0, train/quantization_loss_step=256.0, train/reconstruction_loss_step=0.000, train/last_residuals_norm_ratio_step=0.0179, train/first_residuals_norm_ratio_step=0.00344, train/first_centroids_norm_step=15.70, train/last_centroids_norm_step=0.000, train/frac_unique_ids_step=0.997, train/mse_step=0.000279, train/layer_0/frac_layer_coverages_step=0.895, train/layer_1/frac_layer_coverages_step=0.906, train/layer_2/frac_layer_coverages_step=0.957, train/layer_3/frac_layer_coverages_step=0.984, train/layer_4/frac_layer_coverages_step=0.00391, train/layer_0/id_entropy_step=5.190, train/layer_1/id_entropy_step=5.090, train/layer_2/id_entropy_step=5.240, train/layer_3/id_entropy_step=5.300, train/layer_4/id_entropy_step=1.19e-7]
Epoch 0: |          | 35/? [01:00<00:00,  0.58it/s, v_num=0, train/loss_step=256.0, train/quantization_loss_step=256.0, train/reconstruction_loss_step=0.000, train/last_residuals_norm_ratio_step=0.0179, train/first_residuals_norm_ratio_step=0.00344, train/first_centroids_norm_step=15.70, train/last_centroids_norm_step=0.000, train/frac_unique_ids_step=0.997, train/mse_step=0.000279, train/layer_0/frac_layer_coverages_step=0.895, train/layer_1/frac_layer_coverages_step=0.906, train/layer_2/frac_layer_coverages_step=0.957, train/layer_3/frac_layer_coverages_step=0.984, train/layer_4/frac_layer_coverages_step=0.00391, train/layer_0/id_entropy_step=5.190, train/layer_1/id_entropy_step=5.090, train/layer_2/id_entropy_step=5.240, train/layer_3/id_entropy_step=5.300, train/layer_4/id_entropy_step=1.19e-7]
Epoch 0: |          | 35/? [01:00<00:00,  0.58it/s, v_num=0, train/loss_step=199.0, train/quantization_loss_step=199.0, train/reconstruction_loss_step=0.000, train/last_residuals_norm_ratio_step=0.0179, train/first_residuals_norm_ratio_step=0.00344, train/first_centroids_norm_step=15.70, train/last_centroids_norm_step=0.000, train/frac_unique_ids_step=0.997, train/mse_step=0.000279, train/layer_0/frac_layer_coverages_step=0.895, train/layer_1/frac_layer_coverages_step=0.906, train/layer_2/frac_layer_coverages_step=0.957, train/layer_3/frac_layer_coverages_step=0.984, train/layer_4/frac_layer_coverages_step=0.00391, train/layer_0/id_entropy_step=5.190, train/layer_1/id_entropy_step=5.090, train/layer_2/id_entropy_step=5.240, train/layer_3/id_entropy_step=5.300, train/layer_4/id_entropy_step=1.19e-7]
Epoch 0: |          | 36/? [01:00<00:00,  0.59it/s, v_num=0, train/loss_step=199.0, train/quantization_loss_step=199.0, train/reconstruction_loss_step=0.000, train/last_residuals_norm_ratio_step=0.0179, train/first_residuals_norm_ratio_step=0.00344, train/first_centroids_norm_step=15.70, train/last_centroids_norm_step=0.000, train/frac_unique_ids_step=0.997, train/mse_step=0.000279, train/layer_0/frac_layer_coverages_step=0.895, train/layer_1/frac_layer_coverages_step=0.906, train/layer_2/frac_layer_coverages_step=0.957, train/layer_3/frac_layer_coverages_step=0.984, train/layer_4/frac_layer_coverages_step=0.00391, train/layer_0/id_entropy_step=5.190, train/layer_1/id_entropy_step=5.090, train/layer_2/id_entropy_step=5.240, train/layer_3/id_entropy_step=5.300, train/layer_4/id_entropy_step=1.19e-7]
Epoch 0: |          | 36/? [01:00<00:00,  0.59it/s, v_num=0, train/loss_step=22.60, train/quantization_loss_step=22.60, train/reconstruction_loss_step=0.000, train/last_residuals_norm_ratio_step=0.0179, train/first_residuals_norm_ratio_step=0.00344, train/first_centroids_norm_step=15.70, train/last_centroids_norm_step=0.000, train/frac_unique_ids_step=0.997, train/mse_step=0.000279, train/layer_0/frac_layer_coverages_step=0.895, train/layer_1/frac_layer_coverages_step=0.906, train/layer_2/frac_layer_coverages_step=0.957, train/layer_3/frac_layer_coverages_step=0.984, train/layer_4/frac_layer_coverages_step=0.00391, train/layer_0/id_entropy_step=5.190, train/layer_1/id_entropy_step=5.090, train/layer_2/id_entropy_step=5.240, train/layer_3/id_entropy_step=5.300, train/layer_4/id_entropy_step=1.19e-7]
Epoch 0: |          | 37/? [01:01<00:00,  0.60it/s, v_num=0, train/loss_step=22.60, train/quantization_loss_step=22.60, train/reconstruction_loss_step=0.000, train/last_residuals_norm_ratio_step=0.0179, train/first_residuals_norm_ratio_step=0.00344, train/first_centroids_norm_step=15.70, train/last_centroids_norm_step=0.000, train/frac_unique_ids_step=0.997, train/mse_step=0.000279, train/layer_0/frac_layer_coverages_step=0.895, train/layer_1/frac_layer_coverages_step=0.906, train/layer_2/frac_layer_coverages_step=0.957, train/layer_3/frac_layer_coverages_step=0.984, train/layer_4/frac_layer_coverages_step=0.00391, train/layer_0/id_entropy_step=5.190, train/layer_1/id_entropy_step=5.090, train/layer_2/id_entropy_step=5.240, train/layer_3/id_entropy_step=5.300, train/layer_4/id_entropy_step=1.19e-7]
Epoch 0: |          | 37/? [01:01<00:00,  0.60it/s, v_num=0, train/loss_step=14.30, train/quantization_loss_step=14.30, train/reconstruction_loss_step=0.000, train/last_residuals_norm_ratio_step=0.0179, train/first_residuals_norm_ratio_step=0.00344, train/first_centroids_norm_step=15.70, train/last_centroids_norm_step=0.000, train/frac_unique_ids_step=0.997, train/mse_step=0.000279, train/layer_0/frac_layer_coverages_step=0.895, train/layer_1/frac_layer_coverages_step=0.906, train/layer_2/frac_layer_coverages_step=0.957, train/layer_3/frac_layer_coverages_step=0.984, train/layer_4/frac_layer_coverages_step=0.00391, train/layer_0/id_entropy_step=5.190, train/layer_1/id_entropy_step=5.090, train/layer_2/id_entropy_step=5.240, train/layer_3/id_entropy_step=5.300, train/layer_4/id_entropy_step=1.19e-7]
Epoch 0: |          | 38/? [01:01<00:00,  0.62it/s, v_num=0, train/loss_step=14.30, train/quantization_loss_step=14.30, train/reconstruction_loss_step=0.000, train/last_residuals_norm_ratio_step=0.0179, train/first_residuals_norm_ratio_step=0.00344, train/first_centroids_norm_step=15.70, train/last_centroids_norm_step=0.000, train/frac_unique_ids_step=0.997, train/mse_step=0.000279, train/layer_0/frac_layer_coverages_step=0.895, train/layer_1/frac_layer_coverages_step=0.906, train/layer_2/frac_layer_coverages_step=0.957, train/layer_3/frac_layer_coverages_step=0.984, train/layer_4/frac_layer_coverages_step=0.00391, train/layer_0/id_entropy_step=5.190, train/layer_1/id_entropy_step=5.090, train/layer_2/id_entropy_step=5.240, train/layer_3/id_entropy_step=5.300, train/layer_4/id_entropy_step=1.19e-7]
Epoch 0: |          | 38/? [01:01<00:00,  0.62it/s, v_num=0, train/loss_step=9.720, train/quantization_loss_step=9.720, train/reconstruction_loss_step=0.000, train/last_residuals_norm_ratio_step=0.0179, train/first_residuals_norm_ratio_step=0.00344, train/first_centroids_norm_step=15.70, train/last_centroids_norm_step=0.000, train/frac_unique_ids_step=0.997, train/mse_step=0.000279, train/layer_0/frac_layer_coverages_step=0.895, train/layer_1/frac_layer_coverages_step=0.906, train/layer_2/frac_layer_coverages_step=0.957, train/layer_3/frac_layer_coverages_step=0.984, train/layer_4/frac_layer_coverages_step=0.00391, train/layer_0/id_entropy_step=5.190, train/layer_1/id_entropy_step=5.090, train/layer_2/id_entropy_step=5.240, train/layer_3/id_entropy_step=5.300, train/layer_4/id_entropy_step=1.19e-7]
Epoch 0: |          | 39/? [01:02<00:00,  0.63it/s, v_num=0, train/loss_step=9.720, train/quantization_loss_step=9.720, train/reconstruction_loss_step=0.000, train/last_residuals_norm_ratio_step=0.0179, train/first_residuals_norm_ratio_step=0.00344, train/first_centroids_norm_step=15.70, train/last_centroids_norm_step=0.000, train/frac_unique_ids_step=0.997, train/mse_step=0.000279, train/layer_0/frac_layer_coverages_step=0.895, train/layer_1/frac_layer_coverages_step=0.906, train/layer_2/frac_layer_coverages_step=0.957, train/layer_3/frac_layer_coverages_step=0.984, train/layer_4/frac_layer_coverages_step=0.00391, train/layer_0/id_entropy_step=5.190, train/layer_1/id_entropy_step=5.090, train/layer_2/id_entropy_step=5.240, train/layer_3/id_entropy_step=5.300, train/layer_4/id_entropy_step=1.19e-7]
Epoch 0: |          | 39/? [01:02<00:00,  0.63it/s, v_num=0, train/loss_step=7.790, train/quantization_loss_step=7.790, train/reconstruction_loss_step=0.000, train/last_residuals_norm_ratio_step=0.0179, train/first_residuals_norm_ratio_step=0.00344, train/first_centroids_norm_step=15.70, train/last_centroids_norm_step=0.000, train/frac_unique_ids_step=0.997, train/mse_step=0.000279, train/layer_0/frac_layer_coverages_step=0.895, train/layer_1/frac_layer_coverages_step=0.906, train/layer_2/frac_layer_coverages_step=0.957, train/layer_3/frac_layer_coverages_step=0.984, train/layer_4/frac_layer_coverages_step=0.00391, train/layer_0/id_entropy_step=5.190, train/layer_1/id_entropy_step=5.090, train/layer_2/id_entropy_step=5.240, train/layer_3/id_entropy_step=5.300, train/layer_4/id_entropy_step=1.19e-7]
Epoch 0: |          | 40/? [01:03<00:00,  0.63it/s, v_num=0, train/loss_step=7.790, train/quantization_loss_step=7.790, train/reconstruction_loss_step=0.000, train/last_residuals_norm_ratio_step=0.0179, train/first_residuals_norm_ratio_step=0.00344, train/first_centroids_norm_step=15.70, train/last_centroids_norm_step=0.000, train/frac_unique_ids_step=0.997, train/mse_step=0.000279, train/layer_0/frac_layer_coverages_step=0.895, train/layer_1/frac_layer_coverages_step=0.906, train/layer_2/frac_layer_coverages_step=0.957, train/layer_3/frac_layer_coverages_step=0.984, train/layer_4/frac_layer_coverages_step=0.00391, train/layer_0/id_entropy_step=5.190, train/layer_1/id_entropy_step=5.090, train/layer_2/id_entropy_step=5.240, train/layer_3/id_entropy_step=5.300, train/layer_4/id_entropy_step=1.19e-7]
Epoch 0: |          | 40/? [01:03<00:00,  0.63it/s, v_num=0, train/loss_step=7.310, train/quantization_loss_step=7.310, train/reconstruction_loss_step=0.000, train/last_residuals_norm_ratio_step=0.0179, train/first_residuals_norm_ratio_step=0.00344, train/first_centroids_norm_step=15.70, train/last_centroids_norm_step=0.000, train/frac_unique_ids_step=0.997, train/mse_step=0.000279, train/layer_0/frac_layer_coverages_step=0.895, train/layer_1/frac_layer_coverages_step=0.906, train/layer_2/frac_layer_coverages_step=0.957, train/layer_3/frac_layer_coverages_step=0.984, train/layer_4/frac_layer_coverages_step=0.00391, train/layer_0/id_entropy_step=5.190, train/layer_1/id_entropy_step=5.090, train/layer_2/id_entropy_step=5.240, train/layer_3/id_entropy_step=5.300, train/layer_4/id_entropy_step=1.19e-7][[36m2025-11-12 02:00:11,855[0m][[34mpytorch_lightning.utilities.rank_zero[0m][[32mINFO[0m] - Epoch 0, global step 30: 'train/loss' reached 7.31440 (best 7.31440), saving model to '/data/mhwang/Rec/GRID/logs/train/runs/2025-11-12/01-58-14/checkpoints/checkpoint_000_000030.ckpt' as top 1[0m

Epoch 0: |          | 40/? [01:10<00:00,  0.57it/s, v_num=0, train/loss_step=7.310, train/quantization_loss_step=7.310, train/reconstruction_loss_step=0.000, train/last_residuals_norm_ratio_step=0.0179, train/first_residuals_norm_ratio_step=0.00344, train/first_centroids_norm_step=15.70, train/last_centroids_norm_step=0.000, train/frac_unique_ids_step=0.997, train/mse_step=0.000279, train/layer_0/frac_layer_coverages_step=0.895, train/layer_1/frac_layer_coverages_step=0.906, train/layer_2/frac_layer_coverages_step=0.957, train/layer_3/frac_layer_coverages_step=0.984, train/layer_4/frac_layer_coverages_step=0.00391, train/layer_0/id_entropy_step=5.190, train/layer_1/id_entropy_step=5.090, train/layer_2/id_entropy_step=5.240, train/layer_3/id_entropy_step=5.300, train/layer_4/id_entropy_step=1.19e-7, train/loss_epoch=33.30, train/quantization_loss_epoch=33.30, train/reconstruction_loss_epoch=0.000, train/last_residuals_norm_ratio_epoch=0.0178, train/first_residuals_norm_ratio_epoch=0.00875, train/first_centroids_norm_epoch=9.490, train/last_centroids_norm_epoch=0.000, train/frac_unique_ids_epoch=0.404, train/mse_epoch=0.000277, train/layer_0/frac_layer_coverages_epoch=0.595, train/layer_1/frac_layer_coverages_epoch=0.368, train/layer_2/frac_layer_coverages_epoch=0.196, train/layer_3/frac_layer_coverages_epoch=0.197, train/layer_4/frac_layer_coverages_epoch=0.00391, train/layer_0/id_entropy_epoch=3.360, train/layer_1/id_entropy_epoch=2.030, train/layer_2/id_entropy_epoch=1.040, train/layer_3/id_entropy_epoch=1.050, train/layer_4/id_entropy_epoch=1.19e-7][[36m2025-11-12 02:00:19,004[0m][[34mpytorch_lightning.utilities.rank_zero[0m][[32mINFO[0m] - `Trainer.fit` stopped: `max_steps=30` reached.[0m

Epoch 0: |          | 40/? [01:10<00:00,  0.57it/s, v_num=0, train/loss_step=7.310, train/quantization_loss_step=7.310, train/reconstruction_loss_step=0.000, train/last_residuals_norm_ratio_step=0.0179, train/first_residuals_norm_ratio_step=0.00344, train/first_centroids_norm_step=15.70, train/last_centroids_norm_step=0.000, train/frac_unique_ids_step=0.997, train/mse_step=0.000279, train/layer_0/frac_layer_coverages_step=0.895, train/layer_1/frac_layer_coverages_step=0.906, train/layer_2/frac_layer_coverages_step=0.957, train/layer_3/frac_layer_coverages_step=0.984, train/layer_4/frac_layer_coverages_step=0.00391, train/layer_0/id_entropy_step=5.190, train/layer_1/id_entropy_step=5.090, train/layer_2/id_entropy_step=5.240, train/layer_3/id_entropy_step=5.300, train/layer_4/id_entropy_step=1.19e-7, train/loss_epoch=33.30, train/quantization_loss_epoch=33.30, train/reconstruction_loss_epoch=0.000, train/last_residuals_norm_ratio_epoch=0.0178, train/first_residuals_norm_ratio_epoch=0.00875, train/first_centroids_norm_epoch=9.490, train/last_centroids_norm_epoch=0.000, train/frac_unique_ids_epoch=0.404, train/mse_epoch=0.000277, train/layer_0/frac_layer_coverages_epoch=0.595, train/layer_1/frac_layer_coverages_epoch=0.368, train/layer_2/frac_layer_coverages_epoch=0.196, train/layer_3/frac_layer_coverages_epoch=0.197, train/layer_4/frac_layer_coverages_epoch=0.00391, train/layer_0/id_entropy_epoch=3.360, train/layer_1/id_entropy_epoch=2.030, train/layer_2/id_entropy_epoch=1.040, train/layer_3/id_entropy_epoch=1.050, train/layer_4/id_entropy_epoch=1.19e-7]
[[36m2025-11-12 02:00:25,486[0m][[34m__main__[0m][[32mINFO[0m] - [rank: 0] Metrics: {'train/loss': tensor(33.3356), 'train/loss_step': tensor(7.3144), 'train/quantization_loss': tensor(33.3356), 'train/quantization_loss_step': tensor(7.3144), 'train/reconstruction_loss': tensor(0.), 'train/reconstruction_loss_step': tensor(0.), 'train/last_residuals_norm_ratio': tensor(0.0178), 'train/last_residuals_norm_ratio_step': tensor(0.0179), 'train/first_residuals_norm_ratio': tensor(0.0088), 'train/first_residuals_norm_ratio_step': tensor(0.0034), 'train/first_centroids_norm': tensor(9.4880), 'train/first_centroids_norm_step': tensor(15.7200), 'train/last_centroids_norm': tensor(0.), 'train/last_centroids_norm_step': tensor(0.), 'train/frac_unique_ids': tensor(0.4039), 'train/frac_unique_ids_step': tensor(0.9971), 'train/mse': tensor(0.0003), 'train/mse_step': tensor(0.0003), 'train/layer_0/frac_layer_coverages': tensor(0.5951), 'train/layer_0/frac_layer_coverages_step': tensor(0.8945), 'train/layer_1/frac_layer_coverages': tensor(0.3680), 'train/layer_1/frac_layer_coverages_step': tensor(0.9062), 'train/layer_2/frac_layer_coverages': tensor(0.1957), 'train/layer_2/frac_layer_coverages_step': tensor(0.9570), 'train/layer_3/frac_layer_coverages': tensor(0.1971), 'train/layer_3/frac_layer_coverages_step': tensor(0.9844), 'train/layer_4/frac_layer_coverages': tensor(0.0039), 'train/layer_4/frac_layer_coverages_step': tensor(0.0039), 'train/layer_0/id_entropy': tensor(3.3550), 'train/layer_0/id_entropy_step': tensor(5.1890), 'train/layer_1/id_entropy': tensor(2.0329), 'train/layer_1/id_entropy_step': tensor(5.0947), 'train/layer_2/id_entropy': tensor(1.0411), 'train/layer_2/id_entropy_step': tensor(5.2360), 'train/layer_3/id_entropy': tensor(1.0482), 'train/layer_3/id_entropy_step': tensor(5.3017), 'train/layer_4/id_entropy': tensor(1.1921e-07), 'train/layer_4/id_entropy_step': tensor(1.1921e-07), 'train/loss_epoch': tensor(33.3356), 'train/quantization_loss_epoch': tensor(33.3356), 'train/reconstruction_loss_epoch': tensor(0.), 'train/last_residuals_norm_ratio_epoch': tensor(0.0178), 'train/first_residuals_norm_ratio_epoch': tensor(0.0088), 'train/first_centroids_norm_epoch': tensor(9.4880), 'train/last_centroids_norm_epoch': tensor(0.), 'train/frac_unique_ids_epoch': tensor(0.4039), 'train/mse_epoch': tensor(0.0003), 'train/layer_0/frac_layer_coverages_epoch': tensor(0.5951), 'train/layer_1/frac_layer_coverages_epoch': tensor(0.3680), 'train/layer_2/frac_layer_coverages_epoch': tensor(0.1957), 'train/layer_3/frac_layer_coverages_epoch': tensor(0.1971), 'train/layer_4/frac_layer_coverages_epoch': tensor(0.0039), 'train/layer_0/id_entropy_epoch': tensor(3.3550), 'train/layer_1/id_entropy_epoch': tensor(2.0329), 'train/layer_2/id_entropy_epoch': tensor(1.0411), 'train/layer_3/id_entropy_epoch': tensor(1.0482), 'train/layer_4/id_entropy_epoch': tensor(1.1921e-07)}[0m
[[36m2025-11-12 02:00:34,960[0m][[34msrc.utils.restart_job[0m][[32mINFO[0m] - [rank: 0] Job finished successfully.[0m
