[2025-09-22 10:08:58,296][src.utils.utils][INFO] - [rank: 0] Enforcing tags! <cfg.extras.enforce_tags=True>
[2025-09-22 10:08:58,304][src.utils.utils][INFO] - [rank: 0] Printing config tree with Rich! <cfg.extras.print_config=True>
[2025-09-22 10:08:58,305][src.utils.restart_job][INFO] - [rank: 0] should_skip_retry set to True. Skipping retry logic.
[2025-09-22 10:08:58,309][src.utils.launcher_utils][INFO] - [rank: 0] Instantiating datamodule <src.data.loading.datamodules.sequence_datamodule.SequenceDataModule>
[2025-09-22 10:08:58,399][src.utils.launcher_utils][INFO] - [rank: 0] Instantiating model <src.models.modules.semantic_id.tiger_generation_model.SemanticIDEncoderDecoder>
[2025-09-22 10:08:58,950][src.utils.launcher_utils][INFO] - [rank: 0] Instantiating callbacks...
[2025-09-22 10:08:58,951][src.utils.instantiators][INFO] - [rank: 0] Instantiating callback <lightning.pytorch.callbacks.ModelCheckpoint>
[2025-09-22 10:08:58,955][src.utils.instantiators][INFO] - [rank: 0] Instantiating callback <lightning.pytorch.callbacks.EarlyStopping>
[2025-09-22 10:08:58,958][src.utils.instantiators][INFO] - [rank: 0] Instantiating callback <lightning.pytorch.callbacks.RichModelSummary>
[2025-09-22 10:08:58,959][src.utils.instantiators][INFO] - [rank: 0] Instantiating callback <src.utils.restart_job.RestartAndLoadCheckpointCallback>
[2025-09-22 10:08:58,962][src.utils.restart_job_utils][INFO] - [rank: 0] Trying to load metadata from /data/mhwang/Rec/GRID/logs/train/runs/2025-09-22/10-08-58/metadata/restart_metadata.json
[2025-09-22 10:08:58,963][src.utils.restart_job_utils][WARNING] - [rank: 0] Metadata file not found at /data/mhwang/Rec/GRID/logs/train/runs/2025-09-22/10-08-58/metadata/restart_metadata.json. Creating empty metadata.
[2025-09-22 10:08:58,963][src.utils.restart_job_utils][INFO] - [rank: 0] Saving metadata to /data/mhwang/Rec/GRID/logs/train/runs/2025-09-22/10-08-58/metadata/restart_metadata.json. {'start_time': '2025-09-22T10:08:58.963448', 'restarts': [], 'current_run': 0, 'used_ports': [], 'world_size': 0, 'node_rank': 0, 'master_addr': '', 'original_args': ['/data/mhwang/Rec/GRID/src/train.py', 'experiment=tiger_train_flat', 'data_dir=/data/mhwang/Rec/GRID/amazon_data/beauty', 'semantic_id_path=/data/mhwang/Rec/GRID/logs/inference/runs/2025-09-22/10-04-03/pickle/merged_predictions_tensor.pt', 'num_hierarchies=4', '++should_skip_retry=True']}
[2025-09-22 10:08:58,964][src.utils.launcher_utils][INFO] - [rank: 0] Instantiating loggers...
[2025-09-22 10:08:58,964][src.utils.instantiators][INFO] - [rank: 0] Instantiating logger <lightning.pytorch.loggers.csv_logs.CSVLogger>
[2025-09-22 10:08:58,966][src.utils.launcher_utils][INFO] - [rank: 0] Instantiating trainer <lightning.pytorch.trainer.Trainer>
[2025-09-22 10:08:58,969][src.utils.restart_job_utils][INFO] - [rank: 0] Trying to load metadata from /data/mhwang/Rec/GRID/logs/train/runs/2025-09-22/10-08-58/metadata/restart_metadata.json
[2025-09-22 10:08:58,969][src.utils.restart_job_utils][INFO] - [rank: 0] Metadata loaded successfully from /data/mhwang/Rec/GRID/logs/train/runs/2025-09-22/10-08-58/metadata/restart_metadata.json
[2025-09-22 10:08:58,970][src.utils.restart_job_utils][INFO] - [rank: 0] Retrieved current_run: 0 from metadata /data/mhwang/Rec/GRID/logs/train/runs/2025-09-22/10-08-58/metadata/restart_metadata.json
[2025-09-22 10:08:59,070][src.utils.launcher_utils][INFO] - [rank: 0] Logging hyperparameters!
[2025-09-22 10:08:59,385][__main__][INFO] - [rank: 0] Starting training!
[2025-09-22 10:09:18,908][src.utils.restart_job_utils][INFO] - [rank: 0] Saving metadata to /data/mhwang/Rec/GRID/logs/train/runs/2025-09-22/10-08-58/metadata/restart_metadata.json. {'start_time': '2025-09-22T10:08:58.963448', 'restarts': [], 'current_run': 0, 'used_ports': ['40083'], 'world_size': 3, 'node_rank': 0, 'master_addr': '127.0.0.1', 'original_args': ['/data/mhwang/Rec/GRID/src/train.py', 'experiment=tiger_train_flat', 'data_dir=/data/mhwang/Rec/GRID/amazon_data/beauty', 'semantic_id_path=/data/mhwang/Rec/GRID/logs/inference/runs/2025-09-22/10-04-03/pickle/merged_predictions_tensor.pt', 'num_hierarchies=4', '++should_skip_retry=True']}
[2025-09-22 15:09:12,805][__main__][INFO] - [rank: 0] Starting testing!
[2025-09-22 15:10:44,257][__main__][INFO] - [rank: 0] Best ckpt path: /data/mhwang/Rec/GRID/logs/train/runs/2025-09-22/10-08-58/checkpoints/checkpoint_epoch=000_step=002500.ckpt
[2025-09-22 15:10:44,263][__main__][INFO] - [rank: 0] Metrics: {'train/loss': tensor(7.1221), 'train/loss_step': tensor(4.2831), 'val/loss': tensor(10.6649), 'val/ndcg@5': tensor(0.0320), 'val/ndcg@10': tensor(0.0373), 'val/recall@5': tensor(0.0466), 'val/recall@10': tensor(0.0631), 'train/loss_epoch': tensor(7.1221), 'test/loss': tensor(10.5230), 'test/ndcg@5': tensor(0.0236), 'test/ndcg@10': tensor(0.0280), 'test/recall@5': tensor(0.0347), 'test/recall@10': tensor(0.0486)}
