[2025-11-03 02:45:55,557][src.utils.utils][INFO] - [rank: 0] Enforcing tags! <cfg.extras.enforce_tags=True>
[2025-11-03 02:45:55,568][src.utils.utils][INFO] - [rank: 0] Printing config tree with Rich! <cfg.extras.print_config=True>
[2025-11-03 02:45:55,569][src.utils.restart_job][INFO] - [rank: 0] should_skip_retry set to True. Skipping retry logic.
[2025-11-03 02:45:55,574][src.utils.launcher_utils][INFO] - [rank: 0] Instantiating datamodule <src.data.loading.datamodules.sequence_datamodule.SequenceDataModule>
[2025-11-03 02:45:55,665][src.utils.launcher_utils][INFO] - [rank: 0] Instantiating model <src.models.modules.semantic_id.tiger_generation_model.SemanticIDEncoderDecoder>
[2025-11-03 02:45:55,919][src.models.modules.semantic_id.tiger_generation_model][INFO] - [rank: 0] i am here
[2025-11-03 02:45:56,269][src.utils.launcher_utils][INFO] - [rank: 0] Instantiating callbacks...
[2025-11-03 02:45:56,270][src.utils.instantiators][INFO] - [rank: 0] Instantiating callback <lightning.pytorch.callbacks.ModelCheckpoint>
[2025-11-03 02:45:56,277][src.utils.instantiators][INFO] - [rank: 0] Instantiating callback <lightning.pytorch.callbacks.EarlyStopping>
[2025-11-03 02:45:56,280][src.utils.instantiators][INFO] - [rank: 0] Instantiating callback <lightning.pytorch.callbacks.RichModelSummary>
[2025-11-03 02:45:56,281][src.utils.instantiators][INFO] - [rank: 0] Instantiating callback <src.utils.restart_job.RestartAndLoadCheckpointCallback>
[2025-11-03 02:45:56,284][src.utils.restart_job_utils][INFO] - [rank: 0] Trying to load metadata from /data/mhwang/Rec/GRID/logs/train/runs/2025-11-03/02-45-55/metadata/restart_metadata.json
[2025-11-03 02:45:56,285][src.utils.restart_job_utils][WARNING] - [rank: 0] Metadata file not found at /data/mhwang/Rec/GRID/logs/train/runs/2025-11-03/02-45-55/metadata/restart_metadata.json. Creating empty metadata.
[2025-11-03 02:45:56,285][src.utils.restart_job_utils][INFO] - [rank: 0] Saving metadata to /data/mhwang/Rec/GRID/logs/train/runs/2025-11-03/02-45-55/metadata/restart_metadata.json. {'start_time': '2025-11-03T02:45:56.285745', 'restarts': [], 'current_run': 0, 'used_ports': [], 'world_size': 0, 'node_rank': 0, 'master_addr': '', 'original_args': ['/data/mhwang/Rec/GRID/src/train.py', 'experiment=tiger_train_flat', 'data_dir=/data/mhwang/Rec/GRID/amazon_data/toys', 'semantic_id_path=/data/mhwang/Rec/GRID/logs/inference/runs/2025-09-21/23-23-39/pickle/merged_predictions_tensor.pt', 'num_hierarchies=4', '++should_skip_retry=True']}
[2025-11-03 02:45:56,286][src.utils.launcher_utils][INFO] - [rank: 0] Instantiating loggers...
[2025-11-03 02:45:56,287][src.utils.instantiators][INFO] - [rank: 0] Instantiating logger <lightning.pytorch.loggers.csv_logs.CSVLogger>
[2025-11-03 02:45:56,289][src.utils.launcher_utils][INFO] - [rank: 0] Instantiating trainer <lightning.pytorch.trainer.Trainer>
[2025-11-03 02:45:56,292][src.utils.restart_job_utils][INFO] - [rank: 0] Trying to load metadata from /data/mhwang/Rec/GRID/logs/train/runs/2025-11-03/02-45-55/metadata/restart_metadata.json
[2025-11-03 02:45:56,292][src.utils.restart_job_utils][INFO] - [rank: 0] Metadata loaded successfully from /data/mhwang/Rec/GRID/logs/train/runs/2025-11-03/02-45-55/metadata/restart_metadata.json
[2025-11-03 02:45:56,293][src.utils.restart_job_utils][INFO] - [rank: 0] Retrieved current_run: 0 from metadata /data/mhwang/Rec/GRID/logs/train/runs/2025-11-03/02-45-55/metadata/restart_metadata.json
[2025-11-03 02:45:56,404][src.utils.launcher_utils][INFO] - [rank: 0] Logging hyperparameters!
[2025-11-03 02:45:56,776][__main__][INFO] - [rank: 0] Starting training!
[2025-11-03 02:45:59,819][src.utils.restart_job_utils][INFO] - [rank: 0] Saving metadata to /data/mhwang/Rec/GRID/logs/train/runs/2025-11-03/02-45-55/metadata/restart_metadata.json. {'start_time': '2025-11-03T02:45:56.285745', 'restarts': [], 'current_run': 0, 'used_ports': ['55257'], 'world_size': 1, 'node_rank': 0, 'master_addr': '127.0.0.1', 'original_args': ['/data/mhwang/Rec/GRID/src/train.py', 'experiment=tiger_train_flat', 'data_dir=/data/mhwang/Rec/GRID/amazon_data/toys', 'semantic_id_path=/data/mhwang/Rec/GRID/logs/inference/runs/2025-09-21/23-23-39/pickle/merged_predictions_tensor.pt', 'num_hierarchies=4', '++should_skip_retry=True']}
[2025-11-03 15:25:30,481][__main__][INFO] - [rank: 0] Starting testing!
[2025-11-03 15:30:35,861][__main__][INFO] - [rank: 0] Best ckpt path: /data/mhwang/Rec/GRID/logs/train/runs/2025-11-03/02-45-55/checkpoints/checkpoint_epoch=000_step=007600.ckpt
[2025-11-03 15:30:35,871][__main__][INFO] - [rank: 0] Metrics: {'train/loss': tensor(7.7690), 'train/loss_step': tensor(8.2318), 'val/loss': tensor(10.1805), 'val/ndcg@5': tensor(0.0357), 'val/ndcg@10': tensor(0.0422), 'val/recall@5': tensor(0.0515), 'val/recall@10': tensor(0.0716), 'train/loss_epoch': tensor(7.7690), 'test/loss': tensor(10.5624), 'test/ndcg@5': tensor(0.0272), 'test/ndcg@10': tensor(0.0331), 'test/recall@5': tensor(0.0387), 'test/recall@10': tensor(0.0569)}
