[2025-11-13 23:35:09,394][src.utils.utils][INFO] - [rank: 0] Enforcing tags! <cfg.extras.enforce_tags=True>
[2025-11-13 23:35:09,405][src.utils.utils][WARNING] - [rank: 0] Config loss was not found in the config tree. Make sure this is expected.
[2025-11-13 23:35:09,406][src.utils.utils][WARNING] - [rank: 0] Config optim was not found in the config tree. Make sure this is expected.
[2025-11-13 23:35:09,407][src.utils.utils][WARNING] - [rank: 0] Config eval was not found in the config tree. Make sure this is expected.
[2025-11-13 23:35:12,408][src.utils.utils][INFO] - [rank: 0] Printing config tree with Rich! <cfg.extras.print_config=True>
[2025-11-13 23:35:12,412][src.utils.launcher_utils][INFO] - [rank: 0] Instantiating datamodule <src.data.loading.datamodules.sequence_datamodule.ItemDataModule>
[2025-11-13 23:35:12,638][src.utils.launcher_utils][INFO] - [rank: 0] Instantiating model <src.modules.clustering.residual_quantization.ResidualQuantization>
[2025-11-13 23:35:13,011][root][INFO] - Device cpu: Verbose mode enabled
[2025-11-13 23:35:13,069][root][INFO] - Device cpu: Using custom training loop function
[2025-11-13 23:35:13,089][src.utils.launcher_utils][INFO] - [rank: 0] Instantiating callbacks...
[2025-11-13 23:35:13,096][src.utils.instantiators][INFO] - [rank: 0] Instantiating callback <src.utils.inference_utils.LocalPickleWriter>
[2025-11-13 23:35:13,407][src.utils.launcher_utils][INFO] - [rank: 0] Instantiating loggers...
[2025-11-13 23:35:13,407][src.utils.instantiators][INFO] - [rank: 0] Instantiating logger <lightning.pytorch.loggers.csv_logs.CSVLogger>
[2025-11-13 23:35:13,411][src.utils.launcher_utils][INFO] - [rank: 0] Instantiating trainer <lightning.pytorch.trainer.Trainer>
[2025-11-13 23:35:13,527][pytorch_lightning.utilities.rank_zero][INFO] - Using bfloat16 Automatic Mixed Precision (AMP)
[2025-11-13 23:35:13,565][pytorch_lightning.utilities.rank_zero][INFO] - GPU available: True (cuda), used: True
[2025-11-13 23:35:13,566][pytorch_lightning.utilities.rank_zero][INFO] - TPU available: False, using: 0 TPU cores
[2025-11-13 23:35:13,566][pytorch_lightning.utilities.rank_zero][INFO] - HPU available: False, using: 0 HPUs
[2025-11-13 23:35:13,567][src.utils.launcher_utils][INFO] - [rank: 0] Logging hyperparameters!
[2025-11-13 23:35:13,877][__main__][INFO] - [rank: 0] Starting inference!
[2025-11-13 23:35:14,059][pytorch_lightning.utilities.rank_zero][INFO] - You are using a CUDA device ('NVIDIA A800 80GB PCIe') that has Tensor Cores. To properly utilize them, you should set `torch.set_float32_matmul_precision('medium' | 'high')` which will trade-off precision for performance. For more details, read https://pytorch.org/docs/stable/generated/torch.set_float32_matmul_precision.html#torch.set_float32_matmul_precision
[2025-11-13 23:35:32,996][root][INFO] - Device cpu: Verbose mode enabled
[2025-11-13 23:35:33,053][root][INFO] - Device cpu: Using custom training loop function
[2025-11-13 23:35:33,162][root][INFO] - Device cpu: Verbose mode enabled
[2025-11-13 23:35:33,217][root][INFO] - Device cpu: Using custom training loop function
[2025-11-13 23:35:33,646][root][INFO] - Device cpu: Verbose mode enabled
[2025-11-13 23:35:33,693][root][INFO] - Device cpu: Using custom training loop function
[2025-11-13 23:35:34,838][pytorch_lightning.utilities.rank_zero][INFO] - ----------------------------------------------------------------------------------------------------
distributed_backend=nccl
All distributed processes registered. Starting with 4 processes
----------------------------------------------------------------------------------------------------

