[2025-09-17 19:49:48,853][src.utils.utils][INFO] - [rank: 0] Enforcing tags! <cfg.extras.enforce_tags=True>
[2025-09-17 19:49:48,859][src.utils.utils][WARNING] - [rank: 0] Config loss was not found in the config tree. Make sure this is expected.
[2025-09-17 19:49:51,860][src.utils.utils][INFO] - [rank: 0] Printing config tree with Rich! <cfg.extras.print_config=True>
[2025-09-17 19:49:51,861][src.utils.restart_job][INFO] - [rank: 0] should_skip_retry set to True. Skipping retry logic.
[2025-09-17 19:49:51,867][src.utils.launcher_utils][INFO] - [rank: 0] Instantiating datamodule <src.data.loading.datamodules.sequence_datamodule.ItemDataModule>
[2025-09-17 19:49:51,981][src.utils.launcher_utils][INFO] - [rank: 0] Instantiating model <src.modules.clustering.residual_quantization.ResidualQuantization>
[2025-09-17 19:49:52,125][root][INFO] - Device cpu: Verbose mode enabled
[2025-09-17 19:49:52,131][root][INFO] - Device cpu: Using custom training loop function
[2025-09-17 19:49:52,138][src.utils.launcher_utils][INFO] - [rank: 0] Instantiating callbacks...
[2025-09-17 19:49:52,138][src.utils.instantiators][INFO] - [rank: 0] Instantiating callback <lightning.pytorch.callbacks.ModelCheckpoint>
[2025-09-17 19:49:52,141][src.utils.instantiators][INFO] - [rank: 0] Instantiating callback <lightning.pytorch.callbacks.RichModelSummary>
[2025-09-17 19:49:52,142][src.utils.launcher_utils][INFO] - [rank: 0] Instantiating loggers...
[2025-09-17 19:49:52,142][src.utils.instantiators][INFO] - [rank: 0] Instantiating logger <lightning.pytorch.loggers.csv_logs.CSVLogger>
[2025-09-17 19:49:52,143][src.utils.launcher_utils][INFO] - [rank: 0] Instantiating trainer <lightning.pytorch.trainer.Trainer>
[2025-09-17 19:49:52,221][pytorch_lightning.utilities.rank_zero][INFO] - Using bfloat16 Automatic Mixed Precision (AMP)
[2025-09-17 19:49:52,222][pytorch_lightning.utilities.rank_zero][INFO] - Trainer already configured with model summary callbacks: [<class 'lightning.pytorch.callbacks.rich_model_summary.RichModelSummary'>]. Skipping setting a default `ModelSummary` callback.
[2025-09-17 19:49:52,252][pytorch_lightning.utilities.rank_zero][INFO] - GPU available: True (cuda), used: True
[2025-09-17 19:49:52,253][pytorch_lightning.utilities.rank_zero][INFO] - TPU available: False, using: 0 TPU cores
[2025-09-17 19:49:52,253][pytorch_lightning.utilities.rank_zero][INFO] - HPU available: False, using: 0 HPUs
[2025-09-17 19:49:52,253][src.utils.launcher_utils][INFO] - [rank: 0] Logging hyperparameters!
[2025-09-17 19:49:52,434][__main__][INFO] - [rank: 0] Starting training!
[2025-09-17 19:50:04,081][root][INFO] - Device cpu: Verbose mode enabled
[2025-09-17 19:50:04,087][root][INFO] - Device cpu: Using custom training loop function
[2025-09-17 19:50:04,335][pytorch_lightning.utilities.rank_zero][INFO] - ----------------------------------------------------------------------------------------------------
distributed_backend=nccl
All distributed processes registered. Starting with 2 processes
----------------------------------------------------------------------------------------------------

[2025-09-17 19:50:25,449][root][INFO] - Device cuda:1: Training all layers simultaneously
[2025-09-17 19:50:25,458][root][INFO] - Device cuda:0: Training all layers simultaneously
[2025-09-17 20:51:42,106][pytorch_lightning.utilities.rank_zero][INFO] - Epoch 0, global step 3000: 'train/loss' reached 0.00127 (best 0.00127), saving model to '/data/mhwang/Rec/GRID/logs/train/runs/2025-09-17/19-49-48/checkpoints/checkpoint_000_003000.ckpt' as top 1
[2025-09-17 20:51:42,951][pytorch_lightning.utilities.rank_zero][INFO] - `Trainer.fit` stopped: `max_steps=3000` reached.
[2025-09-17 20:51:44,552][__main__][INFO] - [rank: 0] Metrics: {'train/loss': tensor(0.0110), 'train/loss_step': tensor(0.0013), 'train/quantization_loss': tensor(0.0097), 'train/quantization_loss_step': tensor(0.0002), 'train/reconstruction_loss': tensor(0.0013), 'train/reconstruction_loss_step': tensor(0.0011), 'train/last_residuals_norm_ratio': tensor(0.0217), 'train/last_residuals_norm_ratio_step': tensor(0.0199), 'train/first_residuals_norm_ratio': tensor(0.0442), 'train/first_residuals_norm_ratio_step': tensor(0.0482), 'train/first_centroids_norm': tensor(7.7118), 'train/first_centroids_norm_step': tensor(8.2264), 'train/last_centroids_norm': tensor(0.4080), 'train/last_centroids_norm_step': tensor(0.5666), 'train/frac_unique_ids': tensor(0.9338), 'train/frac_unique_ids_step': tensor(0.9946), 'train/mse': tensor(9.1991e-05), 'train/mse_step': tensor(1.6309e-05), 'train/layer_0/frac_layer_coverages': tensor(0.4932), 'train/layer_0/frac_layer_coverages_step': tensor(0.5508), 'train/layer_1/frac_layer_coverages': tensor(0.9225), 'train/layer_1/frac_layer_coverages_step': tensor(0.9961), 'train/layer_2/frac_layer_coverages': tensor(0.8974), 'train/layer_2/frac_layer_coverages_step': tensor(0.9883), 'train/layer_0/id_entropy': tensor(4.4181), 'train/layer_0/id_entropy_step': tensor(4.7036), 'train/layer_1/id_entropy': tensor(5.1057), 'train/layer_1/id_entropy_step': tensor(5.4102), 'train/layer_2/id_entropy': tensor(5.0339), 'train/layer_2/id_entropy_step': tensor(5.4146), 'train/loss_epoch': tensor(0.0110), 'train/quantization_loss_epoch': tensor(0.0097), 'train/reconstruction_loss_epoch': tensor(0.0013), 'train/last_residuals_norm_ratio_epoch': tensor(0.0217), 'train/first_residuals_norm_ratio_epoch': tensor(0.0442), 'train/first_centroids_norm_epoch': tensor(7.7118), 'train/last_centroids_norm_epoch': tensor(0.4080), 'train/frac_unique_ids_epoch': tensor(0.9338), 'train/mse_epoch': tensor(9.1991e-05), 'train/layer_0/frac_layer_coverages_epoch': tensor(0.4932), 'train/layer_1/frac_layer_coverages_epoch': tensor(0.9225), 'train/layer_2/frac_layer_coverages_epoch': tensor(0.8974), 'train/layer_0/id_entropy_epoch': tensor(4.4181), 'train/layer_1/id_entropy_epoch': tensor(5.1057), 'train/layer_2/id_entropy_epoch': tensor(5.0339)}
