[2025-09-21 16:58:54,309][src.utils.utils][INFO] - [rank: 0] Enforcing tags! <cfg.extras.enforce_tags=True>
[2025-09-21 16:58:54,316][src.utils.utils][WARNING] - [rank: 0] Config loss was not found in the config tree. Make sure this is expected.
[2025-09-21 16:58:54,316][src.utils.utils][WARNING] - [rank: 0] Config optim was not found in the config tree. Make sure this is expected.
[2025-09-21 16:58:54,316][src.utils.utils][WARNING] - [rank: 0] Config eval was not found in the config tree. Make sure this is expected.
[2025-09-21 16:58:57,317][src.utils.utils][INFO] - [rank: 0] Printing config tree with Rich! <cfg.extras.print_config=True>
[2025-09-21 16:58:57,320][src.utils.launcher_utils][INFO] - [rank: 0] Instantiating datamodule <src.data.loading.datamodules.sequence_datamodule.ItemDataModule>
[2025-09-21 16:58:57,882][src.utils.launcher_utils][INFO] - [rank: 0] Instantiating model <src.modules.semantic_embedding_inference_module.SemanticEmbeddingInferenceModule>
[2025-09-21 16:59:01,975][src.utils.launcher_utils][INFO] - [rank: 0] Instantiating callbacks...
[2025-09-21 16:59:01,975][src.utils.instantiators][INFO] - [rank: 0] Instantiating callback <src.utils.inference_utils.LocalPickleWriter>
[2025-09-21 16:59:02,123][src.utils.launcher_utils][INFO] - [rank: 0] Instantiating loggers...
[2025-09-21 16:59:02,124][src.utils.instantiators][INFO] - [rank: 0] Instantiating logger <lightning.pytorch.loggers.csv_logs.CSVLogger>
[2025-09-21 16:59:02,126][src.utils.launcher_utils][INFO] - [rank: 0] Instantiating trainer <lightning.pytorch.trainer.Trainer>
[2025-09-21 16:59:02,230][src.utils.launcher_utils][INFO] - [rank: 0] Logging hyperparameters!
[2025-09-21 16:59:02,359][__main__][INFO] - [rank: 0] Starting inference!
[2025-09-21 16:59:02,360][__main__][WARNING] - [rank: 0] No ckpt_path was provided. If using a model you trained, this is mandatory. Only leave ckpt_path=None if using a pre-trained model.
[2025-09-21 16:59:21,391][src.utils.inference_utils][INFO] - Rank 0 initialized for inference.
[2025-09-21 16:59:21,394][src.utils.inference_utils][INFO] - Rank 1 initialized for inference.
[2025-09-21 16:59:24,261][src.utils.inference_utils][INFO] - Global Rank: 1 wrote 64 rows to /data/mhwang/Rec/GRID/logs/inference/runs/2025-09-21/16-58-54/pickle/predictions_1_20250921T085924256.pkl.
[2025-09-21 16:59:24,293][src.utils.inference_utils][INFO] - Global Rank: 0 wrote 64 rows to /data/mhwang/Rec/GRID/logs/inference/runs/2025-09-21/16-58-54/pickle/predictions_0_20250921T085924288.pkl.
[2025-09-21 16:59:25,028][src.utils.inference_utils][INFO] - Global Rank: 1 wrote 64 rows to /data/mhwang/Rec/GRID/logs/inference/runs/2025-09-21/16-58-54/pickle/predictions_1_20250921T085925023.pkl.
[2025-09-21 16:59:25,082][src.utils.inference_utils][INFO] - Global Rank: 0 wrote 64 rows to /data/mhwang/Rec/GRID/logs/inference/runs/2025-09-21/16-58-54/pickle/predictions_0_20250921T085925078.pkl.
[2025-09-21 16:59:25,813][src.utils.inference_utils][INFO] - Global Rank: 1 wrote 64 rows to /data/mhwang/Rec/GRID/logs/inference/runs/2025-09-21/16-58-54/pickle/predictions_1_20250921T085925808.pkl.
[2025-09-21 16:59:25,865][src.utils.inference_utils][INFO] - Global Rank: 0 wrote 64 rows to /data/mhwang/Rec/GRID/logs/inference/runs/2025-09-21/16-58-54/pickle/predictions_0_20250921T085925861.pkl.
[2025-09-21 16:59:26,601][src.utils.inference_utils][INFO] - Global Rank: 1 wrote 64 rows to /data/mhwang/Rec/GRID/logs/inference/runs/2025-09-21/16-58-54/pickle/predictions_1_20250921T085926597.pkl.
[2025-09-21 16:59:26,644][src.utils.inference_utils][INFO] - Global Rank: 0 wrote 64 rows to /data/mhwang/Rec/GRID/logs/inference/runs/2025-09-21/16-58-54/pickle/predictions_0_20250921T085926640.pkl.
[2025-09-21 16:59:27,383][src.utils.inference_utils][INFO] - Global Rank: 1 wrote 64 rows to /data/mhwang/Rec/GRID/logs/inference/runs/2025-09-21/16-58-54/pickle/predictions_1_20250921T085927378.pkl.
[2025-09-21 16:59:27,412][src.utils.inference_utils][INFO] - Global Rank: 0 wrote 64 rows to /data/mhwang/Rec/GRID/logs/inference/runs/2025-09-21/16-58-54/pickle/predictions_0_20250921T085927407.pkl.
[2025-09-21 16:59:28,156][src.utils.inference_utils][INFO] - Global Rank: 1 wrote 64 rows to /data/mhwang/Rec/GRID/logs/inference/runs/2025-09-21/16-58-54/pickle/predictions_1_20250921T085928151.pkl.
[2025-09-21 16:59:28,200][src.utils.inference_utils][INFO] - Global Rank: 0 wrote 64 rows to /data/mhwang/Rec/GRID/logs/inference/runs/2025-09-21/16-58-54/pickle/predictions_0_20250921T085928195.pkl.
[2025-09-21 16:59:28,909][src.utils.inference_utils][INFO] - Global Rank: 1 wrote 64 rows to /data/mhwang/Rec/GRID/logs/inference/runs/2025-09-21/16-58-54/pickle/predictions_1_20250921T085928904.pkl.
[2025-09-21 16:59:28,998][src.utils.inference_utils][INFO] - Global Rank: 0 wrote 64 rows to /data/mhwang/Rec/GRID/logs/inference/runs/2025-09-21/16-58-54/pickle/predictions_0_20250921T085928994.pkl.
[2025-09-21 16:59:29,693][src.utils.inference_utils][INFO] - Global Rank: 1 wrote 64 rows to /data/mhwang/Rec/GRID/logs/inference/runs/2025-09-21/16-58-54/pickle/predictions_1_20250921T085929689.pkl.
[2025-09-21 16:59:29,799][src.utils.inference_utils][INFO] - Global Rank: 0 wrote 64 rows to /data/mhwang/Rec/GRID/logs/inference/runs/2025-09-21/16-58-54/pickle/predictions_0_20250921T085929795.pkl.
[2025-09-21 16:59:30,502][src.utils.inference_utils][INFO] - Global Rank: 1 wrote 64 rows to /data/mhwang/Rec/GRID/logs/inference/runs/2025-09-21/16-58-54/pickle/predictions_1_20250921T085930497.pkl.
[2025-09-21 16:59:30,610][src.utils.inference_utils][INFO] - Global Rank: 0 wrote 64 rows to /data/mhwang/Rec/GRID/logs/inference/runs/2025-09-21/16-58-54/pickle/predictions_0_20250921T085930605.pkl.
[2025-09-21 16:59:31,288][src.utils.inference_utils][INFO] - Global Rank: 1 wrote 64 rows to /data/mhwang/Rec/GRID/logs/inference/runs/2025-09-21/16-58-54/pickle/predictions_1_20250921T085931284.pkl.
[2025-09-21 16:59:31,397][src.utils.inference_utils][INFO] - Global Rank: 0 wrote 64 rows to /data/mhwang/Rec/GRID/logs/inference/runs/2025-09-21/16-58-54/pickle/predictions_0_20250921T085931392.pkl.
[2025-09-21 16:59:32,052][src.utils.inference_utils][INFO] - Global Rank: 1 wrote 64 rows to /data/mhwang/Rec/GRID/logs/inference/runs/2025-09-21/16-58-54/pickle/predictions_1_20250921T085932048.pkl.
[2025-09-21 16:59:32,184][src.utils.inference_utils][INFO] - Global Rank: 0 wrote 64 rows to /data/mhwang/Rec/GRID/logs/inference/runs/2025-09-21/16-58-54/pickle/predictions_0_20250921T085932180.pkl.
[2025-09-21 16:59:32,807][src.utils.inference_utils][INFO] - Global Rank: 1 wrote 64 rows to /data/mhwang/Rec/GRID/logs/inference/runs/2025-09-21/16-58-54/pickle/predictions_1_20250921T085932802.pkl.
[2025-09-21 16:59:32,967][src.utils.inference_utils][INFO] - Global Rank: 0 wrote 64 rows to /data/mhwang/Rec/GRID/logs/inference/runs/2025-09-21/16-58-54/pickle/predictions_0_20250921T085932963.pkl.
[2025-09-21 16:59:33,585][src.utils.inference_utils][INFO] - Global Rank: 1 wrote 64 rows to /data/mhwang/Rec/GRID/logs/inference/runs/2025-09-21/16-58-54/pickle/predictions_1_20250921T085933580.pkl.
[2025-09-21 16:59:33,746][src.utils.inference_utils][INFO] - Global Rank: 0 wrote 64 rows to /data/mhwang/Rec/GRID/logs/inference/runs/2025-09-21/16-58-54/pickle/predictions_0_20250921T085933741.pkl.
[2025-09-21 16:59:34,349][src.utils.inference_utils][INFO] - Global Rank: 1 wrote 64 rows to /data/mhwang/Rec/GRID/logs/inference/runs/2025-09-21/16-58-54/pickle/predictions_1_20250921T085934344.pkl.
[2025-09-21 16:59:34,556][src.utils.inference_utils][INFO] - Global Rank: 0 wrote 64 rows to /data/mhwang/Rec/GRID/logs/inference/runs/2025-09-21/16-58-54/pickle/predictions_0_20250921T085934552.pkl.
[2025-09-21 16:59:35,120][src.utils.inference_utils][INFO] - Global Rank: 1 wrote 64 rows to /data/mhwang/Rec/GRID/logs/inference/runs/2025-09-21/16-58-54/pickle/predictions_1_20250921T085935115.pkl.
[2025-09-21 16:59:35,351][src.utils.inference_utils][INFO] - Global Rank: 0 wrote 64 rows to /data/mhwang/Rec/GRID/logs/inference/runs/2025-09-21/16-58-54/pickle/predictions_0_20250921T085935347.pkl.
[2025-09-21 16:59:35,893][src.utils.inference_utils][INFO] - Global Rank: 1 wrote 64 rows to /data/mhwang/Rec/GRID/logs/inference/runs/2025-09-21/16-58-54/pickle/predictions_1_20250921T085935889.pkl.
[2025-09-21 16:59:36,141][src.utils.inference_utils][INFO] - Global Rank: 0 wrote 64 rows to /data/mhwang/Rec/GRID/logs/inference/runs/2025-09-21/16-58-54/pickle/predictions_0_20250921T085936136.pkl.
[2025-09-21 16:59:36,669][src.utils.inference_utils][INFO] - Global Rank: 1 wrote 64 rows to /data/mhwang/Rec/GRID/logs/inference/runs/2025-09-21/16-58-54/pickle/predictions_1_20250921T085936664.pkl.
[2025-09-21 16:59:36,935][src.utils.inference_utils][INFO] - Global Rank: 0 wrote 64 rows to /data/mhwang/Rec/GRID/logs/inference/runs/2025-09-21/16-58-54/pickle/predictions_0_20250921T085936931.pkl.
[2025-09-21 16:59:37,443][src.utils.inference_utils][INFO] - Global Rank: 1 wrote 64 rows to /data/mhwang/Rec/GRID/logs/inference/runs/2025-09-21/16-58-54/pickle/predictions_1_20250921T085937439.pkl.
[2025-09-21 16:59:37,745][src.utils.inference_utils][INFO] - Global Rank: 0 wrote 64 rows to /data/mhwang/Rec/GRID/logs/inference/runs/2025-09-21/16-58-54/pickle/predictions_0_20250921T085937740.pkl.
[2025-09-21 16:59:38,217][src.utils.inference_utils][INFO] - Global Rank: 1 wrote 64 rows to /data/mhwang/Rec/GRID/logs/inference/runs/2025-09-21/16-58-54/pickle/predictions_1_20250921T085938213.pkl.
[2025-09-21 16:59:38,564][src.utils.inference_utils][INFO] - Global Rank: 0 wrote 64 rows to /data/mhwang/Rec/GRID/logs/inference/runs/2025-09-21/16-58-54/pickle/predictions_0_20250921T085938560.pkl.
[2025-09-21 16:59:38,977][src.utils.inference_utils][INFO] - Global Rank: 1 wrote 64 rows to /data/mhwang/Rec/GRID/logs/inference/runs/2025-09-21/16-58-54/pickle/predictions_1_20250921T085938973.pkl.
[2025-09-21 16:59:39,358][src.utils.inference_utils][INFO] - Global Rank: 0 wrote 64 rows to /data/mhwang/Rec/GRID/logs/inference/runs/2025-09-21/16-58-54/pickle/predictions_0_20250921T085939353.pkl.
[2025-09-21 16:59:39,743][src.utils.inference_utils][INFO] - Global Rank: 1 wrote 64 rows to /data/mhwang/Rec/GRID/logs/inference/runs/2025-09-21/16-58-54/pickle/predictions_1_20250921T085939739.pkl.
[2025-09-21 16:59:40,144][src.utils.inference_utils][INFO] - Global Rank: 0 wrote 64 rows to /data/mhwang/Rec/GRID/logs/inference/runs/2025-09-21/16-58-54/pickle/predictions_0_20250921T085940140.pkl.
[2025-09-21 16:59:40,510][src.utils.inference_utils][INFO] - Global Rank: 1 wrote 64 rows to /data/mhwang/Rec/GRID/logs/inference/runs/2025-09-21/16-58-54/pickle/predictions_1_20250921T085940506.pkl.
[2025-09-21 16:59:40,940][src.utils.inference_utils][INFO] - Global Rank: 0 wrote 64 rows to /data/mhwang/Rec/GRID/logs/inference/runs/2025-09-21/16-58-54/pickle/predictions_0_20250921T085940935.pkl.
[2025-09-21 16:59:41,320][src.utils.inference_utils][INFO] - Global Rank: 1 wrote 64 rows to /data/mhwang/Rec/GRID/logs/inference/runs/2025-09-21/16-58-54/pickle/predictions_1_20250921T085941316.pkl.
[2025-09-21 16:59:41,743][src.utils.inference_utils][INFO] - Global Rank: 0 wrote 64 rows to /data/mhwang/Rec/GRID/logs/inference/runs/2025-09-21/16-58-54/pickle/predictions_0_20250921T085941739.pkl.
[2025-09-21 16:59:42,071][src.utils.inference_utils][INFO] - Global Rank: 1 wrote 64 rows to /data/mhwang/Rec/GRID/logs/inference/runs/2025-09-21/16-58-54/pickle/predictions_1_20250921T085942067.pkl.
[2025-09-21 16:59:42,534][src.utils.inference_utils][INFO] - Global Rank: 0 wrote 64 rows to /data/mhwang/Rec/GRID/logs/inference/runs/2025-09-21/16-58-54/pickle/predictions_0_20250921T085942530.pkl.
[2025-09-21 16:59:42,872][src.utils.inference_utils][INFO] - Global Rank: 1 wrote 64 rows to /data/mhwang/Rec/GRID/logs/inference/runs/2025-09-21/16-58-54/pickle/predictions_1_20250921T085942866.pkl.
[2025-09-21 16:59:43,329][src.utils.inference_utils][INFO] - Global Rank: 0 wrote 64 rows to /data/mhwang/Rec/GRID/logs/inference/runs/2025-09-21/16-58-54/pickle/predictions_0_20250921T085943324.pkl.
[2025-09-21 16:59:43,661][src.utils.inference_utils][INFO] - Global Rank: 1 wrote 64 rows to /data/mhwang/Rec/GRID/logs/inference/runs/2025-09-21/16-58-54/pickle/predictions_1_20250921T085943656.pkl.
[2025-09-21 16:59:44,131][src.utils.inference_utils][INFO] - Global Rank: 0 wrote 64 rows to /data/mhwang/Rec/GRID/logs/inference/runs/2025-09-21/16-58-54/pickle/predictions_0_20250921T085944126.pkl.
[2025-09-21 16:59:44,431][src.utils.inference_utils][INFO] - Global Rank: 1 wrote 64 rows to /data/mhwang/Rec/GRID/logs/inference/runs/2025-09-21/16-58-54/pickle/predictions_1_20250921T085944426.pkl.
[2025-09-21 16:59:44,922][src.utils.inference_utils][INFO] - Global Rank: 0 wrote 64 rows to /data/mhwang/Rec/GRID/logs/inference/runs/2025-09-21/16-58-54/pickle/predictions_0_20250921T085944918.pkl.
[2025-09-21 16:59:45,199][src.utils.inference_utils][INFO] - Global Rank: 1 wrote 64 rows to /data/mhwang/Rec/GRID/logs/inference/runs/2025-09-21/16-58-54/pickle/predictions_1_20250921T085945194.pkl.
[2025-09-21 16:59:45,743][src.utils.inference_utils][INFO] - Global Rank: 0 wrote 64 rows to /data/mhwang/Rec/GRID/logs/inference/runs/2025-09-21/16-58-54/pickle/predictions_0_20250921T085945739.pkl.
[2025-09-21 16:59:45,966][src.utils.inference_utils][INFO] - Global Rank: 1 wrote 64 rows to /data/mhwang/Rec/GRID/logs/inference/runs/2025-09-21/16-58-54/pickle/predictions_1_20250921T085945961.pkl.
[2025-09-21 16:59:46,555][src.utils.inference_utils][INFO] - Global Rank: 0 wrote 64 rows to /data/mhwang/Rec/GRID/logs/inference/runs/2025-09-21/16-58-54/pickle/predictions_0_20250921T085946550.pkl.
[2025-09-21 16:59:46,743][src.utils.inference_utils][INFO] - Global Rank: 1 wrote 64 rows to /data/mhwang/Rec/GRID/logs/inference/runs/2025-09-21/16-58-54/pickle/predictions_1_20250921T085946739.pkl.
[2025-09-21 16:59:47,356][src.utils.inference_utils][INFO] - Global Rank: 0 wrote 64 rows to /data/mhwang/Rec/GRID/logs/inference/runs/2025-09-21/16-58-54/pickle/predictions_0_20250921T085947351.pkl.
[2025-09-21 16:59:47,488][src.utils.inference_utils][INFO] - Global Rank: 1 wrote 64 rows to /data/mhwang/Rec/GRID/logs/inference/runs/2025-09-21/16-58-54/pickle/predictions_1_20250921T085947484.pkl.
[2025-09-21 16:59:48,155][src.utils.inference_utils][INFO] - Global Rank: 0 wrote 64 rows to /data/mhwang/Rec/GRID/logs/inference/runs/2025-09-21/16-58-54/pickle/predictions_0_20250921T085948151.pkl.
[2025-09-21 16:59:48,250][src.utils.inference_utils][INFO] - Global Rank: 1 wrote 64 rows to /data/mhwang/Rec/GRID/logs/inference/runs/2025-09-21/16-58-54/pickle/predictions_1_20250921T085948245.pkl.
[2025-09-21 16:59:48,980][src.utils.inference_utils][INFO] - Global Rank: 0 wrote 64 rows to /data/mhwang/Rec/GRID/logs/inference/runs/2025-09-21/16-58-54/pickle/predictions_0_20250921T085948976.pkl.
[2025-09-21 16:59:49,038][src.utils.inference_utils][INFO] - Global Rank: 1 wrote 64 rows to /data/mhwang/Rec/GRID/logs/inference/runs/2025-09-21/16-58-54/pickle/predictions_1_20250921T085949033.pkl.
[2025-09-21 16:59:49,777][src.utils.inference_utils][INFO] - Global Rank: 0 wrote 64 rows to /data/mhwang/Rec/GRID/logs/inference/runs/2025-09-21/16-58-54/pickle/predictions_0_20250921T085949773.pkl.
[2025-09-21 16:59:49,795][src.utils.inference_utils][INFO] - Global Rank: 1 wrote 64 rows to /data/mhwang/Rec/GRID/logs/inference/runs/2025-09-21/16-58-54/pickle/predictions_1_20250921T085949791.pkl.
[2025-09-21 16:59:50,552][src.utils.inference_utils][INFO] - Global Rank: 0 wrote 64 rows to /data/mhwang/Rec/GRID/logs/inference/runs/2025-09-21/16-58-54/pickle/predictions_0_20250921T085950548.pkl.
[2025-09-21 16:59:50,556][src.utils.inference_utils][INFO] - Global Rank: 1 wrote 64 rows to /data/mhwang/Rec/GRID/logs/inference/runs/2025-09-21/16-58-54/pickle/predictions_1_20250921T085950552.pkl.
[2025-09-21 16:59:51,340][src.utils.inference_utils][INFO] - Global Rank: 1 wrote 64 rows to /data/mhwang/Rec/GRID/logs/inference/runs/2025-09-21/16-58-54/pickle/predictions_1_20250921T085951336.pkl.
[2025-09-21 16:59:51,354][src.utils.inference_utils][INFO] - Global Rank: 0 wrote 64 rows to /data/mhwang/Rec/GRID/logs/inference/runs/2025-09-21/16-58-54/pickle/predictions_0_20250921T085951349.pkl.
[2025-09-21 16:59:52,113][src.utils.inference_utils][INFO] - Global Rank: 1 wrote 64 rows to /data/mhwang/Rec/GRID/logs/inference/runs/2025-09-21/16-58-54/pickle/predictions_1_20250921T085952109.pkl.
[2025-09-21 16:59:52,134][src.utils.inference_utils][INFO] - Global Rank: 0 wrote 64 rows to /data/mhwang/Rec/GRID/logs/inference/runs/2025-09-21/16-58-54/pickle/predictions_0_20250921T085952129.pkl.
[2025-09-21 16:59:52,892][src.utils.inference_utils][INFO] - Global Rank: 1 wrote 64 rows to /data/mhwang/Rec/GRID/logs/inference/runs/2025-09-21/16-58-54/pickle/predictions_1_20250921T085952887.pkl.
[2025-09-21 16:59:52,929][src.utils.inference_utils][INFO] - Global Rank: 0 wrote 64 rows to /data/mhwang/Rec/GRID/logs/inference/runs/2025-09-21/16-58-54/pickle/predictions_0_20250921T085952925.pkl.
[2025-09-21 16:59:53,660][src.utils.inference_utils][INFO] - Global Rank: 1 wrote 64 rows to /data/mhwang/Rec/GRID/logs/inference/runs/2025-09-21/16-58-54/pickle/predictions_1_20250921T085953655.pkl.
[2025-09-21 16:59:53,698][src.utils.inference_utils][INFO] - Global Rank: 0 wrote 64 rows to /data/mhwang/Rec/GRID/logs/inference/runs/2025-09-21/16-58-54/pickle/predictions_0_20250921T085953693.pkl.
[2025-09-21 16:59:54,436][src.utils.inference_utils][INFO] - Global Rank: 1 wrote 64 rows to /data/mhwang/Rec/GRID/logs/inference/runs/2025-09-21/16-58-54/pickle/predictions_1_20250921T085954432.pkl.
[2025-09-21 16:59:54,473][src.utils.inference_utils][INFO] - Global Rank: 0 wrote 64 rows to /data/mhwang/Rec/GRID/logs/inference/runs/2025-09-21/16-58-54/pickle/predictions_0_20250921T085954469.pkl.
[2025-09-21 16:59:55,200][src.utils.inference_utils][INFO] - Global Rank: 1 wrote 64 rows to /data/mhwang/Rec/GRID/logs/inference/runs/2025-09-21/16-58-54/pickle/predictions_1_20250921T085955196.pkl.
[2025-09-21 16:59:55,256][src.utils.inference_utils][INFO] - Global Rank: 0 wrote 64 rows to /data/mhwang/Rec/GRID/logs/inference/runs/2025-09-21/16-58-54/pickle/predictions_0_20250921T085955252.pkl.
[2025-09-21 16:59:55,971][src.utils.inference_utils][INFO] - Global Rank: 1 wrote 64 rows to /data/mhwang/Rec/GRID/logs/inference/runs/2025-09-21/16-58-54/pickle/predictions_1_20250921T085955967.pkl.
[2025-09-21 16:59:56,048][src.utils.inference_utils][INFO] - Global Rank: 0 wrote 64 rows to /data/mhwang/Rec/GRID/logs/inference/runs/2025-09-21/16-58-54/pickle/predictions_0_20250921T085956042.pkl.
[2025-09-21 16:59:56,752][src.utils.inference_utils][INFO] - Global Rank: 1 wrote 64 rows to /data/mhwang/Rec/GRID/logs/inference/runs/2025-09-21/16-58-54/pickle/predictions_1_20250921T085956748.pkl.
[2025-09-21 16:59:56,832][src.utils.inference_utils][INFO] - Global Rank: 0 wrote 64 rows to /data/mhwang/Rec/GRID/logs/inference/runs/2025-09-21/16-58-54/pickle/predictions_0_20250921T085956828.pkl.
[2025-09-21 16:59:57,552][src.utils.inference_utils][INFO] - Global Rank: 1 wrote 64 rows to /data/mhwang/Rec/GRID/logs/inference/runs/2025-09-21/16-58-54/pickle/predictions_1_20250921T085957547.pkl.
[2025-09-21 16:59:57,624][src.utils.inference_utils][INFO] - Global Rank: 0 wrote 64 rows to /data/mhwang/Rec/GRID/logs/inference/runs/2025-09-21/16-58-54/pickle/predictions_0_20250921T085957620.pkl.
[2025-09-21 16:59:58,360][src.utils.inference_utils][INFO] - Global Rank: 1 wrote 64 rows to /data/mhwang/Rec/GRID/logs/inference/runs/2025-09-21/16-58-54/pickle/predictions_1_20250921T085958355.pkl.
[2025-09-21 16:59:58,403][src.utils.inference_utils][INFO] - Global Rank: 0 wrote 64 rows to /data/mhwang/Rec/GRID/logs/inference/runs/2025-09-21/16-58-54/pickle/predictions_0_20250921T085958399.pkl.
[2025-09-21 16:59:59,158][src.utils.inference_utils][INFO] - Global Rank: 1 wrote 64 rows to /data/mhwang/Rec/GRID/logs/inference/runs/2025-09-21/16-58-54/pickle/predictions_1_20250921T085959154.pkl.
[2025-09-21 16:59:59,174][src.utils.inference_utils][INFO] - Global Rank: 0 wrote 64 rows to /data/mhwang/Rec/GRID/logs/inference/runs/2025-09-21/16-58-54/pickle/predictions_0_20250921T085959170.pkl.
[2025-09-21 16:59:59,926][src.utils.inference_utils][INFO] - Global Rank: 1 wrote 64 rows to /data/mhwang/Rec/GRID/logs/inference/runs/2025-09-21/16-58-54/pickle/predictions_1_20250921T085959922.pkl.
[2025-09-21 16:59:59,971][src.utils.inference_utils][INFO] - Global Rank: 0 wrote 64 rows to /data/mhwang/Rec/GRID/logs/inference/runs/2025-09-21/16-58-54/pickle/predictions_0_20250921T085959967.pkl.
[2025-09-21 17:00:00,701][src.utils.inference_utils][INFO] - Global Rank: 1 wrote 64 rows to /data/mhwang/Rec/GRID/logs/inference/runs/2025-09-21/16-58-54/pickle/predictions_1_20250921T090000697.pkl.
[2025-09-21 17:00:00,732][src.utils.inference_utils][INFO] - Global Rank: 0 wrote 64 rows to /data/mhwang/Rec/GRID/logs/inference/runs/2025-09-21/16-58-54/pickle/predictions_0_20250921T090000728.pkl.
[2025-09-21 17:00:01,496][src.utils.inference_utils][INFO] - Global Rank: 1 wrote 64 rows to /data/mhwang/Rec/GRID/logs/inference/runs/2025-09-21/16-58-54/pickle/predictions_1_20250921T090001493.pkl.
[2025-09-21 17:00:01,528][src.utils.inference_utils][INFO] - Global Rank: 0 wrote 64 rows to /data/mhwang/Rec/GRID/logs/inference/runs/2025-09-21/16-58-54/pickle/predictions_0_20250921T090001524.pkl.
[2025-09-21 17:00:02,276][src.utils.inference_utils][INFO] - Global Rank: 1 wrote 64 rows to /data/mhwang/Rec/GRID/logs/inference/runs/2025-09-21/16-58-54/pickle/predictions_1_20250921T090002272.pkl.
[2025-09-21 17:00:02,318][src.utils.inference_utils][INFO] - Global Rank: 0 wrote 64 rows to /data/mhwang/Rec/GRID/logs/inference/runs/2025-09-21/16-58-54/pickle/predictions_0_20250921T090002314.pkl.
[2025-09-21 17:00:03,067][src.utils.inference_utils][INFO] - Global Rank: 1 wrote 64 rows to /data/mhwang/Rec/GRID/logs/inference/runs/2025-09-21/16-58-54/pickle/predictions_1_20250921T090003063.pkl.
[2025-09-21 17:00:03,144][src.utils.inference_utils][INFO] - Global Rank: 0 wrote 64 rows to /data/mhwang/Rec/GRID/logs/inference/runs/2025-09-21/16-58-54/pickle/predictions_0_20250921T090003139.pkl.
[2025-09-21 17:00:03,826][src.utils.inference_utils][INFO] - Global Rank: 1 wrote 64 rows to /data/mhwang/Rec/GRID/logs/inference/runs/2025-09-21/16-58-54/pickle/predictions_1_20250921T090003822.pkl.
[2025-09-21 17:00:03,931][src.utils.inference_utils][INFO] - Global Rank: 0 wrote 64 rows to /data/mhwang/Rec/GRID/logs/inference/runs/2025-09-21/16-58-54/pickle/predictions_0_20250921T090003926.pkl.
[2025-09-21 17:00:04,604][src.utils.inference_utils][INFO] - Global Rank: 1 wrote 64 rows to /data/mhwang/Rec/GRID/logs/inference/runs/2025-09-21/16-58-54/pickle/predictions_1_20250921T090004600.pkl.
[2025-09-21 17:00:04,713][src.utils.inference_utils][INFO] - Global Rank: 0 wrote 64 rows to /data/mhwang/Rec/GRID/logs/inference/runs/2025-09-21/16-58-54/pickle/predictions_0_20250921T090004708.pkl.
[2025-09-21 17:00:05,391][src.utils.inference_utils][INFO] - Global Rank: 1 wrote 64 rows to /data/mhwang/Rec/GRID/logs/inference/runs/2025-09-21/16-58-54/pickle/predictions_1_20250921T090005387.pkl.
[2025-09-21 17:00:05,506][src.utils.inference_utils][INFO] - Global Rank: 0 wrote 64 rows to /data/mhwang/Rec/GRID/logs/inference/runs/2025-09-21/16-58-54/pickle/predictions_0_20250921T090005502.pkl.
[2025-09-21 17:00:06,166][src.utils.inference_utils][INFO] - Global Rank: 1 wrote 64 rows to /data/mhwang/Rec/GRID/logs/inference/runs/2025-09-21/16-58-54/pickle/predictions_1_20250921T090006162.pkl.
[2025-09-21 17:00:06,286][src.utils.inference_utils][INFO] - Global Rank: 0 wrote 64 rows to /data/mhwang/Rec/GRID/logs/inference/runs/2025-09-21/16-58-54/pickle/predictions_0_20250921T090006281.pkl.
[2025-09-21 17:00:06,949][src.utils.inference_utils][INFO] - Global Rank: 1 wrote 64 rows to /data/mhwang/Rec/GRID/logs/inference/runs/2025-09-21/16-58-54/pickle/predictions_1_20250921T090006945.pkl.
[2025-09-21 17:00:07,083][src.utils.inference_utils][INFO] - Global Rank: 0 wrote 64 rows to /data/mhwang/Rec/GRID/logs/inference/runs/2025-09-21/16-58-54/pickle/predictions_0_20250921T090007079.pkl.
[2025-09-21 17:00:07,732][src.utils.inference_utils][INFO] - Global Rank: 1 wrote 64 rows to /data/mhwang/Rec/GRID/logs/inference/runs/2025-09-21/16-58-54/pickle/predictions_1_20250921T090007727.pkl.
[2025-09-21 17:00:07,794][src.utils.inference_utils][INFO] - Global Rank: 0 wrote 64 rows to /data/mhwang/Rec/GRID/logs/inference/runs/2025-09-21/16-58-54/pickle/predictions_0_20250921T090007789.pkl.
[2025-09-21 17:00:08,353][src.utils.inference_utils][INFO] - Global Rank: 0 wrote 64 rows to /data/mhwang/Rec/GRID/logs/inference/runs/2025-09-21/16-58-54/pickle/predictions_0_20250921T090008349.pkl.
[2025-09-21 17:00:08,509][src.utils.inference_utils][INFO] - Global Rank: 1 wrote 64 rows to /data/mhwang/Rec/GRID/logs/inference/runs/2025-09-21/16-58-54/pickle/predictions_1_20250921T090008504.pkl.
[2025-09-21 17:00:08,898][src.utils.inference_utils][INFO] - Global Rank: 0 wrote 64 rows to /data/mhwang/Rec/GRID/logs/inference/runs/2025-09-21/16-58-54/pickle/predictions_0_20250921T090008894.pkl.
[2025-09-21 17:00:09,292][src.utils.inference_utils][INFO] - Global Rank: 1 wrote 64 rows to /data/mhwang/Rec/GRID/logs/inference/runs/2025-09-21/16-58-54/pickle/predictions_1_20250921T090009288.pkl.
[2025-09-21 17:00:09,446][src.utils.inference_utils][INFO] - Global Rank: 0 wrote 64 rows to /data/mhwang/Rec/GRID/logs/inference/runs/2025-09-21/16-58-54/pickle/predictions_0_20250921T090009442.pkl.
[2025-09-21 17:00:09,994][src.utils.inference_utils][INFO] - Global Rank: 0 wrote 64 rows to /data/mhwang/Rec/GRID/logs/inference/runs/2025-09-21/16-58-54/pickle/predictions_0_20250921T090009990.pkl.
[2025-09-21 17:00:10,067][src.utils.inference_utils][INFO] - Global Rank: 1 wrote 64 rows to /data/mhwang/Rec/GRID/logs/inference/runs/2025-09-21/16-58-54/pickle/predictions_1_20250921T090010063.pkl.
[2025-09-21 17:00:10,536][src.utils.inference_utils][INFO] - Global Rank: 0 wrote 64 rows to /data/mhwang/Rec/GRID/logs/inference/runs/2025-09-21/16-58-54/pickle/predictions_0_20250921T090010532.pkl.
[2025-09-21 17:00:10,852][src.utils.inference_utils][INFO] - Global Rank: 1 wrote 64 rows to /data/mhwang/Rec/GRID/logs/inference/runs/2025-09-21/16-58-54/pickle/predictions_1_20250921T090010848.pkl.
[2025-09-21 17:00:11,086][src.utils.inference_utils][INFO] - Global Rank: 0 wrote 64 rows to /data/mhwang/Rec/GRID/logs/inference/runs/2025-09-21/16-58-54/pickle/predictions_0_20250921T090011082.pkl.
[2025-09-21 17:00:11,638][src.utils.inference_utils][INFO] - Global Rank: 1 wrote 64 rows to /data/mhwang/Rec/GRID/logs/inference/runs/2025-09-21/16-58-54/pickle/predictions_1_20250921T090011634.pkl.
[2025-09-21 17:00:11,652][src.utils.inference_utils][INFO] - Global Rank: 0 wrote 64 rows to /data/mhwang/Rec/GRID/logs/inference/runs/2025-09-21/16-58-54/pickle/predictions_0_20250921T090011648.pkl.
[2025-09-21 17:00:12,215][src.utils.inference_utils][INFO] - Global Rank: 0 wrote 64 rows to /data/mhwang/Rec/GRID/logs/inference/runs/2025-09-21/16-58-54/pickle/predictions_0_20250921T090012207.pkl.
[2025-09-21 17:00:12,423][src.utils.inference_utils][INFO] - Global Rank: 1 wrote 64 rows to /data/mhwang/Rec/GRID/logs/inference/runs/2025-09-21/16-58-54/pickle/predictions_1_20250921T090012419.pkl.
[2025-09-21 17:00:12,786][src.utils.inference_utils][INFO] - Global Rank: 0 wrote 64 rows to /data/mhwang/Rec/GRID/logs/inference/runs/2025-09-21/16-58-54/pickle/predictions_0_20250921T090012782.pkl.
[2025-09-21 17:00:13,198][src.utils.inference_utils][INFO] - Global Rank: 1 wrote 64 rows to /data/mhwang/Rec/GRID/logs/inference/runs/2025-09-21/16-58-54/pickle/predictions_1_20250921T090013194.pkl.
[2025-09-21 17:00:13,339][src.utils.inference_utils][INFO] - Global Rank: 0 wrote 64 rows to /data/mhwang/Rec/GRID/logs/inference/runs/2025-09-21/16-58-54/pickle/predictions_0_20250921T090013333.pkl.
[2025-09-21 17:00:13,825][src.utils.inference_utils][INFO] - Global Rank: 1 wrote 64 rows to /data/mhwang/Rec/GRID/logs/inference/runs/2025-09-21/16-58-54/pickle/predictions_1_20250921T090013821.pkl.
[2025-09-21 17:00:13,917][src.utils.inference_utils][INFO] - Global Rank: 0 wrote 64 rows to /data/mhwang/Rec/GRID/logs/inference/runs/2025-09-21/16-58-54/pickle/predictions_0_20250921T090013913.pkl.
[2025-09-21 17:00:14,339][src.utils.inference_utils][INFO] - Global Rank: 1 wrote 64 rows to /data/mhwang/Rec/GRID/logs/inference/runs/2025-09-21/16-58-54/pickle/predictions_1_20250921T090014335.pkl.
[2025-09-21 17:00:14,480][src.utils.inference_utils][INFO] - Global Rank: 0 wrote 64 rows to /data/mhwang/Rec/GRID/logs/inference/runs/2025-09-21/16-58-54/pickle/predictions_0_20250921T090014476.pkl.
[2025-09-21 17:00:14,868][src.utils.inference_utils][INFO] - Global Rank: 1 wrote 64 rows to /data/mhwang/Rec/GRID/logs/inference/runs/2025-09-21/16-58-54/pickle/predictions_1_20250921T090014864.pkl.
[2025-09-21 17:00:15,024][src.utils.inference_utils][INFO] - Global Rank: 0 wrote 64 rows to /data/mhwang/Rec/GRID/logs/inference/runs/2025-09-21/16-58-54/pickle/predictions_0_20250921T090015019.pkl.
[2025-09-21 17:00:15,394][src.utils.inference_utils][INFO] - Global Rank: 1 wrote 64 rows to /data/mhwang/Rec/GRID/logs/inference/runs/2025-09-21/16-58-54/pickle/predictions_1_20250921T090015390.pkl.
[2025-09-21 17:00:15,582][src.utils.inference_utils][INFO] - Global Rank: 0 wrote 64 rows to /data/mhwang/Rec/GRID/logs/inference/runs/2025-09-21/16-58-54/pickle/predictions_0_20250921T090015578.pkl.
[2025-09-21 17:00:15,932][src.utils.inference_utils][INFO] - Global Rank: 1 wrote 64 rows to /data/mhwang/Rec/GRID/logs/inference/runs/2025-09-21/16-58-54/pickle/predictions_1_20250921T090015928.pkl.
[2025-09-21 17:00:16,118][src.utils.inference_utils][INFO] - Global Rank: 0 wrote 64 rows to /data/mhwang/Rec/GRID/logs/inference/runs/2025-09-21/16-58-54/pickle/predictions_0_20250921T090016113.pkl.
[2025-09-21 17:00:16,470][src.utils.inference_utils][INFO] - Global Rank: 1 wrote 64 rows to /data/mhwang/Rec/GRID/logs/inference/runs/2025-09-21/16-58-54/pickle/predictions_1_20250921T090016466.pkl.
[2025-09-21 17:00:16,675][src.utils.inference_utils][INFO] - Global Rank: 0 wrote 64 rows to /data/mhwang/Rec/GRID/logs/inference/runs/2025-09-21/16-58-54/pickle/predictions_0_20250921T090016670.pkl.
[2025-09-21 17:00:17,001][src.utils.inference_utils][INFO] - Global Rank: 1 wrote 64 rows to /data/mhwang/Rec/GRID/logs/inference/runs/2025-09-21/16-58-54/pickle/predictions_1_20250921T090016997.pkl.
[2025-09-21 17:00:17,254][src.utils.inference_utils][INFO] - Global Rank: 0 wrote 64 rows to /data/mhwang/Rec/GRID/logs/inference/runs/2025-09-21/16-58-54/pickle/predictions_0_20250921T090017250.pkl.
[2025-09-21 17:00:17,553][src.utils.inference_utils][INFO] - Global Rank: 1 wrote 64 rows to /data/mhwang/Rec/GRID/logs/inference/runs/2025-09-21/16-58-54/pickle/predictions_1_20250921T090017548.pkl.
[2025-09-21 17:00:17,791][src.utils.inference_utils][INFO] - Global Rank: 0 wrote 64 rows to /data/mhwang/Rec/GRID/logs/inference/runs/2025-09-21/16-58-54/pickle/predictions_0_20250921T090017786.pkl.
[2025-09-21 17:00:18,087][src.utils.inference_utils][INFO] - Global Rank: 1 wrote 64 rows to /data/mhwang/Rec/GRID/logs/inference/runs/2025-09-21/16-58-54/pickle/predictions_1_20250921T090018083.pkl.
[2025-09-21 17:00:18,338][src.utils.inference_utils][INFO] - Global Rank: 0 wrote 64 rows to /data/mhwang/Rec/GRID/logs/inference/runs/2025-09-21/16-58-54/pickle/predictions_0_20250921T090018333.pkl.
[2025-09-21 17:00:18,613][src.utils.inference_utils][INFO] - Global Rank: 1 wrote 64 rows to /data/mhwang/Rec/GRID/logs/inference/runs/2025-09-21/16-58-54/pickle/predictions_1_20250921T090018609.pkl.
[2025-09-21 17:00:18,870][src.utils.inference_utils][INFO] - Global Rank: 0 wrote 64 rows to /data/mhwang/Rec/GRID/logs/inference/runs/2025-09-21/16-58-54/pickle/predictions_0_20250921T090018865.pkl.
[2025-09-21 17:00:19,151][src.utils.inference_utils][INFO] - Global Rank: 1 wrote 64 rows to /data/mhwang/Rec/GRID/logs/inference/runs/2025-09-21/16-58-54/pickle/predictions_1_20250921T090019147.pkl.
[2025-09-21 17:00:19,417][src.utils.inference_utils][INFO] - Global Rank: 0 wrote 64 rows to /data/mhwang/Rec/GRID/logs/inference/runs/2025-09-21/16-58-54/pickle/predictions_0_20250921T090019412.pkl.
[2025-09-21 17:00:19,688][src.utils.inference_utils][INFO] - Global Rank: 1 wrote 64 rows to /data/mhwang/Rec/GRID/logs/inference/runs/2025-09-21/16-58-54/pickle/predictions_1_20250921T090019684.pkl.
[2025-09-21 17:00:19,969][src.utils.inference_utils][INFO] - Global Rank: 0 wrote 64 rows to /data/mhwang/Rec/GRID/logs/inference/runs/2025-09-21/16-58-54/pickle/predictions_0_20250921T090019965.pkl.
[2025-09-21 17:00:20,225][src.utils.inference_utils][INFO] - Global Rank: 1 wrote 64 rows to /data/mhwang/Rec/GRID/logs/inference/runs/2025-09-21/16-58-54/pickle/predictions_1_20250921T090020221.pkl.
[2025-09-21 17:00:20,522][src.utils.inference_utils][INFO] - Global Rank: 0 wrote 64 rows to /data/mhwang/Rec/GRID/logs/inference/runs/2025-09-21/16-58-54/pickle/predictions_0_20250921T090020517.pkl.
[2025-09-21 17:00:20,764][src.utils.inference_utils][INFO] - Global Rank: 1 wrote 64 rows to /data/mhwang/Rec/GRID/logs/inference/runs/2025-09-21/16-58-54/pickle/predictions_1_20250921T090020759.pkl.
[2025-09-21 17:00:21,067][src.utils.inference_utils][INFO] - Global Rank: 0 wrote 64 rows to /data/mhwang/Rec/GRID/logs/inference/runs/2025-09-21/16-58-54/pickle/predictions_0_20250921T090021063.pkl.
[2025-09-21 17:00:21,312][src.utils.inference_utils][INFO] - Global Rank: 1 wrote 64 rows to /data/mhwang/Rec/GRID/logs/inference/runs/2025-09-21/16-58-54/pickle/predictions_1_20250921T090021308.pkl.
[2025-09-21 17:00:21,597][src.utils.inference_utils][INFO] - Global Rank: 0 wrote 64 rows to /data/mhwang/Rec/GRID/logs/inference/runs/2025-09-21/16-58-54/pickle/predictions_0_20250921T090021592.pkl.
[2025-09-21 17:00:21,844][src.utils.inference_utils][INFO] - Global Rank: 1 wrote 64 rows to /data/mhwang/Rec/GRID/logs/inference/runs/2025-09-21/16-58-54/pickle/predictions_1_20250921T090021840.pkl.
[2025-09-21 17:00:22,155][src.utils.inference_utils][INFO] - Global Rank: 0 wrote 64 rows to /data/mhwang/Rec/GRID/logs/inference/runs/2025-09-21/16-58-54/pickle/predictions_0_20250921T090022151.pkl.
[2025-09-21 17:00:22,373][src.utils.inference_utils][INFO] - Global Rank: 1 wrote 64 rows to /data/mhwang/Rec/GRID/logs/inference/runs/2025-09-21/16-58-54/pickle/predictions_1_20250921T090022369.pkl.
[2025-09-21 17:00:22,736][src.utils.inference_utils][INFO] - Global Rank: 0 wrote 64 rows to /data/mhwang/Rec/GRID/logs/inference/runs/2025-09-21/16-58-54/pickle/predictions_0_20250921T090022732.pkl.
[2025-09-21 17:00:22,911][src.utils.inference_utils][INFO] - Global Rank: 1 wrote 64 rows to /data/mhwang/Rec/GRID/logs/inference/runs/2025-09-21/16-58-54/pickle/predictions_1_20250921T090022907.pkl.
[2025-09-21 17:00:23,305][src.utils.inference_utils][INFO] - Global Rank: 0 wrote 64 rows to /data/mhwang/Rec/GRID/logs/inference/runs/2025-09-21/16-58-54/pickle/predictions_0_20250921T090023300.pkl.
[2025-09-21 17:00:23,438][src.utils.inference_utils][INFO] - Global Rank: 1 wrote 64 rows to /data/mhwang/Rec/GRID/logs/inference/runs/2025-09-21/16-58-54/pickle/predictions_1_20250921T090023434.pkl.
[2025-09-21 17:00:23,833][src.utils.inference_utils][INFO] - Global Rank: 0 wrote 64 rows to /data/mhwang/Rec/GRID/logs/inference/runs/2025-09-21/16-58-54/pickle/predictions_0_20250921T090023828.pkl.
[2025-09-21 17:00:23,988][src.utils.inference_utils][INFO] - Global Rank: 1 wrote 64 rows to /data/mhwang/Rec/GRID/logs/inference/runs/2025-09-21/16-58-54/pickle/predictions_1_20250921T090023983.pkl.
[2025-09-21 17:00:24,385][src.utils.inference_utils][INFO] - Global Rank: 0 wrote 64 rows to /data/mhwang/Rec/GRID/logs/inference/runs/2025-09-21/16-58-54/pickle/predictions_0_20250921T090024380.pkl.
[2025-09-21 17:00:24,585][src.utils.inference_utils][INFO] - Global Rank: 1 wrote 64 rows to /data/mhwang/Rec/GRID/logs/inference/runs/2025-09-21/16-58-54/pickle/predictions_1_20250921T090024580.pkl.
[2025-09-21 17:00:24,910][src.utils.inference_utils][INFO] - Global Rank: 0 wrote 64 rows to /data/mhwang/Rec/GRID/logs/inference/runs/2025-09-21/16-58-54/pickle/predictions_0_20250921T090024906.pkl.
[2025-09-21 17:00:25,120][src.utils.inference_utils][INFO] - Global Rank: 1 wrote 64 rows to /data/mhwang/Rec/GRID/logs/inference/runs/2025-09-21/16-58-54/pickle/predictions_1_20250921T090025116.pkl.
[2025-09-21 17:00:25,480][src.utils.inference_utils][INFO] - Global Rank: 0 wrote 64 rows to /data/mhwang/Rec/GRID/logs/inference/runs/2025-09-21/16-58-54/pickle/predictions_0_20250921T090025476.pkl.
[2025-09-21 17:00:25,627][src.utils.inference_utils][INFO] - Global Rank: 1 wrote 64 rows to /data/mhwang/Rec/GRID/logs/inference/runs/2025-09-21/16-58-54/pickle/predictions_1_20250921T090025622.pkl.
[2025-09-21 17:00:26,007][src.utils.inference_utils][INFO] - Global Rank: 0 wrote 64 rows to /data/mhwang/Rec/GRID/logs/inference/runs/2025-09-21/16-58-54/pickle/predictions_0_20250921T090026003.pkl.
[2025-09-21 17:00:26,156][src.utils.inference_utils][INFO] - Global Rank: 1 wrote 64 rows to /data/mhwang/Rec/GRID/logs/inference/runs/2025-09-21/16-58-54/pickle/predictions_1_20250921T090026152.pkl.
[2025-09-21 17:00:26,554][src.utils.inference_utils][INFO] - Global Rank: 0 wrote 64 rows to /data/mhwang/Rec/GRID/logs/inference/runs/2025-09-21/16-58-54/pickle/predictions_0_20250921T090026549.pkl.
[2025-09-21 17:00:26,710][src.utils.inference_utils][INFO] - Global Rank: 1 wrote 64 rows to /data/mhwang/Rec/GRID/logs/inference/runs/2025-09-21/16-58-54/pickle/predictions_1_20250921T090026706.pkl.
[2025-09-21 17:00:27,104][src.utils.inference_utils][INFO] - Global Rank: 0 wrote 64 rows to /data/mhwang/Rec/GRID/logs/inference/runs/2025-09-21/16-58-54/pickle/predictions_0_20250921T090027100.pkl.
[2025-09-21 17:00:27,245][src.utils.inference_utils][INFO] - Global Rank: 1 wrote 64 rows to /data/mhwang/Rec/GRID/logs/inference/runs/2025-09-21/16-58-54/pickle/predictions_1_20250921T090027240.pkl.
[2025-09-21 17:00:27,367][src.utils.inference_utils][INFO] - Global Rank: 1 wrote 20 rows to /data/mhwang/Rec/GRID/logs/inference/runs/2025-09-21/16-58-54/pickle/predictions_1_20250921T090027366.pkl.
[2025-09-21 17:00:27,368][src.utils.inference_utils][INFO] - Rank 1 finished writing predictions.
[2025-09-21 17:00:27,650][src.utils.inference_utils][INFO] - Global Rank: 0 wrote 64 rows to /data/mhwang/Rec/GRID/logs/inference/runs/2025-09-21/16-58-54/pickle/predictions_0_20250921T090027643.pkl.
[2025-09-21 17:00:28,184][src.utils.inference_utils][INFO] - Global Rank: 0 wrote 64 rows to /data/mhwang/Rec/GRID/logs/inference/runs/2025-09-21/16-58-54/pickle/predictions_0_20250921T090028180.pkl.
[2025-09-21 17:00:28,729][src.utils.inference_utils][INFO] - Global Rank: 0 wrote 64 rows to /data/mhwang/Rec/GRID/logs/inference/runs/2025-09-21/16-58-54/pickle/predictions_0_20250921T090028725.pkl.
[2025-09-21 17:00:29,265][src.utils.inference_utils][INFO] - Global Rank: 0 wrote 64 rows to /data/mhwang/Rec/GRID/logs/inference/runs/2025-09-21/16-58-54/pickle/predictions_0_20250921T090029260.pkl.
[2025-09-21 17:00:29,826][src.utils.inference_utils][INFO] - Global Rank: 0 wrote 64 rows to /data/mhwang/Rec/GRID/logs/inference/runs/2025-09-21/16-58-54/pickle/predictions_0_20250921T090029822.pkl.
[2025-09-21 17:00:29,827][src.utils.inference_utils][INFO] - Buffer is empty, nothing to flush.
[2025-09-21 17:00:29,828][src.utils.inference_utils][INFO] - Rank 0 finished writing predictions.
[2025-09-21 17:00:29,828][src.utils.inference_utils][INFO] - Merging pickle files on main process.
[2025-09-21 17:00:33,007][src.utils.inference_utils][INFO] - Merged 11924 rows into merged_predictions.pkl.
[2025-09-21 17:00:35,705][src.utils.inference_utils][INFO] - Merged 11924 rows into merged_predictions_tensor.pt. as pytorch tensor
