[2025-09-15 20:23:28,205][src.utils.utils][INFO] - [rank: 0] Enforcing tags! <cfg.extras.enforce_tags=True>
[2025-09-15 20:23:28,212][src.utils.utils][WARNING] - [rank: 0] Config loss was not found in the config tree. Make sure this is expected.
[2025-09-15 20:23:31,213][src.utils.utils][INFO] - [rank: 0] Printing config tree with Rich! <cfg.extras.print_config=True>
[2025-09-15 20:23:31,214][src.utils.restart_job][INFO] - [rank: 0] should_skip_retry set to True. Skipping retry logic.
[2025-09-15 20:23:31,218][src.utils.launcher_utils][INFO] - [rank: 0] Instantiating datamodule <src.data.loading.datamodules.sequence_datamodule.ItemDataModule>
[2025-09-15 20:23:31,364][src.utils.launcher_utils][INFO] - [rank: 0] Instantiating model <src.modules.clustering.residual_quantization.ResidualQuantization>
[2025-09-15 20:23:31,613][root][INFO] - Device cpu: Verbose mode enabled
[2025-09-15 20:23:31,695][root][INFO] - Device cpu: Using custom training loop function
[2025-09-15 20:23:31,705][src.utils.launcher_utils][INFO] - [rank: 0] Instantiating callbacks...
[2025-09-15 20:23:31,705][src.utils.instantiators][INFO] - [rank: 0] Instantiating callback <lightning.pytorch.callbacks.ModelCheckpoint>
[2025-09-15 20:23:31,710][src.utils.instantiators][INFO] - [rank: 0] Instantiating callback <lightning.pytorch.callbacks.RichModelSummary>
[2025-09-15 20:23:31,711][src.utils.launcher_utils][INFO] - [rank: 0] Instantiating loggers...
[2025-09-15 20:23:31,712][src.utils.instantiators][INFO] - [rank: 0] Instantiating logger <lightning.pytorch.loggers.csv_logs.CSVLogger>
[2025-09-15 20:23:31,714][src.utils.launcher_utils][INFO] - [rank: 0] Instantiating trainer <lightning.pytorch.trainer.Trainer>
[2025-09-15 20:23:31,797][pytorch_lightning.utilities.rank_zero][INFO] - Using bfloat16 Automatic Mixed Precision (AMP)
[2025-09-15 20:23:31,798][pytorch_lightning.utilities.rank_zero][INFO] - Trainer already configured with model summary callbacks: [<class 'lightning.pytorch.callbacks.rich_model_summary.RichModelSummary'>]. Skipping setting a default `ModelSummary` callback.
[2025-09-15 20:23:31,832][pytorch_lightning.utilities.rank_zero][INFO] - GPU available: True (cuda), used: True
[2025-09-15 20:23:31,833][pytorch_lightning.utilities.rank_zero][INFO] - TPU available: False, using: 0 TPU cores
[2025-09-15 20:23:31,833][pytorch_lightning.utilities.rank_zero][INFO] - HPU available: False, using: 0 HPUs
[2025-09-15 20:23:31,834][src.utils.launcher_utils][INFO] - [rank: 0] Logging hyperparameters!
[2025-09-15 20:23:32,132][__main__][INFO] - [rank: 0] Starting training!
[2025-09-15 20:23:50,159][root][INFO] - Device cpu: Verbose mode enabled
[2025-09-15 20:23:50,254][root][INFO] - Device cpu: Using custom training loop function
[2025-09-15 20:23:50,525][pytorch_lightning.utilities.rank_zero][INFO] - ----------------------------------------------------------------------------------------------------
distributed_backend=nccl
All distributed processes registered. Starting with 2 processes
----------------------------------------------------------------------------------------------------

[2025-09-15 20:24:19,989][root][INFO] - Device cuda:0: Training layers one-at-a-time, each for 10 steps. Ensure that early stopping callbacks are disabled.
[2025-09-15 20:24:19,991][root][INFO] - Device cuda:1: Training layers one-at-a-time, each for 10 steps. Ensure that early stopping callbacks are disabled.
