[2025-11-12 23:14:12,193][src.utils.utils][INFO] - [rank: 0] Enforcing tags! <cfg.extras.enforce_tags=True>
[2025-11-12 23:14:12,203][src.utils.utils][WARNING] - [rank: 0] Config loss was not found in the config tree. Make sure this is expected.
[2025-11-12 23:14:12,204][src.utils.utils][WARNING] - [rank: 0] Config optim was not found in the config tree. Make sure this is expected.
[2025-11-12 23:14:12,204][src.utils.utils][WARNING] - [rank: 0] Config eval was not found in the config tree. Make sure this is expected.
[2025-11-12 23:14:15,205][src.utils.utils][INFO] - [rank: 0] Printing config tree with Rich! <cfg.extras.print_config=True>
[2025-11-12 23:14:15,209][src.utils.launcher_utils][INFO] - [rank: 0] Instantiating datamodule <src.data.loading.datamodules.sequence_datamodule.ItemDataModule>
[2025-11-12 23:14:16,140][src.utils.launcher_utils][INFO] - [rank: 0] Instantiating model <src.modules.semantic_embedding_inference_module.SemanticEmbeddingInferenceModule>
[2025-11-12 23:14:54,359][src.utils.launcher_utils][INFO] - [rank: 0] Instantiating callbacks...
[2025-11-12 23:14:54,360][src.utils.instantiators][INFO] - [rank: 0] Instantiating callback <src.utils.inference_utils.LocalPickleWriter>
[2025-11-12 23:14:54,585][src.utils.launcher_utils][INFO] - [rank: 0] Instantiating loggers...
[2025-11-12 23:14:54,586][src.utils.instantiators][INFO] - [rank: 0] Instantiating logger <lightning.pytorch.loggers.csv_logs.CSVLogger>
[2025-11-12 23:14:54,589][src.utils.launcher_utils][INFO] - [rank: 0] Instantiating trainer <lightning.pytorch.trainer.Trainer>
[2025-11-12 23:14:54,706][src.utils.launcher_utils][INFO] - [rank: 0] Logging hyperparameters!
[2025-11-12 23:14:54,931][__main__][INFO] - [rank: 0] Starting inference!
[2025-11-12 23:14:54,931][__main__][WARNING] - [rank: 0] No ckpt_path was provided. If using a model you trained, this is mandatory. Only leave ckpt_path=None if using a pre-trained model.
[2025-11-12 23:15:53,984][src.utils.inference_utils][INFO] - Rank 0 initialized for inference.
[2025-11-12 23:15:53,984][src.utils.inference_utils][INFO] - Rank 3 initialized for inference.
[2025-11-12 23:15:53,984][src.utils.inference_utils][INFO] - Rank 2 initialized for inference.
[2025-11-12 23:15:53,984][src.utils.inference_utils][INFO] - Rank 1 initialized for inference.
[2025-11-12 23:16:04,119][src.utils.inference_utils][INFO] - Global Rank: 1 wrote 64 rows to /data/mhwang/Rec/GRID/logs/inference/runs/2025-11-12/23-14-12/pickle/predictions_1_20251112T151604089.pkl.
[2025-11-12 23:16:04,155][src.utils.inference_utils][INFO] - Global Rank: 0 wrote 64 rows to /data/mhwang/Rec/GRID/logs/inference/runs/2025-11-12/23-14-12/pickle/predictions_0_20251112T151604128.pkl.
[2025-11-12 23:16:04,175][src.utils.inference_utils][INFO] - Global Rank: 3 wrote 64 rows to /data/mhwang/Rec/GRID/logs/inference/runs/2025-11-12/23-14-12/pickle/predictions_3_20251112T151604147.pkl.
[2025-11-12 23:16:04,324][src.utils.inference_utils][INFO] - Global Rank: 2 wrote 64 rows to /data/mhwang/Rec/GRID/logs/inference/runs/2025-11-12/23-14-12/pickle/predictions_2_20251112T151604294.pkl.
[2025-11-12 23:16:05,928][src.utils.inference_utils][INFO] - Global Rank: 1 wrote 64 rows to /data/mhwang/Rec/GRID/logs/inference/runs/2025-11-12/23-14-12/pickle/predictions_1_20251112T151605879.pkl.
[2025-11-12 23:16:05,933][src.utils.inference_utils][INFO] - Global Rank: 0 wrote 64 rows to /data/mhwang/Rec/GRID/logs/inference/runs/2025-11-12/23-14-12/pickle/predictions_0_20251112T151605898.pkl.
[2025-11-12 23:16:05,957][src.utils.inference_utils][INFO] - Global Rank: 3 wrote 64 rows to /data/mhwang/Rec/GRID/logs/inference/runs/2025-11-12/23-14-12/pickle/predictions_3_20251112T151605929.pkl.
[2025-11-12 23:16:06,098][src.utils.inference_utils][INFO] - Global Rank: 2 wrote 64 rows to /data/mhwang/Rec/GRID/logs/inference/runs/2025-11-12/23-14-12/pickle/predictions_2_20251112T151606067.pkl.
[2025-11-12 23:16:07,856][src.utils.inference_utils][INFO] - Global Rank: 0 wrote 64 rows to /data/mhwang/Rec/GRID/logs/inference/runs/2025-11-12/23-14-12/pickle/predictions_0_20251112T151607828.pkl.
[2025-11-12 23:16:07,872][src.utils.inference_utils][INFO] - Global Rank: 2 wrote 64 rows to /data/mhwang/Rec/GRID/logs/inference/runs/2025-11-12/23-14-12/pickle/predictions_2_20251112T151607845.pkl.
[2025-11-12 23:16:08,141][src.utils.inference_utils][INFO] - Global Rank: 3 wrote 64 rows to /data/mhwang/Rec/GRID/logs/inference/runs/2025-11-12/23-14-12/pickle/predictions_3_20251112T151608113.pkl.
[2025-11-12 23:16:08,176][src.utils.inference_utils][INFO] - Global Rank: 1 wrote 64 rows to /data/mhwang/Rec/GRID/logs/inference/runs/2025-11-12/23-14-12/pickle/predictions_1_20251112T151608150.pkl.
[2025-11-12 23:16:10,006][src.utils.inference_utils][INFO] - Global Rank: 1 wrote 64 rows to /data/mhwang/Rec/GRID/logs/inference/runs/2025-11-12/23-14-12/pickle/predictions_1_20251112T151609979.pkl.
[2025-11-12 23:16:10,024][src.utils.inference_utils][INFO] - Global Rank: 2 wrote 64 rows to /data/mhwang/Rec/GRID/logs/inference/runs/2025-11-12/23-14-12/pickle/predictions_2_20251112T151609995.pkl.
[2025-11-12 23:16:10,036][src.utils.inference_utils][INFO] - Global Rank: 0 wrote 64 rows to /data/mhwang/Rec/GRID/logs/inference/runs/2025-11-12/23-14-12/pickle/predictions_0_20251112T151610008.pkl.
[2025-11-12 23:16:10,090][src.utils.inference_utils][INFO] - Global Rank: 3 wrote 64 rows to /data/mhwang/Rec/GRID/logs/inference/runs/2025-11-12/23-14-12/pickle/predictions_3_20251112T151610061.pkl.
[2025-11-12 23:16:11,773][src.utils.inference_utils][INFO] - Global Rank: 1 wrote 64 rows to /data/mhwang/Rec/GRID/logs/inference/runs/2025-11-12/23-14-12/pickle/predictions_1_20251112T151611745.pkl.
[2025-11-12 23:16:11,780][src.utils.inference_utils][INFO] - Global Rank: 0 wrote 64 rows to /data/mhwang/Rec/GRID/logs/inference/runs/2025-11-12/23-14-12/pickle/predictions_0_20251112T151611754.pkl.
[2025-11-12 23:16:11,801][src.utils.inference_utils][INFO] - Global Rank: 3 wrote 64 rows to /data/mhwang/Rec/GRID/logs/inference/runs/2025-11-12/23-14-12/pickle/predictions_3_20251112T151611773.pkl.
[2025-11-12 23:16:11,996][src.utils.inference_utils][INFO] - Global Rank: 2 wrote 64 rows to /data/mhwang/Rec/GRID/logs/inference/runs/2025-11-12/23-14-12/pickle/predictions_2_20251112T151611968.pkl.
[2025-11-12 23:16:13,546][src.utils.inference_utils][INFO] - Global Rank: 3 wrote 64 rows to /data/mhwang/Rec/GRID/logs/inference/runs/2025-11-12/23-14-12/pickle/predictions_3_20251112T151613520.pkl.
[2025-11-12 23:16:13,559][src.utils.inference_utils][INFO] - Global Rank: 0 wrote 64 rows to /data/mhwang/Rec/GRID/logs/inference/runs/2025-11-12/23-14-12/pickle/predictions_0_20251112T151613531.pkl.
[2025-11-12 23:16:13,567][src.utils.inference_utils][INFO] - Global Rank: 1 wrote 64 rows to /data/mhwang/Rec/GRID/logs/inference/runs/2025-11-12/23-14-12/pickle/predictions_1_20251112T151613541.pkl.
[2025-11-12 23:16:13,695][src.utils.inference_utils][INFO] - Global Rank: 2 wrote 64 rows to /data/mhwang/Rec/GRID/logs/inference/runs/2025-11-12/23-14-12/pickle/predictions_2_20251112T151613671.pkl.
[2025-11-12 23:16:15,306][src.utils.inference_utils][INFO] - Global Rank: 3 wrote 64 rows to /data/mhwang/Rec/GRID/logs/inference/runs/2025-11-12/23-14-12/pickle/predictions_3_20251112T151615281.pkl.
[2025-11-12 23:16:15,344][src.utils.inference_utils][INFO] - Global Rank: 0 wrote 64 rows to /data/mhwang/Rec/GRID/logs/inference/runs/2025-11-12/23-14-12/pickle/predictions_0_20251112T151615315.pkl.
[2025-11-12 23:16:15,453][src.utils.inference_utils][INFO] - Global Rank: 2 wrote 64 rows to /data/mhwang/Rec/GRID/logs/inference/runs/2025-11-12/23-14-12/pickle/predictions_2_20251112T151615425.pkl.
[2025-11-12 23:16:15,568][src.utils.inference_utils][INFO] - Global Rank: 1 wrote 64 rows to /data/mhwang/Rec/GRID/logs/inference/runs/2025-11-12/23-14-12/pickle/predictions_1_20251112T151615543.pkl.
[2025-11-12 23:16:17,215][src.utils.inference_utils][INFO] - Global Rank: 2 wrote 64 rows to /data/mhwang/Rec/GRID/logs/inference/runs/2025-11-12/23-14-12/pickle/predictions_2_20251112T151617189.pkl.
[2025-11-12 23:16:17,440][src.utils.inference_utils][INFO] - Global Rank: 3 wrote 64 rows to /data/mhwang/Rec/GRID/logs/inference/runs/2025-11-12/23-14-12/pickle/predictions_3_20251112T151617413.pkl.
[2025-11-12 23:16:17,564][src.utils.inference_utils][INFO] - Global Rank: 0 wrote 64 rows to /data/mhwang/Rec/GRID/logs/inference/runs/2025-11-12/23-14-12/pickle/predictions_0_20251112T151617538.pkl.
[2025-11-12 23:16:17,712][src.utils.inference_utils][INFO] - Global Rank: 1 wrote 64 rows to /data/mhwang/Rec/GRID/logs/inference/runs/2025-11-12/23-14-12/pickle/predictions_1_20251112T151617687.pkl.
[2025-11-12 23:16:19,386][src.utils.inference_utils][INFO] - Global Rank: 2 wrote 64 rows to /data/mhwang/Rec/GRID/logs/inference/runs/2025-11-12/23-14-12/pickle/predictions_2_20251112T151619361.pkl.
[2025-11-12 23:16:19,433][src.utils.inference_utils][INFO] - Global Rank: 3 wrote 64 rows to /data/mhwang/Rec/GRID/logs/inference/runs/2025-11-12/23-14-12/pickle/predictions_3_20251112T151619408.pkl.
[2025-11-12 23:16:19,440][src.utils.inference_utils][INFO] - Global Rank: 0 wrote 64 rows to /data/mhwang/Rec/GRID/logs/inference/runs/2025-11-12/23-14-12/pickle/predictions_0_20251112T151619414.pkl.
[2025-11-12 23:16:19,442][src.utils.inference_utils][INFO] - Global Rank: 1 wrote 64 rows to /data/mhwang/Rec/GRID/logs/inference/runs/2025-11-12/23-14-12/pickle/predictions_1_20251112T151619415.pkl.
[2025-11-12 23:16:21,144][src.utils.inference_utils][INFO] - Global Rank: 3 wrote 64 rows to /data/mhwang/Rec/GRID/logs/inference/runs/2025-11-12/23-14-12/pickle/predictions_3_20251112T151621117.pkl.
[2025-11-12 23:16:21,200][src.utils.inference_utils][INFO] - Global Rank: 0 wrote 64 rows to /data/mhwang/Rec/GRID/logs/inference/runs/2025-11-12/23-14-12/pickle/predictions_0_20251112T151621174.pkl.
[2025-11-12 23:16:21,208][src.utils.inference_utils][INFO] - Global Rank: 1 wrote 64 rows to /data/mhwang/Rec/GRID/logs/inference/runs/2025-11-12/23-14-12/pickle/predictions_1_20251112T151621182.pkl.
[2025-11-12 23:16:21,335][src.utils.inference_utils][INFO] - Global Rank: 2 wrote 64 rows to /data/mhwang/Rec/GRID/logs/inference/runs/2025-11-12/23-14-12/pickle/predictions_2_20251112T151621308.pkl.
[2025-11-12 23:16:22,937][src.utils.inference_utils][INFO] - Global Rank: 3 wrote 64 rows to /data/mhwang/Rec/GRID/logs/inference/runs/2025-11-12/23-14-12/pickle/predictions_3_20251112T151622909.pkl.
[2025-11-12 23:16:22,978][src.utils.inference_utils][INFO] - Global Rank: 0 wrote 64 rows to /data/mhwang/Rec/GRID/logs/inference/runs/2025-11-12/23-14-12/pickle/predictions_0_20251112T151622952.pkl.
[2025-11-12 23:16:22,994][src.utils.inference_utils][INFO] - Global Rank: 1 wrote 64 rows to /data/mhwang/Rec/GRID/logs/inference/runs/2025-11-12/23-14-12/pickle/predictions_1_20251112T151622969.pkl.
[2025-11-12 23:16:23,045][src.utils.inference_utils][INFO] - Global Rank: 2 wrote 64 rows to /data/mhwang/Rec/GRID/logs/inference/runs/2025-11-12/23-14-12/pickle/predictions_2_20251112T151623020.pkl.
[2025-11-12 23:16:24,735][src.utils.inference_utils][INFO] - Global Rank: 3 wrote 64 rows to /data/mhwang/Rec/GRID/logs/inference/runs/2025-11-12/23-14-12/pickle/predictions_3_20251112T151624706.pkl.
[2025-11-12 23:16:24,779][src.utils.inference_utils][INFO] - Global Rank: 0 wrote 64 rows to /data/mhwang/Rec/GRID/logs/inference/runs/2025-11-12/23-14-12/pickle/predictions_0_20251112T151624751.pkl.
[2025-11-12 23:16:24,822][src.utils.inference_utils][INFO] - Global Rank: 2 wrote 64 rows to /data/mhwang/Rec/GRID/logs/inference/runs/2025-11-12/23-14-12/pickle/predictions_2_20251112T151624795.pkl.
[2025-11-12 23:16:25,184][src.utils.inference_utils][INFO] - Global Rank: 1 wrote 64 rows to /data/mhwang/Rec/GRID/logs/inference/runs/2025-11-12/23-14-12/pickle/predictions_1_20251112T151625160.pkl.
[2025-11-12 23:16:26,643][src.utils.inference_utils][INFO] - Global Rank: 2 wrote 64 rows to /data/mhwang/Rec/GRID/logs/inference/runs/2025-11-12/23-14-12/pickle/predictions_2_20251112T151626609.pkl.
[2025-11-12 23:16:26,996][src.utils.inference_utils][INFO] - Global Rank: 3 wrote 64 rows to /data/mhwang/Rec/GRID/logs/inference/runs/2025-11-12/23-14-12/pickle/predictions_3_20251112T151626962.pkl.
[2025-11-12 23:16:27,001][src.utils.inference_utils][INFO] - Global Rank: 0 wrote 64 rows to /data/mhwang/Rec/GRID/logs/inference/runs/2025-11-12/23-14-12/pickle/predictions_0_20251112T151626975.pkl.
[2025-11-12 23:16:27,223][src.utils.inference_utils][INFO] - Global Rank: 1 wrote 64 rows to /data/mhwang/Rec/GRID/logs/inference/runs/2025-11-12/23-14-12/pickle/predictions_1_20251112T151627197.pkl.
[2025-11-12 23:16:28,759][src.utils.inference_utils][INFO] - Global Rank: 2 wrote 64 rows to /data/mhwang/Rec/GRID/logs/inference/runs/2025-11-12/23-14-12/pickle/predictions_2_20251112T151628730.pkl.
[2025-11-12 23:16:28,777][src.utils.inference_utils][INFO] - Global Rank: 3 wrote 64 rows to /data/mhwang/Rec/GRID/logs/inference/runs/2025-11-12/23-14-12/pickle/predictions_3_20251112T151628752.pkl.
[2025-11-12 23:16:28,811][src.utils.inference_utils][INFO] - Global Rank: 0 wrote 64 rows to /data/mhwang/Rec/GRID/logs/inference/runs/2025-11-12/23-14-12/pickle/predictions_0_20251112T151628786.pkl.
[2025-11-12 23:16:29,125][src.utils.inference_utils][INFO] - Global Rank: 1 wrote 64 rows to /data/mhwang/Rec/GRID/logs/inference/runs/2025-11-12/23-14-12/pickle/predictions_1_20251112T151629099.pkl.
[2025-11-12 23:16:30,533][src.utils.inference_utils][INFO] - Global Rank: 3 wrote 64 rows to /data/mhwang/Rec/GRID/logs/inference/runs/2025-11-12/23-14-12/pickle/predictions_3_20251112T151630507.pkl.
[2025-11-12 23:16:30,562][src.utils.inference_utils][INFO] - Global Rank: 0 wrote 64 rows to /data/mhwang/Rec/GRID/logs/inference/runs/2025-11-12/23-14-12/pickle/predictions_0_20251112T151630538.pkl.
[2025-11-12 23:16:30,662][src.utils.inference_utils][INFO] - Global Rank: 2 wrote 64 rows to /data/mhwang/Rec/GRID/logs/inference/runs/2025-11-12/23-14-12/pickle/predictions_2_20251112T151630636.pkl.
[2025-11-12 23:16:30,929][src.utils.inference_utils][INFO] - Global Rank: 1 wrote 64 rows to /data/mhwang/Rec/GRID/logs/inference/runs/2025-11-12/23-14-12/pickle/predictions_1_20251112T151630904.pkl.
[2025-11-12 23:16:32,334][src.utils.inference_utils][INFO] - Global Rank: 0 wrote 64 rows to /data/mhwang/Rec/GRID/logs/inference/runs/2025-11-12/23-14-12/pickle/predictions_0_20251112T151632308.pkl.
[2025-11-12 23:16:32,335][src.utils.inference_utils][INFO] - Global Rank: 3 wrote 64 rows to /data/mhwang/Rec/GRID/logs/inference/runs/2025-11-12/23-14-12/pickle/predictions_3_20251112T151632306.pkl.
[2025-11-12 23:16:32,415][src.utils.inference_utils][INFO] - Global Rank: 2 wrote 64 rows to /data/mhwang/Rec/GRID/logs/inference/runs/2025-11-12/23-14-12/pickle/predictions_2_20251112T151632390.pkl.
[2025-11-12 23:16:32,934][src.utils.inference_utils][INFO] - Global Rank: 1 wrote 64 rows to /data/mhwang/Rec/GRID/logs/inference/runs/2025-11-12/23-14-12/pickle/predictions_1_20251112T151632909.pkl.
[2025-11-12 23:16:34,137][src.utils.inference_utils][INFO] - Global Rank: 0 wrote 64 rows to /data/mhwang/Rec/GRID/logs/inference/runs/2025-11-12/23-14-12/pickle/predictions_0_20251112T151634113.pkl.
[2025-11-12 23:16:34,186][src.utils.inference_utils][INFO] - Global Rank: 2 wrote 64 rows to /data/mhwang/Rec/GRID/logs/inference/runs/2025-11-12/23-14-12/pickle/predictions_2_20251112T151634160.pkl.
[2025-11-12 23:16:34,497][src.utils.inference_utils][INFO] - Global Rank: 3 wrote 64 rows to /data/mhwang/Rec/GRID/logs/inference/runs/2025-11-12/23-14-12/pickle/predictions_3_20251112T151634464.pkl.
[2025-11-12 23:16:35,049][src.utils.inference_utils][INFO] - Global Rank: 1 wrote 64 rows to /data/mhwang/Rec/GRID/logs/inference/runs/2025-11-12/23-14-12/pickle/predictions_1_20251112T151635024.pkl.
[2025-11-12 23:16:36,045][src.utils.inference_utils][INFO] - Global Rank: 2 wrote 64 rows to /data/mhwang/Rec/GRID/logs/inference/runs/2025-11-12/23-14-12/pickle/predictions_2_20251112T151636019.pkl.
[2025-11-12 23:16:36,379][src.utils.inference_utils][INFO] - Global Rank: 0 wrote 64 rows to /data/mhwang/Rec/GRID/logs/inference/runs/2025-11-12/23-14-12/pickle/predictions_0_20251112T151636352.pkl.
[2025-11-12 23:16:36,466][src.utils.inference_utils][INFO] - Global Rank: 3 wrote 64 rows to /data/mhwang/Rec/GRID/logs/inference/runs/2025-11-12/23-14-12/pickle/predictions_3_20251112T151636439.pkl.
[2025-11-12 23:16:36,791][src.utils.inference_utils][INFO] - Global Rank: 1 wrote 64 rows to /data/mhwang/Rec/GRID/logs/inference/runs/2025-11-12/23-14-12/pickle/predictions_1_20251112T151636767.pkl.
[2025-11-12 23:16:38,220][src.utils.inference_utils][INFO] - Global Rank: 0 wrote 64 rows to /data/mhwang/Rec/GRID/logs/inference/runs/2025-11-12/23-14-12/pickle/predictions_0_20251112T151638195.pkl.
[2025-11-12 23:16:38,227][src.utils.inference_utils][INFO] - Global Rank: 3 wrote 64 rows to /data/mhwang/Rec/GRID/logs/inference/runs/2025-11-12/23-14-12/pickle/predictions_3_20251112T151638200.pkl.
[2025-11-12 23:16:38,250][src.utils.inference_utils][INFO] - Global Rank: 2 wrote 64 rows to /data/mhwang/Rec/GRID/logs/inference/runs/2025-11-12/23-14-12/pickle/predictions_2_20251112T151638223.pkl.
[2025-11-12 23:16:38,572][src.utils.inference_utils][INFO] - Global Rank: 1 wrote 64 rows to /data/mhwang/Rec/GRID/logs/inference/runs/2025-11-12/23-14-12/pickle/predictions_1_20251112T151638547.pkl.
[2025-11-12 23:16:39,990][src.utils.inference_utils][INFO] - Global Rank: 0 wrote 64 rows to /data/mhwang/Rec/GRID/logs/inference/runs/2025-11-12/23-14-12/pickle/predictions_0_20251112T151639965.pkl.
[2025-11-12 23:16:40,001][src.utils.inference_utils][INFO] - Global Rank: 3 wrote 64 rows to /data/mhwang/Rec/GRID/logs/inference/runs/2025-11-12/23-14-12/pickle/predictions_3_20251112T151639973.pkl.
[2025-11-12 23:16:40,032][src.utils.inference_utils][INFO] - Global Rank: 2 wrote 64 rows to /data/mhwang/Rec/GRID/logs/inference/runs/2025-11-12/23-14-12/pickle/predictions_2_20251112T151640006.pkl.
[2025-11-12 23:16:40,369][src.utils.inference_utils][INFO] - Global Rank: 1 wrote 64 rows to /data/mhwang/Rec/GRID/logs/inference/runs/2025-11-12/23-14-12/pickle/predictions_1_20251112T151640344.pkl.
[2025-11-12 23:16:41,797][src.utils.inference_utils][INFO] - Global Rank: 0 wrote 64 rows to /data/mhwang/Rec/GRID/logs/inference/runs/2025-11-12/23-14-12/pickle/predictions_0_20251112T151641769.pkl.
[2025-11-12 23:16:41,803][src.utils.inference_utils][INFO] - Global Rank: 2 wrote 64 rows to /data/mhwang/Rec/GRID/logs/inference/runs/2025-11-12/23-14-12/pickle/predictions_2_20251112T151641777.pkl.
[2025-11-12 23:16:41,805][src.utils.inference_utils][INFO] - Global Rank: 3 wrote 64 rows to /data/mhwang/Rec/GRID/logs/inference/runs/2025-11-12/23-14-12/pickle/predictions_3_20251112T151641780.pkl.
[2025-11-12 23:16:42,528][src.utils.inference_utils][INFO] - Global Rank: 1 wrote 64 rows to /data/mhwang/Rec/GRID/logs/inference/runs/2025-11-12/23-14-12/pickle/predictions_1_20251112T151642503.pkl.
[2025-11-12 23:16:43,601][src.utils.inference_utils][INFO] - Global Rank: 2 wrote 64 rows to /data/mhwang/Rec/GRID/logs/inference/runs/2025-11-12/23-14-12/pickle/predictions_2_20251112T151643575.pkl.
[2025-11-12 23:16:44,052][src.utils.inference_utils][INFO] - Global Rank: 3 wrote 64 rows to /data/mhwang/Rec/GRID/logs/inference/runs/2025-11-12/23-14-12/pickle/predictions_3_20251112T151644026.pkl.
[2025-11-12 23:16:44,069][src.utils.inference_utils][INFO] - Global Rank: 0 wrote 64 rows to /data/mhwang/Rec/GRID/logs/inference/runs/2025-11-12/23-14-12/pickle/predictions_0_20251112T151644041.pkl.
[2025-11-12 23:16:44,537][src.utils.inference_utils][INFO] - Global Rank: 1 wrote 64 rows to /data/mhwang/Rec/GRID/logs/inference/runs/2025-11-12/23-14-12/pickle/predictions_1_20251112T151644512.pkl.
[2025-11-12 23:16:45,771][src.utils.inference_utils][INFO] - Global Rank: 2 wrote 64 rows to /data/mhwang/Rec/GRID/logs/inference/runs/2025-11-12/23-14-12/pickle/predictions_2_20251112T151645745.pkl.
[2025-11-12 23:16:45,885][src.utils.inference_utils][INFO] - Global Rank: 3 wrote 64 rows to /data/mhwang/Rec/GRID/logs/inference/runs/2025-11-12/23-14-12/pickle/predictions_3_20251112T151645860.pkl.
[2025-11-12 23:16:45,996][src.utils.inference_utils][INFO] - Global Rank: 0 wrote 64 rows to /data/mhwang/Rec/GRID/logs/inference/runs/2025-11-12/23-14-12/pickle/predictions_0_20251112T151645964.pkl.
[2025-11-12 23:16:46,265][src.utils.inference_utils][INFO] - Global Rank: 1 wrote 64 rows to /data/mhwang/Rec/GRID/logs/inference/runs/2025-11-12/23-14-12/pickle/predictions_1_20251112T151646240.pkl.
[2025-11-12 23:16:47,651][src.utils.inference_utils][INFO] - Global Rank: 3 wrote 64 rows to /data/mhwang/Rec/GRID/logs/inference/runs/2025-11-12/23-14-12/pickle/predictions_3_20251112T151647627.pkl.
[2025-11-12 23:16:47,781][src.utils.inference_utils][INFO] - Global Rank: 2 wrote 64 rows to /data/mhwang/Rec/GRID/logs/inference/runs/2025-11-12/23-14-12/pickle/predictions_2_20251112T151647755.pkl.
[2025-11-12 23:16:47,808][src.utils.inference_utils][INFO] - Global Rank: 0 wrote 64 rows to /data/mhwang/Rec/GRID/logs/inference/runs/2025-11-12/23-14-12/pickle/predictions_0_20251112T151647775.pkl.
[2025-11-12 23:16:48,068][src.utils.inference_utils][INFO] - Global Rank: 1 wrote 64 rows to /data/mhwang/Rec/GRID/logs/inference/runs/2025-11-12/23-14-12/pickle/predictions_1_20251112T151648043.pkl.
[2025-11-12 23:16:49,434][src.utils.inference_utils][INFO] - Global Rank: 3 wrote 64 rows to /data/mhwang/Rec/GRID/logs/inference/runs/2025-11-12/23-14-12/pickle/predictions_3_20251112T151649409.pkl.
[2025-11-12 23:16:49,496][src.utils.inference_utils][INFO] - Global Rank: 2 wrote 64 rows to /data/mhwang/Rec/GRID/logs/inference/runs/2025-11-12/23-14-12/pickle/predictions_2_20251112T151649470.pkl.
[2025-11-12 23:16:49,622][src.utils.inference_utils][INFO] - Global Rank: 0 wrote 64 rows to /data/mhwang/Rec/GRID/logs/inference/runs/2025-11-12/23-14-12/pickle/predictions_0_20251112T151649592.pkl.
[2025-11-12 23:16:49,894][src.utils.inference_utils][INFO] - Global Rank: 1 wrote 64 rows to /data/mhwang/Rec/GRID/logs/inference/runs/2025-11-12/23-14-12/pickle/predictions_1_20251112T151649868.pkl.
[2025-11-12 23:16:51,258][src.utils.inference_utils][INFO] - Global Rank: 2 wrote 64 rows to /data/mhwang/Rec/GRID/logs/inference/runs/2025-11-12/23-14-12/pickle/predictions_2_20251112T151651228.pkl.
[2025-11-12 23:16:51,629][src.utils.inference_utils][INFO] - Global Rank: 3 wrote 64 rows to /data/mhwang/Rec/GRID/logs/inference/runs/2025-11-12/23-14-12/pickle/predictions_3_20251112T151651597.pkl.
[2025-11-12 23:16:51,938][src.utils.inference_utils][INFO] - Global Rank: 0 wrote 64 rows to /data/mhwang/Rec/GRID/logs/inference/runs/2025-11-12/23-14-12/pickle/predictions_0_20251112T151651904.pkl.
[2025-11-12 23:16:52,196][src.utils.inference_utils][INFO] - Global Rank: 1 wrote 64 rows to /data/mhwang/Rec/GRID/logs/inference/runs/2025-11-12/23-14-12/pickle/predictions_1_20251112T151652166.pkl.
[2025-11-12 23:16:53,056][src.utils.inference_utils][INFO] - Global Rank: 2 wrote 64 rows to /data/mhwang/Rec/GRID/logs/inference/runs/2025-11-12/23-14-12/pickle/predictions_2_20251112T151653030.pkl.
[2025-11-12 23:16:53,660][src.utils.inference_utils][INFO] - Global Rank: 3 wrote 64 rows to /data/mhwang/Rec/GRID/logs/inference/runs/2025-11-12/23-14-12/pickle/predictions_3_20251112T151653630.pkl.
[2025-11-12 23:16:53,801][src.utils.inference_utils][INFO] - Global Rank: 0 wrote 64 rows to /data/mhwang/Rec/GRID/logs/inference/runs/2025-11-12/23-14-12/pickle/predictions_0_20251112T151653775.pkl.
[2025-11-12 23:16:54,029][src.utils.inference_utils][INFO] - Global Rank: 1 wrote 64 rows to /data/mhwang/Rec/GRID/logs/inference/runs/2025-11-12/23-14-12/pickle/predictions_1_20251112T151654004.pkl.
[2025-11-12 23:16:55,203][src.utils.inference_utils][INFO] - Global Rank: 2 wrote 64 rows to /data/mhwang/Rec/GRID/logs/inference/runs/2025-11-12/23-14-12/pickle/predictions_2_20251112T151655177.pkl.
[2025-11-12 23:16:55,371][src.utils.inference_utils][INFO] - Global Rank: 3 wrote 64 rows to /data/mhwang/Rec/GRID/logs/inference/runs/2025-11-12/23-14-12/pickle/predictions_3_20251112T151655343.pkl.
[2025-11-12 23:16:55,592][src.utils.inference_utils][INFO] - Global Rank: 0 wrote 64 rows to /data/mhwang/Rec/GRID/logs/inference/runs/2025-11-12/23-14-12/pickle/predictions_0_20251112T151655565.pkl.
[2025-11-12 23:16:55,809][src.utils.inference_utils][INFO] - Global Rank: 1 wrote 64 rows to /data/mhwang/Rec/GRID/logs/inference/runs/2025-11-12/23-14-12/pickle/predictions_1_20251112T151655783.pkl.
[2025-11-12 23:16:57,160][src.utils.inference_utils][INFO] - Global Rank: 3 wrote 64 rows to /data/mhwang/Rec/GRID/logs/inference/runs/2025-11-12/23-14-12/pickle/predictions_3_20251112T151657131.pkl.
[2025-11-12 23:16:57,208][src.utils.inference_utils][INFO] - Global Rank: 2 wrote 64 rows to /data/mhwang/Rec/GRID/logs/inference/runs/2025-11-12/23-14-12/pickle/predictions_2_20251112T151657182.pkl.
[2025-11-12 23:16:57,389][src.utils.inference_utils][INFO] - Global Rank: 0 wrote 64 rows to /data/mhwang/Rec/GRID/logs/inference/runs/2025-11-12/23-14-12/pickle/predictions_0_20251112T151657360.pkl.
[2025-11-12 23:16:57,612][src.utils.inference_utils][INFO] - Global Rank: 1 wrote 64 rows to /data/mhwang/Rec/GRID/logs/inference/runs/2025-11-12/23-14-12/pickle/predictions_1_20251112T151657588.pkl.
[2025-11-12 23:16:58,926][src.utils.inference_utils][INFO] - Global Rank: 2 wrote 64 rows to /data/mhwang/Rec/GRID/logs/inference/runs/2025-11-12/23-14-12/pickle/predictions_2_20251112T151658900.pkl.
[2025-11-12 23:16:58,929][src.utils.inference_utils][INFO] - Global Rank: 3 wrote 64 rows to /data/mhwang/Rec/GRID/logs/inference/runs/2025-11-12/23-14-12/pickle/predictions_3_20251112T151658904.pkl.
[2025-11-12 23:16:59,437][src.utils.inference_utils][INFO] - Global Rank: 1 wrote 64 rows to /data/mhwang/Rec/GRID/logs/inference/runs/2025-11-12/23-14-12/pickle/predictions_1_20251112T151659412.pkl.
[2025-11-12 23:16:59,593][src.utils.inference_utils][INFO] - Global Rank: 0 wrote 64 rows to /data/mhwang/Rec/GRID/logs/inference/runs/2025-11-12/23-14-12/pickle/predictions_0_20251112T151659565.pkl.
[2025-11-12 23:17:00,720][src.utils.inference_utils][INFO] - Global Rank: 2 wrote 64 rows to /data/mhwang/Rec/GRID/logs/inference/runs/2025-11-12/23-14-12/pickle/predictions_2_20251112T151700693.pkl.
[2025-11-12 23:17:01,083][src.utils.inference_utils][INFO] - Global Rank: 3 wrote 64 rows to /data/mhwang/Rec/GRID/logs/inference/runs/2025-11-12/23-14-12/pickle/predictions_3_20251112T151701055.pkl.
[2025-11-12 23:17:01,593][src.utils.inference_utils][INFO] - Global Rank: 0 wrote 64 rows to /data/mhwang/Rec/GRID/logs/inference/runs/2025-11-12/23-14-12/pickle/predictions_0_20251112T151701567.pkl.
[2025-11-12 23:17:01,675][src.utils.inference_utils][INFO] - Global Rank: 1 wrote 64 rows to /data/mhwang/Rec/GRID/logs/inference/runs/2025-11-12/23-14-12/pickle/predictions_1_20251112T151701650.pkl.
[2025-11-12 23:17:02,496][src.utils.inference_utils][INFO] - Global Rank: 2 wrote 64 rows to /data/mhwang/Rec/GRID/logs/inference/runs/2025-11-12/23-14-12/pickle/predictions_2_20251112T151702471.pkl.
[2025-11-12 23:17:03,071][src.utils.inference_utils][INFO] - Global Rank: 3 wrote 64 rows to /data/mhwang/Rec/GRID/logs/inference/runs/2025-11-12/23-14-12/pickle/predictions_3_20251112T151703047.pkl.
[2025-11-12 23:17:03,341][src.utils.inference_utils][INFO] - Global Rank: 0 wrote 64 rows to /data/mhwang/Rec/GRID/logs/inference/runs/2025-11-12/23-14-12/pickle/predictions_0_20251112T151703315.pkl.
[2025-11-12 23:17:03,523][src.utils.inference_utils][INFO] - Global Rank: 1 wrote 64 rows to /data/mhwang/Rec/GRID/logs/inference/runs/2025-11-12/23-14-12/pickle/predictions_1_20251112T151703498.pkl.
[2025-11-12 23:17:04,656][src.utils.inference_utils][INFO] - Global Rank: 2 wrote 64 rows to /data/mhwang/Rec/GRID/logs/inference/runs/2025-11-12/23-14-12/pickle/predictions_2_20251112T151704632.pkl.
[2025-11-12 23:17:04,798][src.utils.inference_utils][INFO] - Global Rank: 3 wrote 64 rows to /data/mhwang/Rec/GRID/logs/inference/runs/2025-11-12/23-14-12/pickle/predictions_3_20251112T151704773.pkl.
[2025-11-12 23:17:05,137][src.utils.inference_utils][INFO] - Global Rank: 0 wrote 64 rows to /data/mhwang/Rec/GRID/logs/inference/runs/2025-11-12/23-14-12/pickle/predictions_0_20251112T151705112.pkl.
[2025-11-12 23:17:05,316][src.utils.inference_utils][INFO] - Global Rank: 1 wrote 64 rows to /data/mhwang/Rec/GRID/logs/inference/runs/2025-11-12/23-14-12/pickle/predictions_1_20251112T151705292.pkl.
[2025-11-12 23:17:06,565][src.utils.inference_utils][INFO] - Global Rank: 3 wrote 64 rows to /data/mhwang/Rec/GRID/logs/inference/runs/2025-11-12/23-14-12/pickle/predictions_3_20251112T151706540.pkl.
[2025-11-12 23:17:06,662][src.utils.inference_utils][INFO] - Global Rank: 2 wrote 64 rows to /data/mhwang/Rec/GRID/logs/inference/runs/2025-11-12/23-14-12/pickle/predictions_2_20251112T151706636.pkl.
[2025-11-12 23:17:07,026][src.utils.inference_utils][INFO] - Global Rank: 0 wrote 64 rows to /data/mhwang/Rec/GRID/logs/inference/runs/2025-11-12/23-14-12/pickle/predictions_0_20251112T151706997.pkl.
[2025-11-12 23:17:07,126][src.utils.inference_utils][INFO] - Global Rank: 1 wrote 64 rows to /data/mhwang/Rec/GRID/logs/inference/runs/2025-11-12/23-14-12/pickle/predictions_1_20251112T151707101.pkl.
[2025-11-12 23:17:08,340][src.utils.inference_utils][INFO] - Global Rank: 3 wrote 64 rows to /data/mhwang/Rec/GRID/logs/inference/runs/2025-11-12/23-14-12/pickle/predictions_3_20251112T151708313.pkl.
[2025-11-12 23:17:08,384][src.utils.inference_utils][INFO] - Global Rank: 2 wrote 64 rows to /data/mhwang/Rec/GRID/logs/inference/runs/2025-11-12/23-14-12/pickle/predictions_2_20251112T151708357.pkl.
[2025-11-12 23:17:09,125][src.utils.inference_utils][INFO] - Global Rank: 1 wrote 64 rows to /data/mhwang/Rec/GRID/logs/inference/runs/2025-11-12/23-14-12/pickle/predictions_1_20251112T151709099.pkl.
[2025-11-12 23:17:09,286][src.utils.inference_utils][INFO] - Global Rank: 0 wrote 64 rows to /data/mhwang/Rec/GRID/logs/inference/runs/2025-11-12/23-14-12/pickle/predictions_0_20251112T151709259.pkl.
[2025-11-12 23:17:10,151][src.utils.inference_utils][INFO] - Global Rank: 2 wrote 64 rows to /data/mhwang/Rec/GRID/logs/inference/runs/2025-11-12/23-14-12/pickle/predictions_2_20251112T151710126.pkl.
[2025-11-12 23:17:10,492][src.utils.inference_utils][INFO] - Global Rank: 3 wrote 64 rows to /data/mhwang/Rec/GRID/logs/inference/runs/2025-11-12/23-14-12/pickle/predictions_3_20251112T151710468.pkl.
[2025-11-12 23:17:11,096][src.utils.inference_utils][INFO] - Global Rank: 0 wrote 64 rows to /data/mhwang/Rec/GRID/logs/inference/runs/2025-11-12/23-14-12/pickle/predictions_0_20251112T151711067.pkl.
[2025-11-12 23:17:11,285][src.utils.inference_utils][INFO] - Global Rank: 1 wrote 64 rows to /data/mhwang/Rec/GRID/logs/inference/runs/2025-11-12/23-14-12/pickle/predictions_1_20251112T151711257.pkl.
[2025-11-12 23:17:11,926][src.utils.inference_utils][INFO] - Global Rank: 2 wrote 64 rows to /data/mhwang/Rec/GRID/logs/inference/runs/2025-11-12/23-14-12/pickle/predictions_2_20251112T151711901.pkl.
[2025-11-12 23:17:12,510][src.utils.inference_utils][INFO] - Global Rank: 3 wrote 64 rows to /data/mhwang/Rec/GRID/logs/inference/runs/2025-11-12/23-14-12/pickle/predictions_3_20251112T151712484.pkl.
[2025-11-12 23:17:12,893][src.utils.inference_utils][INFO] - Global Rank: 0 wrote 64 rows to /data/mhwang/Rec/GRID/logs/inference/runs/2025-11-12/23-14-12/pickle/predictions_0_20251112T151712866.pkl.
[2025-11-12 23:17:12,994][src.utils.inference_utils][INFO] - Global Rank: 1 wrote 64 rows to /data/mhwang/Rec/GRID/logs/inference/runs/2025-11-12/23-14-12/pickle/predictions_1_20251112T151712969.pkl.
[2025-11-12 23:17:14,091][src.utils.inference_utils][INFO] - Global Rank: 2 wrote 64 rows to /data/mhwang/Rec/GRID/logs/inference/runs/2025-11-12/23-14-12/pickle/predictions_2_20251112T151714067.pkl.
[2025-11-12 23:17:14,230][src.utils.inference_utils][INFO] - Global Rank: 3 wrote 64 rows to /data/mhwang/Rec/GRID/logs/inference/runs/2025-11-12/23-14-12/pickle/predictions_3_20251112T151714206.pkl.
[2025-11-12 23:17:14,703][src.utils.inference_utils][INFO] - Global Rank: 0 wrote 64 rows to /data/mhwang/Rec/GRID/logs/inference/runs/2025-11-12/23-14-12/pickle/predictions_0_20251112T151714674.pkl.
[2025-11-12 23:17:14,775][src.utils.inference_utils][INFO] - Global Rank: 1 wrote 64 rows to /data/mhwang/Rec/GRID/logs/inference/runs/2025-11-12/23-14-12/pickle/predictions_1_20251112T151714750.pkl.
[2025-11-12 23:17:16,003][src.utils.inference_utils][INFO] - Global Rank: 3 wrote 64 rows to /data/mhwang/Rec/GRID/logs/inference/runs/2025-11-12/23-14-12/pickle/predictions_3_20251112T151715976.pkl.
[2025-11-12 23:17:16,101][src.utils.inference_utils][INFO] - Global Rank: 2 wrote 64 rows to /data/mhwang/Rec/GRID/logs/inference/runs/2025-11-12/23-14-12/pickle/predictions_2_20251112T151716077.pkl.
[2025-11-12 23:17:16,588][src.utils.inference_utils][INFO] - Global Rank: 1 wrote 64 rows to /data/mhwang/Rec/GRID/logs/inference/runs/2025-11-12/23-14-12/pickle/predictions_1_20251112T151716558.pkl.
[2025-11-12 23:17:16,955][src.utils.inference_utils][INFO] - Global Rank: 0 wrote 64 rows to /data/mhwang/Rec/GRID/logs/inference/runs/2025-11-12/23-14-12/pickle/predictions_0_20251112T151716922.pkl.
[2025-11-12 23:17:17,779][src.utils.inference_utils][INFO] - Global Rank: 3 wrote 64 rows to /data/mhwang/Rec/GRID/logs/inference/runs/2025-11-12/23-14-12/pickle/predictions_3_20251112T151717749.pkl.
[2025-11-12 23:17:17,830][src.utils.inference_utils][INFO] - Global Rank: 2 wrote 64 rows to /data/mhwang/Rec/GRID/logs/inference/runs/2025-11-12/23-14-12/pickle/predictions_2_20251112T151717798.pkl.
[2025-11-12 23:17:18,766][src.utils.inference_utils][INFO] - Global Rank: 1 wrote 64 rows to /data/mhwang/Rec/GRID/logs/inference/runs/2025-11-12/23-14-12/pickle/predictions_1_20251112T151718736.pkl.
[2025-11-12 23:17:18,845][src.utils.inference_utils][INFO] - Global Rank: 0 wrote 64 rows to /data/mhwang/Rec/GRID/logs/inference/runs/2025-11-12/23-14-12/pickle/predictions_0_20251112T151718817.pkl.
[2025-11-12 23:17:19,602][src.utils.inference_utils][INFO] - Global Rank: 2 wrote 64 rows to /data/mhwang/Rec/GRID/logs/inference/runs/2025-11-12/23-14-12/pickle/predictions_2_20251112T151719577.pkl.
[2025-11-12 23:17:19,931][src.utils.inference_utils][INFO] - Global Rank: 3 wrote 64 rows to /data/mhwang/Rec/GRID/logs/inference/runs/2025-11-12/23-14-12/pickle/predictions_3_20251112T151719906.pkl.
[2025-11-12 23:17:20,620][src.utils.inference_utils][INFO] - Global Rank: 0 wrote 64 rows to /data/mhwang/Rec/GRID/logs/inference/runs/2025-11-12/23-14-12/pickle/predictions_0_20251112T151720594.pkl.
[2025-11-12 23:17:20,795][src.utils.inference_utils][INFO] - Global Rank: 1 wrote 64 rows to /data/mhwang/Rec/GRID/logs/inference/runs/2025-11-12/23-14-12/pickle/predictions_1_20251112T151720770.pkl.
[2025-11-12 23:17:21,407][src.utils.inference_utils][INFO] - Global Rank: 2 wrote 64 rows to /data/mhwang/Rec/GRID/logs/inference/runs/2025-11-12/23-14-12/pickle/predictions_2_20251112T151721382.pkl.
[2025-11-12 23:17:21,941][src.utils.inference_utils][INFO] - Global Rank: 3 wrote 64 rows to /data/mhwang/Rec/GRID/logs/inference/runs/2025-11-12/23-14-12/pickle/predictions_3_20251112T151721916.pkl.
[2025-11-12 23:17:22,415][src.utils.inference_utils][INFO] - Global Rank: 0 wrote 64 rows to /data/mhwang/Rec/GRID/logs/inference/runs/2025-11-12/23-14-12/pickle/predictions_0_20251112T151722390.pkl.
[2025-11-12 23:17:22,530][src.utils.inference_utils][INFO] - Global Rank: 1 wrote 64 rows to /data/mhwang/Rec/GRID/logs/inference/runs/2025-11-12/23-14-12/pickle/predictions_1_20251112T151722505.pkl.
[2025-11-12 23:17:23,672][src.utils.inference_utils][INFO] - Global Rank: 3 wrote 64 rows to /data/mhwang/Rec/GRID/logs/inference/runs/2025-11-12/23-14-12/pickle/predictions_3_20251112T151723648.pkl.
[2025-11-12 23:17:23,774][src.utils.inference_utils][INFO] - Global Rank: 2 wrote 64 rows to /data/mhwang/Rec/GRID/logs/inference/runs/2025-11-12/23-14-12/pickle/predictions_2_20251112T151723749.pkl.
[2025-11-12 23:17:24,247][src.utils.inference_utils][INFO] - Global Rank: 0 wrote 64 rows to /data/mhwang/Rec/GRID/logs/inference/runs/2025-11-12/23-14-12/pickle/predictions_0_20251112T151724221.pkl.
[2025-11-12 23:17:24,318][src.utils.inference_utils][INFO] - Global Rank: 1 wrote 64 rows to /data/mhwang/Rec/GRID/logs/inference/runs/2025-11-12/23-14-12/pickle/predictions_1_20251112T151724293.pkl.
[2025-11-12 23:17:25,442][src.utils.inference_utils][INFO] - Global Rank: 3 wrote 64 rows to /data/mhwang/Rec/GRID/logs/inference/runs/2025-11-12/23-14-12/pickle/predictions_3_20251112T151725417.pkl.
[2025-11-12 23:17:25,648][src.utils.inference_utils][INFO] - Global Rank: 2 wrote 64 rows to /data/mhwang/Rec/GRID/logs/inference/runs/2025-11-12/23-14-12/pickle/predictions_2_20251112T151725622.pkl.
[2025-11-12 23:17:26,111][src.utils.inference_utils][INFO] - Global Rank: 1 wrote 64 rows to /data/mhwang/Rec/GRID/logs/inference/runs/2025-11-12/23-14-12/pickle/predictions_1_20251112T151726086.pkl.
[2025-11-12 23:17:26,476][src.utils.inference_utils][INFO] - Global Rank: 0 wrote 64 rows to /data/mhwang/Rec/GRID/logs/inference/runs/2025-11-12/23-14-12/pickle/predictions_0_20251112T151726448.pkl.
[2025-11-12 23:17:27,228][src.utils.inference_utils][INFO] - Global Rank: 3 wrote 64 rows to /data/mhwang/Rec/GRID/logs/inference/runs/2025-11-12/23-14-12/pickle/predictions_3_20251112T151727203.pkl.
[2025-11-12 23:17:27,399][src.utils.inference_utils][INFO] - Global Rank: 2 wrote 64 rows to /data/mhwang/Rec/GRID/logs/inference/runs/2025-11-12/23-14-12/pickle/predictions_2_20251112T151727375.pkl.
[2025-11-12 23:17:27,418][src.utils.inference_utils][INFO] - Global Rank: 2 wrote 5 rows to /data/mhwang/Rec/GRID/logs/inference/runs/2025-11-12/23-14-12/pickle/predictions_2_20251112T151727415.pkl.
[2025-11-12 23:17:27,419][src.utils.inference_utils][INFO] - Rank 2 finished writing predictions.
[2025-11-12 23:17:28,285][src.utils.inference_utils][INFO] - Global Rank: 1 wrote 64 rows to /data/mhwang/Rec/GRID/logs/inference/runs/2025-11-12/23-14-12/pickle/predictions_1_20251112T151728259.pkl.
[2025-11-12 23:17:28,332][src.utils.inference_utils][INFO] - Global Rank: 0 wrote 64 rows to /data/mhwang/Rec/GRID/logs/inference/runs/2025-11-12/23-14-12/pickle/predictions_0_20251112T151728307.pkl.
[2025-11-12 23:17:29,389][src.utils.inference_utils][INFO] - Global Rank: 3 wrote 64 rows to /data/mhwang/Rec/GRID/logs/inference/runs/2025-11-12/23-14-12/pickle/predictions_3_20251112T151729365.pkl.
[2025-11-12 23:17:30,122][src.utils.inference_utils][INFO] - Global Rank: 0 wrote 64 rows to /data/mhwang/Rec/GRID/logs/inference/runs/2025-11-12/23-14-12/pickle/predictions_0_20251112T151730097.pkl.
[2025-11-12 23:17:30,310][src.utils.inference_utils][INFO] - Global Rank: 1 wrote 64 rows to /data/mhwang/Rec/GRID/logs/inference/runs/2025-11-12/23-14-12/pickle/predictions_1_20251112T151730285.pkl.
[2025-11-12 23:17:31,415][src.utils.inference_utils][INFO] - Global Rank: 3 wrote 64 rows to /data/mhwang/Rec/GRID/logs/inference/runs/2025-11-12/23-14-12/pickle/predictions_3_20251112T151731390.pkl.
[2025-11-12 23:17:31,960][src.utils.inference_utils][INFO] - Global Rank: 0 wrote 64 rows to /data/mhwang/Rec/GRID/logs/inference/runs/2025-11-12/23-14-12/pickle/predictions_0_20251112T151731936.pkl.
[2025-11-12 23:17:32,032][src.utils.inference_utils][INFO] - Global Rank: 1 wrote 64 rows to /data/mhwang/Rec/GRID/logs/inference/runs/2025-11-12/23-14-12/pickle/predictions_1_20251112T151732007.pkl.
[2025-11-12 23:17:33,153][src.utils.inference_utils][INFO] - Global Rank: 3 wrote 64 rows to /data/mhwang/Rec/GRID/logs/inference/runs/2025-11-12/23-14-12/pickle/predictions_3_20251112T151733128.pkl.
[2025-11-12 23:17:33,170][src.utils.inference_utils][INFO] - Buffer is empty, nothing to flush.
[2025-11-12 23:17:33,170][src.utils.inference_utils][INFO] - Rank 3 finished writing predictions.
[2025-11-12 23:17:33,820][src.utils.inference_utils][INFO] - Global Rank: 1 wrote 64 rows to /data/mhwang/Rec/GRID/logs/inference/runs/2025-11-12/23-14-12/pickle/predictions_1_20251112T151733795.pkl.
[2025-11-12 23:17:33,835][src.utils.inference_utils][INFO] - Buffer is empty, nothing to flush.
[2025-11-12 23:17:33,836][src.utils.inference_utils][INFO] - Rank 1 finished writing predictions.
[2025-11-12 23:17:34,146][src.utils.inference_utils][INFO] - Global Rank: 0 wrote 64 rows to /data/mhwang/Rec/GRID/logs/inference/runs/2025-11-12/23-14-12/pickle/predictions_0_20251112T151734120.pkl.
[2025-11-12 23:17:34,161][src.utils.inference_utils][INFO] - Buffer is empty, nothing to flush.
[2025-11-12 23:17:34,162][src.utils.inference_utils][INFO] - Rank 0 finished writing predictions.
[2025-11-12 23:17:34,165][src.utils.inference_utils][INFO] - Merging pickle files on main process.
[2025-11-12 23:17:47,168][src.utils.inference_utils][INFO] - Merged 12101 rows into merged_predictions.pkl.
[2025-11-12 23:18:05,060][src.utils.inference_utils][INFO] - Merged 12101 rows into merged_predictions_tensor.pt. as pytorch tensor
