[2025-11-14 18:44:02,973][src.utils.utils][INFO] - [rank: 0] Enforcing tags! <cfg.extras.enforce_tags=True>
[2025-11-14 18:44:02,984][src.utils.utils][WARNING] - [rank: 0] Config loss was not found in the config tree. Make sure this is expected.
[2025-11-14 18:44:02,985][src.utils.utils][WARNING] - [rank: 0] Config optim was not found in the config tree. Make sure this is expected.
[2025-11-14 18:44:02,985][src.utils.utils][WARNING] - [rank: 0] Config eval was not found in the config tree. Make sure this is expected.
[2025-11-14 18:44:05,986][src.utils.utils][INFO] - [rank: 0] Printing config tree with Rich! <cfg.extras.print_config=True>
[2025-11-14 18:44:05,990][src.utils.launcher_utils][INFO] - [rank: 0] Instantiating datamodule <src.data.loading.datamodules.sequence_datamodule.SequenceDataModule>
[2025-11-14 18:44:06,162][src.utils.launcher_utils][INFO] - [rank: 0] Instantiating model <src.models.modules.semantic_id.tiger_generation_model.SemanticIDEncoderDecoder>
[2025-11-14 18:44:06,532][src.models.modules.semantic_id.tiger_generation_model][INFO] - [rank: 0] i am here
[2025-11-14 18:44:06,925][src.utils.launcher_utils][INFO] - [rank: 0] Instantiating callbacks...
[2025-11-14 18:44:06,926][src.utils.instantiators][INFO] - [rank: 0] Instantiating callback <src.utils.inference_utils.LocalPickleWriter>
[2025-11-14 18:44:07,183][src.utils.launcher_utils][INFO] - [rank: 0] Instantiating loggers...
[2025-11-14 18:44:07,184][src.utils.instantiators][INFO] - [rank: 0] Instantiating logger <lightning.pytorch.loggers.csv_logs.CSVLogger>
[2025-11-14 18:44:07,188][src.utils.launcher_utils][INFO] - [rank: 0] Instantiating trainer <lightning.pytorch.trainer.Trainer>
[2025-11-14 18:44:07,359][src.utils.launcher_utils][INFO] - [rank: 0] Logging hyperparameters!
[2025-11-14 18:44:07,681][__main__][INFO] - [rank: 0] Starting inference!
[2025-11-14 18:44:31,219][src.utils.inference_utils][INFO] - Rank 2 initialized for inference.
[2025-11-14 18:44:31,219][src.utils.inference_utils][INFO] - Rank 3 initialized for inference.
[2025-11-14 18:44:31,219][src.utils.inference_utils][INFO] - Rank 0 initialized for inference.
[2025-11-14 18:44:31,223][src.utils.inference_utils][INFO] - Rank 1 initialized for inference.
[2025-11-14 18:44:38,983][src.models.modules.semantic_id.tiger_generation_model][INFO] - [rank: 0] 开始统计训练集中的item流行度...
[2025-11-14 18:44:38,984][src.models.modules.semantic_id.tiger_generation_model][INFO] - [rank: 0] 训练集dataloader类型: <class 'tuple'>
[2025-11-14 18:44:38,985][src.models.modules.semantic_id.tiger_generation_model][INFO] - [rank: 0] 实际dataloader类型: <class 'src.data.loading.components.custom_dataloader.DataloaderWithIterationRetry'>
[2025-11-14 18:44:54,852][src.models.modules.semantic_id.tiger_generation_model][INFO] - [rank: 0] 已处理 1000 个batch，累计统计 49279 个item交互
[2025-11-14 18:45:10,508][src.models.modules.semantic_id.tiger_generation_model][INFO] - [rank: 0] 已处理 2000 个batch，累计统计 95473 个item交互
[2025-11-14 18:45:36,225][src.models.modules.semantic_id.tiger_generation_model][INFO] - [rank: 0] 已处理 3000 个batch，累计统计 143402 个item交互
[2025-11-14 18:46:13,074][src.models.modules.semantic_id.tiger_generation_model][INFO] - [rank: 0] 已处理 4000 个batch，累计统计 190505 个item交互
[2025-11-14 18:46:38,567][src.models.modules.semantic_id.tiger_generation_model][INFO] - [rank: 0] 已处理 5000 个batch，累计统计 236889 个item交互
[2025-11-14 18:46:54,277][src.models.modules.semantic_id.tiger_generation_model][INFO] - [rank: 0] 已处理 6000 个batch，累计统计 285225 个item交互
[2025-11-14 18:47:15,747][src.models.modules.semantic_id.tiger_generation_model][INFO] - [rank: 0] 已处理 7000 个batch，累计统计 330691 个item交互
[2025-11-14 18:47:30,030][src.models.modules.semantic_id.tiger_generation_model][INFO] - [rank: 0] 已处理 8000 个batch，累计统计 379472 个item交互
[2025-11-14 18:47:44,101][src.models.modules.semantic_id.tiger_generation_model][INFO] - [rank: 0] 已处理 9000 个batch，累计统计 425975 个item交互
[2025-11-14 18:48:09,634][src.models.modules.semantic_id.tiger_generation_model][INFO] - [rank: 0] 已处理 10000 个batch，累计统计 473430 个item交互
[2025-11-14 18:48:09,635][src.models.modules.semantic_id.tiger_generation_model][INFO] - [rank: 0] 已达到最大batch限制(10000)，停止统计
[2025-11-14 18:48:09,874][src.models.modules.semantic_id.tiger_generation_model][INFO] - [rank: 0] 训练集统计完成：共 9061 个唯一item，总交互次数 473430
[2025-11-14 18:48:09,888][src.models.modules.semantic_id.tiger_generation_model][INFO] - [rank: 0] 流行度分组完成:
[2025-11-14 18:48:09,889][src.models.modules.semantic_id.tiger_generation_model][INFO] - [rank: 0]   Head组 (前20%): 1812 个item
[2025-11-14 18:48:09,889][src.models.modules.semantic_id.tiger_generation_model][INFO] - [rank: 0]   Body组 (20%-50%): 2718 个item
[2025-11-14 18:48:09,889][src.models.modules.semantic_id.tiger_generation_model][INFO] - [rank: 0]   Tail组 (后50%): 4531 个item
[2025-11-14 18:48:09,889][src.models.modules.semantic_id.tiger_generation_model][INFO] - [rank: 0]   Head组示例: item (255, 29, 210, 210, 10, 34, 68, 0) 出现 1706 次
[2025-11-14 18:48:09,889][src.models.modules.semantic_id.tiger_generation_model][INFO] - [rank: 0]   Tail组示例: item (24, 107, 149, 61, 102, 42, 88, 0) 出现 14 次
[2025-11-14 18:48:09,890][src.models.modules.semantic_id.tiger_generation_model][INFO] - [rank: 0] 已启用按流行度分组的评测（Head/Body/Tail）。
[2025-11-14 18:52:03,914][src.models.modules.semantic_id.tiger_generation_model][INFO] - [rank: 0] 
================================================================================
[2025-11-14 18:52:03,915][src.models.modules.semantic_id.tiger_generation_model][INFO] - [rank: 0] === 生成的语义ID Embedding相似度矩阵 (平均自 350 个batch) ===
[2025-11-14 18:52:03,918][src.models.modules.semantic_id.tiger_generation_model][INFO] - [rank: 0] 
[[ 1.0000000e+00  1.9891893e-02  1.4240660e-03  1.8552763e-03
  -1.8656833e-02 -1.1249591e-02 -5.8873734e-03  4.5658620e-03]
 [ 1.9891893e-02  1.0000000e+00  9.2292568e-03  5.0461371e-03
   7.9296483e-03  8.9886400e-04  1.0314881e-03 -4.4495971e-03]
 [ 1.4240660e-03  9.2292568e-03  1.0000000e+00  1.0173914e-02
  -3.1034029e-03  1.2889424e-02  3.9240289e-03  1.0319615e-02]
 [ 1.8552763e-03  5.0461371e-03  1.0173914e-02  1.0000000e+00
  -1.0408928e-02 -2.9588968e-03 -1.1407122e-02  2.0854725e-02]
 [-1.8656833e-02  7.9296483e-03 -3.1034029e-03 -1.0408928e-02
   1.0000000e+00 -1.1269069e-02 -1.1703745e-02 -1.9514679e-03]
 [-1.1249591e-02  8.9886400e-04  1.2889424e-02 -2.9588968e-03
  -1.1269069e-02  1.0000000e+00 -2.2125337e-02  5.6907292e-03]
 [-5.8873734e-03  1.0314881e-03  3.9240289e-03 -1.1407122e-02
  -1.1703745e-02 -2.2125337e-02  1.0000000e+00 -2.6505241e-02]
 [ 4.5658620e-03 -4.4495971e-03  1.0319615e-02  2.0854725e-02
  -1.9514679e-03  5.6907292e-03 -2.6505241e-02  1.0000001e+00]]
[2025-11-14 18:52:03,922][src.models.modules.semantic_id.tiger_generation_model][INFO] - [rank: 0] ================================================================================

[2025-11-14 18:52:03,923][src.models.modules.semantic_id.tiger_generation_model][INFO] - [rank: 0] 
================================================================================
[2025-11-14 18:52:03,923][src.models.modules.semantic_id.tiger_generation_model][INFO] - [rank: 0] === 输入序列中每个Item的Hierarchy Embedding相似度矩阵 (平均自 350 个batch) ===
[2025-11-14 18:52:03,924][src.models.modules.semantic_id.tiger_generation_model][INFO] - [rank: 0] 
[[ 1.0000000e+00  8.2996418e-04 -1.7680039e-03 -8.8225928e-04
  -1.9015723e-04 -5.7027704e-04 -1.6966161e-03  1.9677950e-03]
 [ 8.2996418e-04  1.0000000e+00  1.2665457e-04  1.7296900e-03
   3.3157351e-03  2.2779185e-04 -3.5167118e-03  7.6892204e-03]
 [-1.7680039e-03  1.2665457e-04  1.0000000e+00  1.9007403e-03
   2.8288478e-03  3.4687466e-03 -7.1359295e-03  2.9972033e-03]
 [-8.8225928e-04  1.7296900e-03  1.9007403e-03  1.0000000e+00
   7.7885651e-04  3.7557005e-03 -6.4027072e-03  5.8172820e-03]
 [-1.9015723e-04  3.3157351e-03  2.8288478e-03  7.7885651e-04
   1.0000000e+00  2.0528333e-03 -7.2636078e-03  1.3006054e-02]
 [-5.7027704e-04  2.2779185e-04  3.4687466e-03  3.7557005e-03
   2.0528333e-03  1.0000000e+00 -6.7119822e-03  3.9918302e-03]
 [-1.6966161e-03 -3.5167118e-03 -7.1359295e-03 -6.4027072e-03
  -7.2636078e-03 -6.7119822e-03  1.0000000e+00 -3.9836064e-02]
 [ 1.9677950e-03  7.6892204e-03  2.9972033e-03  5.8172820e-03
   1.3006054e-02  3.9918302e-03 -3.9836064e-02  1.0000000e+00]]
[2025-11-14 18:52:03,925][src.models.modules.semantic_id.tiger_generation_model][INFO] - [rank: 0] ================================================================================

[2025-11-14 18:52:04,085][src.models.modules.semantic_id.tiger_generation_model][INFO] - [rank: 0] 
================================================================================
[2025-11-14 18:52:04,086][src.models.modules.semantic_id.tiger_generation_model][INFO] - [rank: 0] === 按流行度分组的评测指标（累计到当前阶段）===
[2025-11-14 18:52:04,086][src.models.modules.semantic_id.tiger_generation_model][INFO] - [rank: 0] [Tail] ndcg@5: 0.007966  ndcg@10: 0.011543  recall@5: 0.011538  recall@10: 0.022692
[2025-11-14 18:52:04,086][src.models.modules.semantic_id.tiger_generation_model][INFO] - [rank: 0] [Body] ndcg@5: 0.053061  ndcg@10: 0.064546  recall@5: 0.077926  recall@10: 0.113145
[2025-11-14 18:52:04,087][src.models.modules.semantic_id.tiger_generation_model][INFO] - [rank: 0] [Head] ndcg@5: 0.027587  ndcg@10: 0.033743  recall@5: 0.040840  recall@10: 0.059866
[2025-11-14 18:52:04,087][src.models.modules.semantic_id.tiger_generation_model][INFO] - [rank: 0] ================================================================================

