[2025-10-22 21:05:16,035][src.utils.utils][INFO] - [rank: 0] Enforcing tags! <cfg.extras.enforce_tags=True>
[2025-10-22 21:05:16,039][src.utils.utils][INFO] - [rank: 0] Printing config tree with Rich! <cfg.extras.print_config=True>
[2025-10-22 21:05:16,040][src.utils.restart_job][INFO] - [rank: 0] should_skip_retry set to True. Skipping retry logic.
[2025-10-22 21:05:16,042][src.utils.launcher_utils][INFO] - [rank: 0] Instantiating datamodule <src.data.loading.datamodules.sequence_datamodule.SequenceDataModule>
[2025-10-22 21:05:16,092][src.utils.launcher_utils][INFO] - [rank: 0] Instantiating model <src.models.modules.semantic_id.tiger_generation_model.SemanticIDEncoderDecoder>
[2025-10-22 21:05:16,228][src.models.modules.semantic_id.tiger_generation_model][INFO] - [rank: 0] i am here
[2025-10-22 21:05:16,390][src.utils.launcher_utils][INFO] - [rank: 0] Instantiating callbacks...
[2025-10-22 21:05:16,391][src.utils.instantiators][INFO] - [rank: 0] Instantiating callback <lightning.pytorch.callbacks.ModelCheckpoint>
[2025-10-22 21:05:16,393][src.utils.instantiators][INFO] - [rank: 0] Instantiating callback <lightning.pytorch.callbacks.EarlyStopping>
[2025-10-22 21:05:16,395][src.utils.instantiators][INFO] - [rank: 0] Instantiating callback <lightning.pytorch.callbacks.RichModelSummary>
[2025-10-22 21:05:16,396][src.utils.instantiators][INFO] - [rank: 0] Instantiating callback <src.utils.restart_job.RestartAndLoadCheckpointCallback>
[2025-10-22 21:05:16,397][src.utils.restart_job_utils][INFO] - [rank: 0] Trying to load metadata from /data/mhwang/Rec/GRID/logs/train/runs/2025-10-22/21-05-15/metadata/restart_metadata.json
[2025-10-22 21:05:16,397][src.utils.restart_job_utils][WARNING] - [rank: 0] Metadata file not found at /data/mhwang/Rec/GRID/logs/train/runs/2025-10-22/21-05-15/metadata/restart_metadata.json. Creating empty metadata.
[2025-10-22 21:05:16,398][src.utils.restart_job_utils][INFO] - [rank: 0] Saving metadata to /data/mhwang/Rec/GRID/logs/train/runs/2025-10-22/21-05-15/metadata/restart_metadata.json. {'start_time': '2025-10-22T21:05:16.398049', 'restarts': [], 'current_run': 0, 'used_ports': [], 'world_size': 0, 'node_rank': 0, 'master_addr': '', 'original_args': ['/data/mhwang/Rec/GRID/src/train.py', 'experiment=tiger_train_flat', 'data_dir=/data/mhwang/Rec/GRID/amazon_data/toys', 'semantic_id_path=/data/mhwang/Rec/GRID/logs/inference/runs/2025-09-22/10-05-01/pickle/merged_predictions_tensor.pt', 'ckpt_path=/data/mhwang/Rec/GRID/logs/train/runs/2025-09-22/10-15-06/checkpoints/checkpoint_epoch_000_step_003500.ckpt', 'num_hierarchies=4', '++should_skip_retry=True']}
[2025-10-22 21:05:16,398][src.utils.launcher_utils][INFO] - [rank: 0] Instantiating loggers...
[2025-10-22 21:05:16,398][src.utils.instantiators][INFO] - [rank: 0] Instantiating logger <lightning.pytorch.loggers.csv_logs.CSVLogger>
[2025-10-22 21:05:16,400][src.utils.launcher_utils][INFO] - [rank: 0] Instantiating trainer <lightning.pytorch.trainer.Trainer>
[2025-10-22 21:05:16,401][src.utils.restart_job_utils][INFO] - [rank: 0] Trying to load metadata from /data/mhwang/Rec/GRID/logs/train/runs/2025-10-22/21-05-15/metadata/restart_metadata.json
[2025-10-22 21:05:16,401][src.utils.restart_job_utils][INFO] - [rank: 0] Metadata loaded successfully from /data/mhwang/Rec/GRID/logs/train/runs/2025-10-22/21-05-15/metadata/restart_metadata.json
[2025-10-22 21:05:16,401][src.utils.restart_job_utils][INFO] - [rank: 0] Retrieved current_run: 0 from metadata /data/mhwang/Rec/GRID/logs/train/runs/2025-10-22/21-05-15/metadata/restart_metadata.json
[2025-10-22 21:05:16,514][src.utils.launcher_utils][INFO] - [rank: 0] Logging hyperparameters!
[2025-10-22 21:05:16,694][__main__][INFO] - [rank: 0] Starting training!
[2025-10-22 21:05:33,049][src.utils.restart_job][ERROR] - [rank: 0] Exception caught: loaded state dict contains a parameter group that doesn't match the size of optimizer's group
[2025-10-22 21:05:33,054][src.utils.restart_job][ERROR] - [rank: 0] Stack trace: Traceback (most recent call last):
  File "/data_sdc/mhwang/miniconda3/envs/GRs/lib/python3.12/site-packages/lightning/pytorch/trainer/call.py", line 46, in _call_and_handle_interrupt
    return trainer.strategy.launcher.launch(trainer_fn, *args, trainer=trainer, **kwargs)
           ^^^^^^^^^^^^^^^^^^^^^^^^^^^^^^^^^^^^^^^^^^^^^^^^^^^^^^^^^^^^^^^^^^^^^^^^^^^^^^
  File "/data_sdc/mhwang/miniconda3/envs/GRs/lib/python3.12/site-packages/lightning/pytorch/strategies/launchers/subprocess_script.py", line 105, in launch
    return function(*args, **kwargs)
           ^^^^^^^^^^^^^^^^^^^^^^^^^
  File "/data_sdc/mhwang/miniconda3/envs/GRs/lib/python3.12/site-packages/lightning/pytorch/trainer/trainer.py", line 575, in _fit_impl
    self._run(model, ckpt_path=ckpt_path)
  File "/data_sdc/mhwang/miniconda3/envs/GRs/lib/python3.12/site-packages/lightning/pytorch/trainer/trainer.py", line 973, in _run
    self._checkpoint_connector.restore_training_state()
  File "/data_sdc/mhwang/miniconda3/envs/GRs/lib/python3.12/site-packages/lightning/pytorch/trainer/connectors/checkpoint_connector.py", line 298, in restore_training_state
    self.restore_optimizers_and_schedulers()
  File "/data_sdc/mhwang/miniconda3/envs/GRs/lib/python3.12/site-packages/lightning/pytorch/trainer/connectors/checkpoint_connector.py", line 368, in restore_optimizers_and_schedulers
    self.restore_optimizers()
  File "/data_sdc/mhwang/miniconda3/envs/GRs/lib/python3.12/site-packages/lightning/pytorch/trainer/connectors/checkpoint_connector.py", line 383, in restore_optimizers
    self.trainer.strategy.load_optimizer_state_dict(self._loaded_checkpoint)
  File "/data_sdc/mhwang/miniconda3/envs/GRs/lib/python3.12/site-packages/lightning/pytorch/strategies/strategy.py", line 377, in load_optimizer_state_dict
    optimizer.load_state_dict(opt_state)
  File "/data_sdc/mhwang/miniconda3/envs/GRs/lib/python3.12/site-packages/torch/_compile.py", line 32, in inner
    return disable_fn(*args, **kwargs)
           ^^^^^^^^^^^^^^^^^^^^^^^^^^^
  File "/data_sdc/mhwang/miniconda3/envs/GRs/lib/python3.12/site-packages/torch/_dynamo/eval_frame.py", line 745, in _fn
    return fn(*args, **kwargs)
           ^^^^^^^^^^^^^^^^^^^
  File "/data_sdc/mhwang/miniconda3/envs/GRs/lib/python3.12/site-packages/torch/optim/optimizer.py", line 880, in load_state_dict
    raise ValueError(
ValueError: loaded state dict contains a parameter group that doesn't match the size of optimizer's group

[2025-10-22 21:05:33,055][src.utils.restart_job][INFO] - [rank: 0] Cleaning up and handling restart logic
[2025-10-22 21:05:33,056][src.utils.restart_job_utils][INFO] - [rank: 0] Trying to load metadata from /data/mhwang/Rec/GRID/logs/train/runs/2025-10-22/21-05-15/metadata/restart_metadata.json
[2025-10-22 21:05:33,057][src.utils.restart_job_utils][INFO] - [rank: 0] Metadata loaded successfully from /data/mhwang/Rec/GRID/logs/train/runs/2025-10-22/21-05-15/metadata/restart_metadata.json
[2025-10-22 21:05:33,058][src.utils.restart_job_utils][INFO] - [rank: 0] Retrieved current_run: 0 from metadata /data/mhwang/Rec/GRID/logs/train/runs/2025-10-22/21-05-15/metadata/restart_metadata.json
[2025-10-22 21:05:33,059][src.utils.restart_job][INFO] - [rank: 0] Restarting job. Current metadata: JobCheckpointMetadata(start_time='2025-10-22T21:05:16.398049', restarts=[{'time': '2025-10-22T21:05:33.059037', 'exception': "loaded state dict contains a parameter group that doesn't match the size of optimizer's group", 'run_number': 0}], current_run=1, used_ports=[], world_size=0, node_rank=0, master_addr='', original_args=['/data/mhwang/Rec/GRID/src/train.py', 'experiment=tiger_train_flat', 'data_dir=/data/mhwang/Rec/GRID/amazon_data/toys', 'semantic_id_path=/data/mhwang/Rec/GRID/logs/inference/runs/2025-09-22/10-05-01/pickle/merged_predictions_tensor.pt', 'ckpt_path=/data/mhwang/Rec/GRID/logs/train/runs/2025-09-22/10-15-06/checkpoints/checkpoint_epoch_000_step_003500.ckpt', 'num_hierarchies=4', '++should_skip_retry=True'])
[2025-10-22 21:05:33,059][src.utils.restart_job_utils][INFO] - [rank: 0] Saving metadata to /data/mhwang/Rec/GRID/logs/train/runs/2025-10-22/21-05-15/metadata/restart_metadata.json. {'start_time': '2025-10-22T21:05:16.398049', 'restarts': [{'time': '2025-10-22T21:05:33.059037', 'exception': "loaded state dict contains a parameter group that doesn't match the size of optimizer's group", 'run_number': 0}], 'current_run': 1, 'used_ports': [], 'world_size': 0, 'node_rank': 0, 'master_addr': '', 'original_args': ['/data/mhwang/Rec/GRID/src/train.py', 'experiment=tiger_train_flat', 'data_dir=/data/mhwang/Rec/GRID/amazon_data/toys', 'semantic_id_path=/data/mhwang/Rec/GRID/logs/inference/runs/2025-09-22/10-05-01/pickle/merged_predictions_tensor.pt', 'ckpt_path=/data/mhwang/Rec/GRID/logs/train/runs/2025-09-22/10-15-06/checkpoints/checkpoint_epoch_000_step_003500.ckpt', 'num_hierarchies=4', '++should_skip_retry=True']}
[2025-10-22 21:05:33,062][src.utils.restart_job_utils][INFO] - [rank: 0] Cleaning up distributed process group
[2025-10-22 21:05:33,505][src.utils.restart_job_utils][INFO] - [rank: 0] Clearing CUDA cache
[2025-10-22 21:05:33,505][src.utils.restart_job_utils][INFO] - [rank: 0] Tearing down trainer
[2025-10-22 21:05:33,610][src.utils.restart_job][INFO] - [rank: 0] Resources cleaned up.
