[2025-11-12 23:31:40,164][src.utils.utils][INFO] - [rank: 0] Enforcing tags! <cfg.extras.enforce_tags=True>
[2025-11-12 23:31:40,177][src.utils.utils][WARNING] - [rank: 0] Config loss was not found in the config tree. Make sure this is expected.
[2025-11-12 23:31:40,178][src.utils.utils][WARNING] - [rank: 0] Config optim was not found in the config tree. Make sure this is expected.
[2025-11-12 23:31:40,178][src.utils.utils][WARNING] - [rank: 0] Config eval was not found in the config tree. Make sure this is expected.
[2025-11-12 23:31:43,179][src.utils.utils][INFO] - [rank: 0] Printing config tree with Rich! <cfg.extras.print_config=True>
[2025-11-12 23:31:43,184][src.utils.launcher_utils][INFO] - [rank: 0] Instantiating datamodule <src.data.loading.datamodules.sequence_datamodule.ItemDataModule>
[2025-11-12 23:31:43,384][src.utils.launcher_utils][INFO] - [rank: 0] Instantiating model <src.modules.clustering.residual_quantization.ResidualQuantization>
[2025-11-12 23:31:43,657][root][INFO] - Device cpu: Verbose mode enabled
[2025-11-12 23:31:43,772][root][INFO] - Device cpu: Using custom training loop function
[2025-11-12 23:31:43,786][src.utils.launcher_utils][INFO] - [rank: 0] Instantiating callbacks...
[2025-11-12 23:31:43,787][src.utils.instantiators][INFO] - [rank: 0] Instantiating callback <src.utils.inference_utils.LocalPickleWriter>
[2025-11-12 23:31:44,031][src.utils.launcher_utils][INFO] - [rank: 0] Instantiating loggers...
[2025-11-12 23:31:44,032][src.utils.instantiators][INFO] - [rank: 0] Instantiating logger <lightning.pytorch.loggers.csv_logs.CSVLogger>
[2025-11-12 23:31:44,035][src.utils.launcher_utils][INFO] - [rank: 0] Instantiating trainer <lightning.pytorch.trainer.Trainer>
[2025-11-12 23:31:44,098][pytorch_lightning.utilities.rank_zero][INFO] - Using bfloat16 Automatic Mixed Precision (AMP)
[2025-11-12 23:31:44,135][pytorch_lightning.utilities.rank_zero][INFO] - GPU available: True (cuda), used: True
[2025-11-12 23:31:44,136][pytorch_lightning.utilities.rank_zero][INFO] - TPU available: False, using: 0 TPU cores
[2025-11-12 23:31:44,136][pytorch_lightning.utilities.rank_zero][INFO] - HPU available: False, using: 0 HPUs
[2025-11-12 23:31:44,137][src.utils.launcher_utils][INFO] - [rank: 0] Logging hyperparameters!
[2025-11-12 23:31:44,359][__main__][INFO] - [rank: 0] Starting inference!
[2025-11-12 23:31:44,456][pytorch_lightning.utilities.rank_zero][INFO] - You are using a CUDA device ('NVIDIA A800 80GB PCIe') that has Tensor Cores. To properly utilize them, you should set `torch.set_float32_matmul_precision('medium' | 'high')` which will trade-off precision for performance. For more details, read https://pytorch.org/docs/stable/generated/torch.set_float32_matmul_precision.html#torch.set_float32_matmul_precision
[2025-11-12 23:32:02,218][root][INFO] - Device cpu: Verbose mode enabled
[2025-11-12 23:32:02,326][root][INFO] - Device cpu: Using custom training loop function
[2025-11-12 23:32:02,857][root][INFO] - Device cpu: Verbose mode enabled
[2025-11-12 23:32:03,005][root][INFO] - Device cpu: Using custom training loop function
[2025-11-12 23:32:03,393][root][INFO] - Device cpu: Verbose mode enabled
[2025-11-12 23:32:03,546][root][INFO] - Device cpu: Using custom training loop function
[2025-11-12 23:32:04,113][pytorch_lightning.utilities.rank_zero][INFO] - ----------------------------------------------------------------------------------------------------
distributed_backend=nccl
All distributed processes registered. Starting with 4 processes
----------------------------------------------------------------------------------------------------

[2025-11-12 23:32:05,919][src.utils.inference_utils][INFO] - Rank 2 initialized for inference.
[2025-11-12 23:32:05,920][src.utils.inference_utils][INFO] - Rank 1 initialized for inference.
[2025-11-12 23:32:05,920][src.utils.inference_utils][INFO] - Rank 3 initialized for inference.
[2025-11-12 23:32:05,921][src.utils.inference_utils][INFO] - Rank 0 initialized for inference.
[2025-11-12 23:32:05,923][pytorch_lightning.utilities.rank_zero][INFO] - Restoring states from the checkpoint path at /data/mhwang/Rec/GRID/logs/train/runs/2025-11-12/23-25-03/checkpoints/checkpoint_000_000030.ckpt
[2025-11-12 23:32:06,737][pytorch_lightning.utilities.rank_zero][INFO] - Loaded model weights from the checkpoint at /data/mhwang/Rec/GRID/logs/train/runs/2025-11-12/23-25-03/checkpoints/checkpoint_000_000030.ckpt
[2025-11-12 23:32:12,117][src.utils.inference_utils][INFO] - Global Rank: 1 wrote 3072 rows to /data/mhwang/Rec/GRID/logs/inference/runs/2025-11-12/23-31-39/pickle/predictions_1_20251112T153212109.pkl.
[2025-11-12 23:32:12,121][src.utils.inference_utils][INFO] - Rank 1 finished writing predictions.
[2025-11-12 23:32:12,495][src.utils.inference_utils][INFO] - Global Rank: 3 wrote 3072 rows to /data/mhwang/Rec/GRID/logs/inference/runs/2025-11-12/23-31-39/pickle/predictions_3_20251112T153212490.pkl.
[2025-11-12 23:32:12,498][src.utils.inference_utils][INFO] - Rank 3 finished writing predictions.
[2025-11-12 23:32:12,534][src.utils.inference_utils][INFO] - Global Rank: 2 wrote 2885 rows to /data/mhwang/Rec/GRID/logs/inference/runs/2025-11-12/23-31-39/pickle/predictions_2_20251112T153212528.pkl.
[2025-11-12 23:32:12,538][src.utils.inference_utils][INFO] - Rank 2 finished writing predictions.
[2025-11-12 23:32:12,550][src.utils.inference_utils][INFO] - Global Rank: 0 wrote 3072 rows to /data/mhwang/Rec/GRID/logs/inference/runs/2025-11-12/23-31-39/pickle/predictions_0_20251112T153212544.pkl.
[2025-11-12 23:32:12,553][src.utils.inference_utils][INFO] - Rank 0 finished writing predictions.
[2025-11-12 23:32:12,555][src.utils.inference_utils][INFO] - Merging pickle files on main process.
[2025-11-12 23:32:12,599][src.utils.inference_utils][INFO] - Merged 12101 rows into merged_predictions.pkl.
[2025-11-12 23:32:12,770][src.utils.inference_utils][INFO] - Merged 12101 rows into merged_predictions_tensor.pt. as pytorch tensor
