[2025-10-22 21:28:23,697][src.utils.utils][INFO] - [rank: 0] Enforcing tags! <cfg.extras.enforce_tags=True>
[2025-10-22 21:28:23,702][src.utils.utils][INFO] - [rank: 0] Printing config tree with Rich! <cfg.extras.print_config=True>
[2025-10-22 21:28:23,702][src.utils.restart_job][INFO] - [rank: 0] should_skip_retry set to True. Skipping retry logic.
[2025-10-22 21:28:23,705][src.utils.launcher_utils][INFO] - [rank: 0] Instantiating datamodule <src.data.loading.datamodules.sequence_datamodule.SequenceDataModule>
[2025-10-22 21:28:23,754][src.utils.launcher_utils][INFO] - [rank: 0] Instantiating model <src.models.modules.semantic_id.tiger_generation_model.SemanticIDEncoderDecoder>
[2025-10-22 21:28:23,884][src.models.modules.semantic_id.tiger_generation_model][INFO] - [rank: 0] i am here
[2025-10-22 21:28:24,055][src.utils.launcher_utils][INFO] - [rank: 0] Instantiating callbacks...
[2025-10-22 21:28:24,055][src.utils.instantiators][INFO] - [rank: 0] Instantiating callback <lightning.pytorch.callbacks.ModelCheckpoint>
[2025-10-22 21:28:24,058][src.utils.instantiators][INFO] - [rank: 0] Instantiating callback <lightning.pytorch.callbacks.EarlyStopping>
[2025-10-22 21:28:24,060][src.utils.instantiators][INFO] - [rank: 0] Instantiating callback <lightning.pytorch.callbacks.RichModelSummary>
[2025-10-22 21:28:24,060][src.utils.instantiators][INFO] - [rank: 0] Instantiating callback <src.utils.restart_job.RestartAndLoadCheckpointCallback>
[2025-10-22 21:28:24,062][src.utils.restart_job_utils][INFO] - [rank: 0] Trying to load metadata from /data/mhwang/Rec/GRID/logs/train/runs/2025-10-22/21-28-23/metadata/restart_metadata.json
[2025-10-22 21:28:24,062][src.utils.restart_job_utils][WARNING] - [rank: 0] Metadata file not found at /data/mhwang/Rec/GRID/logs/train/runs/2025-10-22/21-28-23/metadata/restart_metadata.json. Creating empty metadata.
[2025-10-22 21:28:24,062][src.utils.restart_job_utils][INFO] - [rank: 0] Saving metadata to /data/mhwang/Rec/GRID/logs/train/runs/2025-10-22/21-28-23/metadata/restart_metadata.json. {'start_time': '2025-10-22T21:28:24.062708', 'restarts': [], 'current_run': 0, 'used_ports': [], 'world_size': 0, 'node_rank': 0, 'master_addr': '', 'original_args': ['/data/mhwang/Rec/GRID/src/train.py', 'experiment=tiger_train_flat', 'data_dir=/data/mhwang/Rec/GRID/amazon_data/toys', 'semantic_id_path=/data/mhwang/Rec/GRID/logs/inference/runs/2025-09-17/21-57-54/pickle/merged_predictions_tensor.pt', 'num_hierarchies=4', '++should_skip_retry=True']}
[2025-10-22 21:28:24,063][src.utils.launcher_utils][INFO] - [rank: 0] Instantiating loggers...
[2025-10-22 21:28:24,063][src.utils.instantiators][INFO] - [rank: 0] Instantiating logger <lightning.pytorch.loggers.csv_logs.CSVLogger>
[2025-10-22 21:28:24,065][src.utils.launcher_utils][INFO] - [rank: 0] Instantiating trainer <lightning.pytorch.trainer.Trainer>
[2025-10-22 21:28:24,066][src.utils.restart_job_utils][INFO] - [rank: 0] Trying to load metadata from /data/mhwang/Rec/GRID/logs/train/runs/2025-10-22/21-28-23/metadata/restart_metadata.json
[2025-10-22 21:28:24,066][src.utils.restart_job_utils][INFO] - [rank: 0] Metadata loaded successfully from /data/mhwang/Rec/GRID/logs/train/runs/2025-10-22/21-28-23/metadata/restart_metadata.json
[2025-10-22 21:28:24,067][src.utils.restart_job_utils][INFO] - [rank: 0] Retrieved current_run: 0 from metadata /data/mhwang/Rec/GRID/logs/train/runs/2025-10-22/21-28-23/metadata/restart_metadata.json
[2025-10-22 21:28:24,174][src.utils.launcher_utils][INFO] - [rank: 0] Logging hyperparameters!
[2025-10-22 21:28:24,361][__main__][INFO] - [rank: 0] Starting training!
[2025-10-22 21:28:37,409][src.utils.restart_job_utils][INFO] - [rank: 0] Saving metadata to /data/mhwang/Rec/GRID/logs/train/runs/2025-10-22/21-28-23/metadata/restart_metadata.json. {'start_time': '2025-10-22T21:28:24.062708', 'restarts': [], 'current_run': 0, 'used_ports': ['50303'], 'world_size': 3, 'node_rank': 0, 'master_addr': '127.0.0.1', 'original_args': ['/data/mhwang/Rec/GRID/src/train.py', 'experiment=tiger_train_flat', 'data_dir=/data/mhwang/Rec/GRID/amazon_data/toys', 'semantic_id_path=/data/mhwang/Rec/GRID/logs/inference/runs/2025-09-17/21-57-54/pickle/merged_predictions_tensor.pt', 'num_hierarchies=4', '++should_skip_retry=True']}
[2025-10-23 00:20:58,610][__main__][INFO] - [rank: 0] Starting testing!
[2025-10-23 00:22:02,773][__main__][INFO] - [rank: 0] Best ckpt path: /data/mhwang/Rec/GRID/logs/train/runs/2025-10-22/21-28-23/checkpoints/checkpoint_epoch=000_step=003600.ckpt
[2025-10-23 00:22:02,778][__main__][INFO] - [rank: 0] Metrics: {'train/loss': tensor(6.7488), 'train/loss_step': tensor(7.4560), 'val/loss': tensor(10.9642), 'val/ndcg@5': tensor(0.0372), 'val/ndcg@10': tensor(0.0436), 'val/recall@5': tensor(0.0516), 'val/recall@10': tensor(0.0712), 'train/loss_epoch': tensor(6.7488), 'test/loss': tensor(11.6592), 'test/ndcg@5': tensor(0.0271), 'test/ndcg@10': tensor(0.0333), 'test/recall@5': tensor(0.0397), 'test/recall@10': tensor(0.0587)}
