[2025-10-22 21:25:31,424][src.utils.utils][INFO] - [rank: 0] Enforcing tags! <cfg.extras.enforce_tags=True>
[2025-10-22 21:25:31,432][src.utils.utils][INFO] - [rank: 0] Printing config tree with Rich! <cfg.extras.print_config=True>
[2025-10-22 21:25:31,433][src.utils.restart_job][INFO] - [rank: 0] should_skip_retry set to True. Skipping retry logic.
[2025-10-22 21:25:31,435][src.utils.launcher_utils][INFO] - [rank: 0] Instantiating datamodule <src.data.loading.datamodules.sequence_datamodule.SequenceDataModule>
[2025-10-22 21:25:31,487][src.utils.launcher_utils][INFO] - [rank: 0] Instantiating model <src.models.modules.semantic_id.tiger_generation_model.SemanticIDEncoderDecoder>
[2025-10-22 21:25:31,625][src.models.modules.semantic_id.tiger_generation_model][INFO] - [rank: 0] i am here
[2025-10-22 21:25:31,873][src.utils.launcher_utils][INFO] - [rank: 0] Instantiating callbacks...
[2025-10-22 21:25:31,873][src.utils.instantiators][INFO] - [rank: 0] Instantiating callback <lightning.pytorch.callbacks.ModelCheckpoint>
[2025-10-22 21:25:31,876][src.utils.instantiators][INFO] - [rank: 0] Instantiating callback <lightning.pytorch.callbacks.EarlyStopping>
[2025-10-22 21:25:31,878][src.utils.instantiators][INFO] - [rank: 0] Instantiating callback <lightning.pytorch.callbacks.RichModelSummary>
[2025-10-22 21:25:31,878][src.utils.instantiators][INFO] - [rank: 0] Instantiating callback <src.utils.restart_job.RestartAndLoadCheckpointCallback>
[2025-10-22 21:25:31,880][src.utils.restart_job_utils][INFO] - [rank: 0] Trying to load metadata from /data/mhwang/Rec/GRID/logs/train/runs/2025-10-22/21-25-31/metadata/restart_metadata.json
[2025-10-22 21:25:31,880][src.utils.restart_job_utils][WARNING] - [rank: 0] Metadata file not found at /data/mhwang/Rec/GRID/logs/train/runs/2025-10-22/21-25-31/metadata/restart_metadata.json. Creating empty metadata.
[2025-10-22 21:25:31,880][src.utils.restart_job_utils][INFO] - [rank: 0] Saving metadata to /data/mhwang/Rec/GRID/logs/train/runs/2025-10-22/21-25-31/metadata/restart_metadata.json. {'start_time': '2025-10-22T21:25:31.880766', 'restarts': [], 'current_run': 0, 'used_ports': [], 'world_size': 0, 'node_rank': 0, 'master_addr': '', 'original_args': ['/data/mhwang/Rec/GRID/src/train.py', 'experiment=tiger_train_flat', 'data_dir=/data/mhwang/Rec/GRID/amazon_data/toys', 'semantic_id_path=/data/mhwang/Rec/GRID/logs/inference/runs/2025-09-22/10-05-01/pickle/merged_predictions_tensor.pt', 'num_hierarchies=4', '++should_skip_retry=True']}
[2025-10-22 21:25:31,881][src.utils.launcher_utils][INFO] - [rank: 0] Instantiating loggers...
[2025-10-22 21:25:31,881][src.utils.instantiators][INFO] - [rank: 0] Instantiating logger <lightning.pytorch.loggers.csv_logs.CSVLogger>
[2025-10-22 21:25:31,882][src.utils.launcher_utils][INFO] - [rank: 0] Instantiating trainer <lightning.pytorch.trainer.Trainer>
[2025-10-22 21:25:31,884][src.utils.restart_job_utils][INFO] - [rank: 0] Trying to load metadata from /data/mhwang/Rec/GRID/logs/train/runs/2025-10-22/21-25-31/metadata/restart_metadata.json
[2025-10-22 21:25:31,884][src.utils.restart_job_utils][INFO] - [rank: 0] Metadata loaded successfully from /data/mhwang/Rec/GRID/logs/train/runs/2025-10-22/21-25-31/metadata/restart_metadata.json
[2025-10-22 21:25:31,884][src.utils.restart_job_utils][INFO] - [rank: 0] Retrieved current_run: 0 from metadata /data/mhwang/Rec/GRID/logs/train/runs/2025-10-22/21-25-31/metadata/restart_metadata.json
[2025-10-22 21:25:31,987][src.utils.launcher_utils][INFO] - [rank: 0] Logging hyperparameters!
[2025-10-22 21:25:32,179][__main__][INFO] - [rank: 0] Starting training!
[2025-10-22 21:25:44,925][src.utils.restart_job_utils][INFO] - [rank: 0] Saving metadata to /data/mhwang/Rec/GRID/logs/train/runs/2025-10-22/21-25-31/metadata/restart_metadata.json. {'start_time': '2025-10-22T21:25:31.880766', 'restarts': [], 'current_run': 0, 'used_ports': ['58479'], 'world_size': 3, 'node_rank': 0, 'master_addr': '127.0.0.1', 'original_args': ['/data/mhwang/Rec/GRID/src/train.py', 'experiment=tiger_train_flat', 'data_dir=/data/mhwang/Rec/GRID/amazon_data/toys', 'semantic_id_path=/data/mhwang/Rec/GRID/logs/inference/runs/2025-09-22/10-05-01/pickle/merged_predictions_tensor.pt', 'num_hierarchies=4', '++should_skip_retry=True']}
[2025-10-23 00:25:47,931][__main__][INFO] - [rank: 0] Starting testing!
[2025-10-23 00:26:49,712][__main__][INFO] - [rank: 0] Best ckpt path: /data/mhwang/Rec/GRID/logs/train/runs/2025-10-22/21-25-31/checkpoints/checkpoint_epoch=000_step=003800.ckpt
[2025-10-23 00:26:49,716][__main__][INFO] - [rank: 0] Metrics: {'train/loss': tensor(6.6829), 'train/loss_step': tensor(4.2025), 'val/loss': tensor(11.3018), 'val/ndcg@5': tensor(0.0332), 'val/ndcg@10': tensor(0.0391), 'val/recall@5': tensor(0.0465), 'val/recall@10': tensor(0.0648), 'train/loss_epoch': tensor(6.6829), 'test/loss': tensor(11.8210), 'test/ndcg@5': tensor(0.0239), 'test/ndcg@10': tensor(0.0281), 'test/recall@5': tensor(0.0334), 'test/recall@10': tensor(0.0466)}
