[2025-09-17 21:37:24,000][src.utils.utils][INFO] - [rank: 0] Enforcing tags! <cfg.extras.enforce_tags=True>
[2025-09-17 21:37:24,007][src.utils.utils][WARNING] - [rank: 0] Config loss was not found in the config tree. Make sure this is expected.
[2025-09-17 21:37:24,007][src.utils.utils][WARNING] - [rank: 0] Config optim was not found in the config tree. Make sure this is expected.
[2025-09-17 21:37:24,007][src.utils.utils][WARNING] - [rank: 0] Config eval was not found in the config tree. Make sure this is expected.
[2025-09-17 21:37:27,008][src.utils.utils][INFO] - [rank: 0] Printing config tree with Rich! <cfg.extras.print_config=True>
[2025-09-17 21:37:27,014][src.utils.launcher_utils][INFO] - [rank: 0] Instantiating datamodule <src.data.loading.datamodules.sequence_datamodule.ItemDataModule>
[2025-09-17 21:37:27,530][src.utils.launcher_utils][INFO] - [rank: 0] Instantiating model <src.modules.semantic_embedding_inference_module.SemanticEmbeddingInferenceModule>
[2025-09-17 21:37:31,457][src.utils.launcher_utils][INFO] - [rank: 0] Instantiating callbacks...
[2025-09-17 21:37:31,458][src.utils.instantiators][INFO] - [rank: 0] Instantiating callback <src.utils.inference_utils.LocalPickleWriter>
[2025-09-17 21:37:31,611][src.utils.launcher_utils][INFO] - [rank: 0] Instantiating loggers...
[2025-09-17 21:37:31,611][src.utils.instantiators][INFO] - [rank: 0] Instantiating logger <lightning.pytorch.loggers.csv_logs.CSVLogger>
[2025-09-17 21:37:31,613][src.utils.launcher_utils][INFO] - [rank: 0] Instantiating trainer <lightning.pytorch.trainer.Trainer>
[2025-09-17 21:37:31,721][src.utils.launcher_utils][INFO] - [rank: 0] Logging hyperparameters!
[2025-09-17 21:37:31,851][__main__][INFO] - [rank: 0] Starting inference!
[2025-09-17 21:37:31,851][__main__][WARNING] - [rank: 0] No ckpt_path was provided. If using a model you trained, this is mandatory. Only leave ckpt_path=None if using a pre-trained model.
[2025-09-17 21:37:49,916][src.utils.inference_utils][INFO] - Rank 0 initialized for inference.
[2025-09-17 21:37:49,916][src.utils.inference_utils][INFO] - Rank 1 initialized for inference.
[2025-09-17 21:37:52,265][src.utils.inference_utils][INFO] - Global Rank: 1 wrote 64 rows to /data/mhwang/Rec/GRID/logs/inference/runs/2025-09-17/21-37-23/pickle/predictions_1_20250917T133752260.pkl.
[2025-09-17 21:37:52,527][src.utils.inference_utils][INFO] - Global Rank: 0 wrote 64 rows to /data/mhwang/Rec/GRID/logs/inference/runs/2025-09-17/21-37-23/pickle/predictions_0_20250917T133752523.pkl.
[2025-09-17 21:37:52,547][src.utils.inference_utils][INFO] - Global Rank: 1 wrote 64 rows to /data/mhwang/Rec/GRID/logs/inference/runs/2025-09-17/21-37-23/pickle/predictions_1_20250917T133752543.pkl.
[2025-09-17 21:37:52,827][src.utils.inference_utils][INFO] - Global Rank: 1 wrote 64 rows to /data/mhwang/Rec/GRID/logs/inference/runs/2025-09-17/21-37-23/pickle/predictions_1_20250917T133752823.pkl.
[2025-09-17 21:37:53,102][src.utils.inference_utils][INFO] - Global Rank: 0 wrote 64 rows to /data/mhwang/Rec/GRID/logs/inference/runs/2025-09-17/21-37-23/pickle/predictions_0_20250917T133753098.pkl.
[2025-09-17 21:37:53,107][src.utils.inference_utils][INFO] - Global Rank: 1 wrote 64 rows to /data/mhwang/Rec/GRID/logs/inference/runs/2025-09-17/21-37-23/pickle/predictions_1_20250917T133753104.pkl.
[2025-09-17 21:37:53,390][src.utils.inference_utils][INFO] - Global Rank: 1 wrote 64 rows to /data/mhwang/Rec/GRID/logs/inference/runs/2025-09-17/21-37-23/pickle/predictions_1_20250917T133753386.pkl.
[2025-09-17 21:37:53,649][src.utils.inference_utils][INFO] - Global Rank: 0 wrote 64 rows to /data/mhwang/Rec/GRID/logs/inference/runs/2025-09-17/21-37-23/pickle/predictions_0_20250917T133753644.pkl.
[2025-09-17 21:37:53,675][src.utils.inference_utils][INFO] - Global Rank: 1 wrote 64 rows to /data/mhwang/Rec/GRID/logs/inference/runs/2025-09-17/21-37-23/pickle/predictions_1_20250917T133753671.pkl.
[2025-09-17 21:37:53,952][src.utils.inference_utils][INFO] - Global Rank: 1 wrote 64 rows to /data/mhwang/Rec/GRID/logs/inference/runs/2025-09-17/21-37-23/pickle/predictions_1_20250917T133753947.pkl.
[2025-09-17 21:37:54,164][src.utils.inference_utils][INFO] - Global Rank: 0 wrote 64 rows to /data/mhwang/Rec/GRID/logs/inference/runs/2025-09-17/21-37-23/pickle/predictions_0_20250917T133754159.pkl.
[2025-09-17 21:37:54,254][src.utils.inference_utils][INFO] - Global Rank: 1 wrote 64 rows to /data/mhwang/Rec/GRID/logs/inference/runs/2025-09-17/21-37-23/pickle/predictions_1_20250917T133754250.pkl.
[2025-09-17 21:37:54,540][src.utils.inference_utils][INFO] - Global Rank: 1 wrote 64 rows to /data/mhwang/Rec/GRID/logs/inference/runs/2025-09-17/21-37-23/pickle/predictions_1_20250917T133754535.pkl.
[2025-09-17 21:37:54,693][src.utils.inference_utils][INFO] - Global Rank: 0 wrote 64 rows to /data/mhwang/Rec/GRID/logs/inference/runs/2025-09-17/21-37-23/pickle/predictions_0_20250917T133754688.pkl.
[2025-09-17 21:37:54,823][src.utils.inference_utils][INFO] - Global Rank: 1 wrote 64 rows to /data/mhwang/Rec/GRID/logs/inference/runs/2025-09-17/21-37-23/pickle/predictions_1_20250917T133754818.pkl.
[2025-09-17 21:37:55,112][src.utils.inference_utils][INFO] - Global Rank: 1 wrote 64 rows to /data/mhwang/Rec/GRID/logs/inference/runs/2025-09-17/21-37-23/pickle/predictions_1_20250917T133755104.pkl.
[2025-09-17 21:37:55,233][src.utils.inference_utils][INFO] - Global Rank: 0 wrote 64 rows to /data/mhwang/Rec/GRID/logs/inference/runs/2025-09-17/21-37-23/pickle/predictions_0_20250917T133755229.pkl.
[2025-09-17 21:37:55,396][src.utils.inference_utils][INFO] - Global Rank: 1 wrote 64 rows to /data/mhwang/Rec/GRID/logs/inference/runs/2025-09-17/21-37-23/pickle/predictions_1_20250917T133755391.pkl.
[2025-09-17 21:37:55,680][src.utils.inference_utils][INFO] - Global Rank: 1 wrote 64 rows to /data/mhwang/Rec/GRID/logs/inference/runs/2025-09-17/21-37-23/pickle/predictions_1_20250917T133755675.pkl.
[2025-09-17 21:37:55,771][src.utils.inference_utils][INFO] - Global Rank: 0 wrote 64 rows to /data/mhwang/Rec/GRID/logs/inference/runs/2025-09-17/21-37-23/pickle/predictions_0_20250917T133755764.pkl.
[2025-09-17 21:37:55,963][src.utils.inference_utils][INFO] - Global Rank: 1 wrote 64 rows to /data/mhwang/Rec/GRID/logs/inference/runs/2025-09-17/21-37-23/pickle/predictions_1_20250917T133755959.pkl.
[2025-09-17 21:37:56,245][src.utils.inference_utils][INFO] - Global Rank: 1 wrote 64 rows to /data/mhwang/Rec/GRID/logs/inference/runs/2025-09-17/21-37-23/pickle/predictions_1_20250917T133756240.pkl.
[2025-09-17 21:37:56,339][src.utils.inference_utils][INFO] - Global Rank: 0 wrote 64 rows to /data/mhwang/Rec/GRID/logs/inference/runs/2025-09-17/21-37-23/pickle/predictions_0_20250917T133756334.pkl.
[2025-09-17 21:37:56,529][src.utils.inference_utils][INFO] - Global Rank: 1 wrote 64 rows to /data/mhwang/Rec/GRID/logs/inference/runs/2025-09-17/21-37-23/pickle/predictions_1_20250917T133756524.pkl.
[2025-09-17 21:37:56,808][src.utils.inference_utils][INFO] - Global Rank: 1 wrote 64 rows to /data/mhwang/Rec/GRID/logs/inference/runs/2025-09-17/21-37-23/pickle/predictions_1_20250917T133756804.pkl.
[2025-09-17 21:37:56,858][src.utils.inference_utils][INFO] - Global Rank: 0 wrote 64 rows to /data/mhwang/Rec/GRID/logs/inference/runs/2025-09-17/21-37-23/pickle/predictions_0_20250917T133756853.pkl.
[2025-09-17 21:37:57,088][src.utils.inference_utils][INFO] - Global Rank: 1 wrote 64 rows to /data/mhwang/Rec/GRID/logs/inference/runs/2025-09-17/21-37-23/pickle/predictions_1_20250917T133757084.pkl.
[2025-09-17 21:37:57,376][src.utils.inference_utils][INFO] - Global Rank: 1 wrote 64 rows to /data/mhwang/Rec/GRID/logs/inference/runs/2025-09-17/21-37-23/pickle/predictions_1_20250917T133757373.pkl.
[2025-09-17 21:37:57,410][src.utils.inference_utils][INFO] - Global Rank: 0 wrote 64 rows to /data/mhwang/Rec/GRID/logs/inference/runs/2025-09-17/21-37-23/pickle/predictions_0_20250917T133757406.pkl.
[2025-09-17 21:37:57,661][src.utils.inference_utils][INFO] - Global Rank: 1 wrote 64 rows to /data/mhwang/Rec/GRID/logs/inference/runs/2025-09-17/21-37-23/pickle/predictions_1_20250917T133757657.pkl.
[2025-09-17 21:37:57,938][src.utils.inference_utils][INFO] - Global Rank: 0 wrote 64 rows to /data/mhwang/Rec/GRID/logs/inference/runs/2025-09-17/21-37-23/pickle/predictions_0_20250917T133757934.pkl.
[2025-09-17 21:37:57,945][src.utils.inference_utils][INFO] - Global Rank: 1 wrote 64 rows to /data/mhwang/Rec/GRID/logs/inference/runs/2025-09-17/21-37-23/pickle/predictions_1_20250917T133757941.pkl.
[2025-09-17 21:37:58,228][src.utils.inference_utils][INFO] - Global Rank: 1 wrote 64 rows to /data/mhwang/Rec/GRID/logs/inference/runs/2025-09-17/21-37-23/pickle/predictions_1_20250917T133758223.pkl.
[2025-09-17 21:37:58,463][src.utils.inference_utils][INFO] - Global Rank: 0 wrote 64 rows to /data/mhwang/Rec/GRID/logs/inference/runs/2025-09-17/21-37-23/pickle/predictions_0_20250917T133758459.pkl.
[2025-09-17 21:37:58,511][src.utils.inference_utils][INFO] - Global Rank: 1 wrote 64 rows to /data/mhwang/Rec/GRID/logs/inference/runs/2025-09-17/21-37-23/pickle/predictions_1_20250917T133758507.pkl.
[2025-09-17 21:37:58,794][src.utils.inference_utils][INFO] - Global Rank: 1 wrote 64 rows to /data/mhwang/Rec/GRID/logs/inference/runs/2025-09-17/21-37-23/pickle/predictions_1_20250917T133758790.pkl.
[2025-09-17 21:37:59,002][src.utils.inference_utils][INFO] - Global Rank: 0 wrote 64 rows to /data/mhwang/Rec/GRID/logs/inference/runs/2025-09-17/21-37-23/pickle/predictions_0_20250917T133758997.pkl.
[2025-09-17 21:37:59,080][src.utils.inference_utils][INFO] - Global Rank: 1 wrote 64 rows to /data/mhwang/Rec/GRID/logs/inference/runs/2025-09-17/21-37-23/pickle/predictions_1_20250917T133759076.pkl.
[2025-09-17 21:37:59,361][src.utils.inference_utils][INFO] - Global Rank: 1 wrote 64 rows to /data/mhwang/Rec/GRID/logs/inference/runs/2025-09-17/21-37-23/pickle/predictions_1_20250917T133759357.pkl.
[2025-09-17 21:37:59,519][src.utils.inference_utils][INFO] - Global Rank: 0 wrote 64 rows to /data/mhwang/Rec/GRID/logs/inference/runs/2025-09-17/21-37-23/pickle/predictions_0_20250917T133759514.pkl.
[2025-09-17 21:37:59,643][src.utils.inference_utils][INFO] - Global Rank: 1 wrote 64 rows to /data/mhwang/Rec/GRID/logs/inference/runs/2025-09-17/21-37-23/pickle/predictions_1_20250917T133759639.pkl.
[2025-09-17 21:37:59,933][src.utils.inference_utils][INFO] - Global Rank: 1 wrote 64 rows to /data/mhwang/Rec/GRID/logs/inference/runs/2025-09-17/21-37-23/pickle/predictions_1_20250917T133759929.pkl.
[2025-09-17 21:38:00,046][src.utils.inference_utils][INFO] - Global Rank: 0 wrote 64 rows to /data/mhwang/Rec/GRID/logs/inference/runs/2025-09-17/21-37-23/pickle/predictions_0_20250917T133800042.pkl.
[2025-09-17 21:38:00,220][src.utils.inference_utils][INFO] - Global Rank: 1 wrote 64 rows to /data/mhwang/Rec/GRID/logs/inference/runs/2025-09-17/21-37-23/pickle/predictions_1_20250917T133800216.pkl.
[2025-09-17 21:38:00,504][src.utils.inference_utils][INFO] - Global Rank: 1 wrote 64 rows to /data/mhwang/Rec/GRID/logs/inference/runs/2025-09-17/21-37-23/pickle/predictions_1_20250917T133800500.pkl.
[2025-09-17 21:38:00,576][src.utils.inference_utils][INFO] - Global Rank: 0 wrote 64 rows to /data/mhwang/Rec/GRID/logs/inference/runs/2025-09-17/21-37-23/pickle/predictions_0_20250917T133800571.pkl.
[2025-09-17 21:38:00,786][src.utils.inference_utils][INFO] - Global Rank: 1 wrote 64 rows to /data/mhwang/Rec/GRID/logs/inference/runs/2025-09-17/21-37-23/pickle/predictions_1_20250917T133800782.pkl.
[2025-09-17 21:38:01,075][src.utils.inference_utils][INFO] - Global Rank: 1 wrote 64 rows to /data/mhwang/Rec/GRID/logs/inference/runs/2025-09-17/21-37-23/pickle/predictions_1_20250917T133801069.pkl.
[2025-09-17 21:38:01,127][src.utils.inference_utils][INFO] - Global Rank: 0 wrote 64 rows to /data/mhwang/Rec/GRID/logs/inference/runs/2025-09-17/21-37-23/pickle/predictions_0_20250917T133801123.pkl.
[2025-09-17 21:38:01,365][src.utils.inference_utils][INFO] - Global Rank: 1 wrote 64 rows to /data/mhwang/Rec/GRID/logs/inference/runs/2025-09-17/21-37-23/pickle/predictions_1_20250917T133801355.pkl.
[2025-09-17 21:38:01,650][src.utils.inference_utils][INFO] - Global Rank: 1 wrote 64 rows to /data/mhwang/Rec/GRID/logs/inference/runs/2025-09-17/21-37-23/pickle/predictions_1_20250917T133801647.pkl.
[2025-09-17 21:38:01,695][src.utils.inference_utils][INFO] - Global Rank: 0 wrote 64 rows to /data/mhwang/Rec/GRID/logs/inference/runs/2025-09-17/21-37-23/pickle/predictions_0_20250917T133801690.pkl.
[2025-09-17 21:38:01,931][src.utils.inference_utils][INFO] - Global Rank: 1 wrote 64 rows to /data/mhwang/Rec/GRID/logs/inference/runs/2025-09-17/21-37-23/pickle/predictions_1_20250917T133801927.pkl.
[2025-09-17 21:38:02,208][src.utils.inference_utils][INFO] - Global Rank: 1 wrote 64 rows to /data/mhwang/Rec/GRID/logs/inference/runs/2025-09-17/21-37-23/pickle/predictions_1_20250917T133802205.pkl.
[2025-09-17 21:38:02,243][src.utils.inference_utils][INFO] - Global Rank: 0 wrote 64 rows to /data/mhwang/Rec/GRID/logs/inference/runs/2025-09-17/21-37-23/pickle/predictions_0_20250917T133802239.pkl.
[2025-09-17 21:38:02,489][src.utils.inference_utils][INFO] - Global Rank: 1 wrote 64 rows to /data/mhwang/Rec/GRID/logs/inference/runs/2025-09-17/21-37-23/pickle/predictions_1_20250917T133802485.pkl.
[2025-09-17 21:38:02,770][src.utils.inference_utils][INFO] - Global Rank: 1 wrote 64 rows to /data/mhwang/Rec/GRID/logs/inference/runs/2025-09-17/21-37-23/pickle/predictions_1_20250917T133802766.pkl.
[2025-09-17 21:38:02,780][src.utils.inference_utils][INFO] - Global Rank: 0 wrote 64 rows to /data/mhwang/Rec/GRID/logs/inference/runs/2025-09-17/21-37-23/pickle/predictions_0_20250917T133802776.pkl.
[2025-09-17 21:38:03,048][src.utils.inference_utils][INFO] - Global Rank: 1 wrote 64 rows to /data/mhwang/Rec/GRID/logs/inference/runs/2025-09-17/21-37-23/pickle/predictions_1_20250917T133803044.pkl.
[2025-09-17 21:38:03,326][src.utils.inference_utils][INFO] - Global Rank: 1 wrote 64 rows to /data/mhwang/Rec/GRID/logs/inference/runs/2025-09-17/21-37-23/pickle/predictions_1_20250917T133803322.pkl.
[2025-09-17 21:38:03,339][src.utils.inference_utils][INFO] - Global Rank: 0 wrote 64 rows to /data/mhwang/Rec/GRID/logs/inference/runs/2025-09-17/21-37-23/pickle/predictions_0_20250917T133803334.pkl.
[2025-09-17 21:38:03,605][src.utils.inference_utils][INFO] - Global Rank: 1 wrote 64 rows to /data/mhwang/Rec/GRID/logs/inference/runs/2025-09-17/21-37-23/pickle/predictions_1_20250917T133803601.pkl.
[2025-09-17 21:38:03,866][src.utils.inference_utils][INFO] - Global Rank: 0 wrote 64 rows to /data/mhwang/Rec/GRID/logs/inference/runs/2025-09-17/21-37-23/pickle/predictions_0_20250917T133803861.pkl.
[2025-09-17 21:38:03,886][src.utils.inference_utils][INFO] - Global Rank: 1 wrote 64 rows to /data/mhwang/Rec/GRID/logs/inference/runs/2025-09-17/21-37-23/pickle/predictions_1_20250917T133803882.pkl.
[2025-09-17 21:38:04,165][src.utils.inference_utils][INFO] - Global Rank: 1 wrote 64 rows to /data/mhwang/Rec/GRID/logs/inference/runs/2025-09-17/21-37-23/pickle/predictions_1_20250917T133804161.pkl.
[2025-09-17 21:38:04,386][src.utils.inference_utils][INFO] - Global Rank: 0 wrote 64 rows to /data/mhwang/Rec/GRID/logs/inference/runs/2025-09-17/21-37-23/pickle/predictions_0_20250917T133804381.pkl.
[2025-09-17 21:38:04,445][src.utils.inference_utils][INFO] - Global Rank: 1 wrote 64 rows to /data/mhwang/Rec/GRID/logs/inference/runs/2025-09-17/21-37-23/pickle/predictions_1_20250917T133804441.pkl.
[2025-09-17 21:38:04,725][src.utils.inference_utils][INFO] - Global Rank: 1 wrote 64 rows to /data/mhwang/Rec/GRID/logs/inference/runs/2025-09-17/21-37-23/pickle/predictions_1_20250917T133804722.pkl.
[2025-09-17 21:38:04,920][src.utils.inference_utils][INFO] - Global Rank: 0 wrote 64 rows to /data/mhwang/Rec/GRID/logs/inference/runs/2025-09-17/21-37-23/pickle/predictions_0_20250917T133804916.pkl.
[2025-09-17 21:38:05,009][src.utils.inference_utils][INFO] - Global Rank: 1 wrote 64 rows to /data/mhwang/Rec/GRID/logs/inference/runs/2025-09-17/21-37-23/pickle/predictions_1_20250917T133805004.pkl.
[2025-09-17 21:38:05,288][src.utils.inference_utils][INFO] - Global Rank: 1 wrote 64 rows to /data/mhwang/Rec/GRID/logs/inference/runs/2025-09-17/21-37-23/pickle/predictions_1_20250917T133805284.pkl.
[2025-09-17 21:38:05,448][src.utils.inference_utils][INFO] - Global Rank: 0 wrote 64 rows to /data/mhwang/Rec/GRID/logs/inference/runs/2025-09-17/21-37-23/pickle/predictions_0_20250917T133805441.pkl.
[2025-09-17 21:38:05,567][src.utils.inference_utils][INFO] - Global Rank: 1 wrote 64 rows to /data/mhwang/Rec/GRID/logs/inference/runs/2025-09-17/21-37-23/pickle/predictions_1_20250917T133805563.pkl.
[2025-09-17 21:38:05,850][src.utils.inference_utils][INFO] - Global Rank: 1 wrote 64 rows to /data/mhwang/Rec/GRID/logs/inference/runs/2025-09-17/21-37-23/pickle/predictions_1_20250917T133805847.pkl.
[2025-09-17 21:38:05,990][src.utils.inference_utils][INFO] - Global Rank: 0 wrote 64 rows to /data/mhwang/Rec/GRID/logs/inference/runs/2025-09-17/21-37-23/pickle/predictions_0_20250917T133805986.pkl.
[2025-09-17 21:38:06,137][src.utils.inference_utils][INFO] - Global Rank: 1 wrote 64 rows to /data/mhwang/Rec/GRID/logs/inference/runs/2025-09-17/21-37-23/pickle/predictions_1_20250917T133806130.pkl.
[2025-09-17 21:38:06,433][src.utils.inference_utils][INFO] - Global Rank: 1 wrote 64 rows to /data/mhwang/Rec/GRID/logs/inference/runs/2025-09-17/21-37-23/pickle/predictions_1_20250917T133806428.pkl.
[2025-09-17 21:38:06,549][src.utils.inference_utils][INFO] - Global Rank: 0 wrote 64 rows to /data/mhwang/Rec/GRID/logs/inference/runs/2025-09-17/21-37-23/pickle/predictions_0_20250917T133806544.pkl.
[2025-09-17 21:38:06,720][src.utils.inference_utils][INFO] - Global Rank: 1 wrote 64 rows to /data/mhwang/Rec/GRID/logs/inference/runs/2025-09-17/21-37-23/pickle/predictions_1_20250917T133806714.pkl.
[2025-09-17 21:38:07,014][src.utils.inference_utils][INFO] - Global Rank: 1 wrote 64 rows to /data/mhwang/Rec/GRID/logs/inference/runs/2025-09-17/21-37-23/pickle/predictions_1_20250917T133807010.pkl.
[2025-09-17 21:38:07,090][src.utils.inference_utils][INFO] - Global Rank: 0 wrote 64 rows to /data/mhwang/Rec/GRID/logs/inference/runs/2025-09-17/21-37-23/pickle/predictions_0_20250917T133807085.pkl.
[2025-09-17 21:38:07,295][src.utils.inference_utils][INFO] - Global Rank: 1 wrote 64 rows to /data/mhwang/Rec/GRID/logs/inference/runs/2025-09-17/21-37-23/pickle/predictions_1_20250917T133807291.pkl.
[2025-09-17 21:38:07,584][src.utils.inference_utils][INFO] - Global Rank: 1 wrote 64 rows to /data/mhwang/Rec/GRID/logs/inference/runs/2025-09-17/21-37-23/pickle/predictions_1_20250917T133807579.pkl.
[2025-09-17 21:38:07,616][src.utils.inference_utils][INFO] - Global Rank: 0 wrote 64 rows to /data/mhwang/Rec/GRID/logs/inference/runs/2025-09-17/21-37-23/pickle/predictions_0_20250917T133807610.pkl.
[2025-09-17 21:38:07,867][src.utils.inference_utils][INFO] - Global Rank: 1 wrote 64 rows to /data/mhwang/Rec/GRID/logs/inference/runs/2025-09-17/21-37-23/pickle/predictions_1_20250917T133807864.pkl.
[2025-09-17 21:38:08,146][src.utils.inference_utils][INFO] - Global Rank: 1 wrote 64 rows to /data/mhwang/Rec/GRID/logs/inference/runs/2025-09-17/21-37-23/pickle/predictions_1_20250917T133808142.pkl.
[2025-09-17 21:38:08,166][src.utils.inference_utils][INFO] - Global Rank: 0 wrote 64 rows to /data/mhwang/Rec/GRID/logs/inference/runs/2025-09-17/21-37-23/pickle/predictions_0_20250917T133808161.pkl.
[2025-09-17 21:38:08,422][src.utils.inference_utils][INFO] - Global Rank: 1 wrote 64 rows to /data/mhwang/Rec/GRID/logs/inference/runs/2025-09-17/21-37-23/pickle/predictions_1_20250917T133808418.pkl.
[2025-09-17 21:38:08,704][src.utils.inference_utils][INFO] - Global Rank: 0 wrote 64 rows to /data/mhwang/Rec/GRID/logs/inference/runs/2025-09-17/21-37-23/pickle/predictions_0_20250917T133808699.pkl.
[2025-09-17 21:38:08,705][src.utils.inference_utils][INFO] - Global Rank: 1 wrote 64 rows to /data/mhwang/Rec/GRID/logs/inference/runs/2025-09-17/21-37-23/pickle/predictions_1_20250917T133808702.pkl.
[2025-09-17 21:38:08,990][src.utils.inference_utils][INFO] - Global Rank: 1 wrote 64 rows to /data/mhwang/Rec/GRID/logs/inference/runs/2025-09-17/21-37-23/pickle/predictions_1_20250917T133808985.pkl.
[2025-09-17 21:38:09,237][src.utils.inference_utils][INFO] - Global Rank: 0 wrote 64 rows to /data/mhwang/Rec/GRID/logs/inference/runs/2025-09-17/21-37-23/pickle/predictions_0_20250917T133809232.pkl.
[2025-09-17 21:38:09,265][src.utils.inference_utils][INFO] - Global Rank: 1 wrote 64 rows to /data/mhwang/Rec/GRID/logs/inference/runs/2025-09-17/21-37-23/pickle/predictions_1_20250917T133809261.pkl.
[2025-09-17 21:38:09,547][src.utils.inference_utils][INFO] - Global Rank: 1 wrote 64 rows to /data/mhwang/Rec/GRID/logs/inference/runs/2025-09-17/21-37-23/pickle/predictions_1_20250917T133809543.pkl.
[2025-09-17 21:38:09,748][src.utils.inference_utils][INFO] - Global Rank: 0 wrote 64 rows to /data/mhwang/Rec/GRID/logs/inference/runs/2025-09-17/21-37-23/pickle/predictions_0_20250917T133809744.pkl.
[2025-09-17 21:38:09,831][src.utils.inference_utils][INFO] - Global Rank: 1 wrote 64 rows to /data/mhwang/Rec/GRID/logs/inference/runs/2025-09-17/21-37-23/pickle/predictions_1_20250917T133809827.pkl.
[2025-09-17 21:38:10,117][src.utils.inference_utils][INFO] - Global Rank: 1 wrote 64 rows to /data/mhwang/Rec/GRID/logs/inference/runs/2025-09-17/21-37-23/pickle/predictions_1_20250917T133810114.pkl.
[2025-09-17 21:38:10,292][src.utils.inference_utils][INFO] - Global Rank: 0 wrote 64 rows to /data/mhwang/Rec/GRID/logs/inference/runs/2025-09-17/21-37-23/pickle/predictions_0_20250917T133810286.pkl.
[2025-09-17 21:38:10,399][src.utils.inference_utils][INFO] - Global Rank: 1 wrote 64 rows to /data/mhwang/Rec/GRID/logs/inference/runs/2025-09-17/21-37-23/pickle/predictions_1_20250917T133810395.pkl.
[2025-09-17 21:38:10,683][src.utils.inference_utils][INFO] - Global Rank: 1 wrote 64 rows to /data/mhwang/Rec/GRID/logs/inference/runs/2025-09-17/21-37-23/pickle/predictions_1_20250917T133810679.pkl.
[2025-09-17 21:38:10,837][src.utils.inference_utils][INFO] - Global Rank: 0 wrote 64 rows to /data/mhwang/Rec/GRID/logs/inference/runs/2025-09-17/21-37-23/pickle/predictions_0_20250917T133810833.pkl.
[2025-09-17 21:38:10,965][src.utils.inference_utils][INFO] - Global Rank: 1 wrote 64 rows to /data/mhwang/Rec/GRID/logs/inference/runs/2025-09-17/21-37-23/pickle/predictions_1_20250917T133810961.pkl.
[2025-09-17 21:38:11,247][src.utils.inference_utils][INFO] - Global Rank: 1 wrote 64 rows to /data/mhwang/Rec/GRID/logs/inference/runs/2025-09-17/21-37-23/pickle/predictions_1_20250917T133811243.pkl.
[2025-09-17 21:38:11,378][src.utils.inference_utils][INFO] - Global Rank: 0 wrote 64 rows to /data/mhwang/Rec/GRID/logs/inference/runs/2025-09-17/21-37-23/pickle/predictions_0_20250917T133811372.pkl.
[2025-09-17 21:38:11,530][src.utils.inference_utils][INFO] - Global Rank: 1 wrote 64 rows to /data/mhwang/Rec/GRID/logs/inference/runs/2025-09-17/21-37-23/pickle/predictions_1_20250917T133811526.pkl.
[2025-09-17 21:38:11,819][src.utils.inference_utils][INFO] - Global Rank: 1 wrote 64 rows to /data/mhwang/Rec/GRID/logs/inference/runs/2025-09-17/21-37-23/pickle/predictions_1_20250917T133811815.pkl.
[2025-09-17 21:38:11,922][src.utils.inference_utils][INFO] - Global Rank: 0 wrote 64 rows to /data/mhwang/Rec/GRID/logs/inference/runs/2025-09-17/21-37-23/pickle/predictions_0_20250917T133811918.pkl.
[2025-09-17 21:38:12,096][src.utils.inference_utils][INFO] - Global Rank: 1 wrote 64 rows to /data/mhwang/Rec/GRID/logs/inference/runs/2025-09-17/21-37-23/pickle/predictions_1_20250917T133812093.pkl.
[2025-09-17 21:38:12,384][src.utils.inference_utils][INFO] - Global Rank: 1 wrote 64 rows to /data/mhwang/Rec/GRID/logs/inference/runs/2025-09-17/21-37-23/pickle/predictions_1_20250917T133812380.pkl.
[2025-09-17 21:38:12,462][src.utils.inference_utils][INFO] - Global Rank: 0 wrote 64 rows to /data/mhwang/Rec/GRID/logs/inference/runs/2025-09-17/21-37-23/pickle/predictions_0_20250917T133812457.pkl.
[2025-09-17 21:38:12,666][src.utils.inference_utils][INFO] - Global Rank: 1 wrote 64 rows to /data/mhwang/Rec/GRID/logs/inference/runs/2025-09-17/21-37-23/pickle/predictions_1_20250917T133812662.pkl.
[2025-09-17 21:38:12,947][src.utils.inference_utils][INFO] - Global Rank: 1 wrote 64 rows to /data/mhwang/Rec/GRID/logs/inference/runs/2025-09-17/21-37-23/pickle/predictions_1_20250917T133812943.pkl.
[2025-09-17 21:38:12,982][src.utils.inference_utils][INFO] - Global Rank: 0 wrote 64 rows to /data/mhwang/Rec/GRID/logs/inference/runs/2025-09-17/21-37-23/pickle/predictions_0_20250917T133812977.pkl.
[2025-09-17 21:38:13,235][src.utils.inference_utils][INFO] - Global Rank: 1 wrote 64 rows to /data/mhwang/Rec/GRID/logs/inference/runs/2025-09-17/21-37-23/pickle/predictions_1_20250917T133813230.pkl.
[2025-09-17 21:38:13,516][src.utils.inference_utils][INFO] - Global Rank: 1 wrote 64 rows to /data/mhwang/Rec/GRID/logs/inference/runs/2025-09-17/21-37-23/pickle/predictions_1_20250917T133813513.pkl.
[2025-09-17 21:38:13,519][src.utils.inference_utils][INFO] - Global Rank: 0 wrote 64 rows to /data/mhwang/Rec/GRID/logs/inference/runs/2025-09-17/21-37-23/pickle/predictions_0_20250917T133813510.pkl.
[2025-09-17 21:38:13,799][src.utils.inference_utils][INFO] - Global Rank: 1 wrote 64 rows to /data/mhwang/Rec/GRID/logs/inference/runs/2025-09-17/21-37-23/pickle/predictions_1_20250917T133813795.pkl.
[2025-09-17 21:38:14,081][src.utils.inference_utils][INFO] - Global Rank: 1 wrote 64 rows to /data/mhwang/Rec/GRID/logs/inference/runs/2025-09-17/21-37-23/pickle/predictions_1_20250917T133814077.pkl.
[2025-09-17 21:38:14,108][src.utils.inference_utils][INFO] - Global Rank: 0 wrote 64 rows to /data/mhwang/Rec/GRID/logs/inference/runs/2025-09-17/21-37-23/pickle/predictions_0_20250917T133814103.pkl.
[2025-09-17 21:38:14,364][src.utils.inference_utils][INFO] - Global Rank: 1 wrote 64 rows to /data/mhwang/Rec/GRID/logs/inference/runs/2025-09-17/21-37-23/pickle/predictions_1_20250917T133814361.pkl.
[2025-09-17 21:38:14,646][src.utils.inference_utils][INFO] - Global Rank: 0 wrote 64 rows to /data/mhwang/Rec/GRID/logs/inference/runs/2025-09-17/21-37-23/pickle/predictions_0_20250917T133814641.pkl.
[2025-09-17 21:38:14,651][src.utils.inference_utils][INFO] - Global Rank: 1 wrote 64 rows to /data/mhwang/Rec/GRID/logs/inference/runs/2025-09-17/21-37-23/pickle/predictions_1_20250917T133814647.pkl.
[2025-09-17 21:38:14,935][src.utils.inference_utils][INFO] - Global Rank: 1 wrote 64 rows to /data/mhwang/Rec/GRID/logs/inference/runs/2025-09-17/21-37-23/pickle/predictions_1_20250917T133814931.pkl.
[2025-09-17 21:38:15,180][src.utils.inference_utils][INFO] - Global Rank: 0 wrote 64 rows to /data/mhwang/Rec/GRID/logs/inference/runs/2025-09-17/21-37-23/pickle/predictions_0_20250917T133815174.pkl.
[2025-09-17 21:38:15,216][src.utils.inference_utils][INFO] - Global Rank: 1 wrote 64 rows to /data/mhwang/Rec/GRID/logs/inference/runs/2025-09-17/21-37-23/pickle/predictions_1_20250917T133815213.pkl.
[2025-09-17 21:38:15,506][src.utils.inference_utils][INFO] - Global Rank: 1 wrote 64 rows to /data/mhwang/Rec/GRID/logs/inference/runs/2025-09-17/21-37-23/pickle/predictions_1_20250917T133815502.pkl.
[2025-09-17 21:38:15,717][src.utils.inference_utils][INFO] - Global Rank: 0 wrote 64 rows to /data/mhwang/Rec/GRID/logs/inference/runs/2025-09-17/21-37-23/pickle/predictions_0_20250917T133815711.pkl.
[2025-09-17 21:38:15,792][src.utils.inference_utils][INFO] - Global Rank: 1 wrote 64 rows to /data/mhwang/Rec/GRID/logs/inference/runs/2025-09-17/21-37-23/pickle/predictions_1_20250917T133815788.pkl.
[2025-09-17 21:38:16,177][src.utils.inference_utils][INFO] - Global Rank: 1 wrote 64 rows to /data/mhwang/Rec/GRID/logs/inference/runs/2025-09-17/21-37-23/pickle/predictions_1_20250917T133816172.pkl.
[2025-09-17 21:38:16,265][src.utils.inference_utils][INFO] - Global Rank: 0 wrote 64 rows to /data/mhwang/Rec/GRID/logs/inference/runs/2025-09-17/21-37-23/pickle/predictions_0_20250917T133816261.pkl.
[2025-09-17 21:38:16,462][src.utils.inference_utils][INFO] - Global Rank: 1 wrote 64 rows to /data/mhwang/Rec/GRID/logs/inference/runs/2025-09-17/21-37-23/pickle/predictions_1_20250917T133816458.pkl.
[2025-09-17 21:38:16,747][src.utils.inference_utils][INFO] - Global Rank: 1 wrote 64 rows to /data/mhwang/Rec/GRID/logs/inference/runs/2025-09-17/21-37-23/pickle/predictions_1_20250917T133816743.pkl.
[2025-09-17 21:38:16,796][src.utils.inference_utils][INFO] - Global Rank: 0 wrote 64 rows to /data/mhwang/Rec/GRID/logs/inference/runs/2025-09-17/21-37-23/pickle/predictions_0_20250917T133816791.pkl.
[2025-09-17 21:38:17,034][src.utils.inference_utils][INFO] - Global Rank: 1 wrote 64 rows to /data/mhwang/Rec/GRID/logs/inference/runs/2025-09-17/21-37-23/pickle/predictions_1_20250917T133817029.pkl.
[2025-09-17 21:38:17,317][src.utils.inference_utils][INFO] - Global Rank: 0 wrote 64 rows to /data/mhwang/Rec/GRID/logs/inference/runs/2025-09-17/21-37-23/pickle/predictions_0_20250917T133817312.pkl.
[2025-09-17 21:38:17,318][src.utils.inference_utils][INFO] - Global Rank: 1 wrote 64 rows to /data/mhwang/Rec/GRID/logs/inference/runs/2025-09-17/21-37-23/pickle/predictions_1_20250917T133817313.pkl.
[2025-09-17 21:38:17,601][src.utils.inference_utils][INFO] - Global Rank: 1 wrote 64 rows to /data/mhwang/Rec/GRID/logs/inference/runs/2025-09-17/21-37-23/pickle/predictions_1_20250917T133817597.pkl.
[2025-09-17 21:38:17,669][src.utils.inference_utils][INFO] - Global Rank: 1 wrote 20 rows to /data/mhwang/Rec/GRID/logs/inference/runs/2025-09-17/21-37-23/pickle/predictions_1_20250917T133817668.pkl.
[2025-09-17 21:38:17,669][src.utils.inference_utils][INFO] - Rank 1 finished writing predictions.
[2025-09-17 21:38:17,846][src.utils.inference_utils][INFO] - Global Rank: 0 wrote 64 rows to /data/mhwang/Rec/GRID/logs/inference/runs/2025-09-17/21-37-23/pickle/predictions_0_20250917T133817842.pkl.
[2025-09-17 21:38:18,379][src.utils.inference_utils][INFO] - Global Rank: 0 wrote 64 rows to /data/mhwang/Rec/GRID/logs/inference/runs/2025-09-17/21-37-23/pickle/predictions_0_20250917T133818375.pkl.
[2025-09-17 21:38:18,924][src.utils.inference_utils][INFO] - Global Rank: 0 wrote 64 rows to /data/mhwang/Rec/GRID/logs/inference/runs/2025-09-17/21-37-23/pickle/predictions_0_20250917T133818919.pkl.
[2025-09-17 21:38:19,461][src.utils.inference_utils][INFO] - Global Rank: 0 wrote 64 rows to /data/mhwang/Rec/GRID/logs/inference/runs/2025-09-17/21-37-23/pickle/predictions_0_20250917T133819456.pkl.
[2025-09-17 21:38:19,996][src.utils.inference_utils][INFO] - Global Rank: 0 wrote 64 rows to /data/mhwang/Rec/GRID/logs/inference/runs/2025-09-17/21-37-23/pickle/predictions_0_20250917T133819991.pkl.
[2025-09-17 21:38:20,550][src.utils.inference_utils][INFO] - Global Rank: 0 wrote 64 rows to /data/mhwang/Rec/GRID/logs/inference/runs/2025-09-17/21-37-23/pickle/predictions_0_20250917T133820543.pkl.
[2025-09-17 21:38:21,093][src.utils.inference_utils][INFO] - Global Rank: 0 wrote 64 rows to /data/mhwang/Rec/GRID/logs/inference/runs/2025-09-17/21-37-23/pickle/predictions_0_20250917T133821088.pkl.
[2025-09-17 21:38:21,642][src.utils.inference_utils][INFO] - Global Rank: 0 wrote 64 rows to /data/mhwang/Rec/GRID/logs/inference/runs/2025-09-17/21-37-23/pickle/predictions_0_20250917T133821637.pkl.
[2025-09-17 21:38:22,202][src.utils.inference_utils][INFO] - Global Rank: 0 wrote 64 rows to /data/mhwang/Rec/GRID/logs/inference/runs/2025-09-17/21-37-23/pickle/predictions_0_20250917T133822193.pkl.
[2025-09-17 21:38:22,747][src.utils.inference_utils][INFO] - Global Rank: 0 wrote 64 rows to /data/mhwang/Rec/GRID/logs/inference/runs/2025-09-17/21-37-23/pickle/predictions_0_20250917T133822742.pkl.
[2025-09-17 21:38:23,273][src.utils.inference_utils][INFO] - Global Rank: 0 wrote 64 rows to /data/mhwang/Rec/GRID/logs/inference/runs/2025-09-17/21-37-23/pickle/predictions_0_20250917T133823268.pkl.
[2025-09-17 21:38:23,796][src.utils.inference_utils][INFO] - Global Rank: 0 wrote 64 rows to /data/mhwang/Rec/GRID/logs/inference/runs/2025-09-17/21-37-23/pickle/predictions_0_20250917T133823790.pkl.
[2025-09-17 21:38:24,343][src.utils.inference_utils][INFO] - Global Rank: 0 wrote 64 rows to /data/mhwang/Rec/GRID/logs/inference/runs/2025-09-17/21-37-23/pickle/predictions_0_20250917T133824336.pkl.
[2025-09-17 21:38:24,885][src.utils.inference_utils][INFO] - Global Rank: 0 wrote 64 rows to /data/mhwang/Rec/GRID/logs/inference/runs/2025-09-17/21-37-23/pickle/predictions_0_20250917T133824880.pkl.
[2025-09-17 21:38:25,414][src.utils.inference_utils][INFO] - Global Rank: 0 wrote 64 rows to /data/mhwang/Rec/GRID/logs/inference/runs/2025-09-17/21-37-23/pickle/predictions_0_20250917T133825409.pkl.
[2025-09-17 21:38:25,935][src.utils.inference_utils][INFO] - Global Rank: 0 wrote 64 rows to /data/mhwang/Rec/GRID/logs/inference/runs/2025-09-17/21-37-23/pickle/predictions_0_20250917T133825931.pkl.
[2025-09-17 21:38:26,477][src.utils.inference_utils][INFO] - Global Rank: 0 wrote 64 rows to /data/mhwang/Rec/GRID/logs/inference/runs/2025-09-17/21-37-23/pickle/predictions_0_20250917T133826473.pkl.
[2025-09-17 21:38:27,015][src.utils.inference_utils][INFO] - Global Rank: 0 wrote 64 rows to /data/mhwang/Rec/GRID/logs/inference/runs/2025-09-17/21-37-23/pickle/predictions_0_20250917T133827010.pkl.
[2025-09-17 21:38:27,559][src.utils.inference_utils][INFO] - Global Rank: 0 wrote 64 rows to /data/mhwang/Rec/GRID/logs/inference/runs/2025-09-17/21-37-23/pickle/predictions_0_20250917T133827554.pkl.
[2025-09-17 21:38:28,095][src.utils.inference_utils][INFO] - Global Rank: 0 wrote 64 rows to /data/mhwang/Rec/GRID/logs/inference/runs/2025-09-17/21-37-23/pickle/predictions_0_20250917T133828090.pkl.
[2025-09-17 21:38:28,629][src.utils.inference_utils][INFO] - Global Rank: 0 wrote 64 rows to /data/mhwang/Rec/GRID/logs/inference/runs/2025-09-17/21-37-23/pickle/predictions_0_20250917T133828623.pkl.
[2025-09-17 21:38:29,173][src.utils.inference_utils][INFO] - Global Rank: 0 wrote 64 rows to /data/mhwang/Rec/GRID/logs/inference/runs/2025-09-17/21-37-23/pickle/predictions_0_20250917T133829168.pkl.
[2025-09-17 21:38:29,697][src.utils.inference_utils][INFO] - Global Rank: 0 wrote 64 rows to /data/mhwang/Rec/GRID/logs/inference/runs/2025-09-17/21-37-23/pickle/predictions_0_20250917T133829692.pkl.
[2025-09-17 21:38:30,225][src.utils.inference_utils][INFO] - Global Rank: 0 wrote 64 rows to /data/mhwang/Rec/GRID/logs/inference/runs/2025-09-17/21-37-23/pickle/predictions_0_20250917T133830221.pkl.
[2025-09-17 21:38:30,770][src.utils.inference_utils][INFO] - Global Rank: 0 wrote 64 rows to /data/mhwang/Rec/GRID/logs/inference/runs/2025-09-17/21-37-23/pickle/predictions_0_20250917T133830765.pkl.
[2025-09-17 21:38:31,319][src.utils.inference_utils][INFO] - Global Rank: 0 wrote 64 rows to /data/mhwang/Rec/GRID/logs/inference/runs/2025-09-17/21-37-23/pickle/predictions_0_20250917T133831314.pkl.
[2025-09-17 21:38:31,856][src.utils.inference_utils][INFO] - Global Rank: 0 wrote 64 rows to /data/mhwang/Rec/GRID/logs/inference/runs/2025-09-17/21-37-23/pickle/predictions_0_20250917T133831851.pkl.
[2025-09-17 21:38:32,393][src.utils.inference_utils][INFO] - Global Rank: 0 wrote 64 rows to /data/mhwang/Rec/GRID/logs/inference/runs/2025-09-17/21-37-23/pickle/predictions_0_20250917T133832388.pkl.
[2025-09-17 21:38:32,924][src.utils.inference_utils][INFO] - Global Rank: 0 wrote 64 rows to /data/mhwang/Rec/GRID/logs/inference/runs/2025-09-17/21-37-23/pickle/predictions_0_20250917T133832920.pkl.
[2025-09-17 21:38:33,468][src.utils.inference_utils][INFO] - Global Rank: 0 wrote 64 rows to /data/mhwang/Rec/GRID/logs/inference/runs/2025-09-17/21-37-23/pickle/predictions_0_20250917T133833463.pkl.
[2025-09-17 21:38:33,992][src.utils.inference_utils][INFO] - Global Rank: 0 wrote 64 rows to /data/mhwang/Rec/GRID/logs/inference/runs/2025-09-17/21-37-23/pickle/predictions_0_20250917T133833988.pkl.
[2025-09-17 21:38:34,515][src.utils.inference_utils][INFO] - Global Rank: 0 wrote 64 rows to /data/mhwang/Rec/GRID/logs/inference/runs/2025-09-17/21-37-23/pickle/predictions_0_20250917T133834511.pkl.
[2025-09-17 21:38:35,053][src.utils.inference_utils][INFO] - Global Rank: 0 wrote 64 rows to /data/mhwang/Rec/GRID/logs/inference/runs/2025-09-17/21-37-23/pickle/predictions_0_20250917T133835049.pkl.
[2025-09-17 21:38:35,590][src.utils.inference_utils][INFO] - Global Rank: 0 wrote 64 rows to /data/mhwang/Rec/GRID/logs/inference/runs/2025-09-17/21-37-23/pickle/predictions_0_20250917T133835586.pkl.
[2025-09-17 21:38:36,156][src.utils.inference_utils][INFO] - Global Rank: 0 wrote 64 rows to /data/mhwang/Rec/GRID/logs/inference/runs/2025-09-17/21-37-23/pickle/predictions_0_20250917T133836145.pkl.
[2025-09-17 21:38:36,703][src.utils.inference_utils][INFO] - Global Rank: 0 wrote 64 rows to /data/mhwang/Rec/GRID/logs/inference/runs/2025-09-17/21-37-23/pickle/predictions_0_20250917T133836698.pkl.
[2025-09-17 21:38:37,222][src.utils.inference_utils][INFO] - Global Rank: 0 wrote 64 rows to /data/mhwang/Rec/GRID/logs/inference/runs/2025-09-17/21-37-23/pickle/predictions_0_20250917T133837218.pkl.
[2025-09-17 21:38:37,752][src.utils.inference_utils][INFO] - Global Rank: 0 wrote 64 rows to /data/mhwang/Rec/GRID/logs/inference/runs/2025-09-17/21-37-23/pickle/predictions_0_20250917T133837745.pkl.
[2025-09-17 21:38:38,286][src.utils.inference_utils][INFO] - Global Rank: 0 wrote 64 rows to /data/mhwang/Rec/GRID/logs/inference/runs/2025-09-17/21-37-23/pickle/predictions_0_20250917T133838281.pkl.
[2025-09-17 21:38:38,822][src.utils.inference_utils][INFO] - Global Rank: 0 wrote 64 rows to /data/mhwang/Rec/GRID/logs/inference/runs/2025-09-17/21-37-23/pickle/predictions_0_20250917T133838818.pkl.
[2025-09-17 21:38:39,345][src.utils.inference_utils][INFO] - Global Rank: 0 wrote 64 rows to /data/mhwang/Rec/GRID/logs/inference/runs/2025-09-17/21-37-23/pickle/predictions_0_20250917T133839341.pkl.
[2025-09-17 21:38:39,879][src.utils.inference_utils][INFO] - Global Rank: 0 wrote 64 rows to /data/mhwang/Rec/GRID/logs/inference/runs/2025-09-17/21-37-23/pickle/predictions_0_20250917T133839874.pkl.
[2025-09-17 21:38:40,413][src.utils.inference_utils][INFO] - Global Rank: 0 wrote 64 rows to /data/mhwang/Rec/GRID/logs/inference/runs/2025-09-17/21-37-23/pickle/predictions_0_20250917T133840408.pkl.
[2025-09-17 21:38:40,934][src.utils.inference_utils][INFO] - Global Rank: 0 wrote 64 rows to /data/mhwang/Rec/GRID/logs/inference/runs/2025-09-17/21-37-23/pickle/predictions_0_20250917T133840929.pkl.
[2025-09-17 21:38:41,467][src.utils.inference_utils][INFO] - Global Rank: 0 wrote 64 rows to /data/mhwang/Rec/GRID/logs/inference/runs/2025-09-17/21-37-23/pickle/predictions_0_20250917T133841462.pkl.
[2025-09-17 21:38:41,986][src.utils.inference_utils][INFO] - Global Rank: 0 wrote 64 rows to /data/mhwang/Rec/GRID/logs/inference/runs/2025-09-17/21-37-23/pickle/predictions_0_20250917T133841981.pkl.
[2025-09-17 21:38:42,522][src.utils.inference_utils][INFO] - Global Rank: 0 wrote 64 rows to /data/mhwang/Rec/GRID/logs/inference/runs/2025-09-17/21-37-23/pickle/predictions_0_20250917T133842518.pkl.
[2025-09-17 21:38:43,048][src.utils.inference_utils][INFO] - Global Rank: 0 wrote 64 rows to /data/mhwang/Rec/GRID/logs/inference/runs/2025-09-17/21-37-23/pickle/predictions_0_20250917T133843043.pkl.
[2025-09-17 21:38:43,609][src.utils.inference_utils][INFO] - Global Rank: 0 wrote 64 rows to /data/mhwang/Rec/GRID/logs/inference/runs/2025-09-17/21-37-23/pickle/predictions_0_20250917T133843603.pkl.
[2025-09-17 21:38:43,612][src.utils.inference_utils][INFO] - Buffer is empty, nothing to flush.
[2025-09-17 21:38:43,612][src.utils.inference_utils][INFO] - Rank 0 finished writing predictions.
[2025-09-17 21:38:43,615][src.utils.inference_utils][INFO] - Merging pickle files on main process.
[2025-09-17 21:38:47,148][src.utils.inference_utils][INFO] - Merged 11924 rows into merged_predictions.pkl.
[2025-09-17 21:38:49,662][src.utils.inference_utils][INFO] - Merged 11924 rows into merged_predictions_tensor.pt. as pytorch tensor
