[2025-11-12 23:33:10,007][src.utils.utils][INFO] - [rank: 0] Enforcing tags! <cfg.extras.enforce_tags=True>
[2025-11-12 23:33:10,020][src.utils.utils][WARNING] - [rank: 0] Config loss was not found in the config tree. Make sure this is expected.
[2025-11-12 23:33:10,020][src.utils.utils][WARNING] - [rank: 0] Config optim was not found in the config tree. Make sure this is expected.
[2025-11-12 23:33:10,021][src.utils.utils][WARNING] - [rank: 0] Config eval was not found in the config tree. Make sure this is expected.
[2025-11-12 23:33:13,021][src.utils.utils][INFO] - [rank: 0] Printing config tree with Rich! <cfg.extras.print_config=True>
[2025-11-12 23:33:13,026][src.utils.launcher_utils][INFO] - [rank: 0] Instantiating datamodule <src.data.loading.datamodules.sequence_datamodule.ItemDataModule>
[2025-11-12 23:33:13,244][src.utils.launcher_utils][INFO] - [rank: 0] Instantiating model <src.modules.clustering.residual_quantization.ResidualQuantization>
[2025-11-12 23:33:13,490][root][INFO] - Device cpu: Verbose mode enabled
[2025-11-12 23:33:13,677][root][INFO] - Device cpu: Using custom training loop function
[2025-11-12 23:33:13,698][src.utils.launcher_utils][INFO] - [rank: 0] Instantiating callbacks...
[2025-11-12 23:33:13,700][src.utils.instantiators][INFO] - [rank: 0] Instantiating callback <src.utils.inference_utils.LocalPickleWriter>
[2025-11-12 23:33:13,946][src.utils.launcher_utils][INFO] - [rank: 0] Instantiating loggers...
[2025-11-12 23:33:13,947][src.utils.instantiators][INFO] - [rank: 0] Instantiating logger <lightning.pytorch.loggers.csv_logs.CSVLogger>
[2025-11-12 23:33:13,950][src.utils.launcher_utils][INFO] - [rank: 0] Instantiating trainer <lightning.pytorch.trainer.Trainer>
[2025-11-12 23:33:14,036][pytorch_lightning.utilities.rank_zero][INFO] - Using bfloat16 Automatic Mixed Precision (AMP)
[2025-11-12 23:33:14,073][pytorch_lightning.utilities.rank_zero][INFO] - GPU available: True (cuda), used: True
[2025-11-12 23:33:14,074][pytorch_lightning.utilities.rank_zero][INFO] - TPU available: False, using: 0 TPU cores
[2025-11-12 23:33:14,075][pytorch_lightning.utilities.rank_zero][INFO] - HPU available: False, using: 0 HPUs
[2025-11-12 23:33:14,075][src.utils.launcher_utils][INFO] - [rank: 0] Logging hyperparameters!
[2025-11-12 23:33:14,296][__main__][INFO] - [rank: 0] Starting inference!
[2025-11-12 23:33:14,428][pytorch_lightning.utilities.rank_zero][INFO] - You are using a CUDA device ('NVIDIA A800 80GB PCIe') that has Tensor Cores. To properly utilize them, you should set `torch.set_float32_matmul_precision('medium' | 'high')` which will trade-off precision for performance. For more details, read https://pytorch.org/docs/stable/generated/torch.set_float32_matmul_precision.html#torch.set_float32_matmul_precision
[2025-11-12 23:33:31,886][root][INFO] - Device cpu: Verbose mode enabled
[2025-11-12 23:33:31,976][root][INFO] - Device cpu: Using custom training loop function
[2025-11-12 23:33:32,038][root][INFO] - Device cpu: Verbose mode enabled
[2025-11-12 23:33:32,076][root][INFO] - Device cpu: Using custom training loop function
[2025-11-12 23:33:32,118][root][INFO] - Device cpu: Verbose mode enabled
[2025-11-12 23:33:32,206][root][INFO] - Device cpu: Using custom training loop function
[2025-11-12 23:33:32,665][pytorch_lightning.utilities.rank_zero][INFO] - ----------------------------------------------------------------------------------------------------
distributed_backend=nccl
All distributed processes registered. Starting with 4 processes
----------------------------------------------------------------------------------------------------

[2025-11-12 23:33:34,786][src.utils.inference_utils][INFO] - Rank 1 initialized for inference.
[2025-11-12 23:33:34,786][src.utils.inference_utils][INFO] - Rank 2 initialized for inference.
[2025-11-12 23:33:34,786][src.utils.inference_utils][INFO] - Rank 3 initialized for inference.
[2025-11-12 23:33:34,788][src.utils.inference_utils][INFO] - Rank 0 initialized for inference.
[2025-11-12 23:33:34,789][pytorch_lightning.utilities.rank_zero][INFO] - Restoring states from the checkpoint path at /data/mhwang/Rec/GRID/logs/train/runs/2025-11-12/23-25-55/checkpoints/checkpoint_000_000030.ckpt
[2025-11-12 23:33:35,790][pytorch_lightning.utilities.rank_zero][INFO] - Loaded model weights from the checkpoint at /data/mhwang/Rec/GRID/logs/train/runs/2025-11-12/23-25-55/checkpoints/checkpoint_000_000030.ckpt
[2025-11-12 23:33:40,785][src.utils.inference_utils][INFO] - Global Rank: 2 wrote 2885 rows to /data/mhwang/Rec/GRID/logs/inference/runs/2025-11-12/23-33-09/pickle/predictions_2_20251112T153340780.pkl.
[2025-11-12 23:33:40,787][src.utils.inference_utils][INFO] - Rank 2 finished writing predictions.
[2025-11-12 23:33:40,849][src.utils.inference_utils][INFO] - Global Rank: 3 wrote 3072 rows to /data/mhwang/Rec/GRID/logs/inference/runs/2025-11-12/23-33-09/pickle/predictions_3_20251112T153340843.pkl.
[2025-11-12 23:33:40,852][src.utils.inference_utils][INFO] - Rank 3 finished writing predictions.
[2025-11-12 23:33:40,879][src.utils.inference_utils][INFO] - Global Rank: 1 wrote 3072 rows to /data/mhwang/Rec/GRID/logs/inference/runs/2025-11-12/23-33-09/pickle/predictions_1_20251112T153340873.pkl.
[2025-11-12 23:33:40,882][src.utils.inference_utils][INFO] - Rank 1 finished writing predictions.
[2025-11-12 23:33:41,006][src.utils.inference_utils][INFO] - Global Rank: 0 wrote 3072 rows to /data/mhwang/Rec/GRID/logs/inference/runs/2025-11-12/23-33-09/pickle/predictions_0_20251112T153340997.pkl.
[2025-11-12 23:33:41,010][src.utils.inference_utils][INFO] - Rank 0 finished writing predictions.
[2025-11-12 23:33:41,011][src.utils.inference_utils][INFO] - Merging pickle files on main process.
[2025-11-12 23:33:41,056][src.utils.inference_utils][INFO] - Merged 12101 rows into merged_predictions.pkl.
[2025-11-12 23:33:41,249][src.utils.inference_utils][INFO] - Merged 12101 rows into merged_predictions_tensor.pt. as pytorch tensor
