[2025-09-16 16:11:52,357][src.utils.utils][INFO] - [rank: 0] Enforcing tags! <cfg.extras.enforce_tags=True>
[2025-09-16 16:11:52,361][src.utils.utils][INFO] - [rank: 0] Printing config tree with Rich! <cfg.extras.print_config=True>
[2025-09-16 16:11:52,362][src.utils.restart_job][INFO] - [rank: 0] should_skip_retry set to True. Skipping retry logic.
[2025-09-16 16:11:52,364][src.utils.launcher_utils][INFO] - [rank: 0] Instantiating datamodule <src.data.loading.datamodules.sequence_datamodule.SequenceDataModule>
[2025-09-16 16:11:52,414][src.utils.launcher_utils][INFO] - [rank: 0] Instantiating model <src.models.modules.semantic_id.tiger_generation_model.SemanticIDEncoderDecoder>
[2025-09-16 16:11:52,752][src.utils.launcher_utils][INFO] - [rank: 0] Instantiating callbacks...
[2025-09-16 16:11:52,753][src.utils.instantiators][INFO] - [rank: 0] Instantiating callback <lightning.pytorch.callbacks.ModelCheckpoint>
[2025-09-16 16:11:52,756][src.utils.instantiators][INFO] - [rank: 0] Instantiating callback <lightning.pytorch.callbacks.EarlyStopping>
[2025-09-16 16:11:52,757][src.utils.instantiators][INFO] - [rank: 0] Instantiating callback <lightning.pytorch.callbacks.RichModelSummary>
[2025-09-16 16:11:52,758][src.utils.instantiators][INFO] - [rank: 0] Instantiating callback <src.utils.restart_job.RestartAndLoadCheckpointCallback>
[2025-09-16 16:11:52,759][src.utils.restart_job_utils][INFO] - [rank: 0] Trying to load metadata from /data/mhwang/Rec/GRID/logs/train/runs/2025-09-16/16-11-52/metadata/restart_metadata.json
[2025-09-16 16:11:52,760][src.utils.restart_job_utils][WARNING] - [rank: 0] Metadata file not found at /data/mhwang/Rec/GRID/logs/train/runs/2025-09-16/16-11-52/metadata/restart_metadata.json. Creating empty metadata.
[2025-09-16 16:11:52,760][src.utils.restart_job_utils][INFO] - [rank: 0] Saving metadata to /data/mhwang/Rec/GRID/logs/train/runs/2025-09-16/16-11-52/metadata/restart_metadata.json. {'start_time': '2025-09-16T16:11:52.760325', 'restarts': [], 'current_run': 0, 'used_ports': [], 'world_size': 0, 'node_rank': 0, 'master_addr': '', 'original_args': ['/data/mhwang/Rec/GRID/src/train.py', 'experiment=tiger_train_flat', 'data_dir=/data/mhwang/Rec/GRID/amazon_data/beauty', 'semantic_id_path=/data/mhwang/Rec/GRID/logs/inference/runs/2025-09-16/16-04-41/pickle/merged_predictions_tensor.pt', 'num_hierarchies=4', '++should_skip_retry=True']}
[2025-09-16 16:11:52,760][src.utils.launcher_utils][INFO] - [rank: 0] Instantiating loggers...
[2025-09-16 16:11:52,760][src.utils.instantiators][INFO] - [rank: 0] Instantiating logger <lightning.pytorch.loggers.csv_logs.CSVLogger>
[2025-09-16 16:11:52,762][src.utils.launcher_utils][INFO] - [rank: 0] Instantiating trainer <lightning.pytorch.trainer.Trainer>
[2025-09-16 16:11:52,763][src.utils.restart_job_utils][INFO] - [rank: 0] Trying to load metadata from /data/mhwang/Rec/GRID/logs/train/runs/2025-09-16/16-11-52/metadata/restart_metadata.json
[2025-09-16 16:11:52,763][src.utils.restart_job_utils][INFO] - [rank: 0] Metadata loaded successfully from /data/mhwang/Rec/GRID/logs/train/runs/2025-09-16/16-11-52/metadata/restart_metadata.json
[2025-09-16 16:11:52,764][src.utils.restart_job_utils][INFO] - [rank: 0] Retrieved current_run: 0 from metadata /data/mhwang/Rec/GRID/logs/train/runs/2025-09-16/16-11-52/metadata/restart_metadata.json
[2025-09-16 16:11:52,850][src.utils.launcher_utils][INFO] - [rank: 0] Logging hyperparameters!
[2025-09-16 16:11:53,032][__main__][INFO] - [rank: 0] Starting training!
[2025-09-16 16:12:07,829][src.utils.restart_job_utils][INFO] - [rank: 0] Saving metadata to /data/mhwang/Rec/GRID/logs/train/runs/2025-09-16/16-11-52/metadata/restart_metadata.json. {'start_time': '2025-09-16T16:11:52.760325', 'restarts': [], 'current_run': 0, 'used_ports': ['40721'], 'world_size': 2, 'node_rank': 0, 'master_addr': '127.0.0.1', 'original_args': ['/data/mhwang/Rec/GRID/src/train.py', 'experiment=tiger_train_flat', 'data_dir=/data/mhwang/Rec/GRID/amazon_data/beauty', 'semantic_id_path=/data/mhwang/Rec/GRID/logs/inference/runs/2025-09-16/16-04-41/pickle/merged_predictions_tensor.pt', 'num_hierarchies=4', '++should_skip_retry=True']}
[2025-09-16 22:21:09,656][__main__][INFO] - [rank: 0] Starting testing!
[2025-09-16 22:22:38,969][__main__][INFO] - [rank: 0] Best ckpt path: /data/mhwang/Rec/GRID/logs/train/runs/2025-09-16/16-11-52/checkpoints/checkpoint_epoch=000_step=003900.ckpt
[2025-09-16 22:22:38,974][__main__][INFO] - [rank: 0] Metrics: {'train/loss': tensor(7.0938), 'train/loss_step': tensor(5.3562), 'val/loss': tensor(10.1796), 'val/ndcg@5': tensor(0.0373), 'val/ndcg@10': tensor(0.0448), 'val/recall@5': tensor(0.0533), 'val/recall@10': tensor(0.0762), 'train/loss_epoch': tensor(7.0938), 'test/loss': tensor(10.3405), 'test/ndcg@5': tensor(0.0295), 'test/ndcg@10': tensor(0.0352), 'test/recall@5': tensor(0.0431), 'test/recall@10': tensor(0.0605)}
