[2025-11-12 01:12:26,359][src.utils.utils][INFO] - [rank: 0] Enforcing tags! <cfg.extras.enforce_tags=True>
[2025-11-12 01:12:26,367][src.utils.utils][WARNING] - [rank: 0] Config loss was not found in the config tree. Make sure this is expected.
[2025-11-12 01:12:26,368][src.utils.utils][WARNING] - [rank: 0] Config optim was not found in the config tree. Make sure this is expected.
[2025-11-12 01:12:26,368][src.utils.utils][WARNING] - [rank: 0] Config eval was not found in the config tree. Make sure this is expected.
[2025-11-12 01:12:29,369][src.utils.utils][INFO] - [rank: 0] Printing config tree with Rich! <cfg.extras.print_config=True>
[2025-11-12 01:12:29,373][src.utils.launcher_utils][INFO] - [rank: 0] Instantiating datamodule <src.data.loading.datamodules.sequence_datamodule.SequenceDataModule>
[2025-11-12 01:12:29,466][src.utils.launcher_utils][INFO] - [rank: 0] Instantiating model <src.models.modules.semantic_id.tiger_generation_model.SemanticIDEncoderDecoder>
[2025-11-12 01:12:29,716][src.models.modules.semantic_id.tiger_generation_model][INFO] - [rank: 0] i am here
[2025-11-12 01:12:30,058][src.utils.launcher_utils][INFO] - [rank: 0] Instantiating callbacks...
[2025-11-12 01:12:30,059][src.utils.instantiators][INFO] - [rank: 0] Instantiating callback <src.utils.inference_utils.LocalPickleWriter>
[2025-11-12 01:12:30,281][src.utils.launcher_utils][INFO] - [rank: 0] Instantiating loggers...
[2025-11-12 01:12:30,281][src.utils.instantiators][INFO] - [rank: 0] Instantiating logger <lightning.pytorch.loggers.csv_logs.CSVLogger>
[2025-11-12 01:12:30,285][src.utils.launcher_utils][INFO] - [rank: 0] Instantiating trainer <lightning.pytorch.trainer.Trainer>
[2025-11-12 01:12:30,411][src.utils.launcher_utils][INFO] - [rank: 0] Logging hyperparameters!
[2025-11-12 01:12:30,643][__main__][INFO] - [rank: 0] Starting inference!
[2025-11-12 01:12:51,983][src.utils.inference_utils][INFO] - Rank 0 initialized for inference.
[2025-11-12 01:12:51,983][src.utils.inference_utils][INFO] - Rank 1 initialized for inference.
[2025-11-12 01:12:51,983][src.utils.inference_utils][INFO] - Rank 3 initialized for inference.
[2025-11-12 01:12:51,990][src.utils.inference_utils][INFO] - Rank 2 initialized for inference.
[2025-11-12 01:12:57,488][src.models.modules.semantic_id.tiger_generation_model][INFO] - [rank: 0] 开始统计训练集中的item流行度...
[2025-11-12 01:12:57,498][src.models.modules.semantic_id.tiger_generation_model][INFO] - [rank: 0] 训练集dataloader类型: <class 'tuple'>
[2025-11-12 01:12:57,499][src.models.modules.semantic_id.tiger_generation_model][INFO] - [rank: 0] 实际dataloader类型: <class 'src.data.loading.components.custom_dataloader.DataloaderWithIterationRetry'>
[2025-11-12 01:13:06,509][src.models.modules.semantic_id.tiger_generation_model][INFO] - [rank: 0] 已处理 1000 个batch，累计统计 55467 个item交互
[2025-11-12 01:13:14,889][src.models.modules.semantic_id.tiger_generation_model][INFO] - [rank: 0] 已处理 2000 个batch，累计统计 105669 个item交互
[2025-11-12 01:13:37,958][src.models.modules.semantic_id.tiger_generation_model][INFO] - [rank: 0] 已处理 3000 个batch，累计统计 159298 个item交互
[2025-11-12 01:13:46,211][src.models.modules.semantic_id.tiger_generation_model][INFO] - [rank: 0] 已处理 4000 个batch，累计统计 210840 个item交互
[2025-11-12 01:13:58,976][src.models.modules.semantic_id.tiger_generation_model][INFO] - [rank: 0] 已处理 5000 个batch，累计统计 261987 个item交互
[2025-11-12 01:14:11,600][src.models.modules.semantic_id.tiger_generation_model][INFO] - [rank: 0] 已处理 6000 个batch，累计统计 315527 个item交互
[2025-11-12 01:14:24,279][src.models.modules.semantic_id.tiger_generation_model][INFO] - [rank: 0] 已处理 7000 个batch，累计统计 364905 个item交互
[2025-11-12 01:14:31,843][src.models.modules.semantic_id.tiger_generation_model][INFO] - [rank: 0] 已处理 8000 个batch，累计统计 419727 个item交互
