[2025-09-29 13:59:02,990][src.utils.utils][INFO] - [rank: 0] Enforcing tags! <cfg.extras.enforce_tags=True>
[2025-09-29 13:59:03,003][src.utils.utils][WARNING] - [rank: 0] Config loss was not found in the config tree. Make sure this is expected.
[2025-09-29 13:59:03,003][src.utils.utils][WARNING] - [rank: 0] Config optim was not found in the config tree. Make sure this is expected.
[2025-09-29 13:59:03,004][src.utils.utils][WARNING] - [rank: 0] Config eval was not found in the config tree. Make sure this is expected.
[2025-09-29 13:59:06,004][src.utils.utils][INFO] - [rank: 0] Printing config tree with Rich! <cfg.extras.print_config=True>
[2025-09-29 13:59:06,009][src.utils.launcher_utils][INFO] - [rank: 0] Instantiating datamodule <src.data.loading.datamodules.sequence_datamodule.SequenceDataModule>
[2025-09-29 13:59:06,046][src.utils.launcher_utils][INFO] - [rank: 0] Instantiating model <src.models.modules.semantic_id.tiger_generation_model.SemanticIDEncoderDecoder>
[2025-09-29 13:59:07,207][src.utils.launcher_utils][INFO] - [rank: 0] Instantiating callbacks...
[2025-09-29 13:59:07,209][src.utils.instantiators][INFO] - [rank: 0] Instantiating callback <src.utils.inference_utils.LocalPickleWriter>
[2025-09-29 13:59:07,442][src.utils.launcher_utils][INFO] - [rank: 0] Instantiating loggers...
[2025-09-29 13:59:07,443][src.utils.instantiators][INFO] - [rank: 0] Instantiating logger <lightning.pytorch.loggers.csv_logs.CSVLogger>
[2025-09-29 13:59:07,446][src.utils.launcher_utils][INFO] - [rank: 0] Instantiating trainer <lightning.pytorch.trainer.Trainer>
[2025-09-29 13:59:07,600][src.utils.launcher_utils][INFO] - [rank: 0] Logging hyperparameters!
[2025-09-29 13:59:07,830][__main__][INFO] - [rank: 0] Starting inference!
[2025-09-29 13:59:29,194][src.utils.inference_utils][INFO] - Rank 1 initialized for inference.
[2025-09-29 13:59:29,196][src.utils.inference_utils][INFO] - Rank 0 initialized for inference.
[2025-09-29 14:00:05,249][src.utils.inference_utils][INFO] - Global Rank: 1 wrote 9728 rows to /data/mhwang/Rec/GRID/logs/inference/runs/2025-09-29/13-59-02/pickle/predictions_1_20250929T060005163.pkl.
[2025-09-29 14:00:05,270][src.utils.inference_utils][INFO] - Rank 1 finished writing predictions.
[2025-09-29 14:00:05,700][src.utils.inference_utils][INFO] - Global Rank: 0 wrote 9684 rows to /data/mhwang/Rec/GRID/logs/inference/runs/2025-09-29/13-59-02/pickle/predictions_0_20250929T060005620.pkl.
[2025-09-29 14:00:05,722][src.utils.inference_utils][INFO] - Rank 0 finished writing predictions.
[2025-09-29 14:00:05,724][src.utils.inference_utils][INFO] - Merging pickle files on main process.
[2025-09-29 14:00:06,142][src.utils.inference_utils][INFO] - Merged 19412 rows into merged_predictions.pkl.
[2025-09-29 14:00:06,871][src.utils.inference_utils][INFO] - Merged 19412 rows into merged_predictions_tensor.pt. as pytorch tensor
