[2026-10-03 10:02:25,356][src.utils.utils][INFO] - [rank: 0] Enforcing tags! <cfg.extras.enforce_tags=True>
[2026-10-03 10:02:25,362][src.utils.utils][INFO] - [rank: 0] Printing config tree with Rich! <cfg.extras.print_config=True>
[2026-10-03 10:02:25,627][src.utils.restart_job][INFO] - [rank: 0] Using metadata dir: /home/jcyin/Tiger/experiments/04_tiger_smoke/beauty3/metadata
[2026-10-03 10:02:25,627][src.utils.restart_job][INFO] - [rank: 0] Starting job (attempt 1/4): /home/jcyin/Tiger/environments/grid/bin/python /home/jcyin/Tiger/repos/GRID/src/train.py experiment=tiger_train_flat data_dir=/home/jcyin/Tiger/data/amazon_data/beauty semantic_id_path=/home/jcyin/Tiger/artifacts/beauty/semantic_ids.pt num_hierarchies=5 sequence_length=30 seed=42 train=true test=false trainer.accelerator=gpu trainer.devices=1 trainer.max_steps=20 trainer.val_check_interval=10 +trainer.limit_val_batches=1 data_loading.train_dataloader_config.dataloader.batch_size_per_device=2 data_loading.train_dataloader_config.dataloader.num_workers=0 data_loading.train_dataloader_config.dataloader.timeout=0 data_loading.val_dataloader_config.dataloader.batch_size_per_device=2 data_loading.val_dataloader_config.dataloader.num_workers=0 data_loading.val_dataloader_config.dataloader.timeout=0 paths.root_dir=/home/jcyin/Tiger/repos/GRID paths.data_dir=/home/jcyin/Tiger/data/amazon_data/beauty hydra.run.dir=/home/jcyin/Tiger/experiments/04_tiger_smoke/beauty3 ++should_skip_retry=True
[2026-10-03 10:02:32,521][src.utils.utils][INFO] - [rank: 0] Enforcing tags! <cfg.extras.enforce_tags=True>
[2026-10-03 10:02:32,526][src.utils.utils][INFO] - [rank: 0] Printing config tree with Rich! <cfg.extras.print_config=True>
[2026-10-03 10:02:32,787][src.utils.restart_job][INFO] - [rank: 0] should_skip_retry set to True. Skipping retry logic.
[2026-10-03 10:02:32,789][src.utils.launcher_utils][INFO] - [rank: 0] Instantiating datamodule <src.data.loading.datamodules.sequence_datamodule.SequenceDataModule>
[2026-10-03 10:02:32,846][src.utils.launcher_utils][INFO] - [rank: 0] Instantiating model <src.models.modules.semantic_id.tiger_generation_model.SemanticIDEncoderDecoder>
[2026-10-03 10:02:33,072][src.utils.launcher_utils][INFO] - [rank: 0] Instantiating callbacks...
[2026-10-03 10:02:33,072][src.utils.instantiators][INFO] - [rank: 0] Instantiating callback <lightning.pytorch.callbacks.ModelCheckpoint>
[2026-10-03 10:02:33,075][src.utils.instantiators][INFO] - [rank: 0] Instantiating callback <lightning.pytorch.callbacks.EarlyStopping>
[2026-10-03 10:02:33,078][src.utils.instantiators][INFO] - [rank: 0] Instantiating callback <lightning.pytorch.callbacks.RichModelSummary>
[2026-10-03 10:02:33,078][src.utils.instantiators][INFO] - [rank: 0] Instantiating callback <src.utils.restart_job.RestartAndLoadCheckpointCallback>
[2026-10-03 10:02:33,080][src.utils.restart_job_utils][INFO] - [rank: 0] Trying to load metadata from /home/jcyin/Tiger/experiments/04_tiger_smoke/beauty3/metadata/restart_metadata.json
[2026-10-03 10:02:33,081][src.utils.restart_job_utils][WARNING] - [rank: 0] Metadata file not found at /home/jcyin/Tiger/experiments/04_tiger_smoke/beauty3/metadata/restart_metadata.json. Creating empty metadata.
[2026-10-03 10:02:33,081][src.utils.restart_job_utils][INFO] - [rank: 0] Saving metadata to /home/jcyin/Tiger/experiments/04_tiger_smoke/beauty3/metadata/restart_metadata.json. {'start_time': '2026-10-03T10:02:33.081267', 'restarts': [], 'current_run': 0, 'used_ports': [], 'world_size': 0, 'node_rank': 0, 'master_addr': '', 'original_args': ['/home/jcyin/Tiger/repos/GRID/src/train.py', 'experiment=tiger_train_flat', 'data_dir=/home/jcyin/Tiger/data/amazon_data/beauty', 'semantic_id_path=/home/jcyin/Tiger/artifacts/beauty/semantic_ids.pt', 'num_hierarchies=5', 'sequence_length=30', 'seed=42', 'train=true', 'test=false', 'trainer.accelerator=gpu', 'trainer.devices=1', 'trainer.max_steps=20', 'trainer.val_check_interval=10', '+trainer.limit_val_batches=1', 'data_loading.train_dataloader_config.dataloader.batch_size_per_device=2', 'data_loading.train_dataloader_config.dataloader.num_workers=0', 'data_loading.train_dataloader_config.dataloader.timeout=0', 'data_loading.val_dataloader_config.dataloader.batch_size_per_device=2', 'data_loading.val_dataloader_config.dataloader.num_workers=0', 'data_loading.val_dataloader_config.dataloader.timeout=0', 'paths.root_dir=/home/jcyin/Tiger/repos/GRID', 'paths.data_dir=/home/jcyin/Tiger/data/amazon_data/beauty', 'hydra.run.dir=/home/jcyin/Tiger/experiments/04_tiger_smoke/beauty3', '++should_skip_retry=True']}
[2026-10-03 10:02:33,081][src.utils.launcher_utils][INFO] - [rank: 0] Instantiating loggers...
[2026-10-03 10:02:33,082][src.utils.instantiators][INFO] - [rank: 0] Instantiating logger <lightning.pytorch.loggers.csv_logs.CSVLogger>
[2026-10-03 10:02:33,083][src.utils.launcher_utils][INFO] - [rank: 0] Instantiating trainer <lightning.pytorch.trainer.Trainer>
[2026-10-03 10:02:33,085][src.utils.restart_job_utils][INFO] - [rank: 0] Trying to load metadata from /home/jcyin/Tiger/experiments/04_tiger_smoke/beauty3/metadata/restart_metadata.json
[2026-10-03 10:02:33,086][src.utils.restart_job_utils][INFO] - [rank: 0] Metadata loaded successfully from /home/jcyin/Tiger/experiments/04_tiger_smoke/beauty3/metadata/restart_metadata.json
[2026-10-03 10:02:33,086][src.utils.restart_job_utils][INFO] - [rank: 0] Retrieved current_run: 0 from metadata /home/jcyin/Tiger/experiments/04_tiger_smoke/beauty3/metadata/restart_metadata.json
[2026-10-03 10:02:33,170][src.utils.launcher_utils][INFO] - [rank: 0] Logging hyperparameters!
[2026-10-03 10:02:33,328][__main__][INFO] - [rank: 0] Starting training!
[2026-10-03 10:02:34,137][root][WARNING] - num_workers is set to 0, persistent_workers will be set to False as persistent workers require num_workers > 0
[2026-10-03 10:02:34,269][root][WARNING] - num_workers is set to 0, persistent_workers will be set to False as persistent workers require num_workers > 0
[2026-10-03 10:02:34,270][src.utils.restart_job_utils][INFO] - [rank: 0] Saving metadata to /home/jcyin/Tiger/experiments/04_tiger_smoke/beauty3/metadata/restart_metadata.json. {'start_time': '2026-10-03T10:02:33.081267', 'restarts': [], 'current_run': 0, 'used_ports': ['51089'], 'world_size': 1, 'node_rank': 0, 'master_addr': '127.0.0.1', 'original_args': ['/home/jcyin/Tiger/repos/GRID/src/train.py', 'experiment=tiger_train_flat', 'data_dir=/home/jcyin/Tiger/data/amazon_data/beauty', 'semantic_id_path=/home/jcyin/Tiger/artifacts/beauty/semantic_ids.pt', 'num_hierarchies=5', 'sequence_length=30', 'seed=42', 'train=true', 'test=false', 'trainer.accelerator=gpu', 'trainer.devices=1', 'trainer.max_steps=20', 'trainer.val_check_interval=10', '+trainer.limit_val_batches=1', 'data_loading.train_dataloader_config.dataloader.batch_size_per_device=2', 'data_loading.train_dataloader_config.dataloader.num_workers=0', 'data_loading.train_dataloader_config.dataloader.timeout=0', 'data_loading.val_dataloader_config.dataloader.batch_size_per_device=2', 'data_loading.val_dataloader_config.dataloader.num_workers=0', 'data_loading.val_dataloader_config.dataloader.timeout=0', 'paths.root_dir=/home/jcyin/Tiger/repos/GRID', 'paths.data_dir=/home/jcyin/Tiger/data/amazon_data/beauty', 'hydra.run.dir=/home/jcyin/Tiger/experiments/04_tiger_smoke/beauty3', '++should_skip_retry=True']}
[2026-10-03 10:02:44,711][__main__][INFO] - [rank: 0] Metrics: {'train/loss': tensor(24.1612), 'train/loss_step': tensor(23.0121), 'val/loss': tensor(22.3317), 'val/ndcg@5': tensor(0.), 'val/ndcg@10': tensor(0.), 'val/recall@5': tensor(0.), 'val/recall@10': tensor(0.), 'train/loss_epoch': tensor(24.1612)}
[2026-10-03 10:02:50,652][src.utils.restart_job][INFO] - [rank: 0] Job finished successfully.
