[2025-11-12 01:39:11,077][src.utils.utils][INFO] - [rank: 0] Enforcing tags! <cfg.extras.enforce_tags=True>
[2025-11-12 01:39:11,085][src.utils.utils][WARNING] - [rank: 0] Config loss was not found in the config tree. Make sure this is expected.
[2025-11-12 01:39:11,085][src.utils.utils][WARNING] - [rank: 0] Config optim was not found in the config tree. Make sure this is expected.
[2025-11-12 01:39:11,086][src.utils.utils][WARNING] - [rank: 0] Config eval was not found in the config tree. Make sure this is expected.
[2025-11-12 01:39:14,086][src.utils.utils][INFO] - [rank: 0] Printing config tree with Rich! <cfg.extras.print_config=True>
[2025-11-12 01:39:14,090][src.utils.launcher_utils][INFO] - [rank: 0] Instantiating datamodule <src.data.loading.datamodules.sequence_datamodule.ItemDataModule>
[2025-11-12 01:39:15,025][src.utils.launcher_utils][INFO] - [rank: 0] Instantiating model <src.modules.semantic_embedding_inference_module.SemanticEmbeddingInferenceModule>
[2025-11-12 01:39:53,137][src.utils.launcher_utils][INFO] - [rank: 0] Instantiating callbacks...
[2025-11-12 01:39:53,138][src.utils.instantiators][INFO] - [rank: 0] Instantiating callback <src.utils.inference_utils.LocalPickleWriter>
[2025-11-12 01:39:53,362][src.utils.launcher_utils][INFO] - [rank: 0] Instantiating loggers...
[2025-11-12 01:39:53,363][src.utils.instantiators][INFO] - [rank: 0] Instantiating logger <lightning.pytorch.loggers.csv_logs.CSVLogger>
[2025-11-12 01:39:53,366][src.utils.launcher_utils][INFO] - [rank: 0] Instantiating trainer <lightning.pytorch.trainer.Trainer>
[2025-11-12 01:39:53,487][src.utils.launcher_utils][INFO] - [rank: 0] Logging hyperparameters!
[2025-11-12 01:39:53,705][__main__][INFO] - [rank: 0] Starting inference!
[2025-11-12 01:39:53,706][__main__][WARNING] - [rank: 0] No ckpt_path was provided. If using a model you trained, this is mandatory. Only leave ckpt_path=None if using a pre-trained model.
[2025-11-12 01:40:53,156][src.utils.inference_utils][INFO] - Rank 0 initialized for inference.
[2025-11-12 01:40:53,156][src.utils.inference_utils][INFO] - Rank 3 initialized for inference.
[2025-11-12 01:40:53,156][src.utils.inference_utils][INFO] - Rank 2 initialized for inference.
[2025-11-12 01:40:53,156][src.utils.inference_utils][INFO] - Rank 1 initialized for inference.
[2025-11-12 01:41:04,631][src.utils.inference_utils][INFO] - Global Rank: 1 wrote 64 rows to /data/mhwang/Rec/GRID/logs/inference/runs/2025-11-12/01-39-10/pickle/predictions_1_20251111T174104606.pkl.
[2025-11-12 01:41:04,844][src.utils.inference_utils][INFO] - Global Rank: 0 wrote 64 rows to /data/mhwang/Rec/GRID/logs/inference/runs/2025-11-12/01-39-10/pickle/predictions_0_20251111T174104818.pkl.
[2025-11-12 01:41:05,001][src.utils.inference_utils][INFO] - Global Rank: 2 wrote 64 rows to /data/mhwang/Rec/GRID/logs/inference/runs/2025-11-12/01-39-10/pickle/predictions_2_20251111T174104976.pkl.
[2025-11-12 01:41:05,026][src.utils.inference_utils][INFO] - Global Rank: 3 wrote 64 rows to /data/mhwang/Rec/GRID/logs/inference/runs/2025-11-12/01-39-10/pickle/predictions_3_20251111T174105001.pkl.
[2025-11-12 01:41:06,439][src.utils.inference_utils][INFO] - Global Rank: 1 wrote 64 rows to /data/mhwang/Rec/GRID/logs/inference/runs/2025-11-12/01-39-10/pickle/predictions_1_20251111T174106410.pkl.
[2025-11-12 01:41:06,837][src.utils.inference_utils][INFO] - Global Rank: 2 wrote 64 rows to /data/mhwang/Rec/GRID/logs/inference/runs/2025-11-12/01-39-10/pickle/predictions_2_20251111T174106809.pkl.
[2025-11-12 01:41:06,861][src.utils.inference_utils][INFO] - Global Rank: 0 wrote 64 rows to /data/mhwang/Rec/GRID/logs/inference/runs/2025-11-12/01-39-10/pickle/predictions_0_20251111T174106835.pkl.
[2025-11-12 01:41:07,215][src.utils.inference_utils][INFO] - Global Rank: 3 wrote 64 rows to /data/mhwang/Rec/GRID/logs/inference/runs/2025-11-12/01-39-10/pickle/predictions_3_20251111T174107186.pkl.
[2025-11-12 01:41:08,602][src.utils.inference_utils][INFO] - Global Rank: 2 wrote 64 rows to /data/mhwang/Rec/GRID/logs/inference/runs/2025-11-12/01-39-10/pickle/predictions_2_20251111T174108575.pkl.
[2025-11-12 01:41:08,675][src.utils.inference_utils][INFO] - Global Rank: 1 wrote 64 rows to /data/mhwang/Rec/GRID/logs/inference/runs/2025-11-12/01-39-10/pickle/predictions_1_20251111T174108648.pkl.
[2025-11-12 01:41:08,927][src.utils.inference_utils][INFO] - Global Rank: 0 wrote 64 rows to /data/mhwang/Rec/GRID/logs/inference/runs/2025-11-12/01-39-10/pickle/predictions_0_20251111T174108899.pkl.
[2025-11-12 01:41:09,427][src.utils.inference_utils][INFO] - Global Rank: 3 wrote 64 rows to /data/mhwang/Rec/GRID/logs/inference/runs/2025-11-12/01-39-10/pickle/predictions_3_20251111T174109398.pkl.
[2025-11-12 01:41:10,375][src.utils.inference_utils][INFO] - Global Rank: 2 wrote 64 rows to /data/mhwang/Rec/GRID/logs/inference/runs/2025-11-12/01-39-10/pickle/predictions_2_20251111T174110349.pkl.
[2025-11-12 01:41:10,510][src.utils.inference_utils][INFO] - Global Rank: 1 wrote 64 rows to /data/mhwang/Rec/GRID/logs/inference/runs/2025-11-12/01-39-10/pickle/predictions_1_20251111T174110485.pkl.
[2025-11-12 01:41:10,976][src.utils.inference_utils][INFO] - Global Rank: 0 wrote 64 rows to /data/mhwang/Rec/GRID/logs/inference/runs/2025-11-12/01-39-10/pickle/predictions_0_20251111T174110946.pkl.
[2025-11-12 01:41:11,622][src.utils.inference_utils][INFO] - Global Rank: 3 wrote 64 rows to /data/mhwang/Rec/GRID/logs/inference/runs/2025-11-12/01-39-10/pickle/predictions_3_20251111T174111595.pkl.
[2025-11-12 01:41:12,294][src.utils.inference_utils][INFO] - Global Rank: 1 wrote 64 rows to /data/mhwang/Rec/GRID/logs/inference/runs/2025-11-12/01-39-10/pickle/predictions_1_20251111T174112265.pkl.
[2025-11-12 01:41:12,541][src.utils.inference_utils][INFO] - Global Rank: 2 wrote 64 rows to /data/mhwang/Rec/GRID/logs/inference/runs/2025-11-12/01-39-10/pickle/predictions_2_20251111T174112515.pkl.
[2025-11-12 01:41:13,044][src.utils.inference_utils][INFO] - Global Rank: 0 wrote 64 rows to /data/mhwang/Rec/GRID/logs/inference/runs/2025-11-12/01-39-10/pickle/predictions_0_20251111T174113017.pkl.
[2025-11-12 01:41:13,846][src.utils.inference_utils][INFO] - Global Rank: 3 wrote 64 rows to /data/mhwang/Rec/GRID/logs/inference/runs/2025-11-12/01-39-10/pickle/predictions_3_20251111T174113814.pkl.
[2025-11-12 01:41:14,096][src.utils.inference_utils][INFO] - Global Rank: 1 wrote 64 rows to /data/mhwang/Rec/GRID/logs/inference/runs/2025-11-12/01-39-10/pickle/predictions_1_20251111T174114069.pkl.
[2025-11-12 01:41:14,540][src.utils.inference_utils][INFO] - Global Rank: 2 wrote 64 rows to /data/mhwang/Rec/GRID/logs/inference/runs/2025-11-12/01-39-10/pickle/predictions_2_20251111T174114514.pkl.
[2025-11-12 01:41:15,395][src.utils.inference_utils][INFO] - Global Rank: 0 wrote 64 rows to /data/mhwang/Rec/GRID/logs/inference/runs/2025-11-12/01-39-10/pickle/predictions_0_20251111T174115369.pkl.
[2025-11-12 01:41:16,018][src.utils.inference_utils][INFO] - Global Rank: 3 wrote 64 rows to /data/mhwang/Rec/GRID/logs/inference/runs/2025-11-12/01-39-10/pickle/predictions_3_20251111T174115989.pkl.
[2025-11-12 01:41:16,258][src.utils.inference_utils][INFO] - Global Rank: 1 wrote 64 rows to /data/mhwang/Rec/GRID/logs/inference/runs/2025-11-12/01-39-10/pickle/predictions_1_20251111T174116232.pkl.
[2025-11-12 01:41:16,261][src.utils.inference_utils][INFO] - Global Rank: 2 wrote 64 rows to /data/mhwang/Rec/GRID/logs/inference/runs/2025-11-12/01-39-10/pickle/predictions_2_20251111T174116235.pkl.
[2025-11-12 01:41:17,739][src.utils.inference_utils][INFO] - Global Rank: 0 wrote 64 rows to /data/mhwang/Rec/GRID/logs/inference/runs/2025-11-12/01-39-10/pickle/predictions_0_20251111T174117713.pkl.
[2025-11-12 01:41:18,038][src.utils.inference_utils][INFO] - Global Rank: 2 wrote 64 rows to /data/mhwang/Rec/GRID/logs/inference/runs/2025-11-12/01-39-10/pickle/predictions_2_20251111T174118009.pkl.
[2025-11-12 01:41:18,198][src.utils.inference_utils][INFO] - Global Rank: 3 wrote 64 rows to /data/mhwang/Rec/GRID/logs/inference/runs/2025-11-12/01-39-10/pickle/predictions_3_20251111T174118172.pkl.
[2025-11-12 01:41:18,268][src.utils.inference_utils][INFO] - Global Rank: 1 wrote 64 rows to /data/mhwang/Rec/GRID/logs/inference/runs/2025-11-12/01-39-10/pickle/predictions_1_20251111T174118239.pkl.
[2025-11-12 01:41:19,844][src.utils.inference_utils][INFO] - Global Rank: 2 wrote 64 rows to /data/mhwang/Rec/GRID/logs/inference/runs/2025-11-12/01-39-10/pickle/predictions_2_20251111T174119819.pkl.
[2025-11-12 01:41:19,933][src.utils.inference_utils][INFO] - Global Rank: 0 wrote 64 rows to /data/mhwang/Rec/GRID/logs/inference/runs/2025-11-12/01-39-10/pickle/predictions_0_20251111T174119908.pkl.
[2025-11-12 01:41:20,002][src.utils.inference_utils][INFO] - Global Rank: 1 wrote 64 rows to /data/mhwang/Rec/GRID/logs/inference/runs/2025-11-12/01-39-10/pickle/predictions_1_20251111T174119977.pkl.
[2025-11-12 01:41:20,368][src.utils.inference_utils][INFO] - Global Rank: 3 wrote 64 rows to /data/mhwang/Rec/GRID/logs/inference/runs/2025-11-12/01-39-10/pickle/predictions_3_20251111T174120342.pkl.
[2025-11-12 01:41:21,797][src.utils.inference_utils][INFO] - Global Rank: 1 wrote 64 rows to /data/mhwang/Rec/GRID/logs/inference/runs/2025-11-12/01-39-10/pickle/predictions_1_20251111T174121771.pkl.
[2025-11-12 01:41:21,999][src.utils.inference_utils][INFO] - Global Rank: 0 wrote 64 rows to /data/mhwang/Rec/GRID/logs/inference/runs/2025-11-12/01-39-10/pickle/predictions_0_20251111T174121973.pkl.
[2025-11-12 01:41:22,065][src.utils.inference_utils][INFO] - Global Rank: 2 wrote 64 rows to /data/mhwang/Rec/GRID/logs/inference/runs/2025-11-12/01-39-10/pickle/predictions_2_20251111T174122037.pkl.
[2025-11-12 01:41:22,141][src.utils.inference_utils][INFO] - Global Rank: 3 wrote 64 rows to /data/mhwang/Rec/GRID/logs/inference/runs/2025-11-12/01-39-10/pickle/predictions_3_20251111T174122114.pkl.
[2025-11-12 01:41:23,611][src.utils.inference_utils][INFO] - Global Rank: 1 wrote 64 rows to /data/mhwang/Rec/GRID/logs/inference/runs/2025-11-12/01-39-10/pickle/predictions_1_20251111T174123585.pkl.
[2025-11-12 01:41:23,891][src.utils.inference_utils][INFO] - Global Rank: 2 wrote 64 rows to /data/mhwang/Rec/GRID/logs/inference/runs/2025-11-12/01-39-10/pickle/predictions_2_20251111T174123866.pkl.
[2025-11-12 01:41:23,916][src.utils.inference_utils][INFO] - Global Rank: 3 wrote 64 rows to /data/mhwang/Rec/GRID/logs/inference/runs/2025-11-12/01-39-10/pickle/predictions_3_20251111T174123891.pkl.
[2025-11-12 01:41:24,031][src.utils.inference_utils][INFO] - Global Rank: 0 wrote 64 rows to /data/mhwang/Rec/GRID/logs/inference/runs/2025-11-12/01-39-10/pickle/predictions_0_20251111T174124006.pkl.
[2025-11-12 01:41:25,631][src.utils.inference_utils][INFO] - Global Rank: 3 wrote 64 rows to /data/mhwang/Rec/GRID/logs/inference/runs/2025-11-12/01-39-10/pickle/predictions_3_20251111T174125603.pkl.
[2025-11-12 01:41:25,657][src.utils.inference_utils][INFO] - Global Rank: 2 wrote 64 rows to /data/mhwang/Rec/GRID/logs/inference/runs/2025-11-12/01-39-10/pickle/predictions_2_20251111T174125631.pkl.
[2025-11-12 01:41:25,852][src.utils.inference_utils][INFO] - Global Rank: 1 wrote 64 rows to /data/mhwang/Rec/GRID/logs/inference/runs/2025-11-12/01-39-10/pickle/predictions_1_20251111T174125827.pkl.
[2025-11-12 01:41:26,088][src.utils.inference_utils][INFO] - Global Rank: 0 wrote 64 rows to /data/mhwang/Rec/GRID/logs/inference/runs/2025-11-12/01-39-10/pickle/predictions_0_20251111T174126063.pkl.
[2025-11-12 01:41:27,398][src.utils.inference_utils][INFO] - Global Rank: 3 wrote 64 rows to /data/mhwang/Rec/GRID/logs/inference/runs/2025-11-12/01-39-10/pickle/predictions_3_20251111T174127371.pkl.
[2025-11-12 01:41:27,454][src.utils.inference_utils][INFO] - Global Rank: 2 wrote 64 rows to /data/mhwang/Rec/GRID/logs/inference/runs/2025-11-12/01-39-10/pickle/predictions_2_20251111T174127429.pkl.
[2025-11-12 01:41:27,691][src.utils.inference_utils][INFO] - Global Rank: 1 wrote 64 rows to /data/mhwang/Rec/GRID/logs/inference/runs/2025-11-12/01-39-10/pickle/predictions_1_20251111T174127666.pkl.
[2025-11-12 01:41:28,159][src.utils.inference_utils][INFO] - Global Rank: 0 wrote 64 rows to /data/mhwang/Rec/GRID/logs/inference/runs/2025-11-12/01-39-10/pickle/predictions_0_20251111T174128132.pkl.
[2025-11-12 01:41:29,168][src.utils.inference_utils][INFO] - Global Rank: 3 wrote 64 rows to /data/mhwang/Rec/GRID/logs/inference/runs/2025-11-12/01-39-10/pickle/predictions_3_20251111T174129143.pkl.
[2025-11-12 01:41:29,445][src.utils.inference_utils][INFO] - Global Rank: 2 wrote 64 rows to /data/mhwang/Rec/GRID/logs/inference/runs/2025-11-12/01-39-10/pickle/predictions_2_20251111T174129420.pkl.
[2025-11-12 01:41:29,472][src.utils.inference_utils][INFO] - Global Rank: 1 wrote 64 rows to /data/mhwang/Rec/GRID/logs/inference/runs/2025-11-12/01-39-10/pickle/predictions_1_20251111T174129446.pkl.
[2025-11-12 01:41:30,200][src.utils.inference_utils][INFO] - Global Rank: 0 wrote 64 rows to /data/mhwang/Rec/GRID/logs/inference/runs/2025-11-12/01-39-10/pickle/predictions_0_20251111T174130175.pkl.
[2025-11-12 01:41:30,882][src.utils.inference_utils][INFO] - Global Rank: 3 wrote 64 rows to /data/mhwang/Rec/GRID/logs/inference/runs/2025-11-12/01-39-10/pickle/predictions_3_20251111T174130856.pkl.
[2025-11-12 01:41:31,272][src.utils.inference_utils][INFO] - Global Rank: 1 wrote 64 rows to /data/mhwang/Rec/GRID/logs/inference/runs/2025-11-12/01-39-10/pickle/predictions_1_20251111T174131247.pkl.
[2025-11-12 01:41:31,566][src.utils.inference_utils][INFO] - Global Rank: 2 wrote 64 rows to /data/mhwang/Rec/GRID/logs/inference/runs/2025-11-12/01-39-10/pickle/predictions_2_20251111T174131540.pkl.
[2025-11-12 01:41:32,231][src.utils.inference_utils][INFO] - Global Rank: 0 wrote 64 rows to /data/mhwang/Rec/GRID/logs/inference/runs/2025-11-12/01-39-10/pickle/predictions_0_20251111T174132206.pkl.
[2025-11-12 01:41:32,648][src.utils.inference_utils][INFO] - Global Rank: 3 wrote 64 rows to /data/mhwang/Rec/GRID/logs/inference/runs/2025-11-12/01-39-10/pickle/predictions_3_20251111T174132622.pkl.
[2025-11-12 01:41:33,276][src.utils.inference_utils][INFO] - Global Rank: 1 wrote 64 rows to /data/mhwang/Rec/GRID/logs/inference/runs/2025-11-12/01-39-10/pickle/predictions_1_20251111T174133251.pkl.
[2025-11-12 01:41:33,291][src.utils.inference_utils][INFO] - Global Rank: 2 wrote 64 rows to /data/mhwang/Rec/GRID/logs/inference/runs/2025-11-12/01-39-10/pickle/predictions_2_20251111T174133266.pkl.
[2025-11-12 01:41:34,221][src.utils.inference_utils][INFO] - Global Rank: 0 wrote 64 rows to /data/mhwang/Rec/GRID/logs/inference/runs/2025-11-12/01-39-10/pickle/predictions_0_20251111T174134193.pkl.
[2025-11-12 01:41:34,412][src.utils.inference_utils][INFO] - Global Rank: 3 wrote 64 rows to /data/mhwang/Rec/GRID/logs/inference/runs/2025-11-12/01-39-10/pickle/predictions_3_20251111T174134387.pkl.
[2025-11-12 01:41:35,065][src.utils.inference_utils][INFO] - Global Rank: 2 wrote 64 rows to /data/mhwang/Rec/GRID/logs/inference/runs/2025-11-12/01-39-10/pickle/predictions_2_20251111T174135036.pkl.
[2025-11-12 01:41:35,389][src.utils.inference_utils][INFO] - Global Rank: 1 wrote 64 rows to /data/mhwang/Rec/GRID/logs/inference/runs/2025-11-12/01-39-10/pickle/predictions_1_20251111T174135364.pkl.
[2025-11-12 01:41:36,210][src.utils.inference_utils][INFO] - Global Rank: 0 wrote 64 rows to /data/mhwang/Rec/GRID/logs/inference/runs/2025-11-12/01-39-10/pickle/predictions_0_20251111T174136185.pkl.
[2025-11-12 01:41:36,306][src.utils.inference_utils][INFO] - Global Rank: 3 wrote 64 rows to /data/mhwang/Rec/GRID/logs/inference/runs/2025-11-12/01-39-10/pickle/predictions_3_20251111T174136281.pkl.
[2025-11-12 01:41:36,869][src.utils.inference_utils][INFO] - Global Rank: 2 wrote 64 rows to /data/mhwang/Rec/GRID/logs/inference/runs/2025-11-12/01-39-10/pickle/predictions_2_20251111T174136840.pkl.
[2025-11-12 01:41:37,141][src.utils.inference_utils][INFO] - Global Rank: 1 wrote 64 rows to /data/mhwang/Rec/GRID/logs/inference/runs/2025-11-12/01-39-10/pickle/predictions_1_20251111T174137116.pkl.
[2025-11-12 01:41:38,249][src.utils.inference_utils][INFO] - Global Rank: 0 wrote 64 rows to /data/mhwang/Rec/GRID/logs/inference/runs/2025-11-12/01-39-10/pickle/predictions_0_20251111T174138224.pkl.
[2025-11-12 01:41:38,497][src.utils.inference_utils][INFO] - Global Rank: 3 wrote 64 rows to /data/mhwang/Rec/GRID/logs/inference/runs/2025-11-12/01-39-10/pickle/predictions_3_20251111T174138471.pkl.
[2025-11-12 01:41:38,923][src.utils.inference_utils][INFO] - Global Rank: 1 wrote 64 rows to /data/mhwang/Rec/GRID/logs/inference/runs/2025-11-12/01-39-10/pickle/predictions_1_20251111T174138898.pkl.
[2025-11-12 01:41:39,008][src.utils.inference_utils][INFO] - Global Rank: 2 wrote 64 rows to /data/mhwang/Rec/GRID/logs/inference/runs/2025-11-12/01-39-10/pickle/predictions_2_20251111T174138981.pkl.
[2025-11-12 01:41:40,279][src.utils.inference_utils][INFO] - Global Rank: 0 wrote 64 rows to /data/mhwang/Rec/GRID/logs/inference/runs/2025-11-12/01-39-10/pickle/predictions_0_20251111T174140253.pkl.
[2025-11-12 01:41:40,682][src.utils.inference_utils][INFO] - Global Rank: 3 wrote 64 rows to /data/mhwang/Rec/GRID/logs/inference/runs/2025-11-12/01-39-10/pickle/predictions_3_20251111T174140657.pkl.
[2025-11-12 01:41:40,722][src.utils.inference_utils][INFO] - Global Rank: 1 wrote 64 rows to /data/mhwang/Rec/GRID/logs/inference/runs/2025-11-12/01-39-10/pickle/predictions_1_20251111T174140697.pkl.
[2025-11-12 01:41:40,989][src.utils.inference_utils][INFO] - Global Rank: 2 wrote 64 rows to /data/mhwang/Rec/GRID/logs/inference/runs/2025-11-12/01-39-10/pickle/predictions_2_20251111T174140962.pkl.
[2025-11-12 01:41:42,353][src.utils.inference_utils][INFO] - Global Rank: 0 wrote 64 rows to /data/mhwang/Rec/GRID/logs/inference/runs/2025-11-12/01-39-10/pickle/predictions_0_20251111T174142328.pkl.
[2025-11-12 01:41:42,722][src.utils.inference_utils][INFO] - Global Rank: 2 wrote 64 rows to /data/mhwang/Rec/GRID/logs/inference/runs/2025-11-12/01-39-10/pickle/predictions_2_20251111T174142697.pkl.
[2025-11-12 01:41:42,827][src.utils.inference_utils][INFO] - Global Rank: 3 wrote 64 rows to /data/mhwang/Rec/GRID/logs/inference/runs/2025-11-12/01-39-10/pickle/predictions_3_20251111T174142801.pkl.
[2025-11-12 01:41:42,918][src.utils.inference_utils][INFO] - Global Rank: 1 wrote 64 rows to /data/mhwang/Rec/GRID/logs/inference/runs/2025-11-12/01-39-10/pickle/predictions_1_20251111T174142892.pkl.
[2025-11-12 01:41:44,454][src.utils.inference_utils][INFO] - Global Rank: 0 wrote 64 rows to /data/mhwang/Rec/GRID/logs/inference/runs/2025-11-12/01-39-10/pickle/predictions_0_20251111T174144429.pkl.
[2025-11-12 01:41:44,509][src.utils.inference_utils][INFO] - Global Rank: 2 wrote 64 rows to /data/mhwang/Rec/GRID/logs/inference/runs/2025-11-12/01-39-10/pickle/predictions_2_20251111T174144483.pkl.
[2025-11-12 01:41:44,976][src.utils.inference_utils][INFO] - Global Rank: 1 wrote 64 rows to /data/mhwang/Rec/GRID/logs/inference/runs/2025-11-12/01-39-10/pickle/predictions_1_20251111T174144948.pkl.
[2025-11-12 01:41:45,009][src.utils.inference_utils][INFO] - Global Rank: 3 wrote 64 rows to /data/mhwang/Rec/GRID/logs/inference/runs/2025-11-12/01-39-10/pickle/predictions_3_20251111T174144983.pkl.
[2025-11-12 01:41:46,327][src.utils.inference_utils][INFO] - Global Rank: 2 wrote 64 rows to /data/mhwang/Rec/GRID/logs/inference/runs/2025-11-12/01-39-10/pickle/predictions_2_20251111T174146298.pkl.
[2025-11-12 01:41:46,524][src.utils.inference_utils][INFO] - Global Rank: 0 wrote 64 rows to /data/mhwang/Rec/GRID/logs/inference/runs/2025-11-12/01-39-10/pickle/predictions_0_20251111T174146500.pkl.
[2025-11-12 01:41:46,686][src.utils.inference_utils][INFO] - Global Rank: 1 wrote 64 rows to /data/mhwang/Rec/GRID/logs/inference/runs/2025-11-12/01-39-10/pickle/predictions_1_20251111T174146661.pkl.
[2025-11-12 01:41:47,194][src.utils.inference_utils][INFO] - Global Rank: 3 wrote 64 rows to /data/mhwang/Rec/GRID/logs/inference/runs/2025-11-12/01-39-10/pickle/predictions_3_20251111T174147169.pkl.
[2025-11-12 01:41:48,473][src.utils.inference_utils][INFO] - Global Rank: 1 wrote 64 rows to /data/mhwang/Rec/GRID/logs/inference/runs/2025-11-12/01-39-10/pickle/predictions_1_20251111T174148448.pkl.
[2025-11-12 01:41:48,552][src.utils.inference_utils][INFO] - Global Rank: 2 wrote 64 rows to /data/mhwang/Rec/GRID/logs/inference/runs/2025-11-12/01-39-10/pickle/predictions_2_20251111T174148526.pkl.
[2025-11-12 01:41:48,599][src.utils.inference_utils][INFO] - Global Rank: 0 wrote 64 rows to /data/mhwang/Rec/GRID/logs/inference/runs/2025-11-12/01-39-10/pickle/predictions_0_20251111T174148574.pkl.
[2025-11-12 01:41:49,363][src.utils.inference_utils][INFO] - Global Rank: 3 wrote 64 rows to /data/mhwang/Rec/GRID/logs/inference/runs/2025-11-12/01-39-10/pickle/predictions_3_20251111T174149336.pkl.
[2025-11-12 01:41:50,268][src.utils.inference_utils][INFO] - Global Rank: 1 wrote 64 rows to /data/mhwang/Rec/GRID/logs/inference/runs/2025-11-12/01-39-10/pickle/predictions_1_20251111T174150243.pkl.
[2025-11-12 01:41:50,399][src.utils.inference_utils][INFO] - Global Rank: 2 wrote 64 rows to /data/mhwang/Rec/GRID/logs/inference/runs/2025-11-12/01-39-10/pickle/predictions_2_20251111T174150373.pkl.
[2025-11-12 01:41:50,948][src.utils.inference_utils][INFO] - Global Rank: 0 wrote 64 rows to /data/mhwang/Rec/GRID/logs/inference/runs/2025-11-12/01-39-10/pickle/predictions_0_20251111T174150923.pkl.
[2025-11-12 01:41:51,541][src.utils.inference_utils][INFO] - Global Rank: 3 wrote 64 rows to /data/mhwang/Rec/GRID/logs/inference/runs/2025-11-12/01-39-10/pickle/predictions_3_20251111T174151516.pkl.
[2025-11-12 01:41:52,169][src.utils.inference_utils][INFO] - Global Rank: 2 wrote 64 rows to /data/mhwang/Rec/GRID/logs/inference/runs/2025-11-12/01-39-10/pickle/predictions_2_20251111T174152142.pkl.
[2025-11-12 01:41:52,436][src.utils.inference_utils][INFO] - Global Rank: 1 wrote 64 rows to /data/mhwang/Rec/GRID/logs/inference/runs/2025-11-12/01-39-10/pickle/predictions_1_20251111T174152411.pkl.
[2025-11-12 01:41:53,383][src.utils.inference_utils][INFO] - Global Rank: 0 wrote 64 rows to /data/mhwang/Rec/GRID/logs/inference/runs/2025-11-12/01-39-10/pickle/predictions_0_20251111T174153358.pkl.
[2025-11-12 01:41:53,720][src.utils.inference_utils][INFO] - Global Rank: 3 wrote 64 rows to /data/mhwang/Rec/GRID/logs/inference/runs/2025-11-12/01-39-10/pickle/predictions_3_20251111T174153694.pkl.
[2025-11-12 01:41:53,934][src.utils.inference_utils][INFO] - Global Rank: 2 wrote 64 rows to /data/mhwang/Rec/GRID/logs/inference/runs/2025-11-12/01-39-10/pickle/predictions_2_20251111T174153908.pkl.
[2025-11-12 01:41:54,458][src.utils.inference_utils][INFO] - Global Rank: 1 wrote 64 rows to /data/mhwang/Rec/GRID/logs/inference/runs/2025-11-12/01-39-10/pickle/predictions_1_20251111T174154432.pkl.
[2025-11-12 01:41:55,587][src.utils.inference_utils][INFO] - Global Rank: 0 wrote 64 rows to /data/mhwang/Rec/GRID/logs/inference/runs/2025-11-12/01-39-10/pickle/predictions_0_20251111T174155561.pkl.
[2025-11-12 01:41:55,837][src.utils.inference_utils][INFO] - Global Rank: 2 wrote 64 rows to /data/mhwang/Rec/GRID/logs/inference/runs/2025-11-12/01-39-10/pickle/predictions_2_20251111T174155812.pkl.
[2025-11-12 01:41:55,876][src.utils.inference_utils][INFO] - Global Rank: 3 wrote 64 rows to /data/mhwang/Rec/GRID/logs/inference/runs/2025-11-12/01-39-10/pickle/predictions_3_20251111T174155851.pkl.
[2025-11-12 01:41:56,197][src.utils.inference_utils][INFO] - Global Rank: 1 wrote 64 rows to /data/mhwang/Rec/GRID/logs/inference/runs/2025-11-12/01-39-10/pickle/predictions_1_20251111T174156169.pkl.
[2025-11-12 01:41:57,670][src.utils.inference_utils][INFO] - Global Rank: 0 wrote 64 rows to /data/mhwang/Rec/GRID/logs/inference/runs/2025-11-12/01-39-10/pickle/predictions_0_20251111T174157645.pkl.
[2025-11-12 01:41:58,000][src.utils.inference_utils][INFO] - Global Rank: 1 wrote 64 rows to /data/mhwang/Rec/GRID/logs/inference/runs/2025-11-12/01-39-10/pickle/predictions_1_20251111T174157975.pkl.
[2025-11-12 01:41:58,029][src.utils.inference_utils][INFO] - Global Rank: 2 wrote 64 rows to /data/mhwang/Rec/GRID/logs/inference/runs/2025-11-12/01-39-10/pickle/predictions_2_20251111T174158003.pkl.
[2025-11-12 01:41:58,060][src.utils.inference_utils][INFO] - Global Rank: 3 wrote 64 rows to /data/mhwang/Rec/GRID/logs/inference/runs/2025-11-12/01-39-10/pickle/predictions_3_20251111T174158032.pkl.
[2025-11-12 01:41:59,752][src.utils.inference_utils][INFO] - Global Rank: 0 wrote 64 rows to /data/mhwang/Rec/GRID/logs/inference/runs/2025-11-12/01-39-10/pickle/predictions_0_20251111T174159727.pkl.
[2025-11-12 01:41:59,795][src.utils.inference_utils][INFO] - Global Rank: 1 wrote 64 rows to /data/mhwang/Rec/GRID/logs/inference/runs/2025-11-12/01-39-10/pickle/predictions_1_20251111T174159770.pkl.
[2025-11-12 01:41:59,812][src.utils.inference_utils][INFO] - Global Rank: 2 wrote 64 rows to /data/mhwang/Rec/GRID/logs/inference/runs/2025-11-12/01-39-10/pickle/predictions_2_20251111T174159787.pkl.
[2025-11-12 01:42:00,216][src.utils.inference_utils][INFO] - Global Rank: 3 wrote 64 rows to /data/mhwang/Rec/GRID/logs/inference/runs/2025-11-12/01-39-10/pickle/predictions_3_20251111T174200192.pkl.
[2025-11-12 01:42:01,587][src.utils.inference_utils][INFO] - Global Rank: 2 wrote 64 rows to /data/mhwang/Rec/GRID/logs/inference/runs/2025-11-12/01-39-10/pickle/predictions_2_20251111T174201561.pkl.
[2025-11-12 01:42:01,831][src.utils.inference_utils][INFO] - Global Rank: 0 wrote 64 rows to /data/mhwang/Rec/GRID/logs/inference/runs/2025-11-12/01-39-10/pickle/predictions_0_20251111T174201806.pkl.
[2025-11-12 01:42:01,980][src.utils.inference_utils][INFO] - Global Rank: 1 wrote 64 rows to /data/mhwang/Rec/GRID/logs/inference/runs/2025-11-12/01-39-10/pickle/predictions_1_20251111T174201955.pkl.
[2025-11-12 01:42:02,351][src.utils.inference_utils][INFO] - Global Rank: 3 wrote 64 rows to /data/mhwang/Rec/GRID/logs/inference/runs/2025-11-12/01-39-10/pickle/predictions_3_20251111T174202326.pkl.
[2025-11-12 01:42:03,385][src.utils.inference_utils][INFO] - Global Rank: 2 wrote 64 rows to /data/mhwang/Rec/GRID/logs/inference/runs/2025-11-12/01-39-10/pickle/predictions_2_20251111T174203359.pkl.
[2025-11-12 01:42:03,872][src.utils.inference_utils][INFO] - Global Rank: 0 wrote 64 rows to /data/mhwang/Rec/GRID/logs/inference/runs/2025-11-12/01-39-10/pickle/predictions_0_20251111T174203847.pkl.
[2025-11-12 01:42:04,009][src.utils.inference_utils][INFO] - Global Rank: 1 wrote 64 rows to /data/mhwang/Rec/GRID/logs/inference/runs/2025-11-12/01-39-10/pickle/predictions_1_20251111T174203984.pkl.
[2025-11-12 01:42:04,484][src.utils.inference_utils][INFO] - Global Rank: 3 wrote 64 rows to /data/mhwang/Rec/GRID/logs/inference/runs/2025-11-12/01-39-10/pickle/predictions_3_20251111T174204459.pkl.
[2025-11-12 01:42:05,562][src.utils.inference_utils][INFO] - Global Rank: 2 wrote 64 rows to /data/mhwang/Rec/GRID/logs/inference/runs/2025-11-12/01-39-10/pickle/predictions_2_20251111T174205537.pkl.
[2025-11-12 01:42:05,744][src.utils.inference_utils][INFO] - Global Rank: 1 wrote 64 rows to /data/mhwang/Rec/GRID/logs/inference/runs/2025-11-12/01-39-10/pickle/predictions_1_20251111T174205719.pkl.
[2025-11-12 01:42:05,934][src.utils.inference_utils][INFO] - Global Rank: 0 wrote 64 rows to /data/mhwang/Rec/GRID/logs/inference/runs/2025-11-12/01-39-10/pickle/predictions_0_20251111T174205908.pkl.
[2025-11-12 01:42:06,650][src.utils.inference_utils][INFO] - Global Rank: 3 wrote 64 rows to /data/mhwang/Rec/GRID/logs/inference/runs/2025-11-12/01-39-10/pickle/predictions_3_20251111T174206625.pkl.
[2025-11-12 01:42:07,559][src.utils.inference_utils][INFO] - Global Rank: 1 wrote 64 rows to /data/mhwang/Rec/GRID/logs/inference/runs/2025-11-12/01-39-10/pickle/predictions_1_20251111T174207533.pkl.
[2025-11-12 01:42:07,586][src.utils.inference_utils][INFO] - Global Rank: 2 wrote 64 rows to /data/mhwang/Rec/GRID/logs/inference/runs/2025-11-12/01-39-10/pickle/predictions_2_20251111T174207555.pkl.
[2025-11-12 01:42:08,017][src.utils.inference_utils][INFO] - Global Rank: 0 wrote 64 rows to /data/mhwang/Rec/GRID/logs/inference/runs/2025-11-12/01-39-10/pickle/predictions_0_20251111T174207992.pkl.
[2025-11-12 01:42:08,814][src.utils.inference_utils][INFO] - Global Rank: 3 wrote 64 rows to /data/mhwang/Rec/GRID/logs/inference/runs/2025-11-12/01-39-10/pickle/predictions_3_20251111T174208786.pkl.
[2025-11-12 01:42:09,336][src.utils.inference_utils][INFO] - Global Rank: 2 wrote 64 rows to /data/mhwang/Rec/GRID/logs/inference/runs/2025-11-12/01-39-10/pickle/predictions_2_20251111T174209308.pkl.
[2025-11-12 01:42:09,392][src.utils.inference_utils][INFO] - Global Rank: 1 wrote 64 rows to /data/mhwang/Rec/GRID/logs/inference/runs/2025-11-12/01-39-10/pickle/predictions_1_20251111T174209367.pkl.
[2025-11-12 01:42:10,106][src.utils.inference_utils][INFO] - Global Rank: 0 wrote 64 rows to /data/mhwang/Rec/GRID/logs/inference/runs/2025-11-12/01-39-10/pickle/predictions_0_20251111T174210080.pkl.
[2025-11-12 01:42:11,001][src.utils.inference_utils][INFO] - Global Rank: 3 wrote 64 rows to /data/mhwang/Rec/GRID/logs/inference/runs/2025-11-12/01-39-10/pickle/predictions_3_20251111T174210976.pkl.
[2025-11-12 01:42:11,142][src.utils.inference_utils][INFO] - Global Rank: 2 wrote 64 rows to /data/mhwang/Rec/GRID/logs/inference/runs/2025-11-12/01-39-10/pickle/predictions_2_20251111T174211112.pkl.
[2025-11-12 01:42:11,676][src.utils.inference_utils][INFO] - Global Rank: 1 wrote 64 rows to /data/mhwang/Rec/GRID/logs/inference/runs/2025-11-12/01-39-10/pickle/predictions_1_20251111T174211648.pkl.
[2025-11-12 01:42:12,188][src.utils.inference_utils][INFO] - Global Rank: 0 wrote 64 rows to /data/mhwang/Rec/GRID/logs/inference/runs/2025-11-12/01-39-10/pickle/predictions_0_20251111T174212163.pkl.
[2025-11-12 01:42:12,945][src.utils.inference_utils][INFO] - Global Rank: 2 wrote 64 rows to /data/mhwang/Rec/GRID/logs/inference/runs/2025-11-12/01-39-10/pickle/predictions_2_20251111T174212915.pkl.
[2025-11-12 01:42:13,160][src.utils.inference_utils][INFO] - Global Rank: 3 wrote 64 rows to /data/mhwang/Rec/GRID/logs/inference/runs/2025-11-12/01-39-10/pickle/predictions_3_20251111T174213135.pkl.
[2025-11-12 01:42:13,654][src.utils.inference_utils][INFO] - Global Rank: 1 wrote 64 rows to /data/mhwang/Rec/GRID/logs/inference/runs/2025-11-12/01-39-10/pickle/predictions_1_20251111T174213629.pkl.
[2025-11-12 01:42:14,270][src.utils.inference_utils][INFO] - Global Rank: 0 wrote 64 rows to /data/mhwang/Rec/GRID/logs/inference/runs/2025-11-12/01-39-10/pickle/predictions_0_20251111T174214245.pkl.
[2025-11-12 01:42:15,194][src.utils.inference_utils][INFO] - Global Rank: 2 wrote 64 rows to /data/mhwang/Rec/GRID/logs/inference/runs/2025-11-12/01-39-10/pickle/predictions_2_20251111T174215164.pkl.
[2025-11-12 01:42:15,359][src.utils.inference_utils][INFO] - Global Rank: 3 wrote 64 rows to /data/mhwang/Rec/GRID/logs/inference/runs/2025-11-12/01-39-10/pickle/predictions_3_20251111T174215333.pkl.
[2025-11-12 01:42:15,447][src.utils.inference_utils][INFO] - Global Rank: 1 wrote 64 rows to /data/mhwang/Rec/GRID/logs/inference/runs/2025-11-12/01-39-10/pickle/predictions_1_20251111T174215422.pkl.
[2025-11-12 01:42:16,363][src.utils.inference_utils][INFO] - Global Rank: 0 wrote 64 rows to /data/mhwang/Rec/GRID/logs/inference/runs/2025-11-12/01-39-10/pickle/predictions_0_20251111T174216338.pkl.
[2025-11-12 01:42:17,024][src.utils.inference_utils][INFO] - Global Rank: 2 wrote 64 rows to /data/mhwang/Rec/GRID/logs/inference/runs/2025-11-12/01-39-10/pickle/predictions_2_20251111T174216997.pkl.
[2025-11-12 01:42:17,271][src.utils.inference_utils][INFO] - Global Rank: 1 wrote 64 rows to /data/mhwang/Rec/GRID/logs/inference/runs/2025-11-12/01-39-10/pickle/predictions_1_20251111T174217246.pkl.
[2025-11-12 01:42:17,537][src.utils.inference_utils][INFO] - Global Rank: 3 wrote 64 rows to /data/mhwang/Rec/GRID/logs/inference/runs/2025-11-12/01-39-10/pickle/predictions_3_20251111T174217512.pkl.
[2025-11-12 01:42:18,399][src.utils.inference_utils][INFO] - Global Rank: 0 wrote 64 rows to /data/mhwang/Rec/GRID/logs/inference/runs/2025-11-12/01-39-10/pickle/predictions_0_20251111T174218374.pkl.
[2025-11-12 01:42:18,797][src.utils.inference_utils][INFO] - Global Rank: 2 wrote 64 rows to /data/mhwang/Rec/GRID/logs/inference/runs/2025-11-12/01-39-10/pickle/predictions_2_20251111T174218771.pkl.
[2025-11-12 01:42:19,456][src.utils.inference_utils][INFO] - Global Rank: 1 wrote 64 rows to /data/mhwang/Rec/GRID/logs/inference/runs/2025-11-12/01-39-10/pickle/predictions_1_20251111T174219430.pkl.
[2025-11-12 01:42:19,711][src.utils.inference_utils][INFO] - Global Rank: 3 wrote 64 rows to /data/mhwang/Rec/GRID/logs/inference/runs/2025-11-12/01-39-10/pickle/predictions_3_20251111T174219685.pkl.
[2025-11-12 01:42:20,514][src.utils.inference_utils][INFO] - Global Rank: 0 wrote 64 rows to /data/mhwang/Rec/GRID/logs/inference/runs/2025-11-12/01-39-10/pickle/predictions_0_20251111T174220489.pkl.
[2025-11-12 01:42:20,605][src.utils.inference_utils][INFO] - Global Rank: 2 wrote 64 rows to /data/mhwang/Rec/GRID/logs/inference/runs/2025-11-12/01-39-10/pickle/predictions_2_20251111T174220575.pkl.
[2025-11-12 01:42:21,478][src.utils.inference_utils][INFO] - Global Rank: 1 wrote 64 rows to /data/mhwang/Rec/GRID/logs/inference/runs/2025-11-12/01-39-10/pickle/predictions_1_20251111T174221453.pkl.
[2025-11-12 01:42:21,920][src.utils.inference_utils][INFO] - Global Rank: 3 wrote 64 rows to /data/mhwang/Rec/GRID/logs/inference/runs/2025-11-12/01-39-10/pickle/predictions_3_20251111T174221891.pkl.
[2025-11-12 01:42:22,600][src.utils.inference_utils][INFO] - Global Rank: 0 wrote 64 rows to /data/mhwang/Rec/GRID/logs/inference/runs/2025-11-12/01-39-10/pickle/predictions_0_20251111T174222575.pkl.
[2025-11-12 01:42:22,789][src.utils.inference_utils][INFO] - Global Rank: 2 wrote 64 rows to /data/mhwang/Rec/GRID/logs/inference/runs/2025-11-12/01-39-10/pickle/predictions_2_20251111T174222763.pkl.
[2025-11-12 01:42:23,221][src.utils.inference_utils][INFO] - Global Rank: 1 wrote 64 rows to /data/mhwang/Rec/GRID/logs/inference/runs/2025-11-12/01-39-10/pickle/predictions_1_20251111T174223196.pkl.
[2025-11-12 01:42:23,675][src.utils.inference_utils][INFO] - Global Rank: 1 wrote 20 rows to /data/mhwang/Rec/GRID/logs/inference/runs/2025-11-12/01-39-10/pickle/predictions_1_20251111T174223667.pkl.
[2025-11-12 01:42:23,680][src.utils.inference_utils][INFO] - Rank 1 finished writing predictions.
[2025-11-12 01:42:24,085][src.utils.inference_utils][INFO] - Global Rank: 3 wrote 64 rows to /data/mhwang/Rec/GRID/logs/inference/runs/2025-11-12/01-39-10/pickle/predictions_3_20251111T174224060.pkl.
[2025-11-12 01:42:24,688][src.utils.inference_utils][INFO] - Global Rank: 0 wrote 64 rows to /data/mhwang/Rec/GRID/logs/inference/runs/2025-11-12/01-39-10/pickle/predictions_0_20251111T174224663.pkl.
[2025-11-12 01:42:24,806][src.utils.inference_utils][INFO] - Global Rank: 2 wrote 64 rows to /data/mhwang/Rec/GRID/logs/inference/runs/2025-11-12/01-39-10/pickle/predictions_2_20251111T174224779.pkl.
[2025-11-12 01:42:26,268][src.utils.inference_utils][INFO] - Global Rank: 3 wrote 64 rows to /data/mhwang/Rec/GRID/logs/inference/runs/2025-11-12/01-39-10/pickle/predictions_3_20251111T174226242.pkl.
[2025-11-12 01:42:26,555][src.utils.inference_utils][INFO] - Global Rank: 2 wrote 64 rows to /data/mhwang/Rec/GRID/logs/inference/runs/2025-11-12/01-39-10/pickle/predictions_2_20251111T174226529.pkl.
[2025-11-12 01:42:26,813][src.utils.inference_utils][INFO] - Global Rank: 0 wrote 64 rows to /data/mhwang/Rec/GRID/logs/inference/runs/2025-11-12/01-39-10/pickle/predictions_0_20251111T174226788.pkl.
[2025-11-12 01:42:28,352][src.utils.inference_utils][INFO] - Global Rank: 2 wrote 64 rows to /data/mhwang/Rec/GRID/logs/inference/runs/2025-11-12/01-39-10/pickle/predictions_2_20251111T174228326.pkl.
[2025-11-12 01:42:28,435][src.utils.inference_utils][INFO] - Global Rank: 3 wrote 64 rows to /data/mhwang/Rec/GRID/logs/inference/runs/2025-11-12/01-39-10/pickle/predictions_3_20251111T174228410.pkl.
[2025-11-12 01:42:29,340][src.utils.inference_utils][INFO] - Global Rank: 0 wrote 64 rows to /data/mhwang/Rec/GRID/logs/inference/runs/2025-11-12/01-39-10/pickle/predictions_0_20251111T174229314.pkl.
[2025-11-12 01:42:30,180][src.utils.inference_utils][INFO] - Global Rank: 2 wrote 64 rows to /data/mhwang/Rec/GRID/logs/inference/runs/2025-11-12/01-39-10/pickle/predictions_2_20251111T174230155.pkl.
[2025-11-12 01:42:30,611][src.utils.inference_utils][INFO] - Global Rank: 3 wrote 64 rows to /data/mhwang/Rec/GRID/logs/inference/runs/2025-11-12/01-39-10/pickle/predictions_3_20251111T174230586.pkl.
[2025-11-12 01:42:31,634][src.utils.inference_utils][INFO] - Global Rank: 0 wrote 64 rows to /data/mhwang/Rec/GRID/logs/inference/runs/2025-11-12/01-39-10/pickle/predictions_0_20251111T174231609.pkl.
[2025-11-12 01:42:32,414][src.utils.inference_utils][INFO] - Global Rank: 2 wrote 64 rows to /data/mhwang/Rec/GRID/logs/inference/runs/2025-11-12/01-39-10/pickle/predictions_2_20251111T174232389.pkl.
[2025-11-12 01:42:32,771][src.utils.inference_utils][INFO] - Global Rank: 3 wrote 64 rows to /data/mhwang/Rec/GRID/logs/inference/runs/2025-11-12/01-39-10/pickle/predictions_3_20251111T174232746.pkl.
[2025-11-12 01:42:33,706][src.utils.inference_utils][INFO] - Global Rank: 0 wrote 64 rows to /data/mhwang/Rec/GRID/logs/inference/runs/2025-11-12/01-39-10/pickle/predictions_0_20251111T174233681.pkl.
[2025-11-12 01:42:34,267][src.utils.inference_utils][INFO] - Global Rank: 2 wrote 64 rows to /data/mhwang/Rec/GRID/logs/inference/runs/2025-11-12/01-39-10/pickle/predictions_2_20251111T174234239.pkl.
[2025-11-12 01:42:34,283][src.utils.inference_utils][INFO] - Buffer is empty, nothing to flush.
[2025-11-12 01:42:34,283][src.utils.inference_utils][INFO] - Rank 2 finished writing predictions.
[2025-11-12 01:42:34,967][src.utils.inference_utils][INFO] - Global Rank: 3 wrote 64 rows to /data/mhwang/Rec/GRID/logs/inference/runs/2025-11-12/01-39-10/pickle/predictions_3_20251111T174234942.pkl.
[2025-11-12 01:42:35,793][src.utils.inference_utils][INFO] - Global Rank: 0 wrote 64 rows to /data/mhwang/Rec/GRID/logs/inference/runs/2025-11-12/01-39-10/pickle/predictions_0_20251111T174235769.pkl.
[2025-11-12 01:42:37,141][src.utils.inference_utils][INFO] - Global Rank: 3 wrote 64 rows to /data/mhwang/Rec/GRID/logs/inference/runs/2025-11-12/01-39-10/pickle/predictions_3_20251111T174237116.pkl.
[2025-11-12 01:42:37,828][src.utils.inference_utils][INFO] - Global Rank: 0 wrote 64 rows to /data/mhwang/Rec/GRID/logs/inference/runs/2025-11-12/01-39-10/pickle/predictions_0_20251111T174237803.pkl.
[2025-11-12 01:42:39,323][src.utils.inference_utils][INFO] - Global Rank: 3 wrote 64 rows to /data/mhwang/Rec/GRID/logs/inference/runs/2025-11-12/01-39-10/pickle/predictions_3_20251111T174239298.pkl.
[2025-11-12 01:42:39,842][src.utils.inference_utils][INFO] - Global Rank: 0 wrote 64 rows to /data/mhwang/Rec/GRID/logs/inference/runs/2025-11-12/01-39-10/pickle/predictions_0_20251111T174239817.pkl.
[2025-11-12 01:42:41,510][src.utils.inference_utils][INFO] - Global Rank: 3 wrote 64 rows to /data/mhwang/Rec/GRID/logs/inference/runs/2025-11-12/01-39-10/pickle/predictions_3_20251111T174241485.pkl.
[2025-11-12 01:42:41,860][src.utils.inference_utils][INFO] - Global Rank: 0 wrote 64 rows to /data/mhwang/Rec/GRID/logs/inference/runs/2025-11-12/01-39-10/pickle/predictions_0_20251111T174241835.pkl.
[2025-11-12 01:42:43,672][src.utils.inference_utils][INFO] - Global Rank: 3 wrote 64 rows to /data/mhwang/Rec/GRID/logs/inference/runs/2025-11-12/01-39-10/pickle/predictions_3_20251111T174243647.pkl.
[2025-11-12 01:42:43,687][src.utils.inference_utils][INFO] - Buffer is empty, nothing to flush.
[2025-11-12 01:42:43,687][src.utils.inference_utils][INFO] - Rank 3 finished writing predictions.
[2025-11-12 01:43:24,163][src.utils.inference_utils][INFO] - Global Rank: 0 wrote 64 rows to /data/mhwang/Rec/GRID/logs/inference/runs/2025-11-12/01-39-10/pickle/predictions_0_20251111T174324138.pkl.
[2025-11-12 01:43:24,179][src.utils.inference_utils][INFO] - Buffer is empty, nothing to flush.
[2025-11-12 01:43:24,180][src.utils.inference_utils][INFO] - Rank 0 finished writing predictions.
[2025-11-12 01:43:24,181][src.utils.inference_utils][INFO] - Merging pickle files on main process.
[2025-11-12 01:43:36,760][src.utils.inference_utils][INFO] - Merged 11924 rows into merged_predictions.pkl.
[2025-11-12 01:43:53,962][src.utils.inference_utils][INFO] - Merged 11924 rows into merged_predictions_tensor.pt. as pytorch tensor
