[2025-11-13 15:13:33,837][src.utils.utils][INFO] - [rank: 0] Enforcing tags! <cfg.extras.enforce_tags=True>
[2025-11-13 15:13:33,847][src.utils.utils][INFO] - [rank: 0] Printing config tree with Rich! <cfg.extras.print_config=True>
[2025-11-13 15:13:33,848][src.utils.restart_job][INFO] - [rank: 0] should_skip_retry set to True. Skipping retry logic.
[2025-11-13 15:13:33,852][src.utils.launcher_utils][INFO] - [rank: 0] Instantiating datamodule <src.data.loading.datamodules.sequence_datamodule.SequenceDataModule>
[2025-11-13 15:13:33,947][src.utils.launcher_utils][INFO] - [rank: 0] Instantiating model <src.models.modules.semantic_id.tiger_generation_model.SemanticIDEncoderDecoder>
[2025-11-13 15:13:34,204][src.models.modules.semantic_id.tiger_generation_model][INFO] - [rank: 0] i am here
[2025-11-13 15:13:34,591][src.utils.launcher_utils][INFO] - [rank: 0] Instantiating callbacks...
[2025-11-13 15:13:34,591][src.utils.instantiators][INFO] - [rank: 0] Instantiating callback <lightning.pytorch.callbacks.ModelCheckpoint>
[2025-11-13 15:13:34,596][src.utils.instantiators][INFO] - [rank: 0] Instantiating callback <lightning.pytorch.callbacks.EarlyStopping>
[2025-11-13 15:13:34,599][src.utils.instantiators][INFO] - [rank: 0] Instantiating callback <lightning.pytorch.callbacks.RichModelSummary>
[2025-11-13 15:13:34,601][src.utils.instantiators][INFO] - [rank: 0] Instantiating callback <src.utils.restart_job.RestartAndLoadCheckpointCallback>
[2025-11-13 15:13:34,604][src.utils.restart_job_utils][INFO] - [rank: 0] Trying to load metadata from /data/mhwang/Rec/GRID/logs/train/runs/2025-11-13/15-13-33/metadata/restart_metadata.json
[2025-11-13 15:13:34,604][src.utils.restart_job_utils][WARNING] - [rank: 0] Metadata file not found at /data/mhwang/Rec/GRID/logs/train/runs/2025-11-13/15-13-33/metadata/restart_metadata.json. Creating empty metadata.
[2025-11-13 15:13:34,605][src.utils.restart_job_utils][INFO] - [rank: 0] Saving metadata to /data/mhwang/Rec/GRID/logs/train/runs/2025-11-13/15-13-33/metadata/restart_metadata.json. {'start_time': '2025-11-13T15:13:34.605055', 'restarts': [], 'current_run': 0, 'used_ports': [], 'world_size': 0, 'node_rank': 0, 'master_addr': '', 'original_args': ['/data/mhwang/Rec/GRID/src/train.py', 'experiment=tiger_train_flat', 'data_dir=/data/mhwang/Rec/GRID/amazon_data/beauty', 'semantic_id_path=/data/mhwang/Rec/GRID/logs/inference/runs/2025-11-12/23-31-39/pickle/merged_predictions_tensor.pt', 'num_hierarchies=6', '++should_skip_retry=True']}
[2025-11-13 15:13:34,605][src.utils.launcher_utils][INFO] - [rank: 0] Instantiating loggers...
[2025-11-13 15:13:34,606][src.utils.instantiators][INFO] - [rank: 0] Instantiating logger <lightning.pytorch.loggers.csv_logs.CSVLogger>
[2025-11-13 15:13:34,608][src.utils.launcher_utils][INFO] - [rank: 0] Instantiating trainer <lightning.pytorch.trainer.Trainer>
[2025-11-13 15:13:34,611][src.utils.restart_job_utils][INFO] - [rank: 0] Trying to load metadata from /data/mhwang/Rec/GRID/logs/train/runs/2025-11-13/15-13-33/metadata/restart_metadata.json
[2025-11-13 15:13:34,611][src.utils.restart_job_utils][INFO] - [rank: 0] Metadata loaded successfully from /data/mhwang/Rec/GRID/logs/train/runs/2025-11-13/15-13-33/metadata/restart_metadata.json
[2025-11-13 15:13:34,612][src.utils.restart_job_utils][INFO] - [rank: 0] Retrieved current_run: 0 from metadata /data/mhwang/Rec/GRID/logs/train/runs/2025-11-13/15-13-33/metadata/restart_metadata.json
[2025-11-13 15:13:34,718][src.utils.launcher_utils][INFO] - [rank: 0] Logging hyperparameters!
[2025-11-13 15:13:35,047][__main__][INFO] - [rank: 0] Starting training!
[2025-11-13 15:13:54,828][src.utils.restart_job_utils][INFO] - [rank: 0] Saving metadata to /data/mhwang/Rec/GRID/logs/train/runs/2025-11-13/15-13-33/metadata/restart_metadata.json. {'start_time': '2025-11-13T15:13:34.605055', 'restarts': [], 'current_run': 0, 'used_ports': ['45901'], 'world_size': 2, 'node_rank': 0, 'master_addr': '127.0.0.1', 'original_args': ['/data/mhwang/Rec/GRID/src/train.py', 'experiment=tiger_train_flat', 'data_dir=/data/mhwang/Rec/GRID/amazon_data/beauty', 'semantic_id_path=/data/mhwang/Rec/GRID/logs/inference/runs/2025-11-12/23-31-39/pickle/merged_predictions_tensor.pt', 'num_hierarchies=6', '++should_skip_retry=True']}
[2025-11-13 16:01:41,851][src.models.modules.semantic_id.tiger_generation_model][INFO] - [rank: 0] 开始统计训练集中的item流行度...
[2025-11-13 16:01:41,853][src.models.modules.semantic_id.tiger_generation_model][INFO] - [rank: 0] 训练集dataloader类型: <class 'tuple'>
[2025-11-13 16:01:41,854][src.models.modules.semantic_id.tiger_generation_model][INFO] - [rank: 0] 实际dataloader类型: <class 'src.data.loading.components.custom_dataloader.DataloaderWithIterationRetry'>
[2025-11-13 16:04:09,473][src.models.modules.semantic_id.tiger_generation_model][INFO] - [rank: 0] 已处理 1000 个batch，累计统计 2120454 个item交互
[2025-11-13 16:06:42,747][src.models.modules.semantic_id.tiger_generation_model][INFO] - [rank: 0] 已处理 2000 个batch，累计统计 4276972 个item交互
[2025-11-13 16:09:39,643][src.models.modules.semantic_id.tiger_generation_model][INFO] - [rank: 0] 已处理 3000 个batch，累计统计 6586873 个item交互
[2025-11-13 16:13:03,051][src.models.modules.semantic_id.tiger_generation_model][INFO] - [rank: 0] 已处理 4000 个batch，累计统计 8866513 个item交互
[2025-11-13 16:16:29,080][src.models.modules.semantic_id.tiger_generation_model][INFO] - [rank: 0] 已处理 5000 个batch，累计统计 11231277 个item交互
[2025-11-13 16:19:52,143][src.models.modules.semantic_id.tiger_generation_model][INFO] - [rank: 0] 已处理 6000 个batch，累计统计 13558857 个item交互
[2025-11-13 16:22:48,046][src.models.modules.semantic_id.tiger_generation_model][INFO] - [rank: 0] 已处理 7000 个batch，累计统计 15531968 个item交互
[2025-11-13 16:25:59,390][src.models.modules.semantic_id.tiger_generation_model][INFO] - [rank: 0] 已处理 8000 个batch，累计统计 17647857 个item交互
[2025-11-13 16:29:20,999][src.models.modules.semantic_id.tiger_generation_model][INFO] - [rank: 0] 已处理 9000 个batch，累计统计 19993722 个item交互
[2025-11-13 16:31:55,553][src.models.modules.semantic_id.tiger_generation_model][INFO] - [rank: 0] 已处理 10000 个batch，累计统计 22215985 个item交互
[2025-11-13 16:31:55,556][src.models.modules.semantic_id.tiger_generation_model][INFO] - [rank: 0] 已达到最大batch限制(10000)，停止统计
[2025-11-13 16:31:55,556][src.models.modules.semantic_id.tiger_generation_model][INFO] - [rank: 0] 训练集统计完成：共 11998 个唯一item，总交互次数 22215985
[2025-11-13 16:31:55,598][src.models.modules.semantic_id.tiger_generation_model][INFO] - [rank: 0] 流行度分组完成:
[2025-11-13 16:31:55,599][src.models.modules.semantic_id.tiger_generation_model][INFO] - [rank: 0]   Head组 (前20%): 2399 个item
[2025-11-13 16:31:55,600][src.models.modules.semantic_id.tiger_generation_model][INFO] - [rank: 0]   Body组 (20%-50%): 3600 个item
[2025-11-13 16:31:55,601][src.models.modules.semantic_id.tiger_generation_model][INFO] - [rank: 0]   Tail组 (后50%): 5999 个item
[2025-11-13 16:31:55,601][src.models.modules.semantic_id.tiger_generation_model][INFO] - [rank: 0]   Head组示例: item (185, 237, 12, 253, 177, 0) 出现 75955 次
[2025-11-13 16:31:55,602][src.models.modules.semantic_id.tiger_generation_model][INFO] - [rank: 0]   Tail组示例: item (105, 158, 106, 181, 101, 0) 出现 4 次
[2025-11-13 16:31:55,603][src.models.modules.semantic_id.tiger_generation_model][INFO] - [rank: 0] 已启用按流行度分组的评测（Head/Body/Tail）。
[2025-11-13 16:42:00,313][src.models.modules.semantic_id.tiger_generation_model][INFO] - [rank: 0] 
================================================================================
[2025-11-13 16:42:00,313][src.models.modules.semantic_id.tiger_generation_model][INFO] - [rank: 0] === 生成的语义ID Embedding相似度矩阵 (平均自 1404 个batch) ===
[2025-11-13 16:42:00,316][src.models.modules.semantic_id.tiger_generation_model][INFO] - [rank: 0] 
[[ 0.99999607 -0.00991048 -0.02102065 -0.00801924 -0.01203268  0.04526499]
 [-0.00991048  1.0000011  -0.00979896  0.05572327 -0.03821012  0.04215389]
 [-0.02102065 -0.00979896  1.0000124   0.01273441 -0.02450693 -0.01525801]
 [-0.00801924  0.05572327  0.01273441  1.0000174   0.00652357 -0.0193247 ]
 [-0.01203268 -0.03821012 -0.02450693  0.00652357  1.0000027  -0.03339105]
 [ 0.04526499  0.04215389 -0.01525801 -0.0193247  -0.03339105  1.0000885 ]]
[2025-11-13 16:42:00,316][src.models.modules.semantic_id.tiger_generation_model][INFO] - [rank: 0] ================================================================================

[2025-11-13 16:42:00,316][src.models.modules.semantic_id.tiger_generation_model][INFO] - [rank: 0] 
================================================================================
[2025-11-13 16:42:00,317][src.models.modules.semantic_id.tiger_generation_model][INFO] - [rank: 0] === 输入序列中每个Item的Hierarchy Embedding相似度矩阵 (平均自 1404 个batch) ===
[2025-11-13 16:42:00,318][src.models.modules.semantic_id.tiger_generation_model][INFO] - [rank: 0] 
[[ 1.0000012e+00 -2.4037308e-03 -4.0436559e-04 -1.8015329e-03
   5.6725589e-04 -5.7235160e-03]
 [-2.4037308e-03  1.0000024e+00 -2.9768064e-04  1.7381880e-03
   9.4397448e-04 -5.7641822e-03]
 [-4.0436559e-04 -2.9768064e-04  9.9999881e-01 -2.4896297e-03
  -4.0578039e-04 -8.7875510e-03]
 [-1.8015329e-03  1.7381880e-03 -2.4896297e-03  1.0000008e+00
  -3.5117434e-03  5.0775576e-03]
 [ 5.6725589e-04  9.4397448e-04 -4.0578039e-04 -3.5117434e-03
   9.9999893e-01  4.1793091e-03]
 [-5.7235160e-03 -5.7641822e-03 -8.7875510e-03  5.0775576e-03
   4.1793091e-03  1.0000881e+00]]
[2025-11-13 16:42:00,318][src.models.modules.semantic_id.tiger_generation_model][INFO] - [rank: 0] ================================================================================

[2025-11-13 16:42:00,458][src.models.modules.semantic_id.tiger_generation_model][INFO] - [rank: 0] 
================================================================================
[2025-11-13 16:42:00,459][src.models.modules.semantic_id.tiger_generation_model][INFO] - [rank: 0] === 按流行度分组的评测指标（累计到当前阶段）===
[2025-11-13 16:42:00,459][src.models.modules.semantic_id.tiger_generation_model][INFO] - [rank: 0] [Body] ndcg@5: 0.000000  ndcg@10: 0.000000  recall@5: 0.000000  recall@10: 0.000000
[2025-11-13 16:42:00,459][src.models.modules.semantic_id.tiger_generation_model][INFO] - [rank: 0] [Head] ndcg@5: 0.026824  ndcg@10: 0.034166  recall@5: 0.044244  recall@10: 0.066750
[2025-11-13 16:42:00,459][src.models.modules.semantic_id.tiger_generation_model][INFO] - [rank: 0] [Tail] ndcg@5: 0.000000  ndcg@10: 0.000000  recall@5: 0.000000  recall@10: 0.000000
[2025-11-13 16:42:00,460][src.models.modules.semantic_id.tiger_generation_model][INFO] - [rank: 0] ================================================================================

[2025-11-13 17:38:38,911][src.models.modules.semantic_id.tiger_generation_model][INFO] - [rank: 0] 
================================================================================
[2025-11-13 17:38:38,912][src.models.modules.semantic_id.tiger_generation_model][INFO] - [rank: 0] === 生成的语义ID Embedding相似度矩阵 (平均自 1404 个batch) ===
[2025-11-13 17:38:38,914][src.models.modules.semantic_id.tiger_generation_model][INFO] - [rank: 0] 
[[ 0.9999901  -0.00524662 -0.00477733 -0.01161836 -0.01236379  0.01425698]
 [-0.00524662  0.99999976  0.00249693  0.02567419 -0.01954506  0.0210701 ]
 [-0.00477733  0.00249693  0.99999887  0.01737581  0.00949577  0.00782483]
 [-0.01161836  0.02567419  0.01737581  0.9999845   0.00408976  0.00679855]
 [-0.01236379 -0.01954506  0.00949577  0.00408976  1.00002    -0.01545292]
 [ 0.01425698  0.0210701   0.00782483  0.00679855 -0.01545292  1.0000356 ]]
[2025-11-13 17:38:38,915][src.models.modules.semantic_id.tiger_generation_model][INFO] - [rank: 0] ================================================================================

[2025-11-13 17:38:38,916][src.models.modules.semantic_id.tiger_generation_model][INFO] - [rank: 0] 
================================================================================
[2025-11-13 17:38:38,917][src.models.modules.semantic_id.tiger_generation_model][INFO] - [rank: 0] === 输入序列中每个Item的Hierarchy Embedding相似度矩阵 (平均自 1404 个batch) ===
[2025-11-13 17:38:38,918][src.models.modules.semantic_id.tiger_generation_model][INFO] - [rank: 0] 
[[ 1.0000004e+00 -3.9956868e-03  1.2088736e-04 -1.7105970e-03
   1.8053030e-04 -5.8433325e-03]
 [-3.9956868e-03  9.9999505e-01 -9.9068318e-05  2.1313161e-03
  -4.9303893e-05 -3.8630310e-03]
 [ 1.2088736e-04 -9.9068318e-05  9.9999976e-01 -1.6279815e-03
  -1.2621613e-03 -6.2684254e-03]
 [-1.7105970e-03  2.1313161e-03 -1.6279815e-03  9.9999785e-01
  -5.1828618e-03  7.6896744e-03]
 [ 1.8053030e-04 -4.9303893e-05 -1.2621613e-03 -5.1828618e-03
   1.0000027e+00  4.8694117e-03]
 [-5.8433325e-03 -3.8630310e-03 -6.2684254e-03  7.6896744e-03
   4.8694117e-03  1.0000364e+00]]
[2025-11-13 17:38:38,919][src.models.modules.semantic_id.tiger_generation_model][INFO] - [rank: 0] ================================================================================

[2025-11-13 17:38:39,165][src.models.modules.semantic_id.tiger_generation_model][INFO] - [rank: 0] 
================================================================================
[2025-11-13 17:38:39,166][src.models.modules.semantic_id.tiger_generation_model][INFO] - [rank: 0] === 按流行度分组的评测指标（累计到当前阶段）===
[2025-11-13 17:38:39,166][src.models.modules.semantic_id.tiger_generation_model][INFO] - [rank: 0] [Body] ndcg@5: 0.001417  ndcg@10: 0.002882  recall@5: 0.002558  recall@10: 0.007181
[2025-11-13 17:38:39,167][src.models.modules.semantic_id.tiger_generation_model][INFO] - [rank: 0] [Head] ndcg@5: 0.039599  ndcg@10: 0.050251  recall@5: 0.062775  recall@10: 0.095528
[2025-11-13 17:38:39,167][src.models.modules.semantic_id.tiger_generation_model][INFO] - [rank: 0] [Tail] ndcg@5: 0.001765  ndcg@10: 0.001983  recall@5: 0.003378  recall@10: 0.004054
[2025-11-13 17:38:39,167][src.models.modules.semantic_id.tiger_generation_model][INFO] - [rank: 0] ================================================================================

[2025-11-13 18:22:19,802][src.utils.restart_job][ERROR] - [rank: 0] Exception caught: DataLoader worker (pid(s) 3643289) exited unexpectedly
[2025-11-13 18:22:19,811][src.utils.restart_job][ERROR] - [rank: 0] Stack trace: Traceback (most recent call last):
  File "/data_sdc/mhwang/miniconda3/envs/GRs/lib/python3.12/site-packages/torch/utils/data/dataloader.py", line 1251, in _try_get_data
    data = self._data_queue.get(timeout=timeout)
           ^^^^^^^^^^^^^^^^^^^^^^^^^^^^^^^^^^^^^
  File "/data_sdc/mhwang/miniconda3/envs/GRs/lib/python3.12/multiprocessing/queues.py", line 113, in get
    if not self._poll(timeout):
           ^^^^^^^^^^^^^^^^^^^
  File "/data_sdc/mhwang/miniconda3/envs/GRs/lib/python3.12/multiprocessing/connection.py", line 257, in poll
    return self._poll(timeout)
           ^^^^^^^^^^^^^^^^^^^
  File "/data_sdc/mhwang/miniconda3/envs/GRs/lib/python3.12/multiprocessing/connection.py", line 440, in _poll
    r = wait([self], timeout)
        ^^^^^^^^^^^^^^^^^^^^^
  File "/data_sdc/mhwang/miniconda3/envs/GRs/lib/python3.12/multiprocessing/connection.py", line 1135, in wait
    ready = selector.select(timeout)
            ^^^^^^^^^^^^^^^^^^^^^^^^
  File "/data_sdc/mhwang/miniconda3/envs/GRs/lib/python3.12/selectors.py", line 415, in select
    fd_event_list = self._selector.poll(timeout)
                    ^^^^^^^^^^^^^^^^^^^^^^^^^^^^
  File "/data_sdc/mhwang/miniconda3/envs/GRs/lib/python3.12/site-packages/torch/utils/data/_utils/signal_handling.py", line 73, in handler
    _error_if_any_worker_fails()
RuntimeError: DataLoader worker (pid 3643289) is killed by signal: Aborted. 

The above exception was the direct cause of the following exception:

Traceback (most recent call last):
  File "/data_sdc/mhwang/miniconda3/envs/GRs/lib/python3.12/site-packages/lightning/pytorch/trainer/call.py", line 46, in _call_and_handle_interrupt
    return trainer.strategy.launcher.launch(trainer_fn, *args, trainer=trainer, **kwargs)
           ^^^^^^^^^^^^^^^^^^^^^^^^^^^^^^^^^^^^^^^^^^^^^^^^^^^^^^^^^^^^^^^^^^^^^^^^^^^^^^
  File "/data_sdc/mhwang/miniconda3/envs/GRs/lib/python3.12/site-packages/lightning/pytorch/strategies/launchers/subprocess_script.py", line 105, in launch
    return function(*args, **kwargs)
           ^^^^^^^^^^^^^^^^^^^^^^^^^
  File "/data_sdc/mhwang/miniconda3/envs/GRs/lib/python3.12/site-packages/lightning/pytorch/trainer/trainer.py", line 575, in _fit_impl
    self._run(model, ckpt_path=ckpt_path)
  File "/data_sdc/mhwang/miniconda3/envs/GRs/lib/python3.12/site-packages/lightning/pytorch/trainer/trainer.py", line 982, in _run
    results = self._run_stage()
              ^^^^^^^^^^^^^^^^^
  File "/data_sdc/mhwang/miniconda3/envs/GRs/lib/python3.12/site-packages/lightning/pytorch/trainer/trainer.py", line 1026, in _run_stage
    self.fit_loop.run()
  File "/data_sdc/mhwang/miniconda3/envs/GRs/lib/python3.12/site-packages/lightning/pytorch/loops/fit_loop.py", line 216, in run
    self.advance()
  File "/data_sdc/mhwang/miniconda3/envs/GRs/lib/python3.12/site-packages/lightning/pytorch/loops/fit_loop.py", line 455, in advance
    self.epoch_loop.run(self._data_fetcher)
  File "/data_sdc/mhwang/miniconda3/envs/GRs/lib/python3.12/site-packages/lightning/pytorch/loops/training_epoch_loop.py", line 151, in run
    self.on_advance_end(data_fetcher)
  File "/data_sdc/mhwang/miniconda3/envs/GRs/lib/python3.12/site-packages/lightning/pytorch/loops/training_epoch_loop.py", line 370, in on_advance_end
    self.val_loop.run()
  File "/data_sdc/mhwang/miniconda3/envs/GRs/lib/python3.12/site-packages/lightning/pytorch/loops/utilities.py", line 179, in _decorator
    return loop_run(self, *args, **kwargs)
           ^^^^^^^^^^^^^^^^^^^^^^^^^^^^^^^
  File "/data_sdc/mhwang/miniconda3/envs/GRs/lib/python3.12/site-packages/lightning/pytorch/loops/evaluation_loop.py", line 122, in run
    self.reset()
  File "/data_sdc/mhwang/miniconda3/envs/GRs/lib/python3.12/site-packages/lightning/pytorch/loops/evaluation_loop.py", line 258, in reset
    iter(data_fetcher)  # creates the iterator inside the fetcher
    ^^^^^^^^^^^^^^^^^^
  File "/data_sdc/mhwang/miniconda3/envs/GRs/lib/python3.12/site-packages/lightning/pytorch/loops/fetchers.py", line 112, in __iter__
    batch = super().__next__()
            ^^^^^^^^^^^^^^^^^^
  File "/data_sdc/mhwang/miniconda3/envs/GRs/lib/python3.12/site-packages/lightning/pytorch/loops/fetchers.py", line 61, in __next__
    batch = next(self.iterator)
            ^^^^^^^^^^^^^^^^^^^
  File "/data_sdc/mhwang/miniconda3/envs/GRs/lib/python3.12/site-packages/lightning/pytorch/utilities/combined_loader.py", line 341, in __next__
    out = next(self._iterator)
          ^^^^^^^^^^^^^^^^^^^^
  File "/data_sdc/mhwang/miniconda3/envs/GRs/lib/python3.12/site-packages/lightning/pytorch/utilities/combined_loader.py", line 142, in __next__
    out = next(self.iterators[0])
          ^^^^^^^^^^^^^^^^^^^^^^^
  File "/data_sdc/mhwang/miniconda3/envs/GRs/lib/python3.12/site-packages/torch/utils/data/dataloader.py", line 708, in __next__
    data = self._next_data()
           ^^^^^^^^^^^^^^^^^
  File "/data_sdc/mhwang/miniconda3/envs/GRs/lib/python3.12/site-packages/torch/utils/data/dataloader.py", line 1458, in _next_data
    idx, data = self._get_data()
                ^^^^^^^^^^^^^^^^
  File "/data_sdc/mhwang/miniconda3/envs/GRs/lib/python3.12/site-packages/torch/utils/data/dataloader.py", line 1401, in _get_data
    success, data = self._try_get_data(self._timeout)
                    ^^^^^^^^^^^^^^^^^^^^^^^^^^^^^^^^^
  File "/data/mhwang/Rec/GRID/src/data/loading/components/custom_dataloader.py", line 27, in _try_get_data
    status, data = super()._try_get_data(timeout)
                   ^^^^^^^^^^^^^^^^^^^^^^^^^^^^^^
  File "/data_sdc/mhwang/miniconda3/envs/GRs/lib/python3.12/site-packages/torch/utils/data/dataloader.py", line 1264, in _try_get_data
    raise RuntimeError(
RuntimeError: DataLoader worker (pid(s) 3643289) exited unexpectedly

[2025-11-13 18:22:19,812][src.utils.restart_job][INFO] - [rank: 0] Cleaning up and handling restart logic
[2025-11-13 18:22:19,812][src.utils.restart_job_utils][INFO] - [rank: 0] Trying to load metadata from /data/mhwang/Rec/GRID/logs/train/runs/2025-11-13/15-13-33/metadata/restart_metadata.json
[2025-11-13 18:22:19,814][src.utils.restart_job_utils][INFO] - [rank: 0] Metadata loaded successfully from /data/mhwang/Rec/GRID/logs/train/runs/2025-11-13/15-13-33/metadata/restart_metadata.json
[2025-11-13 18:22:19,814][src.utils.restart_job_utils][INFO] - [rank: 0] Retrieved current_run: 0 from metadata /data/mhwang/Rec/GRID/logs/train/runs/2025-11-13/15-13-33/metadata/restart_metadata.json
[2025-11-13 18:22:19,815][src.utils.restart_job][INFO] - [rank: 0] Restarting job. Current metadata: JobCheckpointMetadata(start_time='2025-11-13T15:13:34.605055', restarts=[{'time': '2025-11-13T18:22:19.814874', 'exception': 'DataLoader worker (pid(s) 3643289) exited unexpectedly', 'run_number': 0}], current_run=1, used_ports=['45901'], world_size=2, node_rank=0, master_addr='127.0.0.1', original_args=['/data/mhwang/Rec/GRID/src/train.py', 'experiment=tiger_train_flat', 'data_dir=/data/mhwang/Rec/GRID/amazon_data/beauty', 'semantic_id_path=/data/mhwang/Rec/GRID/logs/inference/runs/2025-11-12/23-31-39/pickle/merged_predictions_tensor.pt', 'num_hierarchies=6', '++should_skip_retry=True'])
[2025-11-13 18:22:19,815][src.utils.restart_job_utils][INFO] - [rank: 0] Saving metadata to /data/mhwang/Rec/GRID/logs/train/runs/2025-11-13/15-13-33/metadata/restart_metadata.json. {'start_time': '2025-11-13T15:13:34.605055', 'restarts': [{'time': '2025-11-13T18:22:19.814874', 'exception': 'DataLoader worker (pid(s) 3643289) exited unexpectedly', 'run_number': 0}], 'current_run': 1, 'used_ports': ['45901'], 'world_size': 2, 'node_rank': 0, 'master_addr': '127.0.0.1', 'original_args': ['/data/mhwang/Rec/GRID/src/train.py', 'experiment=tiger_train_flat', 'data_dir=/data/mhwang/Rec/GRID/amazon_data/beauty', 'semantic_id_path=/data/mhwang/Rec/GRID/logs/inference/runs/2025-11-12/23-31-39/pickle/merged_predictions_tensor.pt', 'num_hierarchies=6', '++should_skip_retry=True']}
[2025-11-13 18:22:19,816][src.utils.restart_job_utils][INFO] - [rank: 0] Cleaning up distributed process group
[2025-11-13 18:22:20,006][src.utils.restart_job_utils][INFO] - [rank: 0] Clearing CUDA cache
[2025-11-13 18:22:20,064][src.utils.restart_job_utils][INFO] - [rank: 0] Tearing down trainer
[2025-11-13 18:22:20,389][src.utils.restart_job][INFO] - [rank: 0] Resources cleaned up.
