[2025-09-22 08:37:23,191][src.utils.utils][INFO] - [rank: 0] Enforcing tags! <cfg.extras.enforce_tags=True>
[2025-09-22 08:37:23,196][src.utils.utils][WARNING] - [rank: 0] Config loss was not found in the config tree. Make sure this is expected.
[2025-09-22 08:37:23,197][src.utils.utils][WARNING] - [rank: 0] Config optim was not found in the config tree. Make sure this is expected.
[2025-09-22 08:37:23,197][src.utils.utils][WARNING] - [rank: 0] Config eval was not found in the config tree. Make sure this is expected.
[2025-09-22 08:37:26,197][src.utils.utils][INFO] - [rank: 0] Printing config tree with Rich! <cfg.extras.print_config=True>
[2025-09-22 08:37:26,205][src.utils.launcher_utils][INFO] - [rank: 0] Instantiating datamodule <src.data.loading.datamodules.sequence_datamodule.ItemDataModule>
[2025-09-22 08:37:26,777][src.utils.launcher_utils][INFO] - [rank: 0] Instantiating model <src.modules.semantic_embedding_inference_module.SemanticEmbeddingInferenceModule>
[2025-09-22 08:37:51,898][src.utils.launcher_utils][INFO] - [rank: 0] Instantiating callbacks...
[2025-09-22 08:37:51,899][src.utils.instantiators][INFO] - [rank: 0] Instantiating callback <src.utils.inference_utils.LocalPickleWriter>
[2025-09-22 08:37:52,032][src.utils.launcher_utils][INFO] - [rank: 0] Instantiating loggers...
[2025-09-22 08:37:52,032][src.utils.instantiators][INFO] - [rank: 0] Instantiating logger <lightning.pytorch.loggers.csv_logs.CSVLogger>
[2025-09-22 08:37:52,034][src.utils.launcher_utils][INFO] - [rank: 0] Instantiating trainer <lightning.pytorch.trainer.Trainer>
[2025-09-22 08:37:52,115][src.utils.launcher_utils][INFO] - [rank: 0] Logging hyperparameters!
[2025-09-22 08:37:52,237][__main__][INFO] - [rank: 0] Starting inference!
[2025-09-22 08:37:52,237][__main__][WARNING] - [rank: 0] No ckpt_path was provided. If using a model you trained, this is mandatory. Only leave ckpt_path=None if using a pre-trained model.
[2025-09-22 08:38:33,127][src.utils.inference_utils][INFO] - Rank 0 initialized for inference.
[2025-09-22 08:38:33,128][src.utils.inference_utils][INFO] - Rank 1 initialized for inference.
[2025-09-22 08:38:41,333][src.utils.inference_utils][INFO] - Global Rank: 0 wrote 64 rows to /data/mhwang/Rec/GRID/logs/inference/runs/2025-09-22/08-37-23/pickle/predictions_0_20250922T003841316.pkl.
[2025-09-22 08:38:41,361][src.utils.inference_utils][INFO] - Global Rank: 1 wrote 64 rows to /data/mhwang/Rec/GRID/logs/inference/runs/2025-09-22/08-37-23/pickle/predictions_1_20250922T003841346.pkl.
[2025-09-22 08:38:42,805][src.utils.inference_utils][INFO] - Global Rank: 1 wrote 64 rows to /data/mhwang/Rec/GRID/logs/inference/runs/2025-09-22/08-37-23/pickle/predictions_1_20250922T003842788.pkl.
[2025-09-22 08:38:42,805][src.utils.inference_utils][INFO] - Global Rank: 0 wrote 64 rows to /data/mhwang/Rec/GRID/logs/inference/runs/2025-09-22/08-37-23/pickle/predictions_0_20250922T003842786.pkl.
[2025-09-22 08:38:44,247][src.utils.inference_utils][INFO] - Global Rank: 1 wrote 64 rows to /data/mhwang/Rec/GRID/logs/inference/runs/2025-09-22/08-37-23/pickle/predictions_1_20250922T003844230.pkl.
[2025-09-22 08:38:44,280][src.utils.inference_utils][INFO] - Global Rank: 0 wrote 64 rows to /data/mhwang/Rec/GRID/logs/inference/runs/2025-09-22/08-37-23/pickle/predictions_0_20250922T003844262.pkl.
[2025-09-22 08:38:45,686][src.utils.inference_utils][INFO] - Global Rank: 1 wrote 64 rows to /data/mhwang/Rec/GRID/logs/inference/runs/2025-09-22/08-37-23/pickle/predictions_1_20250922T003845669.pkl.
[2025-09-22 08:38:45,748][src.utils.inference_utils][INFO] - Global Rank: 0 wrote 64 rows to /data/mhwang/Rec/GRID/logs/inference/runs/2025-09-22/08-37-23/pickle/predictions_0_20250922T003845728.pkl.
[2025-09-22 08:38:47,124][src.utils.inference_utils][INFO] - Global Rank: 1 wrote 64 rows to /data/mhwang/Rec/GRID/logs/inference/runs/2025-09-22/08-37-23/pickle/predictions_1_20250922T003847107.pkl.
[2025-09-22 08:38:47,211][src.utils.inference_utils][INFO] - Global Rank: 0 wrote 64 rows to /data/mhwang/Rec/GRID/logs/inference/runs/2025-09-22/08-37-23/pickle/predictions_0_20250922T003847193.pkl.
[2025-09-22 08:38:48,561][src.utils.inference_utils][INFO] - Global Rank: 1 wrote 64 rows to /data/mhwang/Rec/GRID/logs/inference/runs/2025-09-22/08-37-23/pickle/predictions_1_20250922T003848546.pkl.
[2025-09-22 08:38:48,675][src.utils.inference_utils][INFO] - Global Rank: 0 wrote 64 rows to /data/mhwang/Rec/GRID/logs/inference/runs/2025-09-22/08-37-23/pickle/predictions_0_20250922T003848658.pkl.
[2025-09-22 08:38:50,003][src.utils.inference_utils][INFO] - Global Rank: 1 wrote 64 rows to /data/mhwang/Rec/GRID/logs/inference/runs/2025-09-22/08-37-23/pickle/predictions_1_20250922T003849987.pkl.
[2025-09-22 08:38:50,141][src.utils.inference_utils][INFO] - Global Rank: 0 wrote 64 rows to /data/mhwang/Rec/GRID/logs/inference/runs/2025-09-22/08-37-23/pickle/predictions_0_20250922T003850122.pkl.
[2025-09-22 08:38:51,446][src.utils.inference_utils][INFO] - Global Rank: 1 wrote 64 rows to /data/mhwang/Rec/GRID/logs/inference/runs/2025-09-22/08-37-23/pickle/predictions_1_20250922T003851430.pkl.
[2025-09-22 08:38:51,622][src.utils.inference_utils][INFO] - Global Rank: 0 wrote 64 rows to /data/mhwang/Rec/GRID/logs/inference/runs/2025-09-22/08-37-23/pickle/predictions_0_20250922T003851602.pkl.
[2025-09-22 08:38:52,896][src.utils.inference_utils][INFO] - Global Rank: 1 wrote 64 rows to /data/mhwang/Rec/GRID/logs/inference/runs/2025-09-22/08-37-23/pickle/predictions_1_20250922T003852880.pkl.
[2025-09-22 08:38:53,096][src.utils.inference_utils][INFO] - Global Rank: 0 wrote 64 rows to /data/mhwang/Rec/GRID/logs/inference/runs/2025-09-22/08-37-23/pickle/predictions_0_20250922T003853078.pkl.
[2025-09-22 08:38:54,340][src.utils.inference_utils][INFO] - Global Rank: 1 wrote 64 rows to /data/mhwang/Rec/GRID/logs/inference/runs/2025-09-22/08-37-23/pickle/predictions_1_20250922T003854325.pkl.
[2025-09-22 08:38:54,567][src.utils.inference_utils][INFO] - Global Rank: 0 wrote 64 rows to /data/mhwang/Rec/GRID/logs/inference/runs/2025-09-22/08-37-23/pickle/predictions_0_20250922T003854550.pkl.
[2025-09-22 08:38:55,786][src.utils.inference_utils][INFO] - Global Rank: 1 wrote 64 rows to /data/mhwang/Rec/GRID/logs/inference/runs/2025-09-22/08-37-23/pickle/predictions_1_20250922T003855771.pkl.
[2025-09-22 08:38:56,034][src.utils.inference_utils][INFO] - Global Rank: 0 wrote 64 rows to /data/mhwang/Rec/GRID/logs/inference/runs/2025-09-22/08-37-23/pickle/predictions_0_20250922T003856015.pkl.
[2025-09-22 08:38:57,236][src.utils.inference_utils][INFO] - Global Rank: 1 wrote 64 rows to /data/mhwang/Rec/GRID/logs/inference/runs/2025-09-22/08-37-23/pickle/predictions_1_20250922T003857220.pkl.
[2025-09-22 08:38:57,508][src.utils.inference_utils][INFO] - Global Rank: 0 wrote 64 rows to /data/mhwang/Rec/GRID/logs/inference/runs/2025-09-22/08-37-23/pickle/predictions_0_20250922T003857490.pkl.
[2025-09-22 08:38:58,681][src.utils.inference_utils][INFO] - Global Rank: 1 wrote 64 rows to /data/mhwang/Rec/GRID/logs/inference/runs/2025-09-22/08-37-23/pickle/predictions_1_20250922T003858665.pkl.
[2025-09-22 08:38:58,983][src.utils.inference_utils][INFO] - Global Rank: 0 wrote 64 rows to /data/mhwang/Rec/GRID/logs/inference/runs/2025-09-22/08-37-23/pickle/predictions_0_20250922T003858963.pkl.
[2025-09-22 08:39:00,127][src.utils.inference_utils][INFO] - Global Rank: 1 wrote 64 rows to /data/mhwang/Rec/GRID/logs/inference/runs/2025-09-22/08-37-23/pickle/predictions_1_20250922T003900112.pkl.
[2025-09-22 08:39:00,462][src.utils.inference_utils][INFO] - Global Rank: 0 wrote 64 rows to /data/mhwang/Rec/GRID/logs/inference/runs/2025-09-22/08-37-23/pickle/predictions_0_20250922T003900443.pkl.
[2025-09-22 08:39:01,576][src.utils.inference_utils][INFO] - Global Rank: 1 wrote 64 rows to /data/mhwang/Rec/GRID/logs/inference/runs/2025-09-22/08-37-23/pickle/predictions_1_20250922T003901559.pkl.
[2025-09-22 08:39:01,933][src.utils.inference_utils][INFO] - Global Rank: 0 wrote 64 rows to /data/mhwang/Rec/GRID/logs/inference/runs/2025-09-22/08-37-23/pickle/predictions_0_20250922T003901913.pkl.
[2025-09-22 08:39:03,023][src.utils.inference_utils][INFO] - Global Rank: 1 wrote 64 rows to /data/mhwang/Rec/GRID/logs/inference/runs/2025-09-22/08-37-23/pickle/predictions_1_20250922T003903008.pkl.
[2025-09-22 08:39:03,404][src.utils.inference_utils][INFO] - Global Rank: 0 wrote 64 rows to /data/mhwang/Rec/GRID/logs/inference/runs/2025-09-22/08-37-23/pickle/predictions_0_20250922T003903384.pkl.
[2025-09-22 08:39:04,473][src.utils.inference_utils][INFO] - Global Rank: 1 wrote 64 rows to /data/mhwang/Rec/GRID/logs/inference/runs/2025-09-22/08-37-23/pickle/predictions_1_20250922T003904457.pkl.
[2025-09-22 08:39:04,873][src.utils.inference_utils][INFO] - Global Rank: 0 wrote 64 rows to /data/mhwang/Rec/GRID/logs/inference/runs/2025-09-22/08-37-23/pickle/predictions_0_20250922T003904855.pkl.
[2025-09-22 08:39:05,918][src.utils.inference_utils][INFO] - Global Rank: 1 wrote 64 rows to /data/mhwang/Rec/GRID/logs/inference/runs/2025-09-22/08-37-23/pickle/predictions_1_20250922T003905902.pkl.
[2025-09-22 08:39:06,352][src.utils.inference_utils][INFO] - Global Rank: 0 wrote 64 rows to /data/mhwang/Rec/GRID/logs/inference/runs/2025-09-22/08-37-23/pickle/predictions_0_20250922T003906334.pkl.
[2025-09-22 08:39:07,368][src.utils.inference_utils][INFO] - Global Rank: 1 wrote 64 rows to /data/mhwang/Rec/GRID/logs/inference/runs/2025-09-22/08-37-23/pickle/predictions_1_20250922T003907353.pkl.
[2025-09-22 08:39:07,837][src.utils.inference_utils][INFO] - Global Rank: 0 wrote 64 rows to /data/mhwang/Rec/GRID/logs/inference/runs/2025-09-22/08-37-23/pickle/predictions_0_20250922T003907818.pkl.
[2025-09-22 08:39:08,817][src.utils.inference_utils][INFO] - Global Rank: 1 wrote 64 rows to /data/mhwang/Rec/GRID/logs/inference/runs/2025-09-22/08-37-23/pickle/predictions_1_20250922T003908802.pkl.
[2025-09-22 08:39:09,310][src.utils.inference_utils][INFO] - Global Rank: 0 wrote 64 rows to /data/mhwang/Rec/GRID/logs/inference/runs/2025-09-22/08-37-23/pickle/predictions_0_20250922T003909291.pkl.
[2025-09-22 08:39:10,273][src.utils.inference_utils][INFO] - Global Rank: 1 wrote 64 rows to /data/mhwang/Rec/GRID/logs/inference/runs/2025-09-22/08-37-23/pickle/predictions_1_20250922T003910257.pkl.
[2025-09-22 08:39:10,782][src.utils.inference_utils][INFO] - Global Rank: 0 wrote 64 rows to /data/mhwang/Rec/GRID/logs/inference/runs/2025-09-22/08-37-23/pickle/predictions_0_20250922T003910765.pkl.
[2025-09-22 08:39:11,724][src.utils.inference_utils][INFO] - Global Rank: 1 wrote 64 rows to /data/mhwang/Rec/GRID/logs/inference/runs/2025-09-22/08-37-23/pickle/predictions_1_20250922T003911709.pkl.
[2025-09-22 08:39:12,257][src.utils.inference_utils][INFO] - Global Rank: 0 wrote 64 rows to /data/mhwang/Rec/GRID/logs/inference/runs/2025-09-22/08-37-23/pickle/predictions_0_20250922T003912239.pkl.
[2025-09-22 08:39:13,177][src.utils.inference_utils][INFO] - Global Rank: 1 wrote 64 rows to /data/mhwang/Rec/GRID/logs/inference/runs/2025-09-22/08-37-23/pickle/predictions_1_20250922T003913161.pkl.
[2025-09-22 08:39:13,730][src.utils.inference_utils][INFO] - Global Rank: 0 wrote 64 rows to /data/mhwang/Rec/GRID/logs/inference/runs/2025-09-22/08-37-23/pickle/predictions_0_20250922T003913713.pkl.
[2025-09-22 08:39:14,631][src.utils.inference_utils][INFO] - Global Rank: 1 wrote 64 rows to /data/mhwang/Rec/GRID/logs/inference/runs/2025-09-22/08-37-23/pickle/predictions_1_20250922T003914615.pkl.
[2025-09-22 08:39:15,210][src.utils.inference_utils][INFO] - Global Rank: 0 wrote 64 rows to /data/mhwang/Rec/GRID/logs/inference/runs/2025-09-22/08-37-23/pickle/predictions_0_20250922T003915193.pkl.
[2025-09-22 08:39:16,084][src.utils.inference_utils][INFO] - Global Rank: 1 wrote 64 rows to /data/mhwang/Rec/GRID/logs/inference/runs/2025-09-22/08-37-23/pickle/predictions_1_20250922T003916069.pkl.
[2025-09-22 08:39:16,681][src.utils.inference_utils][INFO] - Global Rank: 0 wrote 64 rows to /data/mhwang/Rec/GRID/logs/inference/runs/2025-09-22/08-37-23/pickle/predictions_0_20250922T003916664.pkl.
[2025-09-22 08:39:17,542][src.utils.inference_utils][INFO] - Global Rank: 1 wrote 64 rows to /data/mhwang/Rec/GRID/logs/inference/runs/2025-09-22/08-37-23/pickle/predictions_1_20250922T003917526.pkl.
[2025-09-22 08:39:18,152][src.utils.inference_utils][INFO] - Global Rank: 0 wrote 64 rows to /data/mhwang/Rec/GRID/logs/inference/runs/2025-09-22/08-37-23/pickle/predictions_0_20250922T003918135.pkl.
[2025-09-22 08:39:18,995][src.utils.inference_utils][INFO] - Global Rank: 1 wrote 64 rows to /data/mhwang/Rec/GRID/logs/inference/runs/2025-09-22/08-37-23/pickle/predictions_1_20250922T003918979.pkl.
[2025-09-22 08:39:19,624][src.utils.inference_utils][INFO] - Global Rank: 0 wrote 64 rows to /data/mhwang/Rec/GRID/logs/inference/runs/2025-09-22/08-37-23/pickle/predictions_0_20250922T003919607.pkl.
[2025-09-22 08:39:20,449][src.utils.inference_utils][INFO] - Global Rank: 1 wrote 64 rows to /data/mhwang/Rec/GRID/logs/inference/runs/2025-09-22/08-37-23/pickle/predictions_1_20250922T003920433.pkl.
[2025-09-22 08:39:21,096][src.utils.inference_utils][INFO] - Global Rank: 0 wrote 64 rows to /data/mhwang/Rec/GRID/logs/inference/runs/2025-09-22/08-37-23/pickle/predictions_0_20250922T003921080.pkl.
[2025-09-22 08:39:21,904][src.utils.inference_utils][INFO] - Global Rank: 1 wrote 64 rows to /data/mhwang/Rec/GRID/logs/inference/runs/2025-09-22/08-37-23/pickle/predictions_1_20250922T003921889.pkl.
[2025-09-22 08:39:22,575][src.utils.inference_utils][INFO] - Global Rank: 0 wrote 64 rows to /data/mhwang/Rec/GRID/logs/inference/runs/2025-09-22/08-37-23/pickle/predictions_0_20250922T003922557.pkl.
[2025-09-22 08:39:23,358][src.utils.inference_utils][INFO] - Global Rank: 1 wrote 64 rows to /data/mhwang/Rec/GRID/logs/inference/runs/2025-09-22/08-37-23/pickle/predictions_1_20250922T003923342.pkl.
[2025-09-22 08:39:24,050][src.utils.inference_utils][INFO] - Global Rank: 0 wrote 64 rows to /data/mhwang/Rec/GRID/logs/inference/runs/2025-09-22/08-37-23/pickle/predictions_0_20250922T003924033.pkl.
[2025-09-22 08:39:24,815][src.utils.inference_utils][INFO] - Global Rank: 1 wrote 64 rows to /data/mhwang/Rec/GRID/logs/inference/runs/2025-09-22/08-37-23/pickle/predictions_1_20250922T003924799.pkl.
[2025-09-22 08:39:25,521][src.utils.inference_utils][INFO] - Global Rank: 0 wrote 64 rows to /data/mhwang/Rec/GRID/logs/inference/runs/2025-09-22/08-37-23/pickle/predictions_0_20250922T003925504.pkl.
[2025-09-22 08:39:26,273][src.utils.inference_utils][INFO] - Global Rank: 1 wrote 64 rows to /data/mhwang/Rec/GRID/logs/inference/runs/2025-09-22/08-37-23/pickle/predictions_1_20250922T003926257.pkl.
[2025-09-22 08:39:27,016][src.utils.inference_utils][INFO] - Global Rank: 0 wrote 64 rows to /data/mhwang/Rec/GRID/logs/inference/runs/2025-09-22/08-37-23/pickle/predictions_0_20250922T003926996.pkl.
[2025-09-22 08:39:27,735][src.utils.inference_utils][INFO] - Global Rank: 1 wrote 64 rows to /data/mhwang/Rec/GRID/logs/inference/runs/2025-09-22/08-37-23/pickle/predictions_1_20250922T003927719.pkl.
[2025-09-22 08:39:28,509][src.utils.inference_utils][INFO] - Global Rank: 0 wrote 64 rows to /data/mhwang/Rec/GRID/logs/inference/runs/2025-09-22/08-37-23/pickle/predictions_0_20250922T003928491.pkl.
[2025-09-22 08:39:29,198][src.utils.inference_utils][INFO] - Global Rank: 1 wrote 64 rows to /data/mhwang/Rec/GRID/logs/inference/runs/2025-09-22/08-37-23/pickle/predictions_1_20250922T003929182.pkl.
[2025-09-22 08:39:29,996][src.utils.inference_utils][INFO] - Global Rank: 0 wrote 64 rows to /data/mhwang/Rec/GRID/logs/inference/runs/2025-09-22/08-37-23/pickle/predictions_0_20250922T003929978.pkl.
[2025-09-22 08:39:30,656][src.utils.inference_utils][INFO] - Global Rank: 1 wrote 64 rows to /data/mhwang/Rec/GRID/logs/inference/runs/2025-09-22/08-37-23/pickle/predictions_1_20250922T003930640.pkl.
[2025-09-22 08:39:31,494][src.utils.inference_utils][INFO] - Global Rank: 0 wrote 64 rows to /data/mhwang/Rec/GRID/logs/inference/runs/2025-09-22/08-37-23/pickle/predictions_0_20250922T003931474.pkl.
[2025-09-22 08:39:32,119][src.utils.inference_utils][INFO] - Global Rank: 1 wrote 64 rows to /data/mhwang/Rec/GRID/logs/inference/runs/2025-09-22/08-37-23/pickle/predictions_1_20250922T003932102.pkl.
[2025-09-22 08:39:32,978][src.utils.inference_utils][INFO] - Global Rank: 0 wrote 64 rows to /data/mhwang/Rec/GRID/logs/inference/runs/2025-09-22/08-37-23/pickle/predictions_0_20250922T003932959.pkl.
[2025-09-22 08:39:33,579][src.utils.inference_utils][INFO] - Global Rank: 1 wrote 64 rows to /data/mhwang/Rec/GRID/logs/inference/runs/2025-09-22/08-37-23/pickle/predictions_1_20250922T003933562.pkl.
[2025-09-22 08:39:34,456][src.utils.inference_utils][INFO] - Global Rank: 0 wrote 64 rows to /data/mhwang/Rec/GRID/logs/inference/runs/2025-09-22/08-37-23/pickle/predictions_0_20250922T003934437.pkl.
[2025-09-22 08:39:35,042][src.utils.inference_utils][INFO] - Global Rank: 1 wrote 64 rows to /data/mhwang/Rec/GRID/logs/inference/runs/2025-09-22/08-37-23/pickle/predictions_1_20250922T003935026.pkl.
[2025-09-22 08:39:35,930][src.utils.inference_utils][INFO] - Global Rank: 0 wrote 64 rows to /data/mhwang/Rec/GRID/logs/inference/runs/2025-09-22/08-37-23/pickle/predictions_0_20250922T003935913.pkl.
[2025-09-22 08:39:36,504][src.utils.inference_utils][INFO] - Global Rank: 1 wrote 64 rows to /data/mhwang/Rec/GRID/logs/inference/runs/2025-09-22/08-37-23/pickle/predictions_1_20250922T003936487.pkl.
[2025-09-22 08:39:37,427][src.utils.inference_utils][INFO] - Global Rank: 0 wrote 64 rows to /data/mhwang/Rec/GRID/logs/inference/runs/2025-09-22/08-37-23/pickle/predictions_0_20250922T003937406.pkl.
[2025-09-22 08:39:37,964][src.utils.inference_utils][INFO] - Global Rank: 1 wrote 64 rows to /data/mhwang/Rec/GRID/logs/inference/runs/2025-09-22/08-37-23/pickle/predictions_1_20250922T003937947.pkl.
[2025-09-22 08:39:38,909][src.utils.inference_utils][INFO] - Global Rank: 0 wrote 64 rows to /data/mhwang/Rec/GRID/logs/inference/runs/2025-09-22/08-37-23/pickle/predictions_0_20250922T003938890.pkl.
[2025-09-22 08:39:39,426][src.utils.inference_utils][INFO] - Global Rank: 1 wrote 64 rows to /data/mhwang/Rec/GRID/logs/inference/runs/2025-09-22/08-37-23/pickle/predictions_1_20250922T003939409.pkl.
[2025-09-22 08:39:40,405][src.utils.inference_utils][INFO] - Global Rank: 0 wrote 64 rows to /data/mhwang/Rec/GRID/logs/inference/runs/2025-09-22/08-37-23/pickle/predictions_0_20250922T003940385.pkl.
[2025-09-22 08:39:40,893][src.utils.inference_utils][INFO] - Global Rank: 1 wrote 64 rows to /data/mhwang/Rec/GRID/logs/inference/runs/2025-09-22/08-37-23/pickle/predictions_1_20250922T003940876.pkl.
[2025-09-22 08:39:41,901][src.utils.inference_utils][INFO] - Global Rank: 0 wrote 64 rows to /data/mhwang/Rec/GRID/logs/inference/runs/2025-09-22/08-37-23/pickle/predictions_0_20250922T003941882.pkl.
[2025-09-22 08:39:42,357][src.utils.inference_utils][INFO] - Global Rank: 1 wrote 64 rows to /data/mhwang/Rec/GRID/logs/inference/runs/2025-09-22/08-37-23/pickle/predictions_1_20250922T003942340.pkl.
[2025-09-22 08:39:43,390][src.utils.inference_utils][INFO] - Global Rank: 0 wrote 64 rows to /data/mhwang/Rec/GRID/logs/inference/runs/2025-09-22/08-37-23/pickle/predictions_0_20250922T003943372.pkl.
[2025-09-22 08:39:43,828][src.utils.inference_utils][INFO] - Global Rank: 1 wrote 64 rows to /data/mhwang/Rec/GRID/logs/inference/runs/2025-09-22/08-37-23/pickle/predictions_1_20250922T003943810.pkl.
[2025-09-22 08:39:44,877][src.utils.inference_utils][INFO] - Global Rank: 0 wrote 64 rows to /data/mhwang/Rec/GRID/logs/inference/runs/2025-09-22/08-37-23/pickle/predictions_0_20250922T003944858.pkl.
[2025-09-22 08:39:45,291][src.utils.inference_utils][INFO] - Global Rank: 1 wrote 64 rows to /data/mhwang/Rec/GRID/logs/inference/runs/2025-09-22/08-37-23/pickle/predictions_1_20250922T003945275.pkl.
[2025-09-22 08:39:46,376][src.utils.inference_utils][INFO] - Global Rank: 0 wrote 64 rows to /data/mhwang/Rec/GRID/logs/inference/runs/2025-09-22/08-37-23/pickle/predictions_0_20250922T003946357.pkl.
[2025-09-22 08:39:46,759][src.utils.inference_utils][INFO] - Global Rank: 1 wrote 64 rows to /data/mhwang/Rec/GRID/logs/inference/runs/2025-09-22/08-37-23/pickle/predictions_1_20250922T003946742.pkl.
[2025-09-22 08:39:47,866][src.utils.inference_utils][INFO] - Global Rank: 0 wrote 64 rows to /data/mhwang/Rec/GRID/logs/inference/runs/2025-09-22/08-37-23/pickle/predictions_0_20250922T003947847.pkl.
[2025-09-22 08:39:48,224][src.utils.inference_utils][INFO] - Global Rank: 1 wrote 64 rows to /data/mhwang/Rec/GRID/logs/inference/runs/2025-09-22/08-37-23/pickle/predictions_1_20250922T003948207.pkl.
[2025-09-22 08:39:49,374][src.utils.inference_utils][INFO] - Global Rank: 0 wrote 64 rows to /data/mhwang/Rec/GRID/logs/inference/runs/2025-09-22/08-37-23/pickle/predictions_0_20250922T003949354.pkl.
[2025-09-22 08:39:49,690][src.utils.inference_utils][INFO] - Global Rank: 1 wrote 64 rows to /data/mhwang/Rec/GRID/logs/inference/runs/2025-09-22/08-37-23/pickle/predictions_1_20250922T003949673.pkl.
[2025-09-22 08:39:50,871][src.utils.inference_utils][INFO] - Global Rank: 0 wrote 64 rows to /data/mhwang/Rec/GRID/logs/inference/runs/2025-09-22/08-37-23/pickle/predictions_0_20250922T003950851.pkl.
[2025-09-22 08:39:51,156][src.utils.inference_utils][INFO] - Global Rank: 1 wrote 64 rows to /data/mhwang/Rec/GRID/logs/inference/runs/2025-09-22/08-37-23/pickle/predictions_1_20250922T003951140.pkl.
[2025-09-22 08:39:52,362][src.utils.inference_utils][INFO] - Global Rank: 0 wrote 64 rows to /data/mhwang/Rec/GRID/logs/inference/runs/2025-09-22/08-37-23/pickle/predictions_0_20250922T003952344.pkl.
[2025-09-22 08:39:52,623][src.utils.inference_utils][INFO] - Global Rank: 1 wrote 64 rows to /data/mhwang/Rec/GRID/logs/inference/runs/2025-09-22/08-37-23/pickle/predictions_1_20250922T003952607.pkl.
[2025-09-22 08:39:53,847][src.utils.inference_utils][INFO] - Global Rank: 0 wrote 64 rows to /data/mhwang/Rec/GRID/logs/inference/runs/2025-09-22/08-37-23/pickle/predictions_0_20250922T003953830.pkl.
[2025-09-22 08:39:54,089][src.utils.inference_utils][INFO] - Global Rank: 1 wrote 64 rows to /data/mhwang/Rec/GRID/logs/inference/runs/2025-09-22/08-37-23/pickle/predictions_1_20250922T003954072.pkl.
[2025-09-22 08:39:55,335][src.utils.inference_utils][INFO] - Global Rank: 0 wrote 64 rows to /data/mhwang/Rec/GRID/logs/inference/runs/2025-09-22/08-37-23/pickle/predictions_0_20250922T003955318.pkl.
[2025-09-22 08:39:55,557][src.utils.inference_utils][INFO] - Global Rank: 1 wrote 64 rows to /data/mhwang/Rec/GRID/logs/inference/runs/2025-09-22/08-37-23/pickle/predictions_1_20250922T003955540.pkl.
[2025-09-22 08:39:56,822][src.utils.inference_utils][INFO] - Global Rank: 0 wrote 64 rows to /data/mhwang/Rec/GRID/logs/inference/runs/2025-09-22/08-37-23/pickle/predictions_0_20250922T003956805.pkl.
[2025-09-22 08:39:57,025][src.utils.inference_utils][INFO] - Global Rank: 1 wrote 64 rows to /data/mhwang/Rec/GRID/logs/inference/runs/2025-09-22/08-37-23/pickle/predictions_1_20250922T003957009.pkl.
[2025-09-22 08:39:58,328][src.utils.inference_utils][INFO] - Global Rank: 0 wrote 64 rows to /data/mhwang/Rec/GRID/logs/inference/runs/2025-09-22/08-37-23/pickle/predictions_0_20250922T003958306.pkl.
[2025-09-22 08:39:58,493][src.utils.inference_utils][INFO] - Global Rank: 1 wrote 64 rows to /data/mhwang/Rec/GRID/logs/inference/runs/2025-09-22/08-37-23/pickle/predictions_1_20250922T003958476.pkl.
[2025-09-22 08:39:59,822][src.utils.inference_utils][INFO] - Global Rank: 0 wrote 64 rows to /data/mhwang/Rec/GRID/logs/inference/runs/2025-09-22/08-37-23/pickle/predictions_0_20250922T003959803.pkl.
[2025-09-22 08:39:59,962][src.utils.inference_utils][INFO] - Global Rank: 1 wrote 64 rows to /data/mhwang/Rec/GRID/logs/inference/runs/2025-09-22/08-37-23/pickle/predictions_1_20250922T003959945.pkl.
[2025-09-22 08:40:01,331][src.utils.inference_utils][INFO] - Global Rank: 0 wrote 64 rows to /data/mhwang/Rec/GRID/logs/inference/runs/2025-09-22/08-37-23/pickle/predictions_0_20250922T004001313.pkl.
[2025-09-22 08:40:01,431][src.utils.inference_utils][INFO] - Global Rank: 1 wrote 64 rows to /data/mhwang/Rec/GRID/logs/inference/runs/2025-09-22/08-37-23/pickle/predictions_1_20250922T004001414.pkl.
[2025-09-22 08:40:02,835][src.utils.inference_utils][INFO] - Global Rank: 0 wrote 64 rows to /data/mhwang/Rec/GRID/logs/inference/runs/2025-09-22/08-37-23/pickle/predictions_0_20250922T004002815.pkl.
[2025-09-22 08:40:02,900][src.utils.inference_utils][INFO] - Global Rank: 1 wrote 64 rows to /data/mhwang/Rec/GRID/logs/inference/runs/2025-09-22/08-37-23/pickle/predictions_1_20250922T004002883.pkl.
[2025-09-22 08:40:04,335][src.utils.inference_utils][INFO] - Global Rank: 0 wrote 64 rows to /data/mhwang/Rec/GRID/logs/inference/runs/2025-09-22/08-37-23/pickle/predictions_0_20250922T004004317.pkl.
[2025-09-22 08:40:04,372][src.utils.inference_utils][INFO] - Global Rank: 1 wrote 64 rows to /data/mhwang/Rec/GRID/logs/inference/runs/2025-09-22/08-37-23/pickle/predictions_1_20250922T004004354.pkl.
[2025-09-22 08:40:05,829][src.utils.inference_utils][INFO] - Global Rank: 0 wrote 64 rows to /data/mhwang/Rec/GRID/logs/inference/runs/2025-09-22/08-37-23/pickle/predictions_0_20250922T004005811.pkl.
[2025-09-22 08:40:05,839][src.utils.inference_utils][INFO] - Global Rank: 1 wrote 64 rows to /data/mhwang/Rec/GRID/logs/inference/runs/2025-09-22/08-37-23/pickle/predictions_1_20250922T004005822.pkl.
[2025-09-22 08:40:07,309][src.utils.inference_utils][INFO] - Global Rank: 1 wrote 64 rows to /data/mhwang/Rec/GRID/logs/inference/runs/2025-09-22/08-37-23/pickle/predictions_1_20250922T004007292.pkl.
[2025-09-22 08:40:07,323][src.utils.inference_utils][INFO] - Global Rank: 0 wrote 64 rows to /data/mhwang/Rec/GRID/logs/inference/runs/2025-09-22/08-37-23/pickle/predictions_0_20250922T004007307.pkl.
[2025-09-22 08:40:08,778][src.utils.inference_utils][INFO] - Global Rank: 1 wrote 64 rows to /data/mhwang/Rec/GRID/logs/inference/runs/2025-09-22/08-37-23/pickle/predictions_1_20250922T004008761.pkl.
[2025-09-22 08:40:08,825][src.utils.inference_utils][INFO] - Global Rank: 0 wrote 64 rows to /data/mhwang/Rec/GRID/logs/inference/runs/2025-09-22/08-37-23/pickle/predictions_0_20250922T004008807.pkl.
[2025-09-22 08:40:10,247][src.utils.inference_utils][INFO] - Global Rank: 1 wrote 64 rows to /data/mhwang/Rec/GRID/logs/inference/runs/2025-09-22/08-37-23/pickle/predictions_1_20250922T004010231.pkl.
[2025-09-22 08:40:10,330][src.utils.inference_utils][INFO] - Global Rank: 0 wrote 64 rows to /data/mhwang/Rec/GRID/logs/inference/runs/2025-09-22/08-37-23/pickle/predictions_0_20250922T004010305.pkl.
[2025-09-22 08:40:11,716][src.utils.inference_utils][INFO] - Global Rank: 1 wrote 64 rows to /data/mhwang/Rec/GRID/logs/inference/runs/2025-09-22/08-37-23/pickle/predictions_1_20250922T004011700.pkl.
[2025-09-22 08:40:11,846][src.utils.inference_utils][INFO] - Global Rank: 0 wrote 64 rows to /data/mhwang/Rec/GRID/logs/inference/runs/2025-09-22/08-37-23/pickle/predictions_0_20250922T004011827.pkl.
[2025-09-22 08:40:13,185][src.utils.inference_utils][INFO] - Global Rank: 1 wrote 64 rows to /data/mhwang/Rec/GRID/logs/inference/runs/2025-09-22/08-37-23/pickle/predictions_1_20250922T004013169.pkl.
[2025-09-22 08:40:13,339][src.utils.inference_utils][INFO] - Global Rank: 0 wrote 64 rows to /data/mhwang/Rec/GRID/logs/inference/runs/2025-09-22/08-37-23/pickle/predictions_0_20250922T004013320.pkl.
[2025-09-22 08:40:14,653][src.utils.inference_utils][INFO] - Global Rank: 1 wrote 64 rows to /data/mhwang/Rec/GRID/logs/inference/runs/2025-09-22/08-37-23/pickle/predictions_1_20250922T004014637.pkl.
[2025-09-22 08:40:14,829][src.utils.inference_utils][INFO] - Global Rank: 0 wrote 64 rows to /data/mhwang/Rec/GRID/logs/inference/runs/2025-09-22/08-37-23/pickle/predictions_0_20250922T004014811.pkl.
[2025-09-22 08:40:16,124][src.utils.inference_utils][INFO] - Global Rank: 1 wrote 64 rows to /data/mhwang/Rec/GRID/logs/inference/runs/2025-09-22/08-37-23/pickle/predictions_1_20250922T004016107.pkl.
[2025-09-22 08:40:16,321][src.utils.inference_utils][INFO] - Global Rank: 0 wrote 64 rows to /data/mhwang/Rec/GRID/logs/inference/runs/2025-09-22/08-37-23/pickle/predictions_0_20250922T004016304.pkl.
[2025-09-22 08:40:17,593][src.utils.inference_utils][INFO] - Global Rank: 1 wrote 64 rows to /data/mhwang/Rec/GRID/logs/inference/runs/2025-09-22/08-37-23/pickle/predictions_1_20250922T004017576.pkl.
[2025-09-22 08:40:17,811][src.utils.inference_utils][INFO] - Global Rank: 0 wrote 64 rows to /data/mhwang/Rec/GRID/logs/inference/runs/2025-09-22/08-37-23/pickle/predictions_0_20250922T004017792.pkl.
[2025-09-22 08:40:19,061][src.utils.inference_utils][INFO] - Global Rank: 1 wrote 64 rows to /data/mhwang/Rec/GRID/logs/inference/runs/2025-09-22/08-37-23/pickle/predictions_1_20250922T004019044.pkl.
[2025-09-22 08:40:19,309][src.utils.inference_utils][INFO] - Global Rank: 0 wrote 64 rows to /data/mhwang/Rec/GRID/logs/inference/runs/2025-09-22/08-37-23/pickle/predictions_0_20250922T004019290.pkl.
[2025-09-22 08:40:20,530][src.utils.inference_utils][INFO] - Global Rank: 1 wrote 64 rows to /data/mhwang/Rec/GRID/logs/inference/runs/2025-09-22/08-37-23/pickle/predictions_1_20250922T004020513.pkl.
[2025-09-22 08:40:20,798][src.utils.inference_utils][INFO] - Global Rank: 0 wrote 64 rows to /data/mhwang/Rec/GRID/logs/inference/runs/2025-09-22/08-37-23/pickle/predictions_0_20250922T004020781.pkl.
[2025-09-22 08:40:22,002][src.utils.inference_utils][INFO] - Global Rank: 1 wrote 64 rows to /data/mhwang/Rec/GRID/logs/inference/runs/2025-09-22/08-37-23/pickle/predictions_1_20250922T004021985.pkl.
[2025-09-22 08:40:22,302][src.utils.inference_utils][INFO] - Global Rank: 0 wrote 64 rows to /data/mhwang/Rec/GRID/logs/inference/runs/2025-09-22/08-37-23/pickle/predictions_0_20250922T004022282.pkl.
[2025-09-22 08:40:23,473][src.utils.inference_utils][INFO] - Global Rank: 1 wrote 64 rows to /data/mhwang/Rec/GRID/logs/inference/runs/2025-09-22/08-37-23/pickle/predictions_1_20250922T004023457.pkl.
[2025-09-22 08:40:23,793][src.utils.inference_utils][INFO] - Global Rank: 0 wrote 64 rows to /data/mhwang/Rec/GRID/logs/inference/runs/2025-09-22/08-37-23/pickle/predictions_0_20250922T004023775.pkl.
[2025-09-22 08:40:24,943][src.utils.inference_utils][INFO] - Global Rank: 1 wrote 64 rows to /data/mhwang/Rec/GRID/logs/inference/runs/2025-09-22/08-37-23/pickle/predictions_1_20250922T004024926.pkl.
[2025-09-22 08:40:25,302][src.utils.inference_utils][INFO] - Global Rank: 0 wrote 64 rows to /data/mhwang/Rec/GRID/logs/inference/runs/2025-09-22/08-37-23/pickle/predictions_0_20250922T004025284.pkl.
[2025-09-22 08:40:26,413][src.utils.inference_utils][INFO] - Global Rank: 1 wrote 64 rows to /data/mhwang/Rec/GRID/logs/inference/runs/2025-09-22/08-37-23/pickle/predictions_1_20250922T004026396.pkl.
[2025-09-22 08:40:26,796][src.utils.inference_utils][INFO] - Global Rank: 0 wrote 64 rows to /data/mhwang/Rec/GRID/logs/inference/runs/2025-09-22/08-37-23/pickle/predictions_0_20250922T004026777.pkl.
[2025-09-22 08:40:27,886][src.utils.inference_utils][INFO] - Global Rank: 1 wrote 64 rows to /data/mhwang/Rec/GRID/logs/inference/runs/2025-09-22/08-37-23/pickle/predictions_1_20250922T004027869.pkl.
[2025-09-22 08:40:28,287][src.utils.inference_utils][INFO] - Global Rank: 0 wrote 64 rows to /data/mhwang/Rec/GRID/logs/inference/runs/2025-09-22/08-37-23/pickle/predictions_0_20250922T004028268.pkl.
[2025-09-22 08:40:29,359][src.utils.inference_utils][INFO] - Global Rank: 1 wrote 64 rows to /data/mhwang/Rec/GRID/logs/inference/runs/2025-09-22/08-37-23/pickle/predictions_1_20250922T004029343.pkl.
[2025-09-22 08:40:29,777][src.utils.inference_utils][INFO] - Global Rank: 0 wrote 64 rows to /data/mhwang/Rec/GRID/logs/inference/runs/2025-09-22/08-37-23/pickle/predictions_0_20250922T004029760.pkl.
[2025-09-22 08:40:30,846][src.utils.inference_utils][INFO] - Global Rank: 1 wrote 64 rows to /data/mhwang/Rec/GRID/logs/inference/runs/2025-09-22/08-37-23/pickle/predictions_1_20250922T004030830.pkl.
[2025-09-22 08:40:31,315][src.utils.inference_utils][INFO] - Global Rank: 0 wrote 64 rows to /data/mhwang/Rec/GRID/logs/inference/runs/2025-09-22/08-37-23/pickle/predictions_0_20250922T004031294.pkl.
[2025-09-22 08:40:32,325][src.utils.inference_utils][INFO] - Global Rank: 1 wrote 64 rows to /data/mhwang/Rec/GRID/logs/inference/runs/2025-09-22/08-37-23/pickle/predictions_1_20250922T004032308.pkl.
[2025-09-22 08:40:32,829][src.utils.inference_utils][INFO] - Global Rank: 0 wrote 64 rows to /data/mhwang/Rec/GRID/logs/inference/runs/2025-09-22/08-37-23/pickle/predictions_0_20250922T004032809.pkl.
[2025-09-22 08:40:33,796][src.utils.inference_utils][INFO] - Global Rank: 1 wrote 64 rows to /data/mhwang/Rec/GRID/logs/inference/runs/2025-09-22/08-37-23/pickle/predictions_1_20250922T004033779.pkl.
[2025-09-22 08:40:34,352][src.utils.inference_utils][INFO] - Global Rank: 0 wrote 64 rows to /data/mhwang/Rec/GRID/logs/inference/runs/2025-09-22/08-37-23/pickle/predictions_0_20250922T004034332.pkl.
[2025-09-22 08:40:35,270][src.utils.inference_utils][INFO] - Global Rank: 1 wrote 64 rows to /data/mhwang/Rec/GRID/logs/inference/runs/2025-09-22/08-37-23/pickle/predictions_1_20250922T004035254.pkl.
[2025-09-22 08:40:35,850][src.utils.inference_utils][INFO] - Global Rank: 0 wrote 64 rows to /data/mhwang/Rec/GRID/logs/inference/runs/2025-09-22/08-37-23/pickle/predictions_0_20250922T004035832.pkl.
[2025-09-22 08:40:36,741][src.utils.inference_utils][INFO] - Global Rank: 1 wrote 64 rows to /data/mhwang/Rec/GRID/logs/inference/runs/2025-09-22/08-37-23/pickle/predictions_1_20250922T004036725.pkl.
[2025-09-22 08:40:37,346][src.utils.inference_utils][INFO] - Global Rank: 0 wrote 64 rows to /data/mhwang/Rec/GRID/logs/inference/runs/2025-09-22/08-37-23/pickle/predictions_0_20250922T004037328.pkl.
[2025-09-22 08:40:38,215][src.utils.inference_utils][INFO] - Global Rank: 1 wrote 64 rows to /data/mhwang/Rec/GRID/logs/inference/runs/2025-09-22/08-37-23/pickle/predictions_1_20250922T004038198.pkl.
[2025-09-22 08:40:38,844][src.utils.inference_utils][INFO] - Global Rank: 0 wrote 64 rows to /data/mhwang/Rec/GRID/logs/inference/runs/2025-09-22/08-37-23/pickle/predictions_0_20250922T004038825.pkl.
[2025-09-22 08:40:39,689][src.utils.inference_utils][INFO] - Global Rank: 1 wrote 64 rows to /data/mhwang/Rec/GRID/logs/inference/runs/2025-09-22/08-37-23/pickle/predictions_1_20250922T004039672.pkl.
[2025-09-22 08:40:40,347][src.utils.inference_utils][INFO] - Global Rank: 0 wrote 64 rows to /data/mhwang/Rec/GRID/logs/inference/runs/2025-09-22/08-37-23/pickle/predictions_0_20250922T004040331.pkl.
[2025-09-22 08:40:41,162][src.utils.inference_utils][INFO] - Global Rank: 1 wrote 64 rows to /data/mhwang/Rec/GRID/logs/inference/runs/2025-09-22/08-37-23/pickle/predictions_1_20250922T004041145.pkl.
[2025-09-22 08:40:41,860][src.utils.inference_utils][INFO] - Global Rank: 0 wrote 64 rows to /data/mhwang/Rec/GRID/logs/inference/runs/2025-09-22/08-37-23/pickle/predictions_0_20250922T004041840.pkl.
[2025-09-22 08:40:42,634][src.utils.inference_utils][INFO] - Global Rank: 1 wrote 64 rows to /data/mhwang/Rec/GRID/logs/inference/runs/2025-09-22/08-37-23/pickle/predictions_1_20250922T004042618.pkl.
[2025-09-22 08:40:43,374][src.utils.inference_utils][INFO] - Global Rank: 0 wrote 64 rows to /data/mhwang/Rec/GRID/logs/inference/runs/2025-09-22/08-37-23/pickle/predictions_0_20250922T004043355.pkl.
[2025-09-22 08:40:44,111][src.utils.inference_utils][INFO] - Global Rank: 1 wrote 64 rows to /data/mhwang/Rec/GRID/logs/inference/runs/2025-09-22/08-37-23/pickle/predictions_1_20250922T004044094.pkl.
[2025-09-22 08:40:44,879][src.utils.inference_utils][INFO] - Global Rank: 0 wrote 64 rows to /data/mhwang/Rec/GRID/logs/inference/runs/2025-09-22/08-37-23/pickle/predictions_0_20250922T004044860.pkl.
[2025-09-22 08:40:45,588][src.utils.inference_utils][INFO] - Global Rank: 1 wrote 64 rows to /data/mhwang/Rec/GRID/logs/inference/runs/2025-09-22/08-37-23/pickle/predictions_1_20250922T004045571.pkl.
[2025-09-22 08:40:46,378][src.utils.inference_utils][INFO] - Global Rank: 0 wrote 64 rows to /data/mhwang/Rec/GRID/logs/inference/runs/2025-09-22/08-37-23/pickle/predictions_0_20250922T004046359.pkl.
[2025-09-22 08:40:47,064][src.utils.inference_utils][INFO] - Global Rank: 1 wrote 64 rows to /data/mhwang/Rec/GRID/logs/inference/runs/2025-09-22/08-37-23/pickle/predictions_1_20250922T004047048.pkl.
[2025-09-22 08:40:47,870][src.utils.inference_utils][INFO] - Global Rank: 0 wrote 64 rows to /data/mhwang/Rec/GRID/logs/inference/runs/2025-09-22/08-37-23/pickle/predictions_0_20250922T004047854.pkl.
[2025-09-22 08:40:48,538][src.utils.inference_utils][INFO] - Global Rank: 1 wrote 64 rows to /data/mhwang/Rec/GRID/logs/inference/runs/2025-09-22/08-37-23/pickle/predictions_1_20250922T004048521.pkl.
[2025-09-22 08:40:49,370][src.utils.inference_utils][INFO] - Global Rank: 0 wrote 64 rows to /data/mhwang/Rec/GRID/logs/inference/runs/2025-09-22/08-37-23/pickle/predictions_0_20250922T004049353.pkl.
[2025-09-22 08:40:50,011][src.utils.inference_utils][INFO] - Global Rank: 1 wrote 64 rows to /data/mhwang/Rec/GRID/logs/inference/runs/2025-09-22/08-37-23/pickle/predictions_1_20250922T004049995.pkl.
[2025-09-22 08:40:50,874][src.utils.inference_utils][INFO] - Global Rank: 0 wrote 64 rows to /data/mhwang/Rec/GRID/logs/inference/runs/2025-09-22/08-37-23/pickle/predictions_0_20250922T004050856.pkl.
[2025-09-22 08:40:51,486][src.utils.inference_utils][INFO] - Global Rank: 1 wrote 64 rows to /data/mhwang/Rec/GRID/logs/inference/runs/2025-09-22/08-37-23/pickle/predictions_1_20250922T004051469.pkl.
[2025-09-22 08:40:52,385][src.utils.inference_utils][INFO] - Global Rank: 0 wrote 64 rows to /data/mhwang/Rec/GRID/logs/inference/runs/2025-09-22/08-37-23/pickle/predictions_0_20250922T004052366.pkl.
[2025-09-22 08:40:52,966][src.utils.inference_utils][INFO] - Global Rank: 1 wrote 64 rows to /data/mhwang/Rec/GRID/logs/inference/runs/2025-09-22/08-37-23/pickle/predictions_1_20250922T004052949.pkl.
[2025-09-22 08:40:53,885][src.utils.inference_utils][INFO] - Global Rank: 0 wrote 64 rows to /data/mhwang/Rec/GRID/logs/inference/runs/2025-09-22/08-37-23/pickle/predictions_0_20250922T004053867.pkl.
[2025-09-22 08:40:54,444][src.utils.inference_utils][INFO] - Global Rank: 1 wrote 64 rows to /data/mhwang/Rec/GRID/logs/inference/runs/2025-09-22/08-37-23/pickle/predictions_1_20250922T004054427.pkl.
[2025-09-22 08:40:55,503][src.utils.inference_utils][INFO] - Global Rank: 0 wrote 64 rows to /data/mhwang/Rec/GRID/logs/inference/runs/2025-09-22/08-37-23/pickle/predictions_0_20250922T004055485.pkl.
[2025-09-22 08:40:55,925][src.utils.inference_utils][INFO] - Global Rank: 1 wrote 64 rows to /data/mhwang/Rec/GRID/logs/inference/runs/2025-09-22/08-37-23/pickle/predictions_1_20250922T004055909.pkl.
[2025-09-22 08:40:56,995][src.utils.inference_utils][INFO] - Global Rank: 0 wrote 64 rows to /data/mhwang/Rec/GRID/logs/inference/runs/2025-09-22/08-37-23/pickle/predictions_0_20250922T004056978.pkl.
[2025-09-22 08:40:57,407][src.utils.inference_utils][INFO] - Global Rank: 1 wrote 64 rows to /data/mhwang/Rec/GRID/logs/inference/runs/2025-09-22/08-37-23/pickle/predictions_1_20250922T004057391.pkl.
[2025-09-22 08:40:58,484][src.utils.inference_utils][INFO] - Global Rank: 0 wrote 64 rows to /data/mhwang/Rec/GRID/logs/inference/runs/2025-09-22/08-37-23/pickle/predictions_0_20250922T004058465.pkl.
[2025-09-22 08:40:58,494][src.utils.inference_utils][INFO] - Global Rank: 0 wrote 5 rows to /data/mhwang/Rec/GRID/logs/inference/runs/2025-09-22/08-37-23/pickle/predictions_0_20250922T004058492.pkl.
[2025-09-22 08:40:58,494][src.utils.inference_utils][INFO] - Rank 0 finished writing predictions.
[2025-09-22 08:40:58,887][src.utils.inference_utils][INFO] - Global Rank: 1 wrote 64 rows to /data/mhwang/Rec/GRID/logs/inference/runs/2025-09-22/08-37-23/pickle/predictions_1_20250922T004058870.pkl.
[2025-09-22 08:41:00,364][src.utils.inference_utils][INFO] - Global Rank: 1 wrote 64 rows to /data/mhwang/Rec/GRID/logs/inference/runs/2025-09-22/08-37-23/pickle/predictions_1_20250922T004100348.pkl.
[2025-09-22 08:41:00,372][src.utils.inference_utils][INFO] - Buffer is empty, nothing to flush.
[2025-09-22 08:41:00,372][src.utils.inference_utils][INFO] - Rank 1 finished writing predictions.
[2025-09-22 08:41:00,373][src.utils.inference_utils][INFO] - Merging pickle files on main process.
[2025-09-22 08:41:08,475][src.utils.inference_utils][INFO] - Merged 12101 rows into merged_predictions.pkl.
[2025-09-22 08:41:18,284][src.utils.inference_utils][INFO] - Merged 12101 rows into merged_predictions_tensor.pt. as pytorch tensor
