[2025-09-15 19:47:37,045][src.utils.utils][INFO] - [rank: 0] Enforcing tags! <cfg.extras.enforce_tags=True>
[2025-09-15 19:47:37,056][src.utils.utils][WARNING] - [rank: 0] Config loss was not found in the config tree. Make sure this is expected.
[2025-09-15 19:47:37,056][src.utils.utils][WARNING] - [rank: 0] Config optim was not found in the config tree. Make sure this is expected.
[2025-09-15 19:47:37,057][src.utils.utils][WARNING] - [rank: 0] Config eval was not found in the config tree. Make sure this is expected.
[2025-09-15 19:47:40,057][src.utils.utils][INFO] - [rank: 0] Printing config tree with Rich! <cfg.extras.print_config=True>
[2025-09-15 19:47:40,152][src.utils.launcher_utils][INFO] - [rank: 0] Instantiating datamodule <src.data.loading.datamodules.sequence_datamodule.ItemDataModule>
[2025-09-15 19:47:40,546][src.utils.launcher_utils][INFO] - [rank: 0] Instantiating model <src.modules.semantic_embedding_inference_module.SemanticEmbeddingInferenceModule>
[2025-09-15 19:47:41,084][src.utils.launcher_utils][INFO] - [rank: 0] Instantiating callbacks...
[2025-09-15 19:47:41,084][src.utils.instantiators][INFO] - [rank: 0] Instantiating callback <src.utils.inference_utils.LocalPickleWriter>
[2025-09-15 19:47:41,985][src.utils.launcher_utils][INFO] - [rank: 0] Instantiating loggers...
[2025-09-15 19:47:41,986][src.utils.instantiators][INFO] - [rank: 0] Instantiating logger <lightning.pytorch.loggers.csv_logs.CSVLogger>
[2025-09-15 19:47:41,989][src.utils.launcher_utils][INFO] - [rank: 0] Instantiating trainer <lightning.pytorch.trainer.Trainer>
[2025-09-15 19:47:42,086][src.utils.launcher_utils][INFO] - [rank: 0] Logging hyperparameters!
[2025-09-15 19:47:42,646][__main__][INFO] - [rank: 0] Starting inference!
[2025-09-15 19:47:42,647][__main__][WARNING] - [rank: 0] No ckpt_path was provided. If using a model you trained, this is mandatory. Only leave ckpt_path=None if using a pre-trained model.
[2025-09-15 19:48:04,284][src.utils.inference_utils][INFO] - Rank 0 initialized for inference.
[2025-09-15 19:48:04,285][src.utils.inference_utils][INFO] - Rank 1 initialized for inference.
[2025-09-15 19:48:07,338][src.utils.inference_utils][INFO] - Global Rank: 1 wrote 64 rows to /data/mhwang/Rec/GRID/logs/inference/runs/2025-09-15/19-47-36/pickle/predictions_1_20250915T114807334.pkl.
[2025-09-15 19:48:07,355][src.utils.inference_utils][INFO] - Global Rank: 0 wrote 64 rows to /data/mhwang/Rec/GRID/logs/inference/runs/2025-09-15/19-47-36/pickle/predictions_0_20250915T114807351.pkl.
[2025-09-15 19:48:07,502][src.utils.inference_utils][INFO] - Global Rank: 1 wrote 64 rows to /data/mhwang/Rec/GRID/logs/inference/runs/2025-09-15/19-47-36/pickle/predictions_1_20250915T114807498.pkl.
[2025-09-15 19:48:07,527][src.utils.inference_utils][INFO] - Global Rank: 0 wrote 64 rows to /data/mhwang/Rec/GRID/logs/inference/runs/2025-09-15/19-47-36/pickle/predictions_0_20250915T114807523.pkl.
[2025-09-15 19:48:07,683][src.utils.inference_utils][INFO] - Global Rank: 1 wrote 64 rows to /data/mhwang/Rec/GRID/logs/inference/runs/2025-09-15/19-47-36/pickle/predictions_1_20250915T114807679.pkl.
[2025-09-15 19:48:07,703][src.utils.inference_utils][INFO] - Global Rank: 0 wrote 64 rows to /data/mhwang/Rec/GRID/logs/inference/runs/2025-09-15/19-47-36/pickle/predictions_0_20250915T114807699.pkl.
[2025-09-15 19:48:07,848][src.utils.inference_utils][INFO] - Global Rank: 1 wrote 64 rows to /data/mhwang/Rec/GRID/logs/inference/runs/2025-09-15/19-47-36/pickle/predictions_1_20250915T114807844.pkl.
[2025-09-15 19:48:07,957][src.utils.inference_utils][INFO] - Global Rank: 0 wrote 64 rows to /data/mhwang/Rec/GRID/logs/inference/runs/2025-09-15/19-47-36/pickle/predictions_0_20250915T114807953.pkl.
[2025-09-15 19:48:08,021][src.utils.inference_utils][INFO] - Global Rank: 1 wrote 64 rows to /data/mhwang/Rec/GRID/logs/inference/runs/2025-09-15/19-47-36/pickle/predictions_1_20250915T114808017.pkl.
[2025-09-15 19:48:08,124][src.utils.inference_utils][INFO] - Global Rank: 0 wrote 64 rows to /data/mhwang/Rec/GRID/logs/inference/runs/2025-09-15/19-47-36/pickle/predictions_0_20250915T114808120.pkl.
[2025-09-15 19:48:08,180][src.utils.inference_utils][INFO] - Global Rank: 1 wrote 64 rows to /data/mhwang/Rec/GRID/logs/inference/runs/2025-09-15/19-47-36/pickle/predictions_1_20250915T114808176.pkl.
[2025-09-15 19:48:08,292][src.utils.inference_utils][INFO] - Global Rank: 0 wrote 64 rows to /data/mhwang/Rec/GRID/logs/inference/runs/2025-09-15/19-47-36/pickle/predictions_0_20250915T114808288.pkl.
[2025-09-15 19:48:08,357][src.utils.inference_utils][INFO] - Global Rank: 1 wrote 64 rows to /data/mhwang/Rec/GRID/logs/inference/runs/2025-09-15/19-47-36/pickle/predictions_1_20250915T114808353.pkl.
[2025-09-15 19:48:08,461][src.utils.inference_utils][INFO] - Global Rank: 0 wrote 64 rows to /data/mhwang/Rec/GRID/logs/inference/runs/2025-09-15/19-47-36/pickle/predictions_0_20250915T114808457.pkl.
[2025-09-15 19:48:08,517][src.utils.inference_utils][INFO] - Global Rank: 1 wrote 64 rows to /data/mhwang/Rec/GRID/logs/inference/runs/2025-09-15/19-47-36/pickle/predictions_1_20250915T114808513.pkl.
[2025-09-15 19:48:08,627][src.utils.inference_utils][INFO] - Global Rank: 0 wrote 64 rows to /data/mhwang/Rec/GRID/logs/inference/runs/2025-09-15/19-47-36/pickle/predictions_0_20250915T114808623.pkl.
[2025-09-15 19:48:08,679][src.utils.inference_utils][INFO] - Global Rank: 1 wrote 64 rows to /data/mhwang/Rec/GRID/logs/inference/runs/2025-09-15/19-47-36/pickle/predictions_1_20250915T114808676.pkl.
[2025-09-15 19:48:08,790][src.utils.inference_utils][INFO] - Global Rank: 0 wrote 64 rows to /data/mhwang/Rec/GRID/logs/inference/runs/2025-09-15/19-47-36/pickle/predictions_0_20250915T114808787.pkl.
[2025-09-15 19:48:08,840][src.utils.inference_utils][INFO] - Global Rank: 1 wrote 64 rows to /data/mhwang/Rec/GRID/logs/inference/runs/2025-09-15/19-47-36/pickle/predictions_1_20250915T114808837.pkl.
[2025-09-15 19:48:08,957][src.utils.inference_utils][INFO] - Global Rank: 0 wrote 64 rows to /data/mhwang/Rec/GRID/logs/inference/runs/2025-09-15/19-47-36/pickle/predictions_0_20250915T114808953.pkl.
[2025-09-15 19:48:09,002][src.utils.inference_utils][INFO] - Global Rank: 1 wrote 64 rows to /data/mhwang/Rec/GRID/logs/inference/runs/2025-09-15/19-47-36/pickle/predictions_1_20250915T114808998.pkl.
[2025-09-15 19:48:09,130][src.utils.inference_utils][INFO] - Global Rank: 0 wrote 64 rows to /data/mhwang/Rec/GRID/logs/inference/runs/2025-09-15/19-47-36/pickle/predictions_0_20250915T114809127.pkl.
[2025-09-15 19:48:09,165][src.utils.inference_utils][INFO] - Global Rank: 1 wrote 64 rows to /data/mhwang/Rec/GRID/logs/inference/runs/2025-09-15/19-47-36/pickle/predictions_1_20250915T114809161.pkl.
[2025-09-15 19:48:09,305][src.utils.inference_utils][INFO] - Global Rank: 0 wrote 64 rows to /data/mhwang/Rec/GRID/logs/inference/runs/2025-09-15/19-47-36/pickle/predictions_0_20250915T114809301.pkl.
[2025-09-15 19:48:09,325][src.utils.inference_utils][INFO] - Global Rank: 1 wrote 64 rows to /data/mhwang/Rec/GRID/logs/inference/runs/2025-09-15/19-47-36/pickle/predictions_1_20250915T114809321.pkl.
[2025-09-15 19:48:09,468][src.utils.inference_utils][INFO] - Global Rank: 0 wrote 64 rows to /data/mhwang/Rec/GRID/logs/inference/runs/2025-09-15/19-47-36/pickle/predictions_0_20250915T114809465.pkl.
[2025-09-15 19:48:09,485][src.utils.inference_utils][INFO] - Global Rank: 1 wrote 64 rows to /data/mhwang/Rec/GRID/logs/inference/runs/2025-09-15/19-47-36/pickle/predictions_1_20250915T114809481.pkl.
[2025-09-15 19:48:09,634][src.utils.inference_utils][INFO] - Global Rank: 0 wrote 64 rows to /data/mhwang/Rec/GRID/logs/inference/runs/2025-09-15/19-47-36/pickle/predictions_0_20250915T114809630.pkl.
[2025-09-15 19:48:09,648][src.utils.inference_utils][INFO] - Global Rank: 1 wrote 64 rows to /data/mhwang/Rec/GRID/logs/inference/runs/2025-09-15/19-47-36/pickle/predictions_1_20250915T114809644.pkl.
[2025-09-15 19:48:09,811][src.utils.inference_utils][INFO] - Global Rank: 1 wrote 64 rows to /data/mhwang/Rec/GRID/logs/inference/runs/2025-09-15/19-47-36/pickle/predictions_1_20250915T114809807.pkl.
[2025-09-15 19:48:09,870][src.utils.inference_utils][INFO] - Global Rank: 0 wrote 64 rows to /data/mhwang/Rec/GRID/logs/inference/runs/2025-09-15/19-47-36/pickle/predictions_0_20250915T114809866.pkl.
[2025-09-15 19:48:09,973][src.utils.inference_utils][INFO] - Global Rank: 1 wrote 64 rows to /data/mhwang/Rec/GRID/logs/inference/runs/2025-09-15/19-47-36/pickle/predictions_1_20250915T114809969.pkl.
[2025-09-15 19:48:10,071][src.utils.inference_utils][INFO] - Global Rank: 0 wrote 64 rows to /data/mhwang/Rec/GRID/logs/inference/runs/2025-09-15/19-47-36/pickle/predictions_0_20250915T114810067.pkl.
[2025-09-15 19:48:10,132][src.utils.inference_utils][INFO] - Global Rank: 1 wrote 64 rows to /data/mhwang/Rec/GRID/logs/inference/runs/2025-09-15/19-47-36/pickle/predictions_1_20250915T114810129.pkl.
[2025-09-15 19:48:10,240][src.utils.inference_utils][INFO] - Global Rank: 0 wrote 64 rows to /data/mhwang/Rec/GRID/logs/inference/runs/2025-09-15/19-47-36/pickle/predictions_0_20250915T114810235.pkl.
[2025-09-15 19:48:10,294][src.utils.inference_utils][INFO] - Global Rank: 1 wrote 64 rows to /data/mhwang/Rec/GRID/logs/inference/runs/2025-09-15/19-47-36/pickle/predictions_1_20250915T114810290.pkl.
[2025-09-15 19:48:10,414][src.utils.inference_utils][INFO] - Global Rank: 0 wrote 64 rows to /data/mhwang/Rec/GRID/logs/inference/runs/2025-09-15/19-47-36/pickle/predictions_0_20250915T114810410.pkl.
[2025-09-15 19:48:10,452][src.utils.inference_utils][INFO] - Global Rank: 1 wrote 64 rows to /data/mhwang/Rec/GRID/logs/inference/runs/2025-09-15/19-47-36/pickle/predictions_1_20250915T114810448.pkl.
[2025-09-15 19:48:10,587][src.utils.inference_utils][INFO] - Global Rank: 0 wrote 64 rows to /data/mhwang/Rec/GRID/logs/inference/runs/2025-09-15/19-47-36/pickle/predictions_0_20250915T114810583.pkl.
[2025-09-15 19:48:10,608][src.utils.inference_utils][INFO] - Global Rank: 1 wrote 64 rows to /data/mhwang/Rec/GRID/logs/inference/runs/2025-09-15/19-47-36/pickle/predictions_1_20250915T114810605.pkl.
[2025-09-15 19:48:10,758][src.utils.inference_utils][INFO] - Global Rank: 0 wrote 64 rows to /data/mhwang/Rec/GRID/logs/inference/runs/2025-09-15/19-47-36/pickle/predictions_0_20250915T114810755.pkl.
[2025-09-15 19:48:10,770][src.utils.inference_utils][INFO] - Global Rank: 1 wrote 64 rows to /data/mhwang/Rec/GRID/logs/inference/runs/2025-09-15/19-47-36/pickle/predictions_1_20250915T114810767.pkl.
[2025-09-15 19:48:10,926][src.utils.inference_utils][INFO] - Global Rank: 0 wrote 64 rows to /data/mhwang/Rec/GRID/logs/inference/runs/2025-09-15/19-47-36/pickle/predictions_0_20250915T114810922.pkl.
[2025-09-15 19:48:10,930][src.utils.inference_utils][INFO] - Global Rank: 1 wrote 64 rows to /data/mhwang/Rec/GRID/logs/inference/runs/2025-09-15/19-47-36/pickle/predictions_1_20250915T114810926.pkl.
[2025-09-15 19:48:11,093][src.utils.inference_utils][INFO] - Global Rank: 1 wrote 64 rows to /data/mhwang/Rec/GRID/logs/inference/runs/2025-09-15/19-47-36/pickle/predictions_1_20250915T114811089.pkl.
[2025-09-15 19:48:11,094][src.utils.inference_utils][INFO] - Global Rank: 0 wrote 64 rows to /data/mhwang/Rec/GRID/logs/inference/runs/2025-09-15/19-47-36/pickle/predictions_0_20250915T114811089.pkl.
[2025-09-15 19:48:11,253][src.utils.inference_utils][INFO] - Global Rank: 1 wrote 64 rows to /data/mhwang/Rec/GRID/logs/inference/runs/2025-09-15/19-47-36/pickle/predictions_1_20250915T114811249.pkl.
[2025-09-15 19:48:11,268][src.utils.inference_utils][INFO] - Global Rank: 0 wrote 64 rows to /data/mhwang/Rec/GRID/logs/inference/runs/2025-09-15/19-47-36/pickle/predictions_0_20250915T114811264.pkl.
[2025-09-15 19:48:11,413][src.utils.inference_utils][INFO] - Global Rank: 1 wrote 64 rows to /data/mhwang/Rec/GRID/logs/inference/runs/2025-09-15/19-47-36/pickle/predictions_1_20250915T114811409.pkl.
[2025-09-15 19:48:11,437][src.utils.inference_utils][INFO] - Global Rank: 0 wrote 64 rows to /data/mhwang/Rec/GRID/logs/inference/runs/2025-09-15/19-47-36/pickle/predictions_0_20250915T114811433.pkl.
[2025-09-15 19:48:11,579][src.utils.inference_utils][INFO] - Global Rank: 1 wrote 64 rows to /data/mhwang/Rec/GRID/logs/inference/runs/2025-09-15/19-47-36/pickle/predictions_1_20250915T114811575.pkl.
[2025-09-15 19:48:11,609][src.utils.inference_utils][INFO] - Global Rank: 0 wrote 64 rows to /data/mhwang/Rec/GRID/logs/inference/runs/2025-09-15/19-47-36/pickle/predictions_0_20250915T114811605.pkl.
[2025-09-15 19:48:11,738][src.utils.inference_utils][INFO] - Global Rank: 1 wrote 64 rows to /data/mhwang/Rec/GRID/logs/inference/runs/2025-09-15/19-47-36/pickle/predictions_1_20250915T114811734.pkl.
[2025-09-15 19:48:11,777][src.utils.inference_utils][INFO] - Global Rank: 0 wrote 64 rows to /data/mhwang/Rec/GRID/logs/inference/runs/2025-09-15/19-47-36/pickle/predictions_0_20250915T114811774.pkl.
[2025-09-15 19:48:11,904][src.utils.inference_utils][INFO] - Global Rank: 1 wrote 64 rows to /data/mhwang/Rec/GRID/logs/inference/runs/2025-09-15/19-47-36/pickle/predictions_1_20250915T114811900.pkl.
[2025-09-15 19:48:11,948][src.utils.inference_utils][INFO] - Global Rank: 0 wrote 64 rows to /data/mhwang/Rec/GRID/logs/inference/runs/2025-09-15/19-47-36/pickle/predictions_0_20250915T114811944.pkl.
[2025-09-15 19:48:12,064][src.utils.inference_utils][INFO] - Global Rank: 1 wrote 64 rows to /data/mhwang/Rec/GRID/logs/inference/runs/2025-09-15/19-47-36/pickle/predictions_1_20250915T114812060.pkl.
[2025-09-15 19:48:12,120][src.utils.inference_utils][INFO] - Global Rank: 0 wrote 64 rows to /data/mhwang/Rec/GRID/logs/inference/runs/2025-09-15/19-47-36/pickle/predictions_0_20250915T114812116.pkl.
[2025-09-15 19:48:12,222][src.utils.inference_utils][INFO] - Global Rank: 1 wrote 64 rows to /data/mhwang/Rec/GRID/logs/inference/runs/2025-09-15/19-47-36/pickle/predictions_1_20250915T114812218.pkl.
[2025-09-15 19:48:12,288][src.utils.inference_utils][INFO] - Global Rank: 0 wrote 64 rows to /data/mhwang/Rec/GRID/logs/inference/runs/2025-09-15/19-47-36/pickle/predictions_0_20250915T114812284.pkl.
[2025-09-15 19:48:12,381][src.utils.inference_utils][INFO] - Global Rank: 1 wrote 64 rows to /data/mhwang/Rec/GRID/logs/inference/runs/2025-09-15/19-47-36/pickle/predictions_1_20250915T114812377.pkl.
[2025-09-15 19:48:12,460][src.utils.inference_utils][INFO] - Global Rank: 0 wrote 64 rows to /data/mhwang/Rec/GRID/logs/inference/runs/2025-09-15/19-47-36/pickle/predictions_0_20250915T114812456.pkl.
[2025-09-15 19:48:12,541][src.utils.inference_utils][INFO] - Global Rank: 1 wrote 64 rows to /data/mhwang/Rec/GRID/logs/inference/runs/2025-09-15/19-47-36/pickle/predictions_1_20250915T114812538.pkl.
[2025-09-15 19:48:12,625][src.utils.inference_utils][INFO] - Global Rank: 0 wrote 64 rows to /data/mhwang/Rec/GRID/logs/inference/runs/2025-09-15/19-47-36/pickle/predictions_0_20250915T114812621.pkl.
[2025-09-15 19:48:12,710][src.utils.inference_utils][INFO] - Global Rank: 1 wrote 64 rows to /data/mhwang/Rec/GRID/logs/inference/runs/2025-09-15/19-47-36/pickle/predictions_1_20250915T114812706.pkl.
[2025-09-15 19:48:12,798][src.utils.inference_utils][INFO] - Global Rank: 0 wrote 64 rows to /data/mhwang/Rec/GRID/logs/inference/runs/2025-09-15/19-47-36/pickle/predictions_0_20250915T114812794.pkl.
[2025-09-15 19:48:12,869][src.utils.inference_utils][INFO] - Global Rank: 1 wrote 64 rows to /data/mhwang/Rec/GRID/logs/inference/runs/2025-09-15/19-47-36/pickle/predictions_1_20250915T114812865.pkl.
[2025-09-15 19:48:12,969][src.utils.inference_utils][INFO] - Global Rank: 0 wrote 64 rows to /data/mhwang/Rec/GRID/logs/inference/runs/2025-09-15/19-47-36/pickle/predictions_0_20250915T114812965.pkl.
[2025-09-15 19:48:13,033][src.utils.inference_utils][INFO] - Global Rank: 1 wrote 64 rows to /data/mhwang/Rec/GRID/logs/inference/runs/2025-09-15/19-47-36/pickle/predictions_1_20250915T114813029.pkl.
[2025-09-15 19:48:13,138][src.utils.inference_utils][INFO] - Global Rank: 0 wrote 64 rows to /data/mhwang/Rec/GRID/logs/inference/runs/2025-09-15/19-47-36/pickle/predictions_0_20250915T114813134.pkl.
[2025-09-15 19:48:13,199][src.utils.inference_utils][INFO] - Global Rank: 1 wrote 64 rows to /data/mhwang/Rec/GRID/logs/inference/runs/2025-09-15/19-47-36/pickle/predictions_1_20250915T114813195.pkl.
[2025-09-15 19:48:13,312][src.utils.inference_utils][INFO] - Global Rank: 0 wrote 64 rows to /data/mhwang/Rec/GRID/logs/inference/runs/2025-09-15/19-47-36/pickle/predictions_0_20250915T114813308.pkl.
[2025-09-15 19:48:13,359][src.utils.inference_utils][INFO] - Global Rank: 1 wrote 64 rows to /data/mhwang/Rec/GRID/logs/inference/runs/2025-09-15/19-47-36/pickle/predictions_1_20250915T114813355.pkl.
[2025-09-15 19:48:13,483][src.utils.inference_utils][INFO] - Global Rank: 0 wrote 64 rows to /data/mhwang/Rec/GRID/logs/inference/runs/2025-09-15/19-47-36/pickle/predictions_0_20250915T114813479.pkl.
[2025-09-15 19:48:13,520][src.utils.inference_utils][INFO] - Global Rank: 1 wrote 64 rows to /data/mhwang/Rec/GRID/logs/inference/runs/2025-09-15/19-47-36/pickle/predictions_1_20250915T114813516.pkl.
[2025-09-15 19:48:13,672][src.utils.inference_utils][INFO] - Global Rank: 0 wrote 64 rows to /data/mhwang/Rec/GRID/logs/inference/runs/2025-09-15/19-47-36/pickle/predictions_0_20250915T114813668.pkl.
[2025-09-15 19:48:13,685][src.utils.inference_utils][INFO] - Global Rank: 1 wrote 64 rows to /data/mhwang/Rec/GRID/logs/inference/runs/2025-09-15/19-47-36/pickle/predictions_1_20250915T114813681.pkl.
[2025-09-15 19:48:13,838][src.utils.inference_utils][INFO] - Global Rank: 0 wrote 64 rows to /data/mhwang/Rec/GRID/logs/inference/runs/2025-09-15/19-47-36/pickle/predictions_0_20250915T114813834.pkl.
[2025-09-15 19:48:13,841][src.utils.inference_utils][INFO] - Global Rank: 1 wrote 64 rows to /data/mhwang/Rec/GRID/logs/inference/runs/2025-09-15/19-47-36/pickle/predictions_1_20250915T114813837.pkl.
[2025-09-15 19:48:14,005][src.utils.inference_utils][INFO] - Global Rank: 0 wrote 64 rows to /data/mhwang/Rec/GRID/logs/inference/runs/2025-09-15/19-47-36/pickle/predictions_0_20250915T114814001.pkl.
[2025-09-15 19:48:14,007][src.utils.inference_utils][INFO] - Global Rank: 1 wrote 64 rows to /data/mhwang/Rec/GRID/logs/inference/runs/2025-09-15/19-47-36/pickle/predictions_1_20250915T114814003.pkl.
[2025-09-15 19:48:14,168][src.utils.inference_utils][INFO] - Global Rank: 1 wrote 64 rows to /data/mhwang/Rec/GRID/logs/inference/runs/2025-09-15/19-47-36/pickle/predictions_1_20250915T114814164.pkl.
[2025-09-15 19:48:14,180][src.utils.inference_utils][INFO] - Global Rank: 0 wrote 64 rows to /data/mhwang/Rec/GRID/logs/inference/runs/2025-09-15/19-47-36/pickle/predictions_0_20250915T114814175.pkl.
[2025-09-15 19:48:14,326][src.utils.inference_utils][INFO] - Global Rank: 1 wrote 64 rows to /data/mhwang/Rec/GRID/logs/inference/runs/2025-09-15/19-47-36/pickle/predictions_1_20250915T114814322.pkl.
[2025-09-15 19:48:14,346][src.utils.inference_utils][INFO] - Global Rank: 0 wrote 64 rows to /data/mhwang/Rec/GRID/logs/inference/runs/2025-09-15/19-47-36/pickle/predictions_0_20250915T114814341.pkl.
[2025-09-15 19:48:14,491][src.utils.inference_utils][INFO] - Global Rank: 1 wrote 64 rows to /data/mhwang/Rec/GRID/logs/inference/runs/2025-09-15/19-47-36/pickle/predictions_1_20250915T114814487.pkl.
[2025-09-15 19:48:14,521][src.utils.inference_utils][INFO] - Global Rank: 0 wrote 64 rows to /data/mhwang/Rec/GRID/logs/inference/runs/2025-09-15/19-47-36/pickle/predictions_0_20250915T114814516.pkl.
[2025-09-15 19:48:14,652][src.utils.inference_utils][INFO] - Global Rank: 1 wrote 64 rows to /data/mhwang/Rec/GRID/logs/inference/runs/2025-09-15/19-47-36/pickle/predictions_1_20250915T114814648.pkl.
[2025-09-15 19:48:14,688][src.utils.inference_utils][INFO] - Global Rank: 0 wrote 64 rows to /data/mhwang/Rec/GRID/logs/inference/runs/2025-09-15/19-47-36/pickle/predictions_0_20250915T114814681.pkl.
[2025-09-15 19:48:14,807][src.utils.inference_utils][INFO] - Global Rank: 1 wrote 64 rows to /data/mhwang/Rec/GRID/logs/inference/runs/2025-09-15/19-47-36/pickle/predictions_1_20250915T114814803.pkl.
[2025-09-15 19:48:14,863][src.utils.inference_utils][INFO] - Global Rank: 0 wrote 64 rows to /data/mhwang/Rec/GRID/logs/inference/runs/2025-09-15/19-47-36/pickle/predictions_0_20250915T114814856.pkl.
[2025-09-15 19:48:14,969][src.utils.inference_utils][INFO] - Global Rank: 1 wrote 64 rows to /data/mhwang/Rec/GRID/logs/inference/runs/2025-09-15/19-47-36/pickle/predictions_1_20250915T114814965.pkl.
[2025-09-15 19:48:15,032][src.utils.inference_utils][INFO] - Global Rank: 0 wrote 64 rows to /data/mhwang/Rec/GRID/logs/inference/runs/2025-09-15/19-47-36/pickle/predictions_0_20250915T114815028.pkl.
[2025-09-15 19:48:15,133][src.utils.inference_utils][INFO] - Global Rank: 1 wrote 64 rows to /data/mhwang/Rec/GRID/logs/inference/runs/2025-09-15/19-47-36/pickle/predictions_1_20250915T114815129.pkl.
[2025-09-15 19:48:15,227][src.utils.inference_utils][INFO] - Global Rank: 0 wrote 64 rows to /data/mhwang/Rec/GRID/logs/inference/runs/2025-09-15/19-47-36/pickle/predictions_0_20250915T114815223.pkl.
[2025-09-15 19:48:15,295][src.utils.inference_utils][INFO] - Global Rank: 1 wrote 64 rows to /data/mhwang/Rec/GRID/logs/inference/runs/2025-09-15/19-47-36/pickle/predictions_1_20250915T114815291.pkl.
[2025-09-15 19:48:15,395][src.utils.inference_utils][INFO] - Global Rank: 0 wrote 64 rows to /data/mhwang/Rec/GRID/logs/inference/runs/2025-09-15/19-47-36/pickle/predictions_0_20250915T114815391.pkl.
[2025-09-15 19:48:15,452][src.utils.inference_utils][INFO] - Global Rank: 1 wrote 64 rows to /data/mhwang/Rec/GRID/logs/inference/runs/2025-09-15/19-47-36/pickle/predictions_1_20250915T114815448.pkl.
[2025-09-15 19:48:15,560][src.utils.inference_utils][INFO] - Global Rank: 0 wrote 64 rows to /data/mhwang/Rec/GRID/logs/inference/runs/2025-09-15/19-47-36/pickle/predictions_0_20250915T114815556.pkl.
[2025-09-15 19:48:15,612][src.utils.inference_utils][INFO] - Global Rank: 1 wrote 64 rows to /data/mhwang/Rec/GRID/logs/inference/runs/2025-09-15/19-47-36/pickle/predictions_1_20250915T114815609.pkl.
[2025-09-15 19:48:15,738][src.utils.inference_utils][INFO] - Global Rank: 0 wrote 64 rows to /data/mhwang/Rec/GRID/logs/inference/runs/2025-09-15/19-47-36/pickle/predictions_0_20250915T114815735.pkl.
[2025-09-15 19:48:15,774][src.utils.inference_utils][INFO] - Global Rank: 1 wrote 64 rows to /data/mhwang/Rec/GRID/logs/inference/runs/2025-09-15/19-47-36/pickle/predictions_1_20250915T114815770.pkl.
[2025-09-15 19:48:15,906][src.utils.inference_utils][INFO] - Global Rank: 0 wrote 64 rows to /data/mhwang/Rec/GRID/logs/inference/runs/2025-09-15/19-47-36/pickle/predictions_0_20250915T114815902.pkl.
[2025-09-15 19:48:15,930][src.utils.inference_utils][INFO] - Global Rank: 1 wrote 64 rows to /data/mhwang/Rec/GRID/logs/inference/runs/2025-09-15/19-47-36/pickle/predictions_1_20250915T114815926.pkl.
[2025-09-15 19:48:16,071][src.utils.inference_utils][INFO] - Global Rank: 0 wrote 64 rows to /data/mhwang/Rec/GRID/logs/inference/runs/2025-09-15/19-47-36/pickle/predictions_0_20250915T114816067.pkl.
[2025-09-15 19:48:16,087][src.utils.inference_utils][INFO] - Global Rank: 1 wrote 64 rows to /data/mhwang/Rec/GRID/logs/inference/runs/2025-09-15/19-47-36/pickle/predictions_1_20250915T114816083.pkl.
[2025-09-15 19:48:16,235][src.utils.inference_utils][INFO] - Global Rank: 0 wrote 64 rows to /data/mhwang/Rec/GRID/logs/inference/runs/2025-09-15/19-47-36/pickle/predictions_0_20250915T114816231.pkl.
[2025-09-15 19:48:16,246][src.utils.inference_utils][INFO] - Global Rank: 1 wrote 64 rows to /data/mhwang/Rec/GRID/logs/inference/runs/2025-09-15/19-47-36/pickle/predictions_1_20250915T114816242.pkl.
[2025-09-15 19:48:16,408][src.utils.inference_utils][INFO] - Global Rank: 1 wrote 64 rows to /data/mhwang/Rec/GRID/logs/inference/runs/2025-09-15/19-47-36/pickle/predictions_1_20250915T114816402.pkl.
[2025-09-15 19:48:16,412][src.utils.inference_utils][INFO] - Global Rank: 0 wrote 64 rows to /data/mhwang/Rec/GRID/logs/inference/runs/2025-09-15/19-47-36/pickle/predictions_0_20250915T114816408.pkl.
[2025-09-15 19:48:16,568][src.utils.inference_utils][INFO] - Global Rank: 1 wrote 64 rows to /data/mhwang/Rec/GRID/logs/inference/runs/2025-09-15/19-47-36/pickle/predictions_1_20250915T114816564.pkl.
[2025-09-15 19:48:16,578][src.utils.inference_utils][INFO] - Global Rank: 0 wrote 64 rows to /data/mhwang/Rec/GRID/logs/inference/runs/2025-09-15/19-47-36/pickle/predictions_0_20250915T114816574.pkl.
[2025-09-15 19:48:16,730][src.utils.inference_utils][INFO] - Global Rank: 1 wrote 64 rows to /data/mhwang/Rec/GRID/logs/inference/runs/2025-09-15/19-47-36/pickle/predictions_1_20250915T114816726.pkl.
[2025-09-15 19:48:16,767][src.utils.inference_utils][INFO] - Global Rank: 0 wrote 64 rows to /data/mhwang/Rec/GRID/logs/inference/runs/2025-09-15/19-47-36/pickle/predictions_0_20250915T114816763.pkl.
[2025-09-15 19:48:16,890][src.utils.inference_utils][INFO] - Global Rank: 1 wrote 64 rows to /data/mhwang/Rec/GRID/logs/inference/runs/2025-09-15/19-47-36/pickle/predictions_1_20250915T114816886.pkl.
[2025-09-15 19:48:16,931][src.utils.inference_utils][INFO] - Global Rank: 0 wrote 64 rows to /data/mhwang/Rec/GRID/logs/inference/runs/2025-09-15/19-47-36/pickle/predictions_0_20250915T114816927.pkl.
[2025-09-15 19:48:17,049][src.utils.inference_utils][INFO] - Global Rank: 1 wrote 64 rows to /data/mhwang/Rec/GRID/logs/inference/runs/2025-09-15/19-47-36/pickle/predictions_1_20250915T114817045.pkl.
[2025-09-15 19:48:17,100][src.utils.inference_utils][INFO] - Global Rank: 0 wrote 64 rows to /data/mhwang/Rec/GRID/logs/inference/runs/2025-09-15/19-47-36/pickle/predictions_0_20250915T114817096.pkl.
[2025-09-15 19:48:17,211][src.utils.inference_utils][INFO] - Global Rank: 1 wrote 64 rows to /data/mhwang/Rec/GRID/logs/inference/runs/2025-09-15/19-47-36/pickle/predictions_1_20250915T114817207.pkl.
[2025-09-15 19:48:17,278][src.utils.inference_utils][INFO] - Global Rank: 0 wrote 64 rows to /data/mhwang/Rec/GRID/logs/inference/runs/2025-09-15/19-47-36/pickle/predictions_0_20250915T114817274.pkl.
[2025-09-15 19:48:17,372][src.utils.inference_utils][INFO] - Global Rank: 1 wrote 64 rows to /data/mhwang/Rec/GRID/logs/inference/runs/2025-09-15/19-47-36/pickle/predictions_1_20250915T114817369.pkl.
[2025-09-15 19:48:17,449][src.utils.inference_utils][INFO] - Global Rank: 0 wrote 64 rows to /data/mhwang/Rec/GRID/logs/inference/runs/2025-09-15/19-47-36/pickle/predictions_0_20250915T114817444.pkl.
[2025-09-15 19:48:17,535][src.utils.inference_utils][INFO] - Global Rank: 1 wrote 64 rows to /data/mhwang/Rec/GRID/logs/inference/runs/2025-09-15/19-47-36/pickle/predictions_1_20250915T114817531.pkl.
[2025-09-15 19:48:17,619][src.utils.inference_utils][INFO] - Global Rank: 0 wrote 64 rows to /data/mhwang/Rec/GRID/logs/inference/runs/2025-09-15/19-47-36/pickle/predictions_0_20250915T114817612.pkl.
[2025-09-15 19:48:17,698][src.utils.inference_utils][INFO] - Global Rank: 1 wrote 64 rows to /data/mhwang/Rec/GRID/logs/inference/runs/2025-09-15/19-47-36/pickle/predictions_1_20250915T114817694.pkl.
[2025-09-15 19:48:17,787][src.utils.inference_utils][INFO] - Global Rank: 0 wrote 64 rows to /data/mhwang/Rec/GRID/logs/inference/runs/2025-09-15/19-47-36/pickle/predictions_0_20250915T114817784.pkl.
[2025-09-15 19:48:17,857][src.utils.inference_utils][INFO] - Global Rank: 1 wrote 64 rows to /data/mhwang/Rec/GRID/logs/inference/runs/2025-09-15/19-47-36/pickle/predictions_1_20250915T114817853.pkl.
[2025-09-15 19:48:17,957][src.utils.inference_utils][INFO] - Global Rank: 0 wrote 64 rows to /data/mhwang/Rec/GRID/logs/inference/runs/2025-09-15/19-47-36/pickle/predictions_0_20250915T114817953.pkl.
[2025-09-15 19:48:18,017][src.utils.inference_utils][INFO] - Global Rank: 1 wrote 64 rows to /data/mhwang/Rec/GRID/logs/inference/runs/2025-09-15/19-47-36/pickle/predictions_1_20250915T114818013.pkl.
[2025-09-15 19:48:18,128][src.utils.inference_utils][INFO] - Global Rank: 0 wrote 64 rows to /data/mhwang/Rec/GRID/logs/inference/runs/2025-09-15/19-47-36/pickle/predictions_0_20250915T114818124.pkl.
[2025-09-15 19:48:18,176][src.utils.inference_utils][INFO] - Global Rank: 1 wrote 64 rows to /data/mhwang/Rec/GRID/logs/inference/runs/2025-09-15/19-47-36/pickle/predictions_1_20250915T114818172.pkl.
[2025-09-15 19:48:18,298][src.utils.inference_utils][INFO] - Global Rank: 0 wrote 64 rows to /data/mhwang/Rec/GRID/logs/inference/runs/2025-09-15/19-47-36/pickle/predictions_0_20250915T114818294.pkl.
[2025-09-15 19:48:18,344][src.utils.inference_utils][INFO] - Global Rank: 1 wrote 64 rows to /data/mhwang/Rec/GRID/logs/inference/runs/2025-09-15/19-47-36/pickle/predictions_1_20250915T114818340.pkl.
[2025-09-15 19:48:18,462][src.utils.inference_utils][INFO] - Global Rank: 0 wrote 64 rows to /data/mhwang/Rec/GRID/logs/inference/runs/2025-09-15/19-47-36/pickle/predictions_0_20250915T114818458.pkl.
[2025-09-15 19:48:18,502][src.utils.inference_utils][INFO] - Global Rank: 1 wrote 64 rows to /data/mhwang/Rec/GRID/logs/inference/runs/2025-09-15/19-47-36/pickle/predictions_1_20250915T114818498.pkl.
[2025-09-15 19:48:18,629][src.utils.inference_utils][INFO] - Global Rank: 0 wrote 64 rows to /data/mhwang/Rec/GRID/logs/inference/runs/2025-09-15/19-47-36/pickle/predictions_0_20250915T114818625.pkl.
[2025-09-15 19:48:18,661][src.utils.inference_utils][INFO] - Global Rank: 1 wrote 64 rows to /data/mhwang/Rec/GRID/logs/inference/runs/2025-09-15/19-47-36/pickle/predictions_1_20250915T114818657.pkl.
[2025-09-15 19:48:18,808][src.utils.inference_utils][INFO] - Global Rank: 0 wrote 64 rows to /data/mhwang/Rec/GRID/logs/inference/runs/2025-09-15/19-47-36/pickle/predictions_0_20250915T114818804.pkl.
[2025-09-15 19:48:18,831][src.utils.inference_utils][INFO] - Global Rank: 1 wrote 64 rows to /data/mhwang/Rec/GRID/logs/inference/runs/2025-09-15/19-47-36/pickle/predictions_1_20250915T114818827.pkl.
[2025-09-15 19:48:18,976][src.utils.inference_utils][INFO] - Global Rank: 0 wrote 64 rows to /data/mhwang/Rec/GRID/logs/inference/runs/2025-09-15/19-47-36/pickle/predictions_0_20250915T114818972.pkl.
[2025-09-15 19:48:18,984][src.utils.inference_utils][INFO] - Global Rank: 1 wrote 64 rows to /data/mhwang/Rec/GRID/logs/inference/runs/2025-09-15/19-47-36/pickle/predictions_1_20250915T114818981.pkl.
[2025-09-15 19:48:19,137][src.utils.inference_utils][INFO] - Global Rank: 0 wrote 64 rows to /data/mhwang/Rec/GRID/logs/inference/runs/2025-09-15/19-47-36/pickle/predictions_0_20250915T114819133.pkl.
[2025-09-15 19:48:19,156][src.utils.inference_utils][INFO] - Global Rank: 1 wrote 64 rows to /data/mhwang/Rec/GRID/logs/inference/runs/2025-09-15/19-47-36/pickle/predictions_1_20250915T114819152.pkl.
[2025-09-15 19:48:19,304][src.utils.inference_utils][INFO] - Global Rank: 0 wrote 64 rows to /data/mhwang/Rec/GRID/logs/inference/runs/2025-09-15/19-47-36/pickle/predictions_0_20250915T114819300.pkl.
[2025-09-15 19:48:19,315][src.utils.inference_utils][INFO] - Global Rank: 1 wrote 64 rows to /data/mhwang/Rec/GRID/logs/inference/runs/2025-09-15/19-47-36/pickle/predictions_1_20250915T114819312.pkl.
[2025-09-15 19:48:19,466][src.utils.inference_utils][INFO] - Global Rank: 0 wrote 64 rows to /data/mhwang/Rec/GRID/logs/inference/runs/2025-09-15/19-47-36/pickle/predictions_0_20250915T114819462.pkl.
[2025-09-15 19:48:19,484][src.utils.inference_utils][INFO] - Global Rank: 1 wrote 64 rows to /data/mhwang/Rec/GRID/logs/inference/runs/2025-09-15/19-47-36/pickle/predictions_1_20250915T114819480.pkl.
[2025-09-15 19:48:19,632][src.utils.inference_utils][INFO] - Global Rank: 0 wrote 64 rows to /data/mhwang/Rec/GRID/logs/inference/runs/2025-09-15/19-47-36/pickle/predictions_0_20250915T114819628.pkl.
[2025-09-15 19:48:19,645][src.utils.inference_utils][INFO] - Global Rank: 1 wrote 64 rows to /data/mhwang/Rec/GRID/logs/inference/runs/2025-09-15/19-47-36/pickle/predictions_1_20250915T114819641.pkl.
[2025-09-15 19:48:19,793][src.utils.inference_utils][INFO] - Global Rank: 0 wrote 64 rows to /data/mhwang/Rec/GRID/logs/inference/runs/2025-09-15/19-47-36/pickle/predictions_0_20250915T114819789.pkl.
[2025-09-15 19:48:19,809][src.utils.inference_utils][INFO] - Global Rank: 1 wrote 64 rows to /data/mhwang/Rec/GRID/logs/inference/runs/2025-09-15/19-47-36/pickle/predictions_1_20250915T114819805.pkl.
[2025-09-15 19:48:19,965][src.utils.inference_utils][INFO] - Global Rank: 0 wrote 64 rows to /data/mhwang/Rec/GRID/logs/inference/runs/2025-09-15/19-47-36/pickle/predictions_0_20250915T114819961.pkl.
[2025-09-15 19:48:19,970][src.utils.inference_utils][INFO] - Global Rank: 1 wrote 64 rows to /data/mhwang/Rec/GRID/logs/inference/runs/2025-09-15/19-47-36/pickle/predictions_1_20250915T114819966.pkl.
[2025-09-15 19:48:20,125][src.utils.inference_utils][INFO] - Global Rank: 0 wrote 64 rows to /data/mhwang/Rec/GRID/logs/inference/runs/2025-09-15/19-47-36/pickle/predictions_0_20250915T114820122.pkl.
[2025-09-15 19:48:20,132][src.utils.inference_utils][INFO] - Global Rank: 1 wrote 64 rows to /data/mhwang/Rec/GRID/logs/inference/runs/2025-09-15/19-47-36/pickle/predictions_1_20250915T114820129.pkl.
[2025-09-15 19:48:20,288][src.utils.inference_utils][INFO] - Global Rank: 1 wrote 64 rows to /data/mhwang/Rec/GRID/logs/inference/runs/2025-09-15/19-47-36/pickle/predictions_1_20250915T114820284.pkl.
[2025-09-15 19:48:20,294][src.utils.inference_utils][INFO] - Global Rank: 0 wrote 64 rows to /data/mhwang/Rec/GRID/logs/inference/runs/2025-09-15/19-47-36/pickle/predictions_0_20250915T114820289.pkl.
[2025-09-15 19:48:20,459][src.utils.inference_utils][INFO] - Global Rank: 1 wrote 64 rows to /data/mhwang/Rec/GRID/logs/inference/runs/2025-09-15/19-47-36/pickle/predictions_1_20250915T114820455.pkl.
[2025-09-15 19:48:20,476][src.utils.inference_utils][INFO] - Global Rank: 0 wrote 64 rows to /data/mhwang/Rec/GRID/logs/inference/runs/2025-09-15/19-47-36/pickle/predictions_0_20250915T114820471.pkl.
[2025-09-15 19:48:20,614][src.utils.inference_utils][INFO] - Global Rank: 1 wrote 64 rows to /data/mhwang/Rec/GRID/logs/inference/runs/2025-09-15/19-47-36/pickle/predictions_1_20250915T114820610.pkl.
[2025-09-15 19:48:20,642][src.utils.inference_utils][INFO] - Global Rank: 0 wrote 64 rows to /data/mhwang/Rec/GRID/logs/inference/runs/2025-09-15/19-47-36/pickle/predictions_0_20250915T114820637.pkl.
[2025-09-15 19:48:20,779][src.utils.inference_utils][INFO] - Global Rank: 1 wrote 64 rows to /data/mhwang/Rec/GRID/logs/inference/runs/2025-09-15/19-47-36/pickle/predictions_1_20250915T114820776.pkl.
[2025-09-15 19:48:20,821][src.utils.inference_utils][INFO] - Global Rank: 0 wrote 64 rows to /data/mhwang/Rec/GRID/logs/inference/runs/2025-09-15/19-47-36/pickle/predictions_0_20250915T114820816.pkl.
[2025-09-15 19:48:20,945][src.utils.inference_utils][INFO] - Global Rank: 1 wrote 64 rows to /data/mhwang/Rec/GRID/logs/inference/runs/2025-09-15/19-47-36/pickle/predictions_1_20250915T114820941.pkl.
[2025-09-15 19:48:20,991][src.utils.inference_utils][INFO] - Global Rank: 0 wrote 64 rows to /data/mhwang/Rec/GRID/logs/inference/runs/2025-09-15/19-47-36/pickle/predictions_0_20250915T114820987.pkl.
[2025-09-15 19:48:21,106][src.utils.inference_utils][INFO] - Global Rank: 1 wrote 64 rows to /data/mhwang/Rec/GRID/logs/inference/runs/2025-09-15/19-47-36/pickle/predictions_1_20250915T114821102.pkl.
[2025-09-15 19:48:21,159][src.utils.inference_utils][INFO] - Global Rank: 0 wrote 64 rows to /data/mhwang/Rec/GRID/logs/inference/runs/2025-09-15/19-47-36/pickle/predictions_0_20250915T114821155.pkl.
[2025-09-15 19:48:21,271][src.utils.inference_utils][INFO] - Global Rank: 1 wrote 64 rows to /data/mhwang/Rec/GRID/logs/inference/runs/2025-09-15/19-47-36/pickle/predictions_1_20250915T114821267.pkl.
[2025-09-15 19:48:21,342][src.utils.inference_utils][INFO] - Global Rank: 0 wrote 64 rows to /data/mhwang/Rec/GRID/logs/inference/runs/2025-09-15/19-47-36/pickle/predictions_0_20250915T114821337.pkl.
[2025-09-15 19:48:21,435][src.utils.inference_utils][INFO] - Global Rank: 1 wrote 64 rows to /data/mhwang/Rec/GRID/logs/inference/runs/2025-09-15/19-47-36/pickle/predictions_1_20250915T114821428.pkl.
[2025-09-15 19:48:21,519][src.utils.inference_utils][INFO] - Global Rank: 0 wrote 64 rows to /data/mhwang/Rec/GRID/logs/inference/runs/2025-09-15/19-47-36/pickle/predictions_0_20250915T114821515.pkl.
[2025-09-15 19:48:21,604][src.utils.inference_utils][INFO] - Global Rank: 1 wrote 64 rows to /data/mhwang/Rec/GRID/logs/inference/runs/2025-09-15/19-47-36/pickle/predictions_1_20250915T114821600.pkl.
[2025-09-15 19:48:21,697][src.utils.inference_utils][INFO] - Global Rank: 0 wrote 64 rows to /data/mhwang/Rec/GRID/logs/inference/runs/2025-09-15/19-47-36/pickle/predictions_0_20250915T114821693.pkl.
[2025-09-15 19:48:21,766][src.utils.inference_utils][INFO] - Global Rank: 1 wrote 64 rows to /data/mhwang/Rec/GRID/logs/inference/runs/2025-09-15/19-47-36/pickle/predictions_1_20250915T114821762.pkl.
[2025-09-15 19:48:21,869][src.utils.inference_utils][INFO] - Global Rank: 0 wrote 64 rows to /data/mhwang/Rec/GRID/logs/inference/runs/2025-09-15/19-47-36/pickle/predictions_0_20250915T114821864.pkl.
[2025-09-15 19:48:21,926][src.utils.inference_utils][INFO] - Global Rank: 1 wrote 64 rows to /data/mhwang/Rec/GRID/logs/inference/runs/2025-09-15/19-47-36/pickle/predictions_1_20250915T114821922.pkl.
[2025-09-15 19:48:22,050][src.utils.inference_utils][INFO] - Global Rank: 0 wrote 64 rows to /data/mhwang/Rec/GRID/logs/inference/runs/2025-09-15/19-47-36/pickle/predictions_0_20250915T114822046.pkl.
[2025-09-15 19:48:22,095][src.utils.inference_utils][INFO] - Global Rank: 1 wrote 64 rows to /data/mhwang/Rec/GRID/logs/inference/runs/2025-09-15/19-47-36/pickle/predictions_1_20250915T114822091.pkl.
[2025-09-15 19:48:22,221][src.utils.inference_utils][INFO] - Global Rank: 0 wrote 64 rows to /data/mhwang/Rec/GRID/logs/inference/runs/2025-09-15/19-47-36/pickle/predictions_0_20250915T114822217.pkl.
[2025-09-15 19:48:22,257][src.utils.inference_utils][INFO] - Global Rank: 1 wrote 64 rows to /data/mhwang/Rec/GRID/logs/inference/runs/2025-09-15/19-47-36/pickle/predictions_1_20250915T114822253.pkl.
[2025-09-15 19:48:22,397][src.utils.inference_utils][INFO] - Global Rank: 0 wrote 64 rows to /data/mhwang/Rec/GRID/logs/inference/runs/2025-09-15/19-47-36/pickle/predictions_0_20250915T114822392.pkl.
[2025-09-15 19:48:22,418][src.utils.inference_utils][INFO] - Global Rank: 1 wrote 64 rows to /data/mhwang/Rec/GRID/logs/inference/runs/2025-09-15/19-47-36/pickle/predictions_1_20250915T114822414.pkl.
[2025-09-15 19:48:22,566][src.utils.inference_utils][INFO] - Global Rank: 0 wrote 64 rows to /data/mhwang/Rec/GRID/logs/inference/runs/2025-09-15/19-47-36/pickle/predictions_0_20250915T114822562.pkl.
[2025-09-15 19:48:22,578][src.utils.inference_utils][INFO] - Global Rank: 1 wrote 64 rows to /data/mhwang/Rec/GRID/logs/inference/runs/2025-09-15/19-47-36/pickle/predictions_1_20250915T114822574.pkl.
[2025-09-15 19:48:22,732][src.utils.inference_utils][INFO] - Global Rank: 1 wrote 64 rows to /data/mhwang/Rec/GRID/logs/inference/runs/2025-09-15/19-47-36/pickle/predictions_1_20250915T114822728.pkl.
[2025-09-15 19:48:22,734][src.utils.inference_utils][INFO] - Buffer is empty, nothing to flush.
[2025-09-15 19:48:22,735][src.utils.inference_utils][INFO] - Rank 1 finished writing predictions.
[2025-09-15 19:48:22,736][src.utils.inference_utils][INFO] - Global Rank: 0 wrote 64 rows to /data/mhwang/Rec/GRID/logs/inference/runs/2025-09-15/19-47-36/pickle/predictions_0_20250915T114822731.pkl.
[2025-09-15 19:48:23,013][src.utils.inference_utils][INFO] - Global Rank: 0 wrote 64 rows to /data/mhwang/Rec/GRID/logs/inference/runs/2025-09-15/19-47-36/pickle/predictions_0_20250915T114823009.pkl.
[2025-09-15 19:48:23,315][src.utils.inference_utils][INFO] - Global Rank: 0 wrote 64 rows to /data/mhwang/Rec/GRID/logs/inference/runs/2025-09-15/19-47-36/pickle/predictions_0_20250915T114823311.pkl.
[2025-09-15 19:48:23,573][src.utils.inference_utils][INFO] - Global Rank: 0 wrote 64 rows to /data/mhwang/Rec/GRID/logs/inference/runs/2025-09-15/19-47-36/pickle/predictions_0_20250915T114823569.pkl.
[2025-09-15 19:48:23,577][src.utils.inference_utils][INFO] - Global Rank: 0 wrote 5 rows to /data/mhwang/Rec/GRID/logs/inference/runs/2025-09-15/19-47-36/pickle/predictions_0_20250915T114823577.pkl.
[2025-09-15 19:48:23,577][src.utils.inference_utils][INFO] - Rank 0 finished writing predictions.
[2025-09-15 19:48:23,581][src.utils.inference_utils][INFO] - Merging pickle files on main process.
[2025-09-15 19:48:25,534][src.utils.inference_utils][INFO] - Merged 12101 rows into merged_predictions.pkl.
[2025-09-15 19:48:28,190][src.utils.inference_utils][INFO] - Merged 12101 rows into merged_predictions_tensor.pt. as pytorch tensor
