[2025-11-12 23:25:03,285][src.utils.utils][INFO] - [rank: 0] Enforcing tags! <cfg.extras.enforce_tags=True>
[2025-11-12 23:25:03,298][src.utils.utils][WARNING] - [rank: 0] Config loss was not found in the config tree. Make sure this is expected.
[2025-11-12 23:25:06,299][src.utils.utils][INFO] - [rank: 0] Printing config tree with Rich! <cfg.extras.print_config=True>
[2025-11-12 23:25:06,300][src.utils.restart_job][INFO] - [rank: 0] should_skip_retry set to True. Skipping retry logic.
[2025-11-12 23:25:06,304][src.utils.launcher_utils][INFO] - [rank: 0] Instantiating datamodule <src.data.loading.datamodules.sequence_datamodule.ItemDataModule>
[2025-11-12 23:25:06,889][src.utils.launcher_utils][INFO] - [rank: 0] Instantiating model <src.modules.clustering.residual_quantization.ResidualQuantization>
[2025-11-12 23:25:07,160][root][INFO] - Device cpu: Verbose mode enabled
[2025-11-12 23:25:07,307][root][INFO] - Device cpu: Using custom training loop function
[2025-11-12 23:25:07,321][src.utils.launcher_utils][INFO] - [rank: 0] Instantiating callbacks...
[2025-11-12 23:25:07,322][src.utils.instantiators][INFO] - [rank: 0] Instantiating callback <lightning.pytorch.callbacks.ModelCheckpoint>
[2025-11-12 23:25:07,328][src.utils.instantiators][INFO] - [rank: 0] Instantiating callback <lightning.pytorch.callbacks.RichModelSummary>
[2025-11-12 23:25:07,329][src.utils.launcher_utils][INFO] - [rank: 0] Instantiating loggers...
[2025-11-12 23:25:07,330][src.utils.instantiators][INFO] - [rank: 0] Instantiating logger <lightning.pytorch.loggers.csv_logs.CSVLogger>
[2025-11-12 23:25:07,333][src.utils.launcher_utils][INFO] - [rank: 0] Instantiating trainer <lightning.pytorch.trainer.Trainer>
[2025-11-12 23:25:07,417][pytorch_lightning.utilities.rank_zero][INFO] - Using bfloat16 Automatic Mixed Precision (AMP)
[2025-11-12 23:25:07,419][pytorch_lightning.utilities.rank_zero][INFO] - Trainer already configured with model summary callbacks: [<class 'lightning.pytorch.callbacks.rich_model_summary.RichModelSummary'>]. Skipping setting a default `ModelSummary` callback.
[2025-11-12 23:25:07,455][pytorch_lightning.utilities.rank_zero][INFO] - GPU available: True (cuda), used: True
[2025-11-12 23:25:07,456][pytorch_lightning.utilities.rank_zero][INFO] - TPU available: False, using: 0 TPU cores
[2025-11-12 23:25:07,456][pytorch_lightning.utilities.rank_zero][INFO] - HPU available: False, using: 0 HPUs
[2025-11-12 23:25:07,457][src.utils.launcher_utils][INFO] - [rank: 0] Logging hyperparameters!
[2025-11-12 23:25:07,787][__main__][INFO] - [rank: 0] Starting training!
[2025-11-12 23:25:26,521][root][INFO] - Device cpu: Verbose mode enabled
[2025-11-12 23:25:26,689][root][INFO] - Device cpu: Using custom training loop function
[2025-11-12 23:25:26,712][root][INFO] - Device cpu: Verbose mode enabled
[2025-11-12 23:25:26,831][root][INFO] - Device cpu: Verbose mode enabled
[2025-11-12 23:25:26,993][root][INFO] - Device cpu: Using custom training loop function
[2025-11-12 23:25:27,101][root][INFO] - Device cpu: Using custom training loop function
[2025-11-12 23:25:27,428][pytorch_lightning.utilities.rank_zero][INFO] - ----------------------------------------------------------------------------------------------------
distributed_backend=nccl
All distributed processes registered. Starting with 4 processes
----------------------------------------------------------------------------------------------------

[2025-11-12 23:25:53,635][root][INFO] - Device cuda:1: Training layers one-at-a-time, each for 6 steps. Ensure that early stopping callbacks are disabled.
[2025-11-12 23:25:53,636][root][INFO] - Device cuda:0: Training layers one-at-a-time, each for 6 steps. Ensure that early stopping callbacks are disabled.
[2025-11-12 23:25:53,637][root][INFO] - Device cuda:3: Training layers one-at-a-time, each for 6 steps. Ensure that early stopping callbacks are disabled.
[2025-11-12 23:25:53,638][root][INFO] - Device cuda:2: Training layers one-at-a-time, each for 6 steps. Ensure that early stopping callbacks are disabled.
[2025-11-12 23:26:07,926][root][INFO] - Device cuda:1: Finished training layer 0 of 5
[2025-11-12 23:26:07,926][root][INFO] - Device cuda:2: Finished training layer 0 of 5
[2025-11-12 23:26:07,926][root][INFO] - Device cuda:3: Finished training layer 0 of 5
[2025-11-12 23:26:07,927][root][INFO] - Device cuda:0: Finished training layer 0 of 5
[2025-11-12 23:26:29,772][root][INFO] - Device cuda:0: Finished training layer 1 of 5
[2025-11-12 23:26:29,772][root][INFO] - Device cuda:1: Finished training layer 1 of 5
[2025-11-12 23:26:29,777][root][INFO] - Device cuda:3: Finished training layer 1 of 5
[2025-11-12 23:26:29,783][root][INFO] - Device cuda:2: Finished training layer 1 of 5
[2025-11-12 23:26:47,123][root][INFO] - Device cuda:1: Finished training layer 2 of 5
[2025-11-12 23:26:47,123][root][INFO] - Device cuda:2: Finished training layer 2 of 5
[2025-11-12 23:26:47,128][root][INFO] - Device cuda:3: Finished training layer 2 of 5
[2025-11-12 23:26:47,128][root][INFO] - Device cuda:0: Finished training layer 2 of 5
[2025-11-12 23:27:11,086][root][INFO] - Device cuda:1: Finished training layer 3 of 5
[2025-11-12 23:27:11,088][root][INFO] - Device cuda:2: Finished training layer 3 of 5
[2025-11-12 23:27:11,091][root][INFO] - Device cuda:3: Finished training layer 3 of 5
[2025-11-12 23:27:12,769][root][INFO] - Device cuda:0: Finished training layer 3 of 5
[2025-11-12 23:27:33,291][pytorch_lightning.utilities.rank_zero][INFO] - Epoch 0, global step 30: 'train/loss' reached 7.67655 (best 7.67655), saving model to '/data/mhwang/Rec/GRID/logs/train/runs/2025-11-12/23-25-03/checkpoints/checkpoint_000_000030.ckpt' as top 1
[2025-11-12 23:27:40,589][pytorch_lightning.utilities.rank_zero][INFO] - `Trainer.fit` stopped: `max_steps=30` reached.
[2025-11-12 23:27:56,811][__main__][INFO] - [rank: 0] Metrics: {'train/loss': tensor(33.1988), 'train/loss_step': tensor(7.6766), 'train/quantization_loss': tensor(33.1988), 'train/quantization_loss_step': tensor(7.6766), 'train/reconstruction_loss': tensor(0.), 'train/reconstruction_loss_step': tensor(0.), 'train/last_residuals_norm_ratio': tensor(0.0178), 'train/last_residuals_norm_ratio_step': tensor(0.0179), 'train/first_residuals_norm_ratio': tensor(0.0089), 'train/first_residuals_norm_ratio_step': tensor(0.0037), 'train/first_centroids_norm': tensor(9.4757), 'train/first_centroids_norm_step': tensor(15.6893), 'train/last_centroids_norm': tensor(0.), 'train/last_centroids_norm_step': tensor(0.), 'train/frac_unique_ids': tensor(0.4054), 'train/frac_unique_ids_step': tensor(0.9961), 'train/mse': tensor(0.0003), 'train/mse_step': tensor(0.0003), 'train/layer_0/frac_layer_coverages': tensor(0.5852), 'train/layer_0/frac_layer_coverages_step': tensor(0.8633), 'train/layer_1/frac_layer_coverages': tensor(0.3736), 'train/layer_1/frac_layer_coverages_step': tensor(0.9219), 'train/layer_2/frac_layer_coverages': tensor(0.1900), 'train/layer_2/frac_layer_coverages_step': tensor(0.9414), 'train/layer_3/frac_layer_coverages': tensor(0.1947), 'train/layer_3/frac_layer_coverages_step': tensor(0.9766), 'train/layer_4/frac_layer_coverages': tensor(0.0039), 'train/layer_4/frac_layer_coverages_step': tensor(0.0039), 'train/layer_0/id_entropy': tensor(3.3230), 'train/layer_0/id_entropy_step': tensor(5.1026), 'train/layer_1/id_entropy': tensor(2.0549), 'train/layer_1/id_entropy_step': tensor(5.1470), 'train/layer_2/id_entropy': tensor(1.0318), 'train/layer_2/id_entropy_step': tensor(5.1936), 'train/layer_3/id_entropy': tensor(1.0403), 'train/layer_3/id_entropy_step': tensor(5.2591), 'train/layer_4/id_entropy': tensor(1.1921e-07), 'train/layer_4/id_entropy_step': tensor(1.1921e-07), 'train/loss_epoch': tensor(33.1988), 'train/quantization_loss_epoch': tensor(33.1988), 'train/reconstruction_loss_epoch': tensor(0.), 'train/last_residuals_norm_ratio_epoch': tensor(0.0178), 'train/first_residuals_norm_ratio_epoch': tensor(0.0089), 'train/first_centroids_norm_epoch': tensor(9.4757), 'train/last_centroids_norm_epoch': tensor(0.), 'train/frac_unique_ids_epoch': tensor(0.4054), 'train/mse_epoch': tensor(0.0003), 'train/layer_0/frac_layer_coverages_epoch': tensor(0.5852), 'train/layer_1/frac_layer_coverages_epoch': tensor(0.3736), 'train/layer_2/frac_layer_coverages_epoch': tensor(0.1900), 'train/layer_3/frac_layer_coverages_epoch': tensor(0.1947), 'train/layer_4/frac_layer_coverages_epoch': tensor(0.0039), 'train/layer_0/id_entropy_epoch': tensor(3.3230), 'train/layer_1/id_entropy_epoch': tensor(2.0549), 'train/layer_2/id_entropy_epoch': tensor(1.0318), 'train/layer_3/id_entropy_epoch': tensor(1.0403), 'train/layer_4/id_entropy_epoch': tensor(1.1921e-07)}
