[2025-09-21 16:58:33,320][src.utils.utils][INFO] - [rank: 0] Enforcing tags! <cfg.extras.enforce_tags=True>
[2025-09-21 16:58:33,324][src.utils.utils][WARNING] - [rank: 0] Config loss was not found in the config tree. Make sure this is expected.
[2025-09-21 16:58:33,324][src.utils.utils][WARNING] - [rank: 0] Config optim was not found in the config tree. Make sure this is expected.
[2025-09-21 16:58:33,325][src.utils.utils][WARNING] - [rank: 0] Config eval was not found in the config tree. Make sure this is expected.
[2025-09-21 16:58:36,325][src.utils.utils][INFO] - [rank: 0] Printing config tree with Rich! <cfg.extras.print_config=True>
[2025-09-21 16:58:36,331][src.utils.launcher_utils][INFO] - [rank: 0] Instantiating datamodule <src.data.loading.datamodules.sequence_datamodule.ItemDataModule>
[2025-09-21 16:58:36,862][src.utils.launcher_utils][INFO] - [rank: 0] Instantiating model <src.modules.semantic_embedding_inference_module.SemanticEmbeddingInferenceModule>
[2025-09-21 16:58:40,908][src.utils.launcher_utils][INFO] - [rank: 0] Instantiating callbacks...
[2025-09-21 16:58:40,908][src.utils.instantiators][INFO] - [rank: 0] Instantiating callback <src.utils.inference_utils.LocalPickleWriter>
[2025-09-21 16:58:41,055][src.utils.launcher_utils][INFO] - [rank: 0] Instantiating loggers...
[2025-09-21 16:58:41,056][src.utils.instantiators][INFO] - [rank: 0] Instantiating logger <lightning.pytorch.loggers.csv_logs.CSVLogger>
[2025-09-21 16:58:41,058][src.utils.launcher_utils][INFO] - [rank: 0] Instantiating trainer <lightning.pytorch.trainer.Trainer>
[2025-09-21 16:58:41,163][src.utils.launcher_utils][INFO] - [rank: 0] Logging hyperparameters!
[2025-09-21 16:58:41,293][__main__][INFO] - [rank: 0] Starting inference!
[2025-09-21 16:58:41,293][__main__][WARNING] - [rank: 0] No ckpt_path was provided. If using a model you trained, this is mandatory. Only leave ckpt_path=None if using a pre-trained model.
[2025-09-21 16:58:59,790][src.utils.inference_utils][INFO] - Rank 1 initialized for inference.
[2025-09-21 16:58:59,790][src.utils.inference_utils][INFO] - Rank 0 initialized for inference.
[2025-09-21 16:59:02,411][src.utils.inference_utils][INFO] - Global Rank: 0 wrote 64 rows to /data/mhwang/Rec/GRID/logs/inference/runs/2025-09-21/16-58-33/pickle/predictions_0_20250921T085902405.pkl.
[2025-09-21 16:59:02,455][src.utils.inference_utils][INFO] - Global Rank: 1 wrote 64 rows to /data/mhwang/Rec/GRID/logs/inference/runs/2025-09-21/16-58-33/pickle/predictions_1_20250921T085902451.pkl.
[2025-09-21 16:59:02,924][src.utils.inference_utils][INFO] - Global Rank: 0 wrote 64 rows to /data/mhwang/Rec/GRID/logs/inference/runs/2025-09-21/16-58-33/pickle/predictions_0_20250921T085902919.pkl.
[2025-09-21 16:59:02,991][src.utils.inference_utils][INFO] - Global Rank: 1 wrote 64 rows to /data/mhwang/Rec/GRID/logs/inference/runs/2025-09-21/16-58-33/pickle/predictions_1_20250921T085902987.pkl.
[2025-09-21 16:59:03,455][src.utils.inference_utils][INFO] - Global Rank: 0 wrote 64 rows to /data/mhwang/Rec/GRID/logs/inference/runs/2025-09-21/16-58-33/pickle/predictions_0_20250921T085903449.pkl.
[2025-09-21 16:59:03,524][src.utils.inference_utils][INFO] - Global Rank: 1 wrote 64 rows to /data/mhwang/Rec/GRID/logs/inference/runs/2025-09-21/16-58-33/pickle/predictions_1_20250921T085903519.pkl.
[2025-09-21 16:59:03,979][src.utils.inference_utils][INFO] - Global Rank: 0 wrote 64 rows to /data/mhwang/Rec/GRID/logs/inference/runs/2025-09-21/16-58-33/pickle/predictions_0_20250921T085903974.pkl.
[2025-09-21 16:59:04,068][src.utils.inference_utils][INFO] - Global Rank: 1 wrote 64 rows to /data/mhwang/Rec/GRID/logs/inference/runs/2025-09-21/16-58-33/pickle/predictions_1_20250921T085904064.pkl.
[2025-09-21 16:59:04,515][src.utils.inference_utils][INFO] - Global Rank: 0 wrote 64 rows to /data/mhwang/Rec/GRID/logs/inference/runs/2025-09-21/16-58-33/pickle/predictions_0_20250921T085904510.pkl.
[2025-09-21 16:59:04,591][src.utils.inference_utils][INFO] - Global Rank: 1 wrote 64 rows to /data/mhwang/Rec/GRID/logs/inference/runs/2025-09-21/16-58-33/pickle/predictions_1_20250921T085904586.pkl.
[2025-09-21 16:59:05,055][src.utils.inference_utils][INFO] - Global Rank: 0 wrote 64 rows to /data/mhwang/Rec/GRID/logs/inference/runs/2025-09-21/16-58-33/pickle/predictions_0_20250921T085905047.pkl.
[2025-09-21 16:59:05,119][src.utils.inference_utils][INFO] - Global Rank: 1 wrote 64 rows to /data/mhwang/Rec/GRID/logs/inference/runs/2025-09-21/16-58-33/pickle/predictions_1_20250921T085905115.pkl.
[2025-09-21 16:59:05,604][src.utils.inference_utils][INFO] - Global Rank: 0 wrote 64 rows to /data/mhwang/Rec/GRID/logs/inference/runs/2025-09-21/16-58-33/pickle/predictions_0_20250921T085905600.pkl.
[2025-09-21 16:59:05,643][src.utils.inference_utils][INFO] - Global Rank: 1 wrote 64 rows to /data/mhwang/Rec/GRID/logs/inference/runs/2025-09-21/16-58-33/pickle/predictions_1_20250921T085905639.pkl.
[2025-09-21 16:59:06,141][src.utils.inference_utils][INFO] - Global Rank: 0 wrote 64 rows to /data/mhwang/Rec/GRID/logs/inference/runs/2025-09-21/16-58-33/pickle/predictions_0_20250921T085906137.pkl.
[2025-09-21 16:59:06,157][src.utils.inference_utils][INFO] - Global Rank: 1 wrote 64 rows to /data/mhwang/Rec/GRID/logs/inference/runs/2025-09-21/16-58-33/pickle/predictions_1_20250921T085906152.pkl.
[2025-09-21 16:59:06,705][src.utils.inference_utils][INFO] - Global Rank: 0 wrote 64 rows to /data/mhwang/Rec/GRID/logs/inference/runs/2025-09-21/16-58-33/pickle/predictions_0_20250921T085906700.pkl.
[2025-09-21 16:59:06,714][src.utils.inference_utils][INFO] - Global Rank: 1 wrote 64 rows to /data/mhwang/Rec/GRID/logs/inference/runs/2025-09-21/16-58-33/pickle/predictions_1_20250921T085906710.pkl.
[2025-09-21 16:59:07,225][src.utils.inference_utils][INFO] - Global Rank: 0 wrote 64 rows to /data/mhwang/Rec/GRID/logs/inference/runs/2025-09-21/16-58-33/pickle/predictions_0_20250921T085907220.pkl.
[2025-09-21 16:59:07,230][src.utils.inference_utils][INFO] - Global Rank: 1 wrote 64 rows to /data/mhwang/Rec/GRID/logs/inference/runs/2025-09-21/16-58-33/pickle/predictions_1_20250921T085907225.pkl.
[2025-09-21 16:59:07,766][src.utils.inference_utils][INFO] - Global Rank: 1 wrote 64 rows to /data/mhwang/Rec/GRID/logs/inference/runs/2025-09-21/16-58-33/pickle/predictions_1_20250921T085907761.pkl.
[2025-09-21 16:59:07,766][src.utils.inference_utils][INFO] - Global Rank: 0 wrote 64 rows to /data/mhwang/Rec/GRID/logs/inference/runs/2025-09-21/16-58-33/pickle/predictions_0_20250921T085907761.pkl.
[2025-09-21 16:59:08,283][src.utils.inference_utils][INFO] - Global Rank: 0 wrote 64 rows to /data/mhwang/Rec/GRID/logs/inference/runs/2025-09-21/16-58-33/pickle/predictions_0_20250921T085908279.pkl.
[2025-09-21 16:59:08,286][src.utils.inference_utils][INFO] - Global Rank: 1 wrote 64 rows to /data/mhwang/Rec/GRID/logs/inference/runs/2025-09-21/16-58-33/pickle/predictions_1_20250921T085908281.pkl.
[2025-09-21 16:59:08,812][src.utils.inference_utils][INFO] - Global Rank: 1 wrote 64 rows to /data/mhwang/Rec/GRID/logs/inference/runs/2025-09-21/16-58-33/pickle/predictions_1_20250921T085908807.pkl.
[2025-09-21 16:59:08,835][src.utils.inference_utils][INFO] - Global Rank: 0 wrote 64 rows to /data/mhwang/Rec/GRID/logs/inference/runs/2025-09-21/16-58-33/pickle/predictions_0_20250921T085908830.pkl.
[2025-09-21 16:59:09,316][src.utils.inference_utils][INFO] - Global Rank: 1 wrote 64 rows to /data/mhwang/Rec/GRID/logs/inference/runs/2025-09-21/16-58-33/pickle/predictions_1_20250921T085909311.pkl.
[2025-09-21 16:59:09,345][src.utils.inference_utils][INFO] - Global Rank: 0 wrote 64 rows to /data/mhwang/Rec/GRID/logs/inference/runs/2025-09-21/16-58-33/pickle/predictions_0_20250921T085909341.pkl.
[2025-09-21 16:59:09,871][src.utils.inference_utils][INFO] - Global Rank: 1 wrote 64 rows to /data/mhwang/Rec/GRID/logs/inference/runs/2025-09-21/16-58-33/pickle/predictions_1_20250921T085909867.pkl.
[2025-09-21 16:59:09,884][src.utils.inference_utils][INFO] - Global Rank: 0 wrote 64 rows to /data/mhwang/Rec/GRID/logs/inference/runs/2025-09-21/16-58-33/pickle/predictions_0_20250921T085909877.pkl.
[2025-09-21 16:59:10,433][src.utils.inference_utils][INFO] - Global Rank: 0 wrote 64 rows to /data/mhwang/Rec/GRID/logs/inference/runs/2025-09-21/16-58-33/pickle/predictions_0_20250921T085910428.pkl.
[2025-09-21 16:59:10,433][src.utils.inference_utils][INFO] - Global Rank: 1 wrote 64 rows to /data/mhwang/Rec/GRID/logs/inference/runs/2025-09-21/16-58-33/pickle/predictions_1_20250921T085910428.pkl.
[2025-09-21 16:59:10,986][src.utils.inference_utils][INFO] - Global Rank: 0 wrote 64 rows to /data/mhwang/Rec/GRID/logs/inference/runs/2025-09-21/16-58-33/pickle/predictions_0_20250921T085910981.pkl.
[2025-09-21 16:59:10,996][src.utils.inference_utils][INFO] - Global Rank: 1 wrote 64 rows to /data/mhwang/Rec/GRID/logs/inference/runs/2025-09-21/16-58-33/pickle/predictions_1_20250921T085910990.pkl.
[2025-09-21 16:59:11,536][src.utils.inference_utils][INFO] - Global Rank: 1 wrote 64 rows to /data/mhwang/Rec/GRID/logs/inference/runs/2025-09-21/16-58-33/pickle/predictions_1_20250921T085911531.pkl.
[2025-09-21 16:59:11,552][src.utils.inference_utils][INFO] - Global Rank: 0 wrote 64 rows to /data/mhwang/Rec/GRID/logs/inference/runs/2025-09-21/16-58-33/pickle/predictions_0_20250921T085911547.pkl.
[2025-09-21 16:59:12,089][src.utils.inference_utils][INFO] - Global Rank: 1 wrote 64 rows to /data/mhwang/Rec/GRID/logs/inference/runs/2025-09-21/16-58-33/pickle/predictions_1_20250921T085912085.pkl.
[2025-09-21 16:59:12,101][src.utils.inference_utils][INFO] - Global Rank: 0 wrote 64 rows to /data/mhwang/Rec/GRID/logs/inference/runs/2025-09-21/16-58-33/pickle/predictions_0_20250921T085912097.pkl.
[2025-09-21 16:59:12,642][src.utils.inference_utils][INFO] - Global Rank: 1 wrote 64 rows to /data/mhwang/Rec/GRID/logs/inference/runs/2025-09-21/16-58-33/pickle/predictions_1_20250921T085912637.pkl.
[2025-09-21 16:59:12,644][src.utils.inference_utils][INFO] - Global Rank: 0 wrote 64 rows to /data/mhwang/Rec/GRID/logs/inference/runs/2025-09-21/16-58-33/pickle/predictions_0_20250921T085912640.pkl.
[2025-09-21 16:59:13,185][src.utils.inference_utils][INFO] - Global Rank: 0 wrote 64 rows to /data/mhwang/Rec/GRID/logs/inference/runs/2025-09-21/16-58-33/pickle/predictions_0_20250921T085913180.pkl.
[2025-09-21 16:59:13,190][src.utils.inference_utils][INFO] - Global Rank: 1 wrote 64 rows to /data/mhwang/Rec/GRID/logs/inference/runs/2025-09-21/16-58-33/pickle/predictions_1_20250921T085913185.pkl.
[2025-09-21 16:59:13,712][src.utils.inference_utils][INFO] - Global Rank: 0 wrote 64 rows to /data/mhwang/Rec/GRID/logs/inference/runs/2025-09-21/16-58-33/pickle/predictions_0_20250921T085913708.pkl.
[2025-09-21 16:59:13,735][src.utils.inference_utils][INFO] - Global Rank: 1 wrote 64 rows to /data/mhwang/Rec/GRID/logs/inference/runs/2025-09-21/16-58-33/pickle/predictions_1_20250921T085913730.pkl.
[2025-09-21 16:59:14,259][src.utils.inference_utils][INFO] - Global Rank: 0 wrote 64 rows to /data/mhwang/Rec/GRID/logs/inference/runs/2025-09-21/16-58-33/pickle/predictions_0_20250921T085914254.pkl.
[2025-09-21 16:59:14,273][src.utils.inference_utils][INFO] - Global Rank: 1 wrote 64 rows to /data/mhwang/Rec/GRID/logs/inference/runs/2025-09-21/16-58-33/pickle/predictions_1_20250921T085914268.pkl.
[2025-09-21 16:59:14,770][src.utils.inference_utils][INFO] - Global Rank: 0 wrote 64 rows to /data/mhwang/Rec/GRID/logs/inference/runs/2025-09-21/16-58-33/pickle/predictions_0_20250921T085914766.pkl.
[2025-09-21 16:59:14,808][src.utils.inference_utils][INFO] - Global Rank: 1 wrote 64 rows to /data/mhwang/Rec/GRID/logs/inference/runs/2025-09-21/16-58-33/pickle/predictions_1_20250921T085914803.pkl.
[2025-09-21 16:59:15,294][src.utils.inference_utils][INFO] - Global Rank: 0 wrote 64 rows to /data/mhwang/Rec/GRID/logs/inference/runs/2025-09-21/16-58-33/pickle/predictions_0_20250921T085915288.pkl.
[2025-09-21 16:59:15,356][src.utils.inference_utils][INFO] - Global Rank: 1 wrote 64 rows to /data/mhwang/Rec/GRID/logs/inference/runs/2025-09-21/16-58-33/pickle/predictions_1_20250921T085915352.pkl.
[2025-09-21 16:59:15,843][src.utils.inference_utils][INFO] - Global Rank: 0 wrote 64 rows to /data/mhwang/Rec/GRID/logs/inference/runs/2025-09-21/16-58-33/pickle/predictions_0_20250921T085915838.pkl.
[2025-09-21 16:59:15,893][src.utils.inference_utils][INFO] - Global Rank: 1 wrote 64 rows to /data/mhwang/Rec/GRID/logs/inference/runs/2025-09-21/16-58-33/pickle/predictions_1_20250921T085915888.pkl.
[2025-09-21 16:59:16,408][src.utils.inference_utils][INFO] - Global Rank: 0 wrote 64 rows to /data/mhwang/Rec/GRID/logs/inference/runs/2025-09-21/16-58-33/pickle/predictions_0_20250921T085916403.pkl.
[2025-09-21 16:59:16,457][src.utils.inference_utils][INFO] - Global Rank: 1 wrote 64 rows to /data/mhwang/Rec/GRID/logs/inference/runs/2025-09-21/16-58-33/pickle/predictions_1_20250921T085916452.pkl.
[2025-09-21 16:59:16,950][src.utils.inference_utils][INFO] - Global Rank: 0 wrote 64 rows to /data/mhwang/Rec/GRID/logs/inference/runs/2025-09-21/16-58-33/pickle/predictions_0_20250921T085916945.pkl.
[2025-09-21 16:59:17,024][src.utils.inference_utils][INFO] - Global Rank: 1 wrote 64 rows to /data/mhwang/Rec/GRID/logs/inference/runs/2025-09-21/16-58-33/pickle/predictions_1_20250921T085917020.pkl.
[2025-09-21 16:59:17,495][src.utils.inference_utils][INFO] - Global Rank: 0 wrote 64 rows to /data/mhwang/Rec/GRID/logs/inference/runs/2025-09-21/16-58-33/pickle/predictions_0_20250921T085917490.pkl.
[2025-09-21 16:59:17,562][src.utils.inference_utils][INFO] - Global Rank: 1 wrote 64 rows to /data/mhwang/Rec/GRID/logs/inference/runs/2025-09-21/16-58-33/pickle/predictions_1_20250921T085917557.pkl.
[2025-09-21 16:59:18,036][src.utils.inference_utils][INFO] - Global Rank: 0 wrote 64 rows to /data/mhwang/Rec/GRID/logs/inference/runs/2025-09-21/16-58-33/pickle/predictions_0_20250921T085918031.pkl.
[2025-09-21 16:59:18,087][src.utils.inference_utils][INFO] - Global Rank: 1 wrote 64 rows to /data/mhwang/Rec/GRID/logs/inference/runs/2025-09-21/16-58-33/pickle/predictions_1_20250921T085918082.pkl.
[2025-09-21 16:59:18,601][src.utils.inference_utils][INFO] - Global Rank: 0 wrote 64 rows to /data/mhwang/Rec/GRID/logs/inference/runs/2025-09-21/16-58-33/pickle/predictions_0_20250921T085918596.pkl.
[2025-09-21 16:59:18,620][src.utils.inference_utils][INFO] - Global Rank: 1 wrote 64 rows to /data/mhwang/Rec/GRID/logs/inference/runs/2025-09-21/16-58-33/pickle/predictions_1_20250921T085918616.pkl.
[2025-09-21 16:59:19,145][src.utils.inference_utils][INFO] - Global Rank: 0 wrote 64 rows to /data/mhwang/Rec/GRID/logs/inference/runs/2025-09-21/16-58-33/pickle/predictions_0_20250921T085919140.pkl.
[2025-09-21 16:59:19,153][src.utils.inference_utils][INFO] - Global Rank: 1 wrote 64 rows to /data/mhwang/Rec/GRID/logs/inference/runs/2025-09-21/16-58-33/pickle/predictions_1_20250921T085919148.pkl.
[2025-09-21 16:59:19,690][src.utils.inference_utils][INFO] - Global Rank: 0 wrote 64 rows to /data/mhwang/Rec/GRID/logs/inference/runs/2025-09-21/16-58-33/pickle/predictions_0_20250921T085919685.pkl.
[2025-09-21 16:59:19,727][src.utils.inference_utils][INFO] - Global Rank: 1 wrote 64 rows to /data/mhwang/Rec/GRID/logs/inference/runs/2025-09-21/16-58-33/pickle/predictions_1_20250921T085919723.pkl.
[2025-09-21 16:59:20,234][src.utils.inference_utils][INFO] - Global Rank: 0 wrote 64 rows to /data/mhwang/Rec/GRID/logs/inference/runs/2025-09-21/16-58-33/pickle/predictions_0_20250921T085920230.pkl.
[2025-09-21 16:59:20,272][src.utils.inference_utils][INFO] - Global Rank: 1 wrote 64 rows to /data/mhwang/Rec/GRID/logs/inference/runs/2025-09-21/16-58-33/pickle/predictions_1_20250921T085920268.pkl.
[2025-09-21 16:59:20,767][src.utils.inference_utils][INFO] - Global Rank: 0 wrote 64 rows to /data/mhwang/Rec/GRID/logs/inference/runs/2025-09-21/16-58-33/pickle/predictions_0_20250921T085920762.pkl.
[2025-09-21 16:59:20,834][src.utils.inference_utils][INFO] - Global Rank: 1 wrote 64 rows to /data/mhwang/Rec/GRID/logs/inference/runs/2025-09-21/16-58-33/pickle/predictions_1_20250921T085920830.pkl.
[2025-09-21 16:59:21,316][src.utils.inference_utils][INFO] - Global Rank: 0 wrote 64 rows to /data/mhwang/Rec/GRID/logs/inference/runs/2025-09-21/16-58-33/pickle/predictions_0_20250921T085921311.pkl.
[2025-09-21 16:59:21,381][src.utils.inference_utils][INFO] - Global Rank: 1 wrote 64 rows to /data/mhwang/Rec/GRID/logs/inference/runs/2025-09-21/16-58-33/pickle/predictions_1_20250921T085921376.pkl.
[2025-09-21 16:59:21,873][src.utils.inference_utils][INFO] - Global Rank: 0 wrote 64 rows to /data/mhwang/Rec/GRID/logs/inference/runs/2025-09-21/16-58-33/pickle/predictions_0_20250921T085921868.pkl.
[2025-09-21 16:59:21,939][src.utils.inference_utils][INFO] - Global Rank: 1 wrote 64 rows to /data/mhwang/Rec/GRID/logs/inference/runs/2025-09-21/16-58-33/pickle/predictions_1_20250921T085921935.pkl.
[2025-09-21 16:59:22,485][src.utils.inference_utils][INFO] - Global Rank: 0 wrote 64 rows to /data/mhwang/Rec/GRID/logs/inference/runs/2025-09-21/16-58-33/pickle/predictions_0_20250921T085922480.pkl.
[2025-09-21 16:59:22,492][src.utils.inference_utils][INFO] - Global Rank: 1 wrote 64 rows to /data/mhwang/Rec/GRID/logs/inference/runs/2025-09-21/16-58-33/pickle/predictions_1_20250921T085922487.pkl.
[2025-09-21 16:59:23,053][src.utils.inference_utils][INFO] - Global Rank: 0 wrote 64 rows to /data/mhwang/Rec/GRID/logs/inference/runs/2025-09-21/16-58-33/pickle/predictions_0_20250921T085923049.pkl.
[2025-09-21 16:59:23,080][src.utils.inference_utils][INFO] - Global Rank: 1 wrote 64 rows to /data/mhwang/Rec/GRID/logs/inference/runs/2025-09-21/16-58-33/pickle/predictions_1_20250921T085923076.pkl.
[2025-09-21 16:59:23,661][src.utils.inference_utils][INFO] - Global Rank: 0 wrote 64 rows to /data/mhwang/Rec/GRID/logs/inference/runs/2025-09-21/16-58-33/pickle/predictions_0_20250921T085923656.pkl.
[2025-09-21 16:59:23,703][src.utils.inference_utils][INFO] - Global Rank: 1 wrote 64 rows to /data/mhwang/Rec/GRID/logs/inference/runs/2025-09-21/16-58-33/pickle/predictions_1_20250921T085923698.pkl.
[2025-09-21 16:59:24,423][src.utils.inference_utils][INFO] - Global Rank: 0 wrote 64 rows to /data/mhwang/Rec/GRID/logs/inference/runs/2025-09-21/16-58-33/pickle/predictions_0_20250921T085924418.pkl.
[2025-09-21 16:59:24,516][src.utils.inference_utils][INFO] - Global Rank: 1 wrote 64 rows to /data/mhwang/Rec/GRID/logs/inference/runs/2025-09-21/16-58-33/pickle/predictions_1_20250921T085924511.pkl.
[2025-09-21 16:59:25,196][src.utils.inference_utils][INFO] - Global Rank: 0 wrote 64 rows to /data/mhwang/Rec/GRID/logs/inference/runs/2025-09-21/16-58-33/pickle/predictions_0_20250921T085925191.pkl.
[2025-09-21 16:59:25,300][src.utils.inference_utils][INFO] - Global Rank: 1 wrote 64 rows to /data/mhwang/Rec/GRID/logs/inference/runs/2025-09-21/16-58-33/pickle/predictions_1_20250921T085925296.pkl.
[2025-09-21 16:59:25,977][src.utils.inference_utils][INFO] - Global Rank: 0 wrote 64 rows to /data/mhwang/Rec/GRID/logs/inference/runs/2025-09-21/16-58-33/pickle/predictions_0_20250921T085925972.pkl.
[2025-09-21 16:59:26,111][src.utils.inference_utils][INFO] - Global Rank: 1 wrote 64 rows to /data/mhwang/Rec/GRID/logs/inference/runs/2025-09-21/16-58-33/pickle/predictions_1_20250921T085926106.pkl.
[2025-09-21 16:59:26,755][src.utils.inference_utils][INFO] - Global Rank: 0 wrote 64 rows to /data/mhwang/Rec/GRID/logs/inference/runs/2025-09-21/16-58-33/pickle/predictions_0_20250921T085926751.pkl.
[2025-09-21 16:59:26,894][src.utils.inference_utils][INFO] - Global Rank: 1 wrote 64 rows to /data/mhwang/Rec/GRID/logs/inference/runs/2025-09-21/16-58-33/pickle/predictions_1_20250921T085926890.pkl.
[2025-09-21 16:59:27,525][src.utils.inference_utils][INFO] - Global Rank: 0 wrote 64 rows to /data/mhwang/Rec/GRID/logs/inference/runs/2025-09-21/16-58-33/pickle/predictions_0_20250921T085927521.pkl.
[2025-09-21 16:59:27,699][src.utils.inference_utils][INFO] - Global Rank: 1 wrote 64 rows to /data/mhwang/Rec/GRID/logs/inference/runs/2025-09-21/16-58-33/pickle/predictions_1_20250921T085927695.pkl.
[2025-09-21 16:59:28,329][src.utils.inference_utils][INFO] - Global Rank: 0 wrote 64 rows to /data/mhwang/Rec/GRID/logs/inference/runs/2025-09-21/16-58-33/pickle/predictions_0_20250921T085928325.pkl.
[2025-09-21 16:59:28,484][src.utils.inference_utils][INFO] - Global Rank: 1 wrote 64 rows to /data/mhwang/Rec/GRID/logs/inference/runs/2025-09-21/16-58-33/pickle/predictions_1_20250921T085928479.pkl.
[2025-09-21 16:59:29,116][src.utils.inference_utils][INFO] - Global Rank: 0 wrote 64 rows to /data/mhwang/Rec/GRID/logs/inference/runs/2025-09-21/16-58-33/pickle/predictions_0_20250921T085929112.pkl.
[2025-09-21 16:59:29,277][src.utils.inference_utils][INFO] - Global Rank: 1 wrote 64 rows to /data/mhwang/Rec/GRID/logs/inference/runs/2025-09-21/16-58-33/pickle/predictions_1_20250921T085929272.pkl.
[2025-09-21 16:59:29,906][src.utils.inference_utils][INFO] - Global Rank: 0 wrote 64 rows to /data/mhwang/Rec/GRID/logs/inference/runs/2025-09-21/16-58-33/pickle/predictions_0_20250921T085929901.pkl.
[2025-09-21 16:59:30,098][src.utils.inference_utils][INFO] - Global Rank: 1 wrote 64 rows to /data/mhwang/Rec/GRID/logs/inference/runs/2025-09-21/16-58-33/pickle/predictions_1_20250921T085930092.pkl.
[2025-09-21 16:59:30,695][src.utils.inference_utils][INFO] - Global Rank: 0 wrote 64 rows to /data/mhwang/Rec/GRID/logs/inference/runs/2025-09-21/16-58-33/pickle/predictions_0_20250921T085930691.pkl.
[2025-09-21 16:59:30,908][src.utils.inference_utils][INFO] - Global Rank: 1 wrote 64 rows to /data/mhwang/Rec/GRID/logs/inference/runs/2025-09-21/16-58-33/pickle/predictions_1_20250921T085930903.pkl.
[2025-09-21 16:59:31,482][src.utils.inference_utils][INFO] - Global Rank: 0 wrote 64 rows to /data/mhwang/Rec/GRID/logs/inference/runs/2025-09-21/16-58-33/pickle/predictions_0_20250921T085931477.pkl.
[2025-09-21 16:59:31,712][src.utils.inference_utils][INFO] - Global Rank: 1 wrote 64 rows to /data/mhwang/Rec/GRID/logs/inference/runs/2025-09-21/16-58-33/pickle/predictions_1_20250921T085931706.pkl.
[2025-09-21 16:59:32,259][src.utils.inference_utils][INFO] - Global Rank: 0 wrote 64 rows to /data/mhwang/Rec/GRID/logs/inference/runs/2025-09-21/16-58-33/pickle/predictions_0_20250921T085932255.pkl.
[2025-09-21 16:59:32,506][src.utils.inference_utils][INFO] - Global Rank: 1 wrote 64 rows to /data/mhwang/Rec/GRID/logs/inference/runs/2025-09-21/16-58-33/pickle/predictions_1_20250921T085932502.pkl.
[2025-09-21 16:59:33,053][src.utils.inference_utils][INFO] - Global Rank: 0 wrote 64 rows to /data/mhwang/Rec/GRID/logs/inference/runs/2025-09-21/16-58-33/pickle/predictions_0_20250921T085933048.pkl.
[2025-09-21 16:59:33,282][src.utils.inference_utils][INFO] - Global Rank: 1 wrote 64 rows to /data/mhwang/Rec/GRID/logs/inference/runs/2025-09-21/16-58-33/pickle/predictions_1_20250921T085933277.pkl.
[2025-09-21 16:59:33,840][src.utils.inference_utils][INFO] - Global Rank: 0 wrote 64 rows to /data/mhwang/Rec/GRID/logs/inference/runs/2025-09-21/16-58-33/pickle/predictions_0_20250921T085933835.pkl.
[2025-09-21 16:59:34,090][src.utils.inference_utils][INFO] - Global Rank: 1 wrote 64 rows to /data/mhwang/Rec/GRID/logs/inference/runs/2025-09-21/16-58-33/pickle/predictions_1_20250921T085934085.pkl.
[2025-09-21 16:59:34,650][src.utils.inference_utils][INFO] - Global Rank: 0 wrote 64 rows to /data/mhwang/Rec/GRID/logs/inference/runs/2025-09-21/16-58-33/pickle/predictions_0_20250921T085934645.pkl.
[2025-09-21 16:59:34,882][src.utils.inference_utils][INFO] - Global Rank: 1 wrote 64 rows to /data/mhwang/Rec/GRID/logs/inference/runs/2025-09-21/16-58-33/pickle/predictions_1_20250921T085934878.pkl.
[2025-09-21 16:59:35,448][src.utils.inference_utils][INFO] - Global Rank: 0 wrote 64 rows to /data/mhwang/Rec/GRID/logs/inference/runs/2025-09-21/16-58-33/pickle/predictions_0_20250921T085935444.pkl.
[2025-09-21 16:59:35,670][src.utils.inference_utils][INFO] - Global Rank: 1 wrote 64 rows to /data/mhwang/Rec/GRID/logs/inference/runs/2025-09-21/16-58-33/pickle/predictions_1_20250921T085935666.pkl.
[2025-09-21 16:59:36,251][src.utils.inference_utils][INFO] - Global Rank: 0 wrote 64 rows to /data/mhwang/Rec/GRID/logs/inference/runs/2025-09-21/16-58-33/pickle/predictions_0_20250921T085936246.pkl.
[2025-09-21 16:59:36,460][src.utils.inference_utils][INFO] - Global Rank: 1 wrote 64 rows to /data/mhwang/Rec/GRID/logs/inference/runs/2025-09-21/16-58-33/pickle/predictions_1_20250921T085936455.pkl.
[2025-09-21 16:59:37,056][src.utils.inference_utils][INFO] - Global Rank: 0 wrote 64 rows to /data/mhwang/Rec/GRID/logs/inference/runs/2025-09-21/16-58-33/pickle/predictions_0_20250921T085937052.pkl.
[2025-09-21 16:59:37,277][src.utils.inference_utils][INFO] - Global Rank: 1 wrote 64 rows to /data/mhwang/Rec/GRID/logs/inference/runs/2025-09-21/16-58-33/pickle/predictions_1_20250921T085937272.pkl.
[2025-09-21 16:59:37,845][src.utils.inference_utils][INFO] - Global Rank: 0 wrote 64 rows to /data/mhwang/Rec/GRID/logs/inference/runs/2025-09-21/16-58-33/pickle/predictions_0_20250921T085937840.pkl.
[2025-09-21 16:59:38,071][src.utils.inference_utils][INFO] - Global Rank: 1 wrote 64 rows to /data/mhwang/Rec/GRID/logs/inference/runs/2025-09-21/16-58-33/pickle/predictions_1_20250921T085938067.pkl.
[2025-09-21 16:59:38,652][src.utils.inference_utils][INFO] - Global Rank: 0 wrote 64 rows to /data/mhwang/Rec/GRID/logs/inference/runs/2025-09-21/16-58-33/pickle/predictions_0_20250921T085938648.pkl.
[2025-09-21 16:59:38,852][src.utils.inference_utils][INFO] - Global Rank: 1 wrote 64 rows to /data/mhwang/Rec/GRID/logs/inference/runs/2025-09-21/16-58-33/pickle/predictions_1_20250921T085938847.pkl.
[2025-09-21 16:59:39,438][src.utils.inference_utils][INFO] - Global Rank: 0 wrote 64 rows to /data/mhwang/Rec/GRID/logs/inference/runs/2025-09-21/16-58-33/pickle/predictions_0_20250921T085939434.pkl.
[2025-09-21 16:59:39,633][src.utils.inference_utils][INFO] - Global Rank: 1 wrote 64 rows to /data/mhwang/Rec/GRID/logs/inference/runs/2025-09-21/16-58-33/pickle/predictions_1_20250921T085939628.pkl.
[2025-09-21 16:59:40,224][src.utils.inference_utils][INFO] - Global Rank: 0 wrote 64 rows to /data/mhwang/Rec/GRID/logs/inference/runs/2025-09-21/16-58-33/pickle/predictions_0_20250921T085940217.pkl.
[2025-09-21 16:59:40,415][src.utils.inference_utils][INFO] - Global Rank: 1 wrote 64 rows to /data/mhwang/Rec/GRID/logs/inference/runs/2025-09-21/16-58-33/pickle/predictions_1_20250921T085940410.pkl.
[2025-09-21 16:59:41,033][src.utils.inference_utils][INFO] - Global Rank: 0 wrote 64 rows to /data/mhwang/Rec/GRID/logs/inference/runs/2025-09-21/16-58-33/pickle/predictions_0_20250921T085941028.pkl.
[2025-09-21 16:59:41,236][src.utils.inference_utils][INFO] - Global Rank: 1 wrote 64 rows to /data/mhwang/Rec/GRID/logs/inference/runs/2025-09-21/16-58-33/pickle/predictions_1_20250921T085941232.pkl.
[2025-09-21 16:59:41,809][src.utils.inference_utils][INFO] - Global Rank: 0 wrote 64 rows to /data/mhwang/Rec/GRID/logs/inference/runs/2025-09-21/16-58-33/pickle/predictions_0_20250921T085941804.pkl.
[2025-09-21 16:59:42,053][src.utils.inference_utils][INFO] - Global Rank: 1 wrote 64 rows to /data/mhwang/Rec/GRID/logs/inference/runs/2025-09-21/16-58-33/pickle/predictions_1_20250921T085942048.pkl.
[2025-09-21 16:59:42,595][src.utils.inference_utils][INFO] - Global Rank: 0 wrote 64 rows to /data/mhwang/Rec/GRID/logs/inference/runs/2025-09-21/16-58-33/pickle/predictions_0_20250921T085942591.pkl.
[2025-09-21 16:59:42,878][src.utils.inference_utils][INFO] - Global Rank: 1 wrote 64 rows to /data/mhwang/Rec/GRID/logs/inference/runs/2025-09-21/16-58-33/pickle/predictions_1_20250921T085942873.pkl.
[2025-09-21 16:59:43,362][src.utils.inference_utils][INFO] - Global Rank: 0 wrote 64 rows to /data/mhwang/Rec/GRID/logs/inference/runs/2025-09-21/16-58-33/pickle/predictions_0_20250921T085943357.pkl.
[2025-09-21 16:59:43,672][src.utils.inference_utils][INFO] - Global Rank: 1 wrote 64 rows to /data/mhwang/Rec/GRID/logs/inference/runs/2025-09-21/16-58-33/pickle/predictions_1_20250921T085943667.pkl.
[2025-09-21 16:59:44,146][src.utils.inference_utils][INFO] - Global Rank: 0 wrote 64 rows to /data/mhwang/Rec/GRID/logs/inference/runs/2025-09-21/16-58-33/pickle/predictions_0_20250921T085944141.pkl.
[2025-09-21 16:59:44,458][src.utils.inference_utils][INFO] - Global Rank: 1 wrote 64 rows to /data/mhwang/Rec/GRID/logs/inference/runs/2025-09-21/16-58-33/pickle/predictions_1_20250921T085944447.pkl.
[2025-09-21 16:59:44,939][src.utils.inference_utils][INFO] - Global Rank: 0 wrote 64 rows to /data/mhwang/Rec/GRID/logs/inference/runs/2025-09-21/16-58-33/pickle/predictions_0_20250921T085944935.pkl.
[2025-09-21 16:59:45,245][src.utils.inference_utils][INFO] - Global Rank: 1 wrote 64 rows to /data/mhwang/Rec/GRID/logs/inference/runs/2025-09-21/16-58-33/pickle/predictions_1_20250921T085945240.pkl.
[2025-09-21 16:59:45,738][src.utils.inference_utils][INFO] - Global Rank: 0 wrote 64 rows to /data/mhwang/Rec/GRID/logs/inference/runs/2025-09-21/16-58-33/pickle/predictions_0_20250921T085945733.pkl.
[2025-09-21 16:59:46,019][src.utils.inference_utils][INFO] - Global Rank: 1 wrote 64 rows to /data/mhwang/Rec/GRID/logs/inference/runs/2025-09-21/16-58-33/pickle/predictions_1_20250921T085946015.pkl.
[2025-09-21 16:59:46,545][src.utils.inference_utils][INFO] - Global Rank: 0 wrote 64 rows to /data/mhwang/Rec/GRID/logs/inference/runs/2025-09-21/16-58-33/pickle/predictions_0_20250921T085946540.pkl.
[2025-09-21 16:59:46,801][src.utils.inference_utils][INFO] - Global Rank: 1 wrote 64 rows to /data/mhwang/Rec/GRID/logs/inference/runs/2025-09-21/16-58-33/pickle/predictions_1_20250921T085946797.pkl.
[2025-09-21 16:59:47,324][src.utils.inference_utils][INFO] - Global Rank: 0 wrote 64 rows to /data/mhwang/Rec/GRID/logs/inference/runs/2025-09-21/16-58-33/pickle/predictions_0_20250921T085947320.pkl.
[2025-09-21 16:59:47,609][src.utils.inference_utils][INFO] - Global Rank: 1 wrote 64 rows to /data/mhwang/Rec/GRID/logs/inference/runs/2025-09-21/16-58-33/pickle/predictions_1_20250921T085947604.pkl.
[2025-09-21 16:59:48,091][src.utils.inference_utils][INFO] - Global Rank: 0 wrote 64 rows to /data/mhwang/Rec/GRID/logs/inference/runs/2025-09-21/16-58-33/pickle/predictions_0_20250921T085948087.pkl.
[2025-09-21 16:59:48,388][src.utils.inference_utils][INFO] - Global Rank: 1 wrote 64 rows to /data/mhwang/Rec/GRID/logs/inference/runs/2025-09-21/16-58-33/pickle/predictions_1_20250921T085948384.pkl.
[2025-09-21 16:59:48,854][src.utils.inference_utils][INFO] - Global Rank: 0 wrote 64 rows to /data/mhwang/Rec/GRID/logs/inference/runs/2025-09-21/16-58-33/pickle/predictions_0_20250921T085948850.pkl.
[2025-09-21 16:59:49,176][src.utils.inference_utils][INFO] - Global Rank: 1 wrote 64 rows to /data/mhwang/Rec/GRID/logs/inference/runs/2025-09-21/16-58-33/pickle/predictions_1_20250921T085949172.pkl.
[2025-09-21 16:59:49,631][src.utils.inference_utils][INFO] - Global Rank: 0 wrote 64 rows to /data/mhwang/Rec/GRID/logs/inference/runs/2025-09-21/16-58-33/pickle/predictions_0_20250921T085949627.pkl.
[2025-09-21 16:59:49,981][src.utils.inference_utils][INFO] - Global Rank: 1 wrote 64 rows to /data/mhwang/Rec/GRID/logs/inference/runs/2025-09-21/16-58-33/pickle/predictions_1_20250921T085949976.pkl.
[2025-09-21 16:59:50,427][src.utils.inference_utils][INFO] - Global Rank: 0 wrote 64 rows to /data/mhwang/Rec/GRID/logs/inference/runs/2025-09-21/16-58-33/pickle/predictions_0_20250921T085950422.pkl.
[2025-09-21 16:59:50,772][src.utils.inference_utils][INFO] - Global Rank: 1 wrote 64 rows to /data/mhwang/Rec/GRID/logs/inference/runs/2025-09-21/16-58-33/pickle/predictions_1_20250921T085950767.pkl.
[2025-09-21 16:59:51,217][src.utils.inference_utils][INFO] - Global Rank: 0 wrote 64 rows to /data/mhwang/Rec/GRID/logs/inference/runs/2025-09-21/16-58-33/pickle/predictions_0_20250921T085951210.pkl.
[2025-09-21 16:59:51,552][src.utils.inference_utils][INFO] - Global Rank: 1 wrote 64 rows to /data/mhwang/Rec/GRID/logs/inference/runs/2025-09-21/16-58-33/pickle/predictions_1_20250921T085951547.pkl.
[2025-09-21 16:59:51,977][src.utils.inference_utils][INFO] - Global Rank: 0 wrote 64 rows to /data/mhwang/Rec/GRID/logs/inference/runs/2025-09-21/16-58-33/pickle/predictions_0_20250921T085951972.pkl.
[2025-09-21 16:59:52,346][src.utils.inference_utils][INFO] - Global Rank: 1 wrote 64 rows to /data/mhwang/Rec/GRID/logs/inference/runs/2025-09-21/16-58-33/pickle/predictions_1_20250921T085952342.pkl.
[2025-09-21 16:59:52,770][src.utils.inference_utils][INFO] - Global Rank: 0 wrote 64 rows to /data/mhwang/Rec/GRID/logs/inference/runs/2025-09-21/16-58-33/pickle/predictions_0_20250921T085952765.pkl.
[2025-09-21 16:59:53,135][src.utils.inference_utils][INFO] - Global Rank: 1 wrote 64 rows to /data/mhwang/Rec/GRID/logs/inference/runs/2025-09-21/16-58-33/pickle/predictions_1_20250921T085953129.pkl.
[2025-09-21 16:59:53,549][src.utils.inference_utils][INFO] - Global Rank: 0 wrote 64 rows to /data/mhwang/Rec/GRID/logs/inference/runs/2025-09-21/16-58-33/pickle/predictions_0_20250921T085953545.pkl.
[2025-09-21 16:59:53,931][src.utils.inference_utils][INFO] - Global Rank: 1 wrote 64 rows to /data/mhwang/Rec/GRID/logs/inference/runs/2025-09-21/16-58-33/pickle/predictions_1_20250921T085953927.pkl.
[2025-09-21 16:59:54,340][src.utils.inference_utils][INFO] - Global Rank: 0 wrote 64 rows to /data/mhwang/Rec/GRID/logs/inference/runs/2025-09-21/16-58-33/pickle/predictions_0_20250921T085954336.pkl.
[2025-09-21 16:59:54,752][src.utils.inference_utils][INFO] - Global Rank: 1 wrote 64 rows to /data/mhwang/Rec/GRID/logs/inference/runs/2025-09-21/16-58-33/pickle/predictions_1_20250921T085954748.pkl.
[2025-09-21 16:59:55,129][src.utils.inference_utils][INFO] - Global Rank: 0 wrote 64 rows to /data/mhwang/Rec/GRID/logs/inference/runs/2025-09-21/16-58-33/pickle/predictions_0_20250921T085955124.pkl.
[2025-09-21 16:59:55,555][src.utils.inference_utils][INFO] - Global Rank: 1 wrote 64 rows to /data/mhwang/Rec/GRID/logs/inference/runs/2025-09-21/16-58-33/pickle/predictions_1_20250921T085955550.pkl.
[2025-09-21 16:59:55,894][src.utils.inference_utils][INFO] - Global Rank: 0 wrote 64 rows to /data/mhwang/Rec/GRID/logs/inference/runs/2025-09-21/16-58-33/pickle/predictions_0_20250921T085955890.pkl.
[2025-09-21 16:59:56,342][src.utils.inference_utils][INFO] - Global Rank: 1 wrote 64 rows to /data/mhwang/Rec/GRID/logs/inference/runs/2025-09-21/16-58-33/pickle/predictions_1_20250921T085956337.pkl.
[2025-09-21 16:59:56,675][src.utils.inference_utils][INFO] - Global Rank: 0 wrote 64 rows to /data/mhwang/Rec/GRID/logs/inference/runs/2025-09-21/16-58-33/pickle/predictions_0_20250921T085956671.pkl.
[2025-09-21 16:59:57,147][src.utils.inference_utils][INFO] - Global Rank: 1 wrote 64 rows to /data/mhwang/Rec/GRID/logs/inference/runs/2025-09-21/16-58-33/pickle/predictions_1_20250921T085957143.pkl.
[2025-09-21 16:59:57,468][src.utils.inference_utils][INFO] - Global Rank: 0 wrote 64 rows to /data/mhwang/Rec/GRID/logs/inference/runs/2025-09-21/16-58-33/pickle/predictions_0_20250921T085957464.pkl.
[2025-09-21 16:59:57,960][src.utils.inference_utils][INFO] - Global Rank: 1 wrote 64 rows to /data/mhwang/Rec/GRID/logs/inference/runs/2025-09-21/16-58-33/pickle/predictions_1_20250921T085957952.pkl.
[2025-09-21 16:59:58,248][src.utils.inference_utils][INFO] - Global Rank: 0 wrote 64 rows to /data/mhwang/Rec/GRID/logs/inference/runs/2025-09-21/16-58-33/pickle/predictions_0_20250921T085958244.pkl.
[2025-09-21 16:59:58,757][src.utils.inference_utils][INFO] - Global Rank: 1 wrote 64 rows to /data/mhwang/Rec/GRID/logs/inference/runs/2025-09-21/16-58-33/pickle/predictions_1_20250921T085958752.pkl.
[2025-09-21 16:59:59,025][src.utils.inference_utils][INFO] - Global Rank: 0 wrote 64 rows to /data/mhwang/Rec/GRID/logs/inference/runs/2025-09-21/16-58-33/pickle/predictions_0_20250921T085959021.pkl.
[2025-09-21 16:59:59,618][src.utils.inference_utils][INFO] - Global Rank: 1 wrote 64 rows to /data/mhwang/Rec/GRID/logs/inference/runs/2025-09-21/16-58-33/pickle/predictions_1_20250921T085959613.pkl.
[2025-09-21 16:59:59,811][src.utils.inference_utils][INFO] - Global Rank: 0 wrote 64 rows to /data/mhwang/Rec/GRID/logs/inference/runs/2025-09-21/16-58-33/pickle/predictions_0_20250921T085959806.pkl.
[2025-09-21 17:00:00,400][src.utils.inference_utils][INFO] - Global Rank: 1 wrote 64 rows to /data/mhwang/Rec/GRID/logs/inference/runs/2025-09-21/16-58-33/pickle/predictions_1_20250921T090000396.pkl.
[2025-09-21 17:00:00,599][src.utils.inference_utils][INFO] - Global Rank: 0 wrote 64 rows to /data/mhwang/Rec/GRID/logs/inference/runs/2025-09-21/16-58-33/pickle/predictions_0_20250921T090000594.pkl.
[2025-09-21 17:00:01,196][src.utils.inference_utils][INFO] - Global Rank: 1 wrote 64 rows to /data/mhwang/Rec/GRID/logs/inference/runs/2025-09-21/16-58-33/pickle/predictions_1_20250921T090001190.pkl.
[2025-09-21 17:00:01,378][src.utils.inference_utils][INFO] - Global Rank: 0 wrote 64 rows to /data/mhwang/Rec/GRID/logs/inference/runs/2025-09-21/16-58-33/pickle/predictions_0_20250921T090001373.pkl.
[2025-09-21 17:00:02,006][src.utils.inference_utils][INFO] - Global Rank: 1 wrote 64 rows to /data/mhwang/Rec/GRID/logs/inference/runs/2025-09-21/16-58-33/pickle/predictions_1_20250921T090002001.pkl.
[2025-09-21 17:00:02,156][src.utils.inference_utils][INFO] - Global Rank: 0 wrote 64 rows to /data/mhwang/Rec/GRID/logs/inference/runs/2025-09-21/16-58-33/pickle/predictions_0_20250921T090002152.pkl.
[2025-09-21 17:00:02,793][src.utils.inference_utils][INFO] - Global Rank: 1 wrote 64 rows to /data/mhwang/Rec/GRID/logs/inference/runs/2025-09-21/16-58-33/pickle/predictions_1_20250921T090002788.pkl.
[2025-09-21 17:00:02,943][src.utils.inference_utils][INFO] - Global Rank: 0 wrote 64 rows to /data/mhwang/Rec/GRID/logs/inference/runs/2025-09-21/16-58-33/pickle/predictions_0_20250921T090002939.pkl.
[2025-09-21 17:00:03,581][src.utils.inference_utils][INFO] - Global Rank: 1 wrote 64 rows to /data/mhwang/Rec/GRID/logs/inference/runs/2025-09-21/16-58-33/pickle/predictions_1_20250921T090003577.pkl.
[2025-09-21 17:00:03,728][src.utils.inference_utils][INFO] - Global Rank: 0 wrote 64 rows to /data/mhwang/Rec/GRID/logs/inference/runs/2025-09-21/16-58-33/pickle/predictions_0_20250921T090003724.pkl.
[2025-09-21 17:00:03,775][src.utils.inference_utils][INFO] - Global Rank: 1 wrote 20 rows to /data/mhwang/Rec/GRID/logs/inference/runs/2025-09-21/16-58-33/pickle/predictions_1_20250921T090003774.pkl.
[2025-09-21 17:00:03,776][src.utils.inference_utils][INFO] - Rank 1 finished writing predictions.
[2025-09-21 17:00:04,511][src.utils.inference_utils][INFO] - Global Rank: 0 wrote 64 rows to /data/mhwang/Rec/GRID/logs/inference/runs/2025-09-21/16-58-33/pickle/predictions_0_20250921T090004507.pkl.
[2025-09-21 17:00:05,298][src.utils.inference_utils][INFO] - Global Rank: 0 wrote 64 rows to /data/mhwang/Rec/GRID/logs/inference/runs/2025-09-21/16-58-33/pickle/predictions_0_20250921T090005293.pkl.
[2025-09-21 17:00:06,069][src.utils.inference_utils][INFO] - Global Rank: 0 wrote 64 rows to /data/mhwang/Rec/GRID/logs/inference/runs/2025-09-21/16-58-33/pickle/predictions_0_20250921T090006066.pkl.
[2025-09-21 17:00:06,849][src.utils.inference_utils][INFO] - Global Rank: 0 wrote 64 rows to /data/mhwang/Rec/GRID/logs/inference/runs/2025-09-21/16-58-33/pickle/predictions_0_20250921T090006844.pkl.
[2025-09-21 17:00:07,611][src.utils.inference_utils][INFO] - Global Rank: 0 wrote 64 rows to /data/mhwang/Rec/GRID/logs/inference/runs/2025-09-21/16-58-33/pickle/predictions_0_20250921T090007606.pkl.
[2025-09-21 17:00:07,613][src.utils.inference_utils][INFO] - Buffer is empty, nothing to flush.
[2025-09-21 17:00:07,613][src.utils.inference_utils][INFO] - Rank 0 finished writing predictions.
[2025-09-21 17:00:07,615][src.utils.inference_utils][INFO] - Merging pickle files on main process.
[2025-09-21 17:00:10,448][src.utils.inference_utils][INFO] - Merged 11924 rows into merged_predictions.pkl.
[2025-09-21 17:00:13,023][src.utils.inference_utils][INFO] - Merged 11924 rows into merged_predictions_tensor.pt. as pytorch tensor
