[2025-11-12 02:10:55,355][src.utils.utils][INFO] - [rank: 0] Enforcing tags! <cfg.extras.enforce_tags=True>
[2025-11-12 02:10:55,363][src.utils.utils][WARNING] - [rank: 0] Config loss was not found in the config tree. Make sure this is expected.
[2025-11-12 02:10:55,363][src.utils.utils][WARNING] - [rank: 0] Config optim was not found in the config tree. Make sure this is expected.
[2025-11-12 02:10:55,364][src.utils.utils][WARNING] - [rank: 0] Config eval was not found in the config tree. Make sure this is expected.
[2025-11-12 02:10:58,364][src.utils.utils][INFO] - [rank: 0] Printing config tree with Rich! <cfg.extras.print_config=True>
[2025-11-12 02:10:58,368][src.utils.launcher_utils][INFO] - [rank: 0] Instantiating datamodule <src.data.loading.datamodules.sequence_datamodule.ItemDataModule>
[2025-11-12 02:10:58,587][src.utils.launcher_utils][INFO] - [rank: 0] Instantiating model <src.modules.clustering.residual_quantization.ResidualQuantization>
[2025-11-12 02:10:58,842][root][INFO] - Device cpu: Verbose mode enabled
[2025-11-12 02:10:59,065][root][INFO] - Device cpu: Using custom training loop function
[2025-11-12 02:10:59,080][src.utils.launcher_utils][INFO] - [rank: 0] Instantiating callbacks...
[2025-11-12 02:10:59,081][src.utils.instantiators][INFO] - [rank: 0] Instantiating callback <src.utils.inference_utils.LocalPickleWriter>
[2025-11-12 02:10:59,303][src.utils.launcher_utils][INFO] - [rank: 0] Instantiating loggers...
[2025-11-12 02:10:59,303][src.utils.instantiators][INFO] - [rank: 0] Instantiating logger <lightning.pytorch.loggers.csv_logs.CSVLogger>
[2025-11-12 02:10:59,306][src.utils.launcher_utils][INFO] - [rank: 0] Instantiating trainer <lightning.pytorch.trainer.Trainer>
[2025-11-12 02:10:59,385][pytorch_lightning.utilities.rank_zero][INFO] - Using bfloat16 Automatic Mixed Precision (AMP)
[2025-11-12 02:10:59,421][pytorch_lightning.utilities.rank_zero][INFO] - GPU available: True (cuda), used: True
[2025-11-12 02:10:59,422][pytorch_lightning.utilities.rank_zero][INFO] - TPU available: False, using: 0 TPU cores
[2025-11-12 02:10:59,422][pytorch_lightning.utilities.rank_zero][INFO] - HPU available: False, using: 0 HPUs
[2025-11-12 02:10:59,423][src.utils.launcher_utils][INFO] - [rank: 0] Logging hyperparameters!
[2025-11-12 02:10:59,635][__main__][INFO] - [rank: 0] Starting inference!
[2025-11-12 02:10:59,769][pytorch_lightning.utilities.rank_zero][INFO] - You are using a CUDA device ('NVIDIA A800 80GB PCIe') that has Tensor Cores. To properly utilize them, you should set `torch.set_float32_matmul_precision('medium' | 'high')` which will trade-off precision for performance. For more details, read https://pytorch.org/docs/stable/generated/torch.set_float32_matmul_precision.html#torch.set_float32_matmul_precision
[2025-11-12 02:11:18,054][root][INFO] - Device cpu: Verbose mode enabled
[2025-11-12 02:11:18,103][root][INFO] - Device cpu: Verbose mode enabled
[2025-11-12 02:11:18,313][root][INFO] - Device cpu: Using custom training loop function
[2025-11-12 02:11:18,365][root][INFO] - Device cpu: Using custom training loop function
[2025-11-12 02:11:18,592][root][INFO] - Device cpu: Verbose mode enabled
[2025-11-12 02:11:18,845][root][INFO] - Device cpu: Using custom training loop function
[2025-11-12 02:11:19,622][pytorch_lightning.utilities.rank_zero][INFO] - ----------------------------------------------------------------------------------------------------
distributed_backend=nccl
All distributed processes registered. Starting with 4 processes
----------------------------------------------------------------------------------------------------

[2025-11-12 02:11:21,728][src.utils.inference_utils][INFO] - Rank 3 initialized for inference.
[2025-11-12 02:11:21,728][src.utils.inference_utils][INFO] - Rank 2 initialized for inference.
[2025-11-12 02:11:21,729][src.utils.inference_utils][INFO] - Rank 0 initialized for inference.
[2025-11-12 02:11:21,729][src.utils.inference_utils][INFO] - Rank 1 initialized for inference.
[2025-11-12 02:11:21,735][pytorch_lightning.utilities.rank_zero][INFO] - Restoring states from the checkpoint path at /data/mhwang/Rec/GRID/logs/train/runs/2025-11-12/02-05-24/checkpoints/checkpoint_000_000030.ckpt
[2025-11-12 02:11:22,659][pytorch_lightning.utilities.rank_zero][INFO] - Loaded model weights from the checkpoint at /data/mhwang/Rec/GRID/logs/train/runs/2025-11-12/02-05-24/checkpoints/checkpoint_000_000030.ckpt
[2025-11-12 02:11:27,367][src.utils.inference_utils][INFO] - Global Rank: 1 wrote 2708 rows to /data/mhwang/Rec/GRID/logs/inference/runs/2025-11-12/02-10-55/pickle/predictions_1_20251111T181127363.pkl.
[2025-11-12 02:11:27,369][src.utils.inference_utils][INFO] - Rank 1 finished writing predictions.
[2025-11-12 02:11:27,497][src.utils.inference_utils][INFO] - Global Rank: 2 wrote 3072 rows to /data/mhwang/Rec/GRID/logs/inference/runs/2025-11-12/02-10-55/pickle/predictions_2_20251111T181127492.pkl.
[2025-11-12 02:11:27,500][src.utils.inference_utils][INFO] - Rank 2 finished writing predictions.
[2025-11-12 02:11:27,640][src.utils.inference_utils][INFO] - Global Rank: 0 wrote 3072 rows to /data/mhwang/Rec/GRID/logs/inference/runs/2025-11-12/02-10-55/pickle/predictions_0_20251111T181127635.pkl.
[2025-11-12 02:11:27,643][src.utils.inference_utils][INFO] - Rank 0 finished writing predictions.
[2025-11-12 02:11:28,035][src.utils.inference_utils][INFO] - Global Rank: 3 wrote 3072 rows to /data/mhwang/Rec/GRID/logs/inference/runs/2025-11-12/02-10-55/pickle/predictions_3_20251111T181128028.pkl.
[2025-11-12 02:11:28,037][src.utils.inference_utils][INFO] - Rank 3 finished writing predictions.
[2025-11-12 02:11:28,039][src.utils.inference_utils][INFO] - Merging pickle files on main process.
[2025-11-12 02:11:28,077][src.utils.inference_utils][INFO] - Merged 11924 rows into merged_predictions.pkl.
[2025-11-12 02:11:28,249][src.utils.inference_utils][INFO] - Merged 11924 rows into merged_predictions_tensor.pt. as pytorch tensor
