[2025-09-15 21:02:13,736][src.utils.utils][INFO] - [rank: 0] Enforcing tags! <cfg.extras.enforce_tags=True>
[2025-09-15 21:02:13,741][src.utils.utils][INFO] - [rank: 0] Printing config tree with Rich! <cfg.extras.print_config=True>
[2025-09-15 21:02:13,741][src.utils.restart_job][INFO] - [rank: 0] should_skip_retry set to True. Skipping retry logic.
[2025-09-15 21:02:13,744][src.utils.launcher_utils][INFO] - [rank: 0] Instantiating datamodule <src.data.loading.datamodules.sequence_datamodule.SequenceDataModule>
[2025-09-15 21:02:13,794][src.utils.launcher_utils][INFO] - [rank: 0] Instantiating model <src.models.modules.semantic_id.tiger_generation_model.SemanticIDEncoderDecoder>
[2025-09-15 21:02:14,160][src.utils.launcher_utils][INFO] - [rank: 0] Instantiating callbacks...
[2025-09-15 21:02:14,161][src.utils.instantiators][INFO] - [rank: 0] Instantiating callback <lightning.pytorch.callbacks.ModelCheckpoint>
[2025-09-15 21:02:14,163][src.utils.instantiators][INFO] - [rank: 0] Instantiating callback <lightning.pytorch.callbacks.EarlyStopping>
[2025-09-15 21:02:14,165][src.utils.instantiators][INFO] - [rank: 0] Instantiating callback <lightning.pytorch.callbacks.RichModelSummary>
[2025-09-15 21:02:14,166][src.utils.instantiators][INFO] - [rank: 0] Instantiating callback <src.utils.restart_job.RestartAndLoadCheckpointCallback>
[2025-09-15 21:02:14,167][src.utils.restart_job_utils][INFO] - [rank: 0] Trying to load metadata from /data/mhwang/Rec/GRID/logs/train/runs/2025-09-15/21-02-13/metadata/restart_metadata.json
[2025-09-15 21:02:14,167][src.utils.restart_job_utils][WARNING] - [rank: 0] Metadata file not found at /data/mhwang/Rec/GRID/logs/train/runs/2025-09-15/21-02-13/metadata/restart_metadata.json. Creating empty metadata.
[2025-09-15 21:02:14,168][src.utils.restart_job_utils][INFO] - [rank: 0] Saving metadata to /data/mhwang/Rec/GRID/logs/train/runs/2025-09-15/21-02-13/metadata/restart_metadata.json. {'start_time': '2025-09-15T21:02:14.168013', 'restarts': [], 'current_run': 0, 'used_ports': [], 'world_size': 0, 'node_rank': 0, 'master_addr': '', 'original_args': ['/data/mhwang/Rec/GRID/src/train.py', 'experiment=tiger_train_flat', 'data_dir=data/amazon_data/beauty', 'semantic_id_path=/data/mhwang/Rec/GRID/logs/inference/runs/2025-09-15/20-54-16/pickle/merged_predictions_tensor.pt', 'num_hierarchies=4', '++should_skip_retry=True']}
[2025-09-15 21:02:14,168][src.utils.launcher_utils][INFO] - [rank: 0] Instantiating loggers...
[2025-09-15 21:02:14,168][src.utils.instantiators][INFO] - [rank: 0] Instantiating logger <lightning.pytorch.loggers.csv_logs.CSVLogger>
[2025-09-15 21:02:14,170][src.utils.launcher_utils][INFO] - [rank: 0] Instantiating trainer <lightning.pytorch.trainer.Trainer>
[2025-09-15 21:02:14,171][src.utils.restart_job_utils][INFO] - [rank: 0] Trying to load metadata from /data/mhwang/Rec/GRID/logs/train/runs/2025-09-15/21-02-13/metadata/restart_metadata.json
[2025-09-15 21:02:14,171][src.utils.restart_job_utils][INFO] - [rank: 0] Metadata loaded successfully from /data/mhwang/Rec/GRID/logs/train/runs/2025-09-15/21-02-13/metadata/restart_metadata.json
[2025-09-15 21:02:14,171][src.utils.restart_job_utils][INFO] - [rank: 0] Retrieved current_run: 0 from metadata /data/mhwang/Rec/GRID/logs/train/runs/2025-09-15/21-02-13/metadata/restart_metadata.json
[2025-09-15 21:02:14,275][src.utils.launcher_utils][INFO] - [rank: 0] Logging hyperparameters!
[2025-09-15 21:02:14,480][__main__][INFO] - [rank: 0] Starting training!
[2025-09-15 21:02:29,464][src.utils.restart_job][ERROR] - [rank: 0] Exception caught: Caught RuntimeError in DataLoader worker process 0.
Original Traceback (most recent call last):
  File "/data_sdc/mhwang/miniconda3/envs/GRs/lib/python3.12/site-packages/tensorflow/python/data/ops/iterator_ops.py", line 826, in __next__
    return self._next_internal()
           ^^^^^^^^^^^^^^^^^^^^^
  File "/data_sdc/mhwang/miniconda3/envs/GRs/lib/python3.12/site-packages/tensorflow/python/data/ops/iterator_ops.py", line 776, in _next_internal
    ret = gen_dataset_ops.iterator_get_next(
          ^^^^^^^^^^^^^^^^^^^^^^^^^^^^^^^^^^
  File "/data_sdc/mhwang/miniconda3/envs/GRs/lib/python3.12/site-packages/tensorflow/python/ops/gen_dataset_ops.py", line 3086, in iterator_get_next
    _ops.raise_from_not_ok_status(e, name)
  File "/data_sdc/mhwang/miniconda3/envs/GRs/lib/python3.12/site-packages/tensorflow/python/framework/ops.py", line 6002, in raise_from_not_ok_status
    raise core._status_to_exception(e) from None  # pylint: disable=protected-access
    ^^^^^^^^^^^^^^^^^^^^^^^^^^^^^^^^^^^^^^^^^^^^
tensorflow.python.framework.errors_impl.OutOfRangeError: {{function_node __wrapped__IteratorGetNext_output_types_1_device_/job:localhost/replica:0/task:0/device:CPU:0}} End of sequence [Op:IteratorGetNext] name: 

During handling of the above exception, another exception occurred:

Traceback (most recent call last):
  File "/data/mhwang/Rec/GRID/src/data/loading/components/iterators.py", line 152, in iterrows
    self.initialize_feature_description(raw_dataset)
  File "/data/mhwang/Rec/GRID/src/data/loading/components/iterators.py", line 135, in initialize_feature_description
    sample_record: tf.Tensor = next(iter(raw_dataset))  # type: ignore
                               ^^^^^^^^^^^^^^^^^^^^^^^
  File "/data_sdc/mhwang/miniconda3/envs/GRs/lib/python3.12/site-packages/tensorflow/python/data/ops/iterator_ops.py", line 828, in __next__
    raise StopIteration
StopIteration

The above exception was the direct cause of the following exception:

Traceback (most recent call last):
  File "/data_sdc/mhwang/miniconda3/envs/GRs/lib/python3.12/site-packages/torch/utils/data/_utils/worker.py", line 349, in _worker_loop
    data = fetcher.fetch(index)  # type: ignore[possibly-undefined]
           ^^^^^^^^^^^^^^^^^^^^
  File "/data_sdc/mhwang/miniconda3/envs/GRs/lib/python3.12/site-packages/torch/utils/data/_utils/fetch.py", line 33, in fetch
    data.append(next(self.dataset_iter))
                ^^^^^^^^^^^^^^^^^^^^^^^
  File "/data/mhwang/Rec/GRID/src/data/loading/components/dataloading.py", line 145, in __iter__
    for row_or_batch in self.dataset_to_iterate:
RuntimeError: generator raised StopIteration

[2025-09-15 21:02:29,470][src.utils.restart_job][ERROR] - [rank: 0] Stack trace: Traceback (most recent call last):
  File "/data_sdc/mhwang/miniconda3/envs/GRs/lib/python3.12/site-packages/lightning/pytorch/trainer/call.py", line 46, in _call_and_handle_interrupt
    return trainer.strategy.launcher.launch(trainer_fn, *args, trainer=trainer, **kwargs)
           ^^^^^^^^^^^^^^^^^^^^^^^^^^^^^^^^^^^^^^^^^^^^^^^^^^^^^^^^^^^^^^^^^^^^^^^^^^^^^^
  File "/data_sdc/mhwang/miniconda3/envs/GRs/lib/python3.12/site-packages/lightning/pytorch/strategies/launchers/subprocess_script.py", line 105, in launch
    return function(*args, **kwargs)
           ^^^^^^^^^^^^^^^^^^^^^^^^^
  File "/data_sdc/mhwang/miniconda3/envs/GRs/lib/python3.12/site-packages/lightning/pytorch/trainer/trainer.py", line 575, in _fit_impl
    self._run(model, ckpt_path=ckpt_path)
  File "/data_sdc/mhwang/miniconda3/envs/GRs/lib/python3.12/site-packages/lightning/pytorch/trainer/trainer.py", line 982, in _run
    results = self._run_stage()
              ^^^^^^^^^^^^^^^^^
  File "/data_sdc/mhwang/miniconda3/envs/GRs/lib/python3.12/site-packages/lightning/pytorch/trainer/trainer.py", line 1026, in _run_stage
    self.fit_loop.run()
  File "/data_sdc/mhwang/miniconda3/envs/GRs/lib/python3.12/site-packages/lightning/pytorch/loops/fit_loop.py", line 208, in run
    self.setup_data()
  File "/data_sdc/mhwang/miniconda3/envs/GRs/lib/python3.12/site-packages/lightning/pytorch/loops/fit_loop.py", line 275, in setup_data
    iter(self._data_fetcher)  # creates the iterator inside the fetcher
    ^^^^^^^^^^^^^^^^^^^^^^^^
  File "/data_sdc/mhwang/miniconda3/envs/GRs/lib/python3.12/site-packages/lightning/pytorch/loops/fetchers.py", line 112, in __iter__
    batch = super().__next__()
            ^^^^^^^^^^^^^^^^^^
  File "/data_sdc/mhwang/miniconda3/envs/GRs/lib/python3.12/site-packages/lightning/pytorch/loops/fetchers.py", line 61, in __next__
    batch = next(self.iterator)
            ^^^^^^^^^^^^^^^^^^^
  File "/data_sdc/mhwang/miniconda3/envs/GRs/lib/python3.12/site-packages/lightning/pytorch/utilities/combined_loader.py", line 341, in __next__
    out = next(self._iterator)
          ^^^^^^^^^^^^^^^^^^^^
  File "/data_sdc/mhwang/miniconda3/envs/GRs/lib/python3.12/site-packages/lightning/pytorch/utilities/combined_loader.py", line 78, in __next__
    out[i] = next(self.iterators[i])
             ^^^^^^^^^^^^^^^^^^^^^^^
  File "/data_sdc/mhwang/miniconda3/envs/GRs/lib/python3.12/site-packages/torch/utils/data/dataloader.py", line 708, in __next__
    data = self._next_data()
           ^^^^^^^^^^^^^^^^^
  File "/data_sdc/mhwang/miniconda3/envs/GRs/lib/python3.12/site-packages/torch/utils/data/dataloader.py", line 1480, in _next_data
    return self._process_data(data)
           ^^^^^^^^^^^^^^^^^^^^^^^^
  File "/data_sdc/mhwang/miniconda3/envs/GRs/lib/python3.12/site-packages/torch/utils/data/dataloader.py", line 1505, in _process_data
    data.reraise()
  File "/data_sdc/mhwang/miniconda3/envs/GRs/lib/python3.12/site-packages/torch/_utils.py", line 733, in reraise
    raise exception
RuntimeError: Caught RuntimeError in DataLoader worker process 0.
Original Traceback (most recent call last):
  File "/data_sdc/mhwang/miniconda3/envs/GRs/lib/python3.12/site-packages/tensorflow/python/data/ops/iterator_ops.py", line 826, in __next__
    return self._next_internal()
           ^^^^^^^^^^^^^^^^^^^^^
  File "/data_sdc/mhwang/miniconda3/envs/GRs/lib/python3.12/site-packages/tensorflow/python/data/ops/iterator_ops.py", line 776, in _next_internal
    ret = gen_dataset_ops.iterator_get_next(
          ^^^^^^^^^^^^^^^^^^^^^^^^^^^^^^^^^^
  File "/data_sdc/mhwang/miniconda3/envs/GRs/lib/python3.12/site-packages/tensorflow/python/ops/gen_dataset_ops.py", line 3086, in iterator_get_next
    _ops.raise_from_not_ok_status(e, name)
  File "/data_sdc/mhwang/miniconda3/envs/GRs/lib/python3.12/site-packages/tensorflow/python/framework/ops.py", line 6002, in raise_from_not_ok_status
    raise core._status_to_exception(e) from None  # pylint: disable=protected-access
    ^^^^^^^^^^^^^^^^^^^^^^^^^^^^^^^^^^^^^^^^^^^^
tensorflow.python.framework.errors_impl.OutOfRangeError: {{function_node __wrapped__IteratorGetNext_output_types_1_device_/job:localhost/replica:0/task:0/device:CPU:0}} End of sequence [Op:IteratorGetNext] name: 

During handling of the above exception, another exception occurred:

Traceback (most recent call last):
  File "/data/mhwang/Rec/GRID/src/data/loading/components/iterators.py", line 152, in iterrows
    self.initialize_feature_description(raw_dataset)
  File "/data/mhwang/Rec/GRID/src/data/loading/components/iterators.py", line 135, in initialize_feature_description
    sample_record: tf.Tensor = next(iter(raw_dataset))  # type: ignore
                               ^^^^^^^^^^^^^^^^^^^^^^^
  File "/data_sdc/mhwang/miniconda3/envs/GRs/lib/python3.12/site-packages/tensorflow/python/data/ops/iterator_ops.py", line 828, in __next__
    raise StopIteration
StopIteration

The above exception was the direct cause of the following exception:

Traceback (most recent call last):
  File "/data_sdc/mhwang/miniconda3/envs/GRs/lib/python3.12/site-packages/torch/utils/data/_utils/worker.py", line 349, in _worker_loop
    data = fetcher.fetch(index)  # type: ignore[possibly-undefined]
           ^^^^^^^^^^^^^^^^^^^^
  File "/data_sdc/mhwang/miniconda3/envs/GRs/lib/python3.12/site-packages/torch/utils/data/_utils/fetch.py", line 33, in fetch
    data.append(next(self.dataset_iter))
                ^^^^^^^^^^^^^^^^^^^^^^^
  File "/data/mhwang/Rec/GRID/src/data/loading/components/dataloading.py", line 145, in __iter__
    for row_or_batch in self.dataset_to_iterate:
RuntimeError: generator raised StopIteration


[2025-09-15 21:02:29,470][src.utils.restart_job][INFO] - [rank: 0] Cleaning up and handling restart logic
[2025-09-15 21:02:29,470][src.utils.restart_job_utils][INFO] - [rank: 0] Trying to load metadata from /data/mhwang/Rec/GRID/logs/train/runs/2025-09-15/21-02-13/metadata/restart_metadata.json
[2025-09-15 21:02:29,471][src.utils.restart_job_utils][INFO] - [rank: 0] Metadata loaded successfully from /data/mhwang/Rec/GRID/logs/train/runs/2025-09-15/21-02-13/metadata/restart_metadata.json
[2025-09-15 21:02:29,472][src.utils.restart_job_utils][INFO] - [rank: 0] Retrieved current_run: 0 from metadata /data/mhwang/Rec/GRID/logs/train/runs/2025-09-15/21-02-13/metadata/restart_metadata.json
[2025-09-15 21:02:29,472][src.utils.restart_job][INFO] - [rank: 0] Restarting job. Current metadata: JobCheckpointMetadata(start_time='2025-09-15T21:02:14.168013', restarts=[{'time': '2025-09-15T21:02:29.472219', 'exception': 'Caught RuntimeError in DataLoader worker process 0.\nOriginal Traceback (most recent call last):\n  File "/data_sdc/mhwang/miniconda3/envs/GRs/lib/python3.12/site-packages/tensorflow/python/data/ops/iterator_ops.py", line 826, in __next__\n    return self._next_internal()\n           ^^^^^^^^^^^^^^^^^^^^^\n  File "/data_sdc/mhwang/miniconda3/envs/GRs/lib/python3.12/site-packages/tensorflow/python/data/ops/iterator_ops.py", line 776, in _next_internal\n    ret = gen_dataset_ops.iterator_get_next(\n          ^^^^^^^^^^^^^^^^^^^^^^^^^^^^^^^^^^\n  File "/data_sdc/mhwang/miniconda3/envs/GRs/lib/python3.12/site-packages/tensorflow/python/ops/gen_dataset_ops.py", line 3086, in iterator_get_next\n    _ops.raise_from_not_ok_status(e, name)\n  File "/data_sdc/mhwang/miniconda3/envs/GRs/lib/python3.12/site-packages/tensorflow/python/framework/ops.py", line 6002, in raise_from_not_ok_status\n    raise core._status_to_exception(e) from None  # pylint: disable=protected-access\n    ^^^^^^^^^^^^^^^^^^^^^^^^^^^^^^^^^^^^^^^^^^^^\ntensorflow.python.framework.errors_impl.OutOfRangeError: {{function_node __wrapped__IteratorGetNext_output_types_1_device_/job:localhost/replica:0/task:0/device:CPU:0}} End of sequence [Op:IteratorGetNext] name: \n\nDuring handling of the above exception, another exception occurred:\n\nTraceback (most recent call last):\n  File "/data/mhwang/Rec/GRID/src/data/loading/components/iterators.py", line 152, in iterrows\n    self.initialize_feature_description(raw_dataset)\n  File "/data/mhwang/Rec/GRID/src/data/loading/components/iterators.py", line 135, in initialize_feature_description\n    sample_record: tf.Tensor = next(iter(raw_dataset))  # type: ignore\n                               ^^^^^^^^^^^^^^^^^^^^^^^\n  File "/data_sdc/mhwang/miniconda3/envs/GRs/lib/python3.12/site-packages/tensorflow/python/data/ops/iterator_ops.py", line 828, in __next__\n    raise StopIteration\nStopIteration\n\nThe above exception was the direct cause of the following exception:\n\nTraceback (most recent call last):\n  File "/data_sdc/mhwang/miniconda3/envs/GRs/lib/python3.12/site-packages/torch/utils/data/_utils/worker.py", line 349, in _worker_loop\n    data = fetcher.fetch(index)  # type: ignore[possibly-undefined]\n           ^^^^^^^^^^^^^^^^^^^^\n  File "/data_sdc/mhwang/miniconda3/envs/GRs/lib/python3.12/site-packages/torch/utils/data/_utils/fetch.py", line 33, in fetch\n    data.append(next(self.dataset_iter))\n                ^^^^^^^^^^^^^^^^^^^^^^^\n  File "/data/mhwang/Rec/GRID/src/data/loading/components/dataloading.py", line 145, in __iter__\n    for row_or_batch in self.dataset_to_iterate:\nRuntimeError: generator raised StopIteration\n', 'run_number': 0}], current_run=1, used_ports=[], world_size=0, node_rank=0, master_addr='', original_args=['/data/mhwang/Rec/GRID/src/train.py', 'experiment=tiger_train_flat', 'data_dir=data/amazon_data/beauty', 'semantic_id_path=/data/mhwang/Rec/GRID/logs/inference/runs/2025-09-15/20-54-16/pickle/merged_predictions_tensor.pt', 'num_hierarchies=4', '++should_skip_retry=True'])
[2025-09-15 21:02:29,472][src.utils.restart_job_utils][INFO] - [rank: 0] Saving metadata to /data/mhwang/Rec/GRID/logs/train/runs/2025-09-15/21-02-13/metadata/restart_metadata.json. {'start_time': '2025-09-15T21:02:14.168013', 'restarts': [{'time': '2025-09-15T21:02:29.472219', 'exception': 'Caught RuntimeError in DataLoader worker process 0.\nOriginal Traceback (most recent call last):\n  File "/data_sdc/mhwang/miniconda3/envs/GRs/lib/python3.12/site-packages/tensorflow/python/data/ops/iterator_ops.py", line 826, in __next__\n    return self._next_internal()\n           ^^^^^^^^^^^^^^^^^^^^^\n  File "/data_sdc/mhwang/miniconda3/envs/GRs/lib/python3.12/site-packages/tensorflow/python/data/ops/iterator_ops.py", line 776, in _next_internal\n    ret = gen_dataset_ops.iterator_get_next(\n          ^^^^^^^^^^^^^^^^^^^^^^^^^^^^^^^^^^\n  File "/data_sdc/mhwang/miniconda3/envs/GRs/lib/python3.12/site-packages/tensorflow/python/ops/gen_dataset_ops.py", line 3086, in iterator_get_next\n    _ops.raise_from_not_ok_status(e, name)\n  File "/data_sdc/mhwang/miniconda3/envs/GRs/lib/python3.12/site-packages/tensorflow/python/framework/ops.py", line 6002, in raise_from_not_ok_status\n    raise core._status_to_exception(e) from None  # pylint: disable=protected-access\n    ^^^^^^^^^^^^^^^^^^^^^^^^^^^^^^^^^^^^^^^^^^^^\ntensorflow.python.framework.errors_impl.OutOfRangeError: {{function_node __wrapped__IteratorGetNext_output_types_1_device_/job:localhost/replica:0/task:0/device:CPU:0}} End of sequence [Op:IteratorGetNext] name: \n\nDuring handling of the above exception, another exception occurred:\n\nTraceback (most recent call last):\n  File "/data/mhwang/Rec/GRID/src/data/loading/components/iterators.py", line 152, in iterrows\n    self.initialize_feature_description(raw_dataset)\n  File "/data/mhwang/Rec/GRID/src/data/loading/components/iterators.py", line 135, in initialize_feature_description\n    sample_record: tf.Tensor = next(iter(raw_dataset))  # type: ignore\n                               ^^^^^^^^^^^^^^^^^^^^^^^\n  File "/data_sdc/mhwang/miniconda3/envs/GRs/lib/python3.12/site-packages/tensorflow/python/data/ops/iterator_ops.py", line 828, in __next__\n    raise StopIteration\nStopIteration\n\nThe above exception was the direct cause of the following exception:\n\nTraceback (most recent call last):\n  File "/data_sdc/mhwang/miniconda3/envs/GRs/lib/python3.12/site-packages/torch/utils/data/_utils/worker.py", line 349, in _worker_loop\n    data = fetcher.fetch(index)  # type: ignore[possibly-undefined]\n           ^^^^^^^^^^^^^^^^^^^^\n  File "/data_sdc/mhwang/miniconda3/envs/GRs/lib/python3.12/site-packages/torch/utils/data/_utils/fetch.py", line 33, in fetch\n    data.append(next(self.dataset_iter))\n                ^^^^^^^^^^^^^^^^^^^^^^^\n  File "/data/mhwang/Rec/GRID/src/data/loading/components/dataloading.py", line 145, in __iter__\n    for row_or_batch in self.dataset_to_iterate:\nRuntimeError: generator raised StopIteration\n', 'run_number': 0}], 'current_run': 1, 'used_ports': [], 'world_size': 0, 'node_rank': 0, 'master_addr': '', 'original_args': ['/data/mhwang/Rec/GRID/src/train.py', 'experiment=tiger_train_flat', 'data_dir=data/amazon_data/beauty', 'semantic_id_path=/data/mhwang/Rec/GRID/logs/inference/runs/2025-09-15/20-54-16/pickle/merged_predictions_tensor.pt', 'num_hierarchies=4', '++should_skip_retry=True']}
[2025-09-15 21:02:29,473][src.utils.restart_job_utils][INFO] - [rank: 0] Cleaning up distributed process group
[2025-09-15 21:02:29,840][src.utils.restart_job_utils][INFO] - [rank: 0] Clearing CUDA cache
[2025-09-15 21:02:29,841][src.utils.restart_job_utils][INFO] - [rank: 0] Tearing down trainer
[2025-09-15 21:02:30,055][src.utils.restart_job][INFO] - [rank: 0] Resources cleaned up.
