[2025-09-17 21:40:10,957][src.utils.utils][INFO] - [rank: 0] Enforcing tags! <cfg.extras.enforce_tags=True>
[2025-09-17 21:40:10,963][src.utils.utils][WARNING] - [rank: 0] Config loss was not found in the config tree. Make sure this is expected.
[2025-09-17 21:40:13,963][src.utils.utils][INFO] - [rank: 0] Printing config tree with Rich! <cfg.extras.print_config=True>
[2025-09-17 21:40:13,964][src.utils.restart_job][INFO] - [rank: 0] should_skip_retry set to True. Skipping retry logic.
[2025-09-17 21:40:13,972][src.utils.launcher_utils][INFO] - [rank: 0] Instantiating datamodule <src.data.loading.datamodules.sequence_datamodule.ItemDataModule>
[2025-09-17 21:40:14,129][src.utils.launcher_utils][INFO] - [rank: 0] Instantiating model <src.modules.clustering.residual_quantization.ResidualQuantization>
[2025-09-17 21:40:14,256][root][INFO] - Device cpu: Verbose mode enabled
[2025-09-17 21:40:14,261][root][INFO] - Device cpu: Using custom training loop function
[2025-09-17 21:40:14,269][src.utils.launcher_utils][INFO] - [rank: 0] Instantiating callbacks...
[2025-09-17 21:40:14,269][src.utils.instantiators][INFO] - [rank: 0] Instantiating callback <lightning.pytorch.callbacks.ModelCheckpoint>
[2025-09-17 21:40:14,272][src.utils.instantiators][INFO] - [rank: 0] Instantiating callback <lightning.pytorch.callbacks.RichModelSummary>
[2025-09-17 21:40:14,273][src.utils.launcher_utils][INFO] - [rank: 0] Instantiating loggers...
[2025-09-17 21:40:14,273][src.utils.instantiators][INFO] - [rank: 0] Instantiating logger <lightning.pytorch.loggers.csv_logs.CSVLogger>
[2025-09-17 21:40:14,275][src.utils.launcher_utils][INFO] - [rank: 0] Instantiating trainer <lightning.pytorch.trainer.Trainer>
[2025-09-17 21:40:14,358][pytorch_lightning.utilities.rank_zero][INFO] - Using bfloat16 Automatic Mixed Precision (AMP)
[2025-09-17 21:40:14,360][pytorch_lightning.utilities.rank_zero][INFO] - Trainer already configured with model summary callbacks: [<class 'lightning.pytorch.callbacks.rich_model_summary.RichModelSummary'>]. Skipping setting a default `ModelSummary` callback.
[2025-09-17 21:40:14,389][pytorch_lightning.utilities.rank_zero][INFO] - GPU available: True (cuda), used: True
[2025-09-17 21:40:14,390][pytorch_lightning.utilities.rank_zero][INFO] - TPU available: False, using: 0 TPU cores
[2025-09-17 21:40:14,390][pytorch_lightning.utilities.rank_zero][INFO] - HPU available: False, using: 0 HPUs
[2025-09-17 21:40:14,390][src.utils.launcher_utils][INFO] - [rank: 0] Logging hyperparameters!
[2025-09-17 21:40:14,572][__main__][INFO] - [rank: 0] Starting training!
[2025-09-17 21:40:26,423][root][INFO] - Device cpu: Verbose mode enabled
[2025-09-17 21:40:26,428][root][INFO] - Device cpu: Using custom training loop function
[2025-09-17 21:40:26,678][pytorch_lightning.utilities.rank_zero][INFO] - ----------------------------------------------------------------------------------------------------
distributed_backend=nccl
All distributed processes registered. Starting with 2 processes
----------------------------------------------------------------------------------------------------

[2025-09-17 21:40:40,569][root][INFO] - Device cuda:1: Training layers one-at-a-time, each for 10 steps. Ensure that early stopping callbacks are disabled.
[2025-09-17 21:40:40,571][root][INFO] - Device cuda:0: Training layers one-at-a-time, each for 10 steps. Ensure that early stopping callbacks are disabled.
[2025-09-17 21:40:56,409][root][INFO] - Device cuda:1: Finished training layer 0 of 3
[2025-09-17 21:40:56,409][root][INFO] - Device cuda:0: Finished training layer 0 of 3
[2025-09-17 21:41:10,303][root][INFO] - Device cuda:1: Finished training layer 1 of 3
[2025-09-17 21:41:10,304][root][INFO] - Device cuda:0: Finished training layer 1 of 3
[2025-09-17 21:41:25,697][pytorch_lightning.utilities.rank_zero][INFO] - Epoch 0, global step 30: 'train/loss' reached 3.85412 (best 3.85412), saving model to '/data/mhwang/Rec/GRID/logs/train/runs/2025-09-17/21-40-10/checkpoints/checkpoint_000_000030.ckpt' as top 1
[2025-09-17 21:41:26,969][pytorch_lightning.utilities.rank_zero][INFO] - `Trainer.fit` stopped: `max_steps=30` reached.
[2025-09-17 21:41:28,183][__main__][INFO] - [rank: 0] Metrics: {'train/loss': tensor(24.2237), 'train/loss_step': tensor(3.8541), 'train/quantization_loss': tensor(24.2237), 'train/quantization_loss_step': tensor(3.8541), 'train/reconstruction_loss': tensor(0.), 'train/reconstruction_loss_step': tensor(0.), 'train/last_residuals_norm_ratio': tensor(0.0369), 'train/last_residuals_norm_ratio_step': tensor(0.0424), 'train/first_residuals_norm_ratio': tensor(0.0123), 'train/first_residuals_norm_ratio_step': tensor(0.0071), 'train/first_centroids_norm': tensor(12.2596), 'train/first_centroids_norm_step': tensor(15.7227), 'train/last_centroids_norm': tensor(1.7778), 'train/last_centroids_norm_step': tensor(16.), 'train/frac_unique_ids': tensor(0.5021), 'train/frac_unique_ids_step': tensor(0.9951), 'train/mse': tensor(0.0012), 'train/mse_step': tensor(0.0015), 'train/layer_0/frac_layer_coverages': tensor(0.7389), 'train/layer_0/frac_layer_coverages_step': tensor(0.8906), 'train/layer_1/frac_layer_coverages': tensor(0.4774), 'train/layer_1/frac_layer_coverages_step': tensor(0.9336), 'train/layer_2/frac_layer_coverages': tensor(0.1691), 'train/layer_2/frac_layer_coverages_step': tensor(0.9883), 'train/layer_0/id_entropy': tensor(4.2474), 'train/layer_0/id_entropy_step': tensor(5.1181), 'train/layer_1/id_entropy': tensor(2.6039), 'train/layer_1/id_entropy_step': tensor(5.1723), 'train/layer_2/id_entropy': tensor(0.8987), 'train/layer_2/id_entropy_step': tensor(5.3867), 'train/loss_epoch': tensor(24.2237), 'train/quantization_loss_epoch': tensor(24.2237), 'train/reconstruction_loss_epoch': tensor(0.), 'train/last_residuals_norm_ratio_epoch': tensor(0.0369), 'train/first_residuals_norm_ratio_epoch': tensor(0.0123), 'train/first_centroids_norm_epoch': tensor(12.2596), 'train/last_centroids_norm_epoch': tensor(1.7778), 'train/frac_unique_ids_epoch': tensor(0.5021), 'train/mse_epoch': tensor(0.0012), 'train/layer_0/frac_layer_coverages_epoch': tensor(0.7389), 'train/layer_1/frac_layer_coverages_epoch': tensor(0.4774), 'train/layer_2/frac_layer_coverages_epoch': tensor(0.1691), 'train/layer_0/id_entropy_epoch': tensor(4.2474), 'train/layer_1/id_entropy_epoch': tensor(2.6039), 'train/layer_2/id_entropy_epoch': tensor(0.8987)}
