[2025-09-21 23:41:11,647][src.utils.utils][INFO] - [rank: 0] Enforcing tags! <cfg.extras.enforce_tags=True>
[2025-09-21 23:41:11,655][src.utils.utils][INFO] - [rank: 0] Printing config tree with Rich! <cfg.extras.print_config=True>
[2025-09-21 23:41:11,656][src.utils.restart_job][INFO] - [rank: 0] should_skip_retry set to True. Skipping retry logic.
[2025-09-21 23:41:11,659][src.utils.launcher_utils][INFO] - [rank: 0] Instantiating datamodule <src.data.loading.datamodules.sequence_datamodule.SequenceDataModule>
[2025-09-21 23:41:11,714][src.utils.launcher_utils][INFO] - [rank: 0] Instantiating model <src.models.modules.semantic_id.tiger_generation_model.SemanticIDEncoderDecoder>
[2025-09-21 23:41:12,087][src.utils.launcher_utils][INFO] - [rank: 0] Instantiating callbacks...
[2025-09-21 23:41:12,088][src.utils.instantiators][INFO] - [rank: 0] Instantiating callback <lightning.pytorch.callbacks.ModelCheckpoint>
[2025-09-21 23:41:12,091][src.utils.instantiators][INFO] - [rank: 0] Instantiating callback <lightning.pytorch.callbacks.EarlyStopping>
[2025-09-21 23:41:12,093][src.utils.instantiators][INFO] - [rank: 0] Instantiating callback <lightning.pytorch.callbacks.RichModelSummary>
[2025-09-21 23:41:12,093][src.utils.instantiators][INFO] - [rank: 0] Instantiating callback <src.utils.restart_job.RestartAndLoadCheckpointCallback>
[2025-09-21 23:41:12,095][src.utils.restart_job_utils][INFO] - [rank: 0] Trying to load metadata from /data/mhwang/Rec/GRID/logs/train/runs/2025-09-21/23-41-11/metadata/restart_metadata.json
[2025-09-21 23:41:12,095][src.utils.restart_job_utils][WARNING] - [rank: 0] Metadata file not found at /data/mhwang/Rec/GRID/logs/train/runs/2025-09-21/23-41-11/metadata/restart_metadata.json. Creating empty metadata.
[2025-09-21 23:41:12,095][src.utils.restart_job_utils][INFO] - [rank: 0] Saving metadata to /data/mhwang/Rec/GRID/logs/train/runs/2025-09-21/23-41-11/metadata/restart_metadata.json. {'start_time': '2025-09-21T23:41:12.095707', 'restarts': [], 'current_run': 0, 'used_ports': [], 'world_size': 0, 'node_rank': 0, 'master_addr': '', 'original_args': ['/data/mhwang/Rec/GRID/src/train.py', 'experiment=tiger_train_flat', 'data_dir=/data/mhwang/Rec/GRID/amazon_data/beauty', 'semantic_id_path=/data/mhwang/Rec/GRID/logs/inference/runs/2025-09-21/23-35-30/pickle/merged_predictions_tensor.pt', 'num_hierarchies=4', '++should_skip_retry=True']}
[2025-09-21 23:41:12,096][src.utils.launcher_utils][INFO] - [rank: 0] Instantiating loggers...
[2025-09-21 23:41:12,096][src.utils.instantiators][INFO] - [rank: 0] Instantiating logger <lightning.pytorch.loggers.csv_logs.CSVLogger>
[2025-09-21 23:41:12,097][src.utils.launcher_utils][INFO] - [rank: 0] Instantiating trainer <lightning.pytorch.trainer.Trainer>
[2025-09-21 23:41:12,099][src.utils.restart_job_utils][INFO] - [rank: 0] Trying to load metadata from /data/mhwang/Rec/GRID/logs/train/runs/2025-09-21/23-41-11/metadata/restart_metadata.json
[2025-09-21 23:41:12,099][src.utils.restart_job_utils][INFO] - [rank: 0] Metadata loaded successfully from /data/mhwang/Rec/GRID/logs/train/runs/2025-09-21/23-41-11/metadata/restart_metadata.json
[2025-09-21 23:41:12,099][src.utils.restart_job_utils][INFO] - [rank: 0] Retrieved current_run: 0 from metadata /data/mhwang/Rec/GRID/logs/train/runs/2025-09-21/23-41-11/metadata/restart_metadata.json
[2025-09-21 23:41:12,188][src.utils.launcher_utils][INFO] - [rank: 0] Logging hyperparameters!
[2025-09-21 23:41:12,388][__main__][INFO] - [rank: 0] Starting training!
[2025-09-21 23:41:15,370][src.utils.restart_job_utils][INFO] - [rank: 0] Saving metadata to /data/mhwang/Rec/GRID/logs/train/runs/2025-09-21/23-41-11/metadata/restart_metadata.json. {'start_time': '2025-09-21T23:41:12.095707', 'restarts': [], 'current_run': 0, 'used_ports': ['55479'], 'world_size': 1, 'node_rank': 0, 'master_addr': '127.0.0.1', 'original_args': ['/data/mhwang/Rec/GRID/src/train.py', 'experiment=tiger_train_flat', 'data_dir=/data/mhwang/Rec/GRID/amazon_data/beauty', 'semantic_id_path=/data/mhwang/Rec/GRID/logs/inference/runs/2025-09-21/23-35-30/pickle/merged_predictions_tensor.pt', 'num_hierarchies=4', '++should_skip_retry=True']}
[2025-09-22 09:12:52,031][__main__][INFO] - [rank: 0] Starting testing!
[2025-09-22 09:18:01,026][__main__][INFO] - [rank: 0] Best ckpt path: /data/mhwang/Rec/GRID/logs/train/runs/2025-09-21/23-41-11/checkpoints/checkpoint_epoch=000_step=004600.ckpt
[2025-09-22 09:18:01,032][__main__][INFO] - [rank: 0] Metrics: {'train/loss': tensor(7.8934), 'train/loss_step': tensor(4.6531), 'val/loss': tensor(9.8009), 'val/ndcg@5': tensor(0.0343), 'val/ndcg@10': tensor(0.0410), 'val/recall@5': tensor(0.0491), 'val/recall@10': tensor(0.0702), 'train/loss_epoch': tensor(7.8934), 'test/loss': tensor(9.9905), 'test/ndcg@5': tensor(0.0254), 'test/ndcg@10': tensor(0.0312), 'test/recall@5': tensor(0.0376), 'test/recall@10': tensor(0.0557)}
