[2025-10-29 23:43:23,481][src.utils.utils][INFO] - [rank: 0] Enforcing tags! <cfg.extras.enforce_tags=True>
[2025-10-29 23:43:23,485][src.utils.utils][INFO] - [rank: 0] Printing config tree with Rich! <cfg.extras.print_config=True>
[2025-10-29 23:43:23,486][src.utils.restart_job][INFO] - [rank: 0] should_skip_retry set to True. Skipping retry logic.
[2025-10-29 23:43:23,488][src.utils.launcher_utils][INFO] - [rank: 0] Instantiating datamodule <src.data.loading.datamodules.sequence_datamodule.SequenceDataModule>
[2025-10-29 23:43:23,538][src.utils.launcher_utils][INFO] - [rank: 0] Instantiating model <src.models.modules.semantic_id.tiger_generation_model.SemanticIDEncoderDecoder>
[2025-10-29 23:43:23,680][src.models.modules.semantic_id.tiger_generation_model][INFO] - [rank: 0] i am here
[2025-10-29 23:43:23,857][src.utils.launcher_utils][INFO] - [rank: 0] Instantiating callbacks...
[2025-10-29 23:43:23,858][src.utils.instantiators][INFO] - [rank: 0] Instantiating callback <lightning.pytorch.callbacks.ModelCheckpoint>
[2025-10-29 23:43:23,861][src.utils.instantiators][INFO] - [rank: 0] Instantiating callback <lightning.pytorch.callbacks.EarlyStopping>
[2025-10-29 23:43:23,862][src.utils.instantiators][INFO] - [rank: 0] Instantiating callback <lightning.pytorch.callbacks.RichModelSummary>
[2025-10-29 23:43:23,863][src.utils.instantiators][INFO] - [rank: 0] Instantiating callback <src.utils.restart_job.RestartAndLoadCheckpointCallback>
[2025-10-29 23:43:23,865][src.utils.restart_job_utils][INFO] - [rank: 0] Trying to load metadata from /data/mhwang/Rec/GRID/logs/train/runs/2025-10-29/23-43-23/metadata/restart_metadata.json
[2025-10-29 23:43:23,865][src.utils.restart_job_utils][WARNING] - [rank: 0] Metadata file not found at /data/mhwang/Rec/GRID/logs/train/runs/2025-10-29/23-43-23/metadata/restart_metadata.json. Creating empty metadata.
[2025-10-29 23:43:23,865][src.utils.restart_job_utils][INFO] - [rank: 0] Saving metadata to /data/mhwang/Rec/GRID/logs/train/runs/2025-10-29/23-43-23/metadata/restart_metadata.json. {'start_time': '2025-10-29T23:43:23.865832', 'restarts': [], 'current_run': 0, 'used_ports': [], 'world_size': 0, 'node_rank': 0, 'master_addr': '', 'original_args': ['/data/mhwang/Rec/GRID/src/train.py', 'experiment=tiger_train_flat', 'data_dir=/data/mhwang/Rec/GRID/amazon_data/toys', 'semantic_id_path=/data/mhwang/Rec/GRID/logs/inference/runs/2025-09-21/23-23-39/pickle/merged_predictions_tensor.pt', 'num_hierarchies=4', '++should_skip_retry=True']}
[2025-10-29 23:43:23,866][src.utils.launcher_utils][INFO] - [rank: 0] Instantiating loggers...
[2025-10-29 23:43:23,866][src.utils.instantiators][INFO] - [rank: 0] Instantiating logger <lightning.pytorch.loggers.csv_logs.CSVLogger>
[2025-10-29 23:43:23,868][src.utils.launcher_utils][INFO] - [rank: 0] Instantiating trainer <lightning.pytorch.trainer.Trainer>
[2025-10-29 23:43:23,869][src.utils.restart_job_utils][INFO] - [rank: 0] Trying to load metadata from /data/mhwang/Rec/GRID/logs/train/runs/2025-10-29/23-43-23/metadata/restart_metadata.json
[2025-10-29 23:43:23,869][src.utils.restart_job_utils][INFO] - [rank: 0] Metadata loaded successfully from /data/mhwang/Rec/GRID/logs/train/runs/2025-10-29/23-43-23/metadata/restart_metadata.json
[2025-10-29 23:43:23,869][src.utils.restart_job_utils][INFO] - [rank: 0] Retrieved current_run: 0 from metadata /data/mhwang/Rec/GRID/logs/train/runs/2025-10-29/23-43-23/metadata/restart_metadata.json
[2025-10-29 23:43:23,979][src.utils.launcher_utils][INFO] - [rank: 0] Logging hyperparameters!
[2025-10-29 23:43:24,162][__main__][INFO] - [rank: 0] Starting training!
[2025-10-29 23:43:26,889][src.utils.restart_job_utils][INFO] - [rank: 0] Saving metadata to /data/mhwang/Rec/GRID/logs/train/runs/2025-10-29/23-43-23/metadata/restart_metadata.json. {'start_time': '2025-10-29T23:43:23.865832', 'restarts': [], 'current_run': 0, 'used_ports': ['48895'], 'world_size': 1, 'node_rank': 0, 'master_addr': '127.0.0.1', 'original_args': ['/data/mhwang/Rec/GRID/src/train.py', 'experiment=tiger_train_flat', 'data_dir=/data/mhwang/Rec/GRID/amazon_data/toys', 'semantic_id_path=/data/mhwang/Rec/GRID/logs/inference/runs/2025-09-21/23-23-39/pickle/merged_predictions_tensor.pt', 'num_hierarchies=4', '++should_skip_retry=True']}
[2025-10-30 08:17:27,619][__main__][INFO] - [rank: 0] Starting testing!
[2025-10-30 08:20:36,588][__main__][INFO] - [rank: 0] Best ckpt path: /data/mhwang/Rec/GRID/logs/train/runs/2025-10-29/23-43-23/checkpoints/checkpoint_epoch=000_step=005300.ckpt
[2025-10-30 08:20:36,594][__main__][INFO] - [rank: 0] Metrics: {'train/loss': tensor(8.2869), 'train/loss_step': tensor(5.3419), 'val/loss': tensor(9.6101), 'val/ndcg@5': tensor(0.0327), 'val/ndcg@10': tensor(0.0391), 'val/recall@5': tensor(0.0478), 'val/recall@10': tensor(0.0676), 'train/loss_epoch': tensor(8.2869), 'test/loss': tensor(9.9267), 'test/ndcg@5': tensor(0.0241), 'test/ndcg@10': tensor(0.0297), 'test/recall@5': tensor(0.0364), 'test/recall@10': tensor(0.0537)}
