[2025-09-22 10:05:01,539][src.utils.utils][INFO] - [rank: 0] Enforcing tags! <cfg.extras.enforce_tags=True>
[2025-09-22 10:05:01,546][src.utils.utils][WARNING] - [rank: 0] Config loss was not found in the config tree. Make sure this is expected.
[2025-09-22 10:05:04,547][src.utils.utils][INFO] - [rank: 0] Printing config tree with Rich! <cfg.extras.print_config=True>
[2025-09-22 10:05:04,551][src.utils.launcher_utils][INFO] - [rank: 0] Instantiating datamodule <src.data.loading.datamodules.sequence_datamodule.ItemDataModule>
[2025-09-22 10:05:04,771][src.utils.launcher_utils][INFO] - [rank: 0] Instantiating model <src.modules.clustering.residual_quantization.ResidualQuantization>
[2025-09-22 10:05:05,106][root][INFO] - Device cpu: Verbose mode enabled
[2025-09-22 10:05:05,118][root][INFO] - Device cpu: Using custom training loop function
[2025-09-22 10:05:05,130][src.utils.launcher_utils][INFO] - [rank: 0] Instantiating callbacks...
[2025-09-22 10:05:05,130][src.utils.instantiators][INFO] - [rank: 0] Instantiating callback <src.utils.inference_utils.LocalPickleWriter>
[2025-09-22 10:05:05,360][src.utils.launcher_utils][INFO] - [rank: 0] Instantiating loggers...
[2025-09-22 10:05:05,360][src.utils.instantiators][INFO] - [rank: 0] Instantiating logger <lightning.pytorch.loggers.csv_logs.CSVLogger>
[2025-09-22 10:05:05,363][src.utils.launcher_utils][INFO] - [rank: 0] Instantiating trainer <lightning.pytorch.trainer.Trainer>
[2025-09-22 10:05:05,448][pytorch_lightning.utilities.rank_zero][INFO] - Using bfloat16 Automatic Mixed Precision (AMP)
[2025-09-22 10:05:05,486][pytorch_lightning.utilities.rank_zero][INFO] - GPU available: True (cuda), used: True
[2025-09-22 10:05:05,487][pytorch_lightning.utilities.rank_zero][INFO] - TPU available: False, using: 0 TPU cores
[2025-09-22 10:05:05,487][pytorch_lightning.utilities.rank_zero][INFO] - HPU available: False, using: 0 HPUs
[2025-09-22 10:05:05,487][src.utils.launcher_utils][INFO] - [rank: 0] Logging hyperparameters!
[2025-09-22 10:05:05,714][__main__][INFO] - [rank: 0] Starting inference!
[2025-09-22 10:05:05,840][pytorch_lightning.utilities.rank_zero][INFO] - You are using a CUDA device ('NVIDIA A800 80GB PCIe') that has Tensor Cores. To properly utilize them, you should set `torch.set_float32_matmul_precision('medium' | 'high')` which will trade-off precision for performance. For more details, read https://pytorch.org/docs/stable/generated/torch.set_float32_matmul_precision.html#torch.set_float32_matmul_precision
[2025-09-22 10:05:23,914][root][INFO] - Device cpu: Verbose mode enabled
[2025-09-22 10:05:23,927][root][INFO] - Device cpu: Using custom training loop function
[2025-09-22 10:05:24,450][pytorch_lightning.utilities.rank_zero][INFO] - ----------------------------------------------------------------------------------------------------
distributed_backend=nccl
All distributed processes registered. Starting with 2 processes
----------------------------------------------------------------------------------------------------

[2025-09-22 10:05:25,738][src.utils.inference_utils][INFO] - Rank 1 initialized for inference.
[2025-09-22 10:05:25,739][src.utils.inference_utils][INFO] - Rank 0 initialized for inference.
[2025-09-22 10:05:25,740][pytorch_lightning.utilities.rank_zero][INFO] - Restoring states from the checkpoint path at /data/mhwang/Rec/GRID/logs/train/runs/2025-09-22/08-50-06/checkpoints/checkpoint_000_003000.ckpt
[2025-09-22 10:05:26,675][pytorch_lightning.utilities.rank_zero][INFO] - Loaded model weights from the checkpoint at /data/mhwang/Rec/GRID/logs/train/runs/2025-09-22/08-50-06/checkpoints/checkpoint_000_003000.ckpt
[2025-09-22 10:05:36,120][src.utils.inference_utils][INFO] - Global Rank: 1 wrote 5780 rows to /data/mhwang/Rec/GRID/logs/inference/runs/2025-09-22/10-05-01/pickle/predictions_1_20250922T020536113.pkl.
[2025-09-22 10:05:36,123][src.utils.inference_utils][INFO] - Rank 1 finished writing predictions.
[2025-09-22 10:05:36,738][src.utils.inference_utils][INFO] - Global Rank: 0 wrote 6144 rows to /data/mhwang/Rec/GRID/logs/inference/runs/2025-09-22/10-05-01/pickle/predictions_0_20250922T020536729.pkl.
[2025-09-22 10:05:36,741][src.utils.inference_utils][INFO] - Rank 0 finished writing predictions.
[2025-09-22 10:05:36,742][src.utils.inference_utils][INFO] - Merging pickle files on main process.
[2025-09-22 10:05:36,778][src.utils.inference_utils][INFO] - Merged 11924 rows into merged_predictions.pkl.
[2025-09-22 10:05:36,940][src.utils.inference_utils][INFO] - Merged 11924 rows into merged_predictions_tensor.pt. as pytorch tensor
