[2025-10-29 23:40:40,305][src.utils.utils][INFO] - [rank: 0] Enforcing tags! <cfg.extras.enforce_tags=True>
[2025-10-29 23:40:40,310][src.utils.utils][INFO] - [rank: 0] Printing config tree with Rich! <cfg.extras.print_config=True>
[2025-10-29 23:40:40,310][src.utils.restart_job][INFO] - [rank: 0] should_skip_retry set to True. Skipping retry logic.
[2025-10-29 23:40:40,313][src.utils.launcher_utils][INFO] - [rank: 0] Instantiating datamodule <src.data.loading.datamodules.sequence_datamodule.SequenceDataModule>
[2025-10-29 23:40:40,381][src.utils.launcher_utils][INFO] - [rank: 0] Instantiating model <src.models.modules.semantic_id.tiger_generation_model.SemanticIDEncoderDecoder>
[2025-10-29 23:40:40,564][src.models.modules.semantic_id.tiger_generation_model][INFO] - [rank: 0] i am here
[2025-10-29 23:40:40,803][src.utils.launcher_utils][INFO] - [rank: 0] Instantiating callbacks...
[2025-10-29 23:40:40,804][src.utils.instantiators][INFO] - [rank: 0] Instantiating callback <lightning.pytorch.callbacks.ModelCheckpoint>
[2025-10-29 23:40:40,807][src.utils.instantiators][INFO] - [rank: 0] Instantiating callback <lightning.pytorch.callbacks.EarlyStopping>
[2025-10-29 23:40:40,808][src.utils.instantiators][INFO] - [rank: 0] Instantiating callback <lightning.pytorch.callbacks.RichModelSummary>
[2025-10-29 23:40:40,809][src.utils.instantiators][INFO] - [rank: 0] Instantiating callback <src.utils.restart_job.RestartAndLoadCheckpointCallback>
[2025-10-29 23:40:40,811][src.utils.restart_job_utils][INFO] - [rank: 0] Trying to load metadata from /data/mhwang/Rec/GRID/logs/train/runs/2025-10-29/23-40-40/metadata/restart_metadata.json
[2025-10-29 23:40:40,811][src.utils.restart_job_utils][WARNING] - [rank: 0] Metadata file not found at /data/mhwang/Rec/GRID/logs/train/runs/2025-10-29/23-40-40/metadata/restart_metadata.json. Creating empty metadata.
[2025-10-29 23:40:40,811][src.utils.restart_job_utils][INFO] - [rank: 0] Saving metadata to /data/mhwang/Rec/GRID/logs/train/runs/2025-10-29/23-40-40/metadata/restart_metadata.json. {'start_time': '2025-10-29T23:40:40.811430', 'restarts': [], 'current_run': 0, 'used_ports': [], 'world_size': 0, 'node_rank': 0, 'master_addr': '', 'original_args': ['/data/mhwang/Rec/GRID/src/train.py', 'experiment=tiger_train_flat', 'data_dir=/data/mhwang/Rec/GRID/amazon_data/beauty', 'semantic_id_path=/data/mhwang/Rec/GRID/logs/inference/runs/2025-09-21/16-36-33/pickle/merged_predictions_tensor.pt', 'num_hierarchies=4', '++should_skip_retry=True']}
[2025-10-29 23:40:40,811][src.utils.launcher_utils][INFO] - [rank: 0] Instantiating loggers...
[2025-10-29 23:40:40,812][src.utils.instantiators][INFO] - [rank: 0] Instantiating logger <lightning.pytorch.loggers.csv_logs.CSVLogger>
[2025-10-29 23:40:40,813][src.utils.launcher_utils][INFO] - [rank: 0] Instantiating trainer <lightning.pytorch.trainer.Trainer>
[2025-10-29 23:40:40,814][src.utils.restart_job_utils][INFO] - [rank: 0] Trying to load metadata from /data/mhwang/Rec/GRID/logs/train/runs/2025-10-29/23-40-40/metadata/restart_metadata.json
[2025-10-29 23:40:40,814][src.utils.restart_job_utils][INFO] - [rank: 0] Metadata loaded successfully from /data/mhwang/Rec/GRID/logs/train/runs/2025-10-29/23-40-40/metadata/restart_metadata.json
[2025-10-29 23:40:40,815][src.utils.restart_job_utils][INFO] - [rank: 0] Retrieved current_run: 0 from metadata /data/mhwang/Rec/GRID/logs/train/runs/2025-10-29/23-40-40/metadata/restart_metadata.json
[2025-10-29 23:40:40,948][src.utils.launcher_utils][INFO] - [rank: 0] Logging hyperparameters!
[2025-10-29 23:40:41,139][__main__][INFO] - [rank: 0] Starting training!
[2025-10-29 23:40:44,163][src.utils.restart_job_utils][INFO] - [rank: 0] Saving metadata to /data/mhwang/Rec/GRID/logs/train/runs/2025-10-29/23-40-40/metadata/restart_metadata.json. {'start_time': '2025-10-29T23:40:40.811430', 'restarts': [], 'current_run': 0, 'used_ports': ['55455'], 'world_size': 1, 'node_rank': 0, 'master_addr': '127.0.0.1', 'original_args': ['/data/mhwang/Rec/GRID/src/train.py', 'experiment=tiger_train_flat', 'data_dir=/data/mhwang/Rec/GRID/amazon_data/beauty', 'semantic_id_path=/data/mhwang/Rec/GRID/logs/inference/runs/2025-09-21/16-36-33/pickle/merged_predictions_tensor.pt', 'num_hierarchies=4', '++should_skip_retry=True']}
[2025-10-30 11:34:01,316][__main__][INFO] - [rank: 0] Starting testing!
[2025-10-30 11:37:25,090][__main__][INFO] - [rank: 0] Best ckpt path: /data/mhwang/Rec/GRID/logs/train/runs/2025-10-29/23-40-40/checkpoints/checkpoint_epoch=000_step=007600.ckpt
[2025-10-30 11:37:25,095][__main__][INFO] - [rank: 0] Metrics: {'train/loss': tensor(7.9397), 'train/loss_step': tensor(5.3051), 'val/loss': tensor(9.4176), 'val/ndcg@5': tensor(0.0397), 'val/ndcg@10': tensor(0.0465), 'val/recall@5': tensor(0.0564), 'val/recall@10': tensor(0.0773), 'train/loss_epoch': tensor(7.9397), 'test/loss': tensor(9.8754), 'test/ndcg@5': tensor(0.0270), 'test/ndcg@10': tensor(0.0329), 'test/recall@5': tensor(0.0390), 'test/recall@10': tensor(0.0576)}
