[2025-09-22 08:44:16,664][src.utils.utils][INFO] - [rank: 0] Enforcing tags! <cfg.extras.enforce_tags=True>
[2025-09-22 08:44:16,669][src.utils.utils][WARNING] - [rank: 0] Config loss was not found in the config tree. Make sure this is expected.
[2025-09-22 08:44:16,670][src.utils.utils][WARNING] - [rank: 0] Config optim was not found in the config tree. Make sure this is expected.
[2025-09-22 08:44:16,670][src.utils.utils][WARNING] - [rank: 0] Config eval was not found in the config tree. Make sure this is expected.
[2025-09-22 08:44:19,670][src.utils.utils][INFO] - [rank: 0] Printing config tree with Rich! <cfg.extras.print_config=True>
[2025-09-22 08:44:19,676][src.utils.launcher_utils][INFO] - [rank: 0] Instantiating datamodule <src.data.loading.datamodules.sequence_datamodule.ItemDataModule>
[2025-09-22 08:44:20,240][src.utils.launcher_utils][INFO] - [rank: 0] Instantiating model <src.modules.semantic_embedding_inference_module.SemanticEmbeddingInferenceModule>
[2025-09-22 08:44:46,662][src.utils.launcher_utils][INFO] - [rank: 0] Instantiating callbacks...
[2025-09-22 08:44:46,663][src.utils.instantiators][INFO] - [rank: 0] Instantiating callback <src.utils.inference_utils.LocalPickleWriter>
[2025-09-22 08:44:46,797][src.utils.launcher_utils][INFO] - [rank: 0] Instantiating loggers...
[2025-09-22 08:44:46,797][src.utils.instantiators][INFO] - [rank: 0] Instantiating logger <lightning.pytorch.loggers.csv_logs.CSVLogger>
[2025-09-22 08:44:46,799][src.utils.launcher_utils][INFO] - [rank: 0] Instantiating trainer <lightning.pytorch.trainer.Trainer>
[2025-09-22 08:44:46,912][src.utils.launcher_utils][INFO] - [rank: 0] Logging hyperparameters!
[2025-09-22 08:44:47,035][__main__][INFO] - [rank: 0] Starting inference!
[2025-09-22 08:44:47,036][__main__][WARNING] - [rank: 0] No ckpt_path was provided. If using a model you trained, this is mandatory. Only leave ckpt_path=None if using a pre-trained model.
[2025-09-22 08:45:28,174][src.utils.inference_utils][INFO] - Rank 1 initialized for inference.
[2025-09-22 08:45:28,175][src.utils.inference_utils][INFO] - Rank 0 initialized for inference.
[2025-09-22 08:45:36,120][src.utils.inference_utils][INFO] - Global Rank: 0 wrote 64 rows to /data/mhwang/Rec/GRID/logs/inference/runs/2025-09-22/08-44-16/pickle/predictions_0_20250922T004536104.pkl.
[2025-09-22 08:45:36,928][src.utils.inference_utils][INFO] - Global Rank: 1 wrote 64 rows to /data/mhwang/Rec/GRID/logs/inference/runs/2025-09-22/08-44-16/pickle/predictions_1_20250922T004536902.pkl.
[2025-09-22 08:45:37,855][src.utils.inference_utils][INFO] - Global Rank: 0 wrote 64 rows to /data/mhwang/Rec/GRID/logs/inference/runs/2025-09-22/08-44-16/pickle/predictions_0_20250922T004537839.pkl.
[2025-09-22 08:45:38,703][src.utils.inference_utils][INFO] - Global Rank: 1 wrote 64 rows to /data/mhwang/Rec/GRID/logs/inference/runs/2025-09-22/08-44-16/pickle/predictions_1_20250922T004538684.pkl.
[2025-09-22 08:45:40,188][src.utils.inference_utils][INFO] - Global Rank: 1 wrote 64 rows to /data/mhwang/Rec/GRID/logs/inference/runs/2025-09-22/08-44-16/pickle/predictions_1_20250922T004540170.pkl.
[2025-09-22 08:45:40,404][src.utils.inference_utils][INFO] - Global Rank: 0 wrote 64 rows to /data/mhwang/Rec/GRID/logs/inference/runs/2025-09-22/08-44-16/pickle/predictions_0_20250922T004540385.pkl.
[2025-09-22 08:45:42,071][src.utils.inference_utils][INFO] - Global Rank: 1 wrote 64 rows to /data/mhwang/Rec/GRID/logs/inference/runs/2025-09-22/08-44-16/pickle/predictions_1_20250922T004542053.pkl.
[2025-09-22 08:45:42,292][src.utils.inference_utils][INFO] - Global Rank: 0 wrote 64 rows to /data/mhwang/Rec/GRID/logs/inference/runs/2025-09-22/08-44-16/pickle/predictions_0_20250922T004542275.pkl.
[2025-09-22 08:45:43,759][src.utils.inference_utils][INFO] - Global Rank: 0 wrote 64 rows to /data/mhwang/Rec/GRID/logs/inference/runs/2025-09-22/08-44-16/pickle/predictions_0_20250922T004543742.pkl.
[2025-09-22 08:45:45,149][src.utils.inference_utils][INFO] - Global Rank: 1 wrote 64 rows to /data/mhwang/Rec/GRID/logs/inference/runs/2025-09-22/08-44-16/pickle/predictions_1_20250922T004545131.pkl.
[2025-09-22 08:45:45,223][src.utils.inference_utils][INFO] - Global Rank: 0 wrote 64 rows to /data/mhwang/Rec/GRID/logs/inference/runs/2025-09-22/08-44-16/pickle/predictions_0_20250922T004545207.pkl.
[2025-09-22 08:45:46,686][src.utils.inference_utils][INFO] - Global Rank: 0 wrote 64 rows to /data/mhwang/Rec/GRID/logs/inference/runs/2025-09-22/08-44-16/pickle/predictions_0_20250922T004546670.pkl.
[2025-09-22 08:45:48,150][src.utils.inference_utils][INFO] - Global Rank: 0 wrote 64 rows to /data/mhwang/Rec/GRID/logs/inference/runs/2025-09-22/08-44-16/pickle/predictions_0_20250922T004548132.pkl.
[2025-09-22 08:45:48,236][src.utils.inference_utils][INFO] - Global Rank: 1 wrote 64 rows to /data/mhwang/Rec/GRID/logs/inference/runs/2025-09-22/08-44-16/pickle/predictions_1_20250922T004548217.pkl.
[2025-09-22 08:45:49,613][src.utils.inference_utils][INFO] - Global Rank: 0 wrote 64 rows to /data/mhwang/Rec/GRID/logs/inference/runs/2025-09-22/08-44-16/pickle/predictions_0_20250922T004549597.pkl.
[2025-09-22 08:45:51,078][src.utils.inference_utils][INFO] - Global Rank: 0 wrote 64 rows to /data/mhwang/Rec/GRID/logs/inference/runs/2025-09-22/08-44-16/pickle/predictions_0_20250922T004551063.pkl.
[2025-09-22 08:45:51,327][src.utils.inference_utils][INFO] - Global Rank: 1 wrote 64 rows to /data/mhwang/Rec/GRID/logs/inference/runs/2025-09-22/08-44-16/pickle/predictions_1_20250922T004551306.pkl.
[2025-09-22 08:45:52,651][src.utils.inference_utils][INFO] - Global Rank: 0 wrote 64 rows to /data/mhwang/Rec/GRID/logs/inference/runs/2025-09-22/08-44-16/pickle/predictions_0_20250922T004552635.pkl.
[2025-09-22 08:45:53,524][src.utils.inference_utils][INFO] - Global Rank: 1 wrote 64 rows to /data/mhwang/Rec/GRID/logs/inference/runs/2025-09-22/08-44-16/pickle/predictions_1_20250922T004553504.pkl.
[2025-09-22 08:45:54,542][src.utils.inference_utils][INFO] - Global Rank: 0 wrote 64 rows to /data/mhwang/Rec/GRID/logs/inference/runs/2025-09-22/08-44-16/pickle/predictions_0_20250922T004554526.pkl.
[2025-09-22 08:45:55,210][src.utils.inference_utils][INFO] - Global Rank: 1 wrote 64 rows to /data/mhwang/Rec/GRID/logs/inference/runs/2025-09-22/08-44-16/pickle/predictions_1_20250922T004555192.pkl.
[2025-09-22 08:45:56,666][src.utils.inference_utils][INFO] - Global Rank: 1 wrote 64 rows to /data/mhwang/Rec/GRID/logs/inference/runs/2025-09-22/08-44-16/pickle/predictions_1_20250922T004556648.pkl.
[2025-09-22 08:45:57,329][src.utils.inference_utils][INFO] - Global Rank: 0 wrote 64 rows to /data/mhwang/Rec/GRID/logs/inference/runs/2025-09-22/08-44-16/pickle/predictions_0_20250922T004557313.pkl.
[2025-09-22 08:45:58,805][src.utils.inference_utils][INFO] - Global Rank: 0 wrote 64 rows to /data/mhwang/Rec/GRID/logs/inference/runs/2025-09-22/08-44-16/pickle/predictions_0_20250922T004558780.pkl.
[2025-09-22 08:45:59,100][src.utils.inference_utils][INFO] - Global Rank: 1 wrote 64 rows to /data/mhwang/Rec/GRID/logs/inference/runs/2025-09-22/08-44-16/pickle/predictions_1_20250922T004559082.pkl.
[2025-09-22 08:46:00,274][src.utils.inference_utils][INFO] - Global Rank: 0 wrote 64 rows to /data/mhwang/Rec/GRID/logs/inference/runs/2025-09-22/08-44-16/pickle/predictions_0_20250922T004600259.pkl.
[2025-09-22 08:46:01,743][src.utils.inference_utils][INFO] - Global Rank: 0 wrote 64 rows to /data/mhwang/Rec/GRID/logs/inference/runs/2025-09-22/08-44-16/pickle/predictions_0_20250922T004601726.pkl.
[2025-09-22 08:46:02,181][src.utils.inference_utils][INFO] - Global Rank: 1 wrote 64 rows to /data/mhwang/Rec/GRID/logs/inference/runs/2025-09-22/08-44-16/pickle/predictions_1_20250922T004602163.pkl.
[2025-09-22 08:46:03,206][src.utils.inference_utils][INFO] - Global Rank: 0 wrote 64 rows to /data/mhwang/Rec/GRID/logs/inference/runs/2025-09-22/08-44-16/pickle/predictions_0_20250922T004603190.pkl.
[2025-09-22 08:46:04,669][src.utils.inference_utils][INFO] - Global Rank: 0 wrote 64 rows to /data/mhwang/Rec/GRID/logs/inference/runs/2025-09-22/08-44-16/pickle/predictions_0_20250922T004604653.pkl.
[2025-09-22 08:46:05,254][src.utils.inference_utils][INFO] - Global Rank: 1 wrote 64 rows to /data/mhwang/Rec/GRID/logs/inference/runs/2025-09-22/08-44-16/pickle/predictions_1_20250922T004605236.pkl.
[2025-09-22 08:46:06,137][src.utils.inference_utils][INFO] - Global Rank: 0 wrote 64 rows to /data/mhwang/Rec/GRID/logs/inference/runs/2025-09-22/08-44-16/pickle/predictions_0_20250922T004606121.pkl.
[2025-09-22 08:46:07,604][src.utils.inference_utils][INFO] - Global Rank: 0 wrote 64 rows to /data/mhwang/Rec/GRID/logs/inference/runs/2025-09-22/08-44-16/pickle/predictions_0_20250922T004607588.pkl.
[2025-09-22 08:46:08,255][src.utils.inference_utils][INFO] - Global Rank: 1 wrote 64 rows to /data/mhwang/Rec/GRID/logs/inference/runs/2025-09-22/08-44-16/pickle/predictions_1_20250922T004608231.pkl.
[2025-09-22 08:46:09,386][src.utils.inference_utils][INFO] - Global Rank: 0 wrote 64 rows to /data/mhwang/Rec/GRID/logs/inference/runs/2025-09-22/08-44-16/pickle/predictions_0_20250922T004609367.pkl.
[2025-09-22 08:46:10,039][src.utils.inference_utils][INFO] - Global Rank: 1 wrote 64 rows to /data/mhwang/Rec/GRID/logs/inference/runs/2025-09-22/08-44-16/pickle/predictions_1_20250922T004610021.pkl.
[2025-09-22 08:46:11,634][src.utils.inference_utils][INFO] - Global Rank: 1 wrote 64 rows to /data/mhwang/Rec/GRID/logs/inference/runs/2025-09-22/08-44-16/pickle/predictions_1_20250922T004611616.pkl.
[2025-09-22 08:46:11,652][src.utils.inference_utils][INFO] - Global Rank: 0 wrote 64 rows to /data/mhwang/Rec/GRID/logs/inference/runs/2025-09-22/08-44-16/pickle/predictions_0_20250922T004611634.pkl.
[2025-09-22 08:46:13,094][src.utils.inference_utils][INFO] - Global Rank: 1 wrote 64 rows to /data/mhwang/Rec/GRID/logs/inference/runs/2025-09-22/08-44-16/pickle/predictions_1_20250922T004613076.pkl.
[2025-09-22 08:46:14,236][src.utils.inference_utils][INFO] - Global Rank: 0 wrote 64 rows to /data/mhwang/Rec/GRID/logs/inference/runs/2025-09-22/08-44-16/pickle/predictions_0_20250922T004614220.pkl.
[2025-09-22 08:46:15,355][src.utils.inference_utils][INFO] - Global Rank: 1 wrote 64 rows to /data/mhwang/Rec/GRID/logs/inference/runs/2025-09-22/08-44-16/pickle/predictions_1_20250922T004615337.pkl.
[2025-09-22 08:46:15,709][src.utils.inference_utils][INFO] - Global Rank: 0 wrote 64 rows to /data/mhwang/Rec/GRID/logs/inference/runs/2025-09-22/08-44-16/pickle/predictions_0_20250922T004615693.pkl.
[2025-09-22 08:46:17,182][src.utils.inference_utils][INFO] - Global Rank: 0 wrote 64 rows to /data/mhwang/Rec/GRID/logs/inference/runs/2025-09-22/08-44-16/pickle/predictions_0_20250922T004617164.pkl.
[2025-09-22 08:46:18,441][src.utils.inference_utils][INFO] - Global Rank: 1 wrote 64 rows to /data/mhwang/Rec/GRID/logs/inference/runs/2025-09-22/08-44-16/pickle/predictions_1_20250922T004618423.pkl.
[2025-09-22 08:46:18,651][src.utils.inference_utils][INFO] - Global Rank: 0 wrote 64 rows to /data/mhwang/Rec/GRID/logs/inference/runs/2025-09-22/08-44-16/pickle/predictions_0_20250922T004618636.pkl.
[2025-09-22 08:46:20,121][src.utils.inference_utils][INFO] - Global Rank: 0 wrote 64 rows to /data/mhwang/Rec/GRID/logs/inference/runs/2025-09-22/08-44-16/pickle/predictions_0_20250922T004620105.pkl.
[2025-09-22 08:46:21,513][src.utils.inference_utils][INFO] - Global Rank: 1 wrote 64 rows to /data/mhwang/Rec/GRID/logs/inference/runs/2025-09-22/08-44-16/pickle/predictions_1_20250922T004621496.pkl.
[2025-09-22 08:46:21,601][src.utils.inference_utils][INFO] - Global Rank: 0 wrote 64 rows to /data/mhwang/Rec/GRID/logs/inference/runs/2025-09-22/08-44-16/pickle/predictions_0_20250922T004621585.pkl.
[2025-09-22 08:46:23,075][src.utils.inference_utils][INFO] - Global Rank: 0 wrote 64 rows to /data/mhwang/Rec/GRID/logs/inference/runs/2025-09-22/08-44-16/pickle/predictions_0_20250922T004623058.pkl.
[2025-09-22 08:46:24,186][src.utils.inference_utils][INFO] - Global Rank: 1 wrote 64 rows to /data/mhwang/Rec/GRID/logs/inference/runs/2025-09-22/08-44-16/pickle/predictions_1_20250922T004624167.pkl.
[2025-09-22 08:46:24,789][src.utils.inference_utils][INFO] - Global Rank: 0 wrote 64 rows to /data/mhwang/Rec/GRID/logs/inference/runs/2025-09-22/08-44-16/pickle/predictions_0_20250922T004624773.pkl.
[2025-09-22 08:46:25,919][src.utils.inference_utils][INFO] - Global Rank: 1 wrote 64 rows to /data/mhwang/Rec/GRID/logs/inference/runs/2025-09-22/08-44-16/pickle/predictions_1_20250922T004625897.pkl.
[2025-09-22 08:46:27,025][src.utils.inference_utils][INFO] - Global Rank: 0 wrote 64 rows to /data/mhwang/Rec/GRID/logs/inference/runs/2025-09-22/08-44-16/pickle/predictions_0_20250922T004627009.pkl.
[2025-09-22 08:46:27,409][src.utils.inference_utils][INFO] - Global Rank: 1 wrote 64 rows to /data/mhwang/Rec/GRID/logs/inference/runs/2025-09-22/08-44-16/pickle/predictions_1_20250922T004627382.pkl.
[2025-09-22 08:46:28,875][src.utils.inference_utils][INFO] - Global Rank: 1 wrote 64 rows to /data/mhwang/Rec/GRID/logs/inference/runs/2025-09-22/08-44-16/pickle/predictions_1_20250922T004628855.pkl.
[2025-09-22 08:46:29,827][src.utils.inference_utils][INFO] - Global Rank: 0 wrote 64 rows to /data/mhwang/Rec/GRID/logs/inference/runs/2025-09-22/08-44-16/pickle/predictions_0_20250922T004629810.pkl.
[2025-09-22 08:46:31,134][src.utils.inference_utils][INFO] - Global Rank: 1 wrote 64 rows to /data/mhwang/Rec/GRID/logs/inference/runs/2025-09-22/08-44-16/pickle/predictions_1_20250922T004631117.pkl.
[2025-09-22 08:46:31,302][src.utils.inference_utils][INFO] - Global Rank: 0 wrote 64 rows to /data/mhwang/Rec/GRID/logs/inference/runs/2025-09-22/08-44-16/pickle/predictions_0_20250922T004631286.pkl.
[2025-09-22 08:46:32,775][src.utils.inference_utils][INFO] - Global Rank: 0 wrote 64 rows to /data/mhwang/Rec/GRID/logs/inference/runs/2025-09-22/08-44-16/pickle/predictions_0_20250922T004632759.pkl.
[2025-09-22 08:46:34,218][src.utils.inference_utils][INFO] - Global Rank: 1 wrote 64 rows to /data/mhwang/Rec/GRID/logs/inference/runs/2025-09-22/08-44-16/pickle/predictions_1_20250922T004634201.pkl.
[2025-09-22 08:46:34,253][src.utils.inference_utils][INFO] - Global Rank: 0 wrote 64 rows to /data/mhwang/Rec/GRID/logs/inference/runs/2025-09-22/08-44-16/pickle/predictions_0_20250922T004634236.pkl.
[2025-09-22 08:46:35,726][src.utils.inference_utils][INFO] - Global Rank: 0 wrote 64 rows to /data/mhwang/Rec/GRID/logs/inference/runs/2025-09-22/08-44-16/pickle/predictions_0_20250922T004635710.pkl.
[2025-09-22 08:46:37,202][src.utils.inference_utils][INFO] - Global Rank: 0 wrote 64 rows to /data/mhwang/Rec/GRID/logs/inference/runs/2025-09-22/08-44-16/pickle/predictions_0_20250922T004637186.pkl.
[2025-09-22 08:46:37,291][src.utils.inference_utils][INFO] - Global Rank: 1 wrote 64 rows to /data/mhwang/Rec/GRID/logs/inference/runs/2025-09-22/08-44-16/pickle/predictions_1_20250922T004637274.pkl.
[2025-09-22 08:46:38,677][src.utils.inference_utils][INFO] - Global Rank: 0 wrote 64 rows to /data/mhwang/Rec/GRID/logs/inference/runs/2025-09-22/08-44-16/pickle/predictions_0_20250922T004638661.pkl.
[2025-09-22 08:46:40,211][src.utils.inference_utils][INFO] - Global Rank: 1 wrote 64 rows to /data/mhwang/Rec/GRID/logs/inference/runs/2025-09-22/08-44-16/pickle/predictions_1_20250922T004640194.pkl.
[2025-09-22 08:46:40,241][src.utils.inference_utils][INFO] - Global Rank: 0 wrote 64 rows to /data/mhwang/Rec/GRID/logs/inference/runs/2025-09-22/08-44-16/pickle/predictions_0_20250922T004640225.pkl.
[2025-09-22 08:46:42,069][src.utils.inference_utils][INFO] - Global Rank: 0 wrote 64 rows to /data/mhwang/Rec/GRID/logs/inference/runs/2025-09-22/08-44-16/pickle/predictions_0_20250922T004642045.pkl.
[2025-09-22 08:46:42,192][src.utils.inference_utils][INFO] - Global Rank: 1 wrote 64 rows to /data/mhwang/Rec/GRID/logs/inference/runs/2025-09-22/08-44-16/pickle/predictions_1_20250922T004642174.pkl.
[2025-09-22 08:46:43,727][src.utils.inference_utils][INFO] - Global Rank: 1 wrote 64 rows to /data/mhwang/Rec/GRID/logs/inference/runs/2025-09-22/08-44-16/pickle/predictions_1_20250922T004643709.pkl.
[2025-09-22 08:46:44,748][src.utils.inference_utils][INFO] - Global Rank: 0 wrote 64 rows to /data/mhwang/Rec/GRID/logs/inference/runs/2025-09-22/08-44-16/pickle/predictions_0_20250922T004644731.pkl.
[2025-09-22 08:46:45,182][src.utils.inference_utils][INFO] - Global Rank: 1 wrote 64 rows to /data/mhwang/Rec/GRID/logs/inference/runs/2025-09-22/08-44-16/pickle/predictions_1_20250922T004645165.pkl.
[2025-09-22 08:46:46,636][src.utils.inference_utils][INFO] - Global Rank: 1 wrote 64 rows to /data/mhwang/Rec/GRID/logs/inference/runs/2025-09-22/08-44-16/pickle/predictions_1_20250922T004646619.pkl.
[2025-09-22 08:46:47,648][src.utils.inference_utils][INFO] - Global Rank: 0 wrote 64 rows to /data/mhwang/Rec/GRID/logs/inference/runs/2025-09-22/08-44-16/pickle/predictions_0_20250922T004647630.pkl.
[2025-09-22 08:46:48,743][src.utils.inference_utils][INFO] - Global Rank: 1 wrote 64 rows to /data/mhwang/Rec/GRID/logs/inference/runs/2025-09-22/08-44-16/pickle/predictions_1_20250922T004648727.pkl.
[2025-09-22 08:46:49,123][src.utils.inference_utils][INFO] - Global Rank: 0 wrote 64 rows to /data/mhwang/Rec/GRID/logs/inference/runs/2025-09-22/08-44-16/pickle/predictions_0_20250922T004649107.pkl.
[2025-09-22 08:46:50,606][src.utils.inference_utils][INFO] - Global Rank: 0 wrote 64 rows to /data/mhwang/Rec/GRID/logs/inference/runs/2025-09-22/08-44-16/pickle/predictions_0_20250922T004650590.pkl.
[2025-09-22 08:46:51,826][src.utils.inference_utils][INFO] - Global Rank: 1 wrote 64 rows to /data/mhwang/Rec/GRID/logs/inference/runs/2025-09-22/08-44-16/pickle/predictions_1_20250922T004651810.pkl.
[2025-09-22 08:46:52,080][src.utils.inference_utils][INFO] - Global Rank: 0 wrote 64 rows to /data/mhwang/Rec/GRID/logs/inference/runs/2025-09-22/08-44-16/pickle/predictions_0_20250922T004652064.pkl.
[2025-09-22 08:46:53,562][src.utils.inference_utils][INFO] - Global Rank: 0 wrote 64 rows to /data/mhwang/Rec/GRID/logs/inference/runs/2025-09-22/08-44-16/pickle/predictions_0_20250922T004653545.pkl.
[2025-09-22 08:46:54,902][src.utils.inference_utils][INFO] - Global Rank: 1 wrote 64 rows to /data/mhwang/Rec/GRID/logs/inference/runs/2025-09-22/08-44-16/pickle/predictions_1_20250922T004654886.pkl.
[2025-09-22 08:46:55,042][src.utils.inference_utils][INFO] - Global Rank: 0 wrote 64 rows to /data/mhwang/Rec/GRID/logs/inference/runs/2025-09-22/08-44-16/pickle/predictions_0_20250922T004655026.pkl.
[2025-09-22 08:46:56,523][src.utils.inference_utils][INFO] - Global Rank: 0 wrote 64 rows to /data/mhwang/Rec/GRID/logs/inference/runs/2025-09-22/08-44-16/pickle/predictions_0_20250922T004656507.pkl.
[2025-09-22 08:46:57,977][src.utils.inference_utils][INFO] - Global Rank: 1 wrote 64 rows to /data/mhwang/Rec/GRID/logs/inference/runs/2025-09-22/08-44-16/pickle/predictions_1_20250922T004657961.pkl.
[2025-09-22 08:46:58,009][src.utils.inference_utils][INFO] - Global Rank: 0 wrote 64 rows to /data/mhwang/Rec/GRID/logs/inference/runs/2025-09-22/08-44-16/pickle/predictions_0_20250922T004657993.pkl.
[2025-09-22 08:46:59,815][src.utils.inference_utils][INFO] - Global Rank: 0 wrote 64 rows to /data/mhwang/Rec/GRID/logs/inference/runs/2025-09-22/08-44-16/pickle/predictions_0_20250922T004659799.pkl.
[2025-09-22 08:47:00,084][src.utils.inference_utils][INFO] - Global Rank: 1 wrote 64 rows to /data/mhwang/Rec/GRID/logs/inference/runs/2025-09-22/08-44-16/pickle/predictions_1_20250922T004700068.pkl.
[2025-09-22 08:47:02,096][src.utils.inference_utils][INFO] - Global Rank: 0 wrote 64 rows to /data/mhwang/Rec/GRID/logs/inference/runs/2025-09-22/08-44-16/pickle/predictions_0_20250922T004702072.pkl.
[2025-09-22 08:47:02,239][src.utils.inference_utils][INFO] - Global Rank: 1 wrote 64 rows to /data/mhwang/Rec/GRID/logs/inference/runs/2025-09-22/08-44-16/pickle/predictions_1_20250922T004702221.pkl.
[2025-09-22 08:47:03,709][src.utils.inference_utils][INFO] - Global Rank: 1 wrote 64 rows to /data/mhwang/Rec/GRID/logs/inference/runs/2025-09-22/08-44-16/pickle/predictions_1_20250922T004703693.pkl.
[2025-09-22 08:47:04,722][src.utils.inference_utils][INFO] - Global Rank: 0 wrote 64 rows to /data/mhwang/Rec/GRID/logs/inference/runs/2025-09-22/08-44-16/pickle/predictions_0_20250922T004704705.pkl.
[2025-09-22 08:47:05,795][src.utils.inference_utils][INFO] - Global Rank: 1 wrote 64 rows to /data/mhwang/Rec/GRID/logs/inference/runs/2025-09-22/08-44-16/pickle/predictions_1_20250922T004705779.pkl.
[2025-09-22 08:47:06,204][src.utils.inference_utils][INFO] - Global Rank: 0 wrote 64 rows to /data/mhwang/Rec/GRID/logs/inference/runs/2025-09-22/08-44-16/pickle/predictions_0_20250922T004706188.pkl.
[2025-09-22 08:47:07,686][src.utils.inference_utils][INFO] - Global Rank: 0 wrote 64 rows to /data/mhwang/Rec/GRID/logs/inference/runs/2025-09-22/08-44-16/pickle/predictions_0_20250922T004707669.pkl.
[2025-09-22 08:47:08,867][src.utils.inference_utils][INFO] - Global Rank: 1 wrote 64 rows to /data/mhwang/Rec/GRID/logs/inference/runs/2025-09-22/08-44-16/pickle/predictions_1_20250922T004708850.pkl.
[2025-09-22 08:47:09,170][src.utils.inference_utils][INFO] - Global Rank: 0 wrote 64 rows to /data/mhwang/Rec/GRID/logs/inference/runs/2025-09-22/08-44-16/pickle/predictions_0_20250922T004709154.pkl.
[2025-09-22 08:47:10,653][src.utils.inference_utils][INFO] - Global Rank: 0 wrote 64 rows to /data/mhwang/Rec/GRID/logs/inference/runs/2025-09-22/08-44-16/pickle/predictions_0_20250922T004710636.pkl.
[2025-09-22 08:47:11,934][src.utils.inference_utils][INFO] - Global Rank: 1 wrote 64 rows to /data/mhwang/Rec/GRID/logs/inference/runs/2025-09-22/08-44-16/pickle/predictions_1_20250922T004711918.pkl.
[2025-09-22 08:47:12,145][src.utils.inference_utils][INFO] - Global Rank: 0 wrote 64 rows to /data/mhwang/Rec/GRID/logs/inference/runs/2025-09-22/08-44-16/pickle/predictions_0_20250922T004712129.pkl.
[2025-09-22 08:47:13,634][src.utils.inference_utils][INFO] - Global Rank: 0 wrote 64 rows to /data/mhwang/Rec/GRID/logs/inference/runs/2025-09-22/08-44-16/pickle/predictions_0_20250922T004713618.pkl.
[2025-09-22 08:47:14,514][src.utils.inference_utils][INFO] - Global Rank: 1 wrote 64 rows to /data/mhwang/Rec/GRID/logs/inference/runs/2025-09-22/08-44-16/pickle/predictions_1_20250922T004714498.pkl.
[2025-09-22 08:47:15,476][src.utils.inference_utils][INFO] - Global Rank: 0 wrote 64 rows to /data/mhwang/Rec/GRID/logs/inference/runs/2025-09-22/08-44-16/pickle/predictions_0_20250922T004715460.pkl.
[2025-09-22 08:47:16,259][src.utils.inference_utils][INFO] - Global Rank: 1 wrote 64 rows to /data/mhwang/Rec/GRID/logs/inference/runs/2025-09-22/08-44-16/pickle/predictions_1_20250922T004716242.pkl.
[2025-09-22 08:47:17,725][src.utils.inference_utils][INFO] - Global Rank: 1 wrote 64 rows to /data/mhwang/Rec/GRID/logs/inference/runs/2025-09-22/08-44-16/pickle/predictions_1_20250922T004717708.pkl.
[2025-09-22 08:47:18,084][src.utils.inference_utils][INFO] - Global Rank: 0 wrote 64 rows to /data/mhwang/Rec/GRID/logs/inference/runs/2025-09-22/08-44-16/pickle/predictions_0_20250922T004718068.pkl.
[2025-09-22 08:47:19,188][src.utils.inference_utils][INFO] - Global Rank: 1 wrote 64 rows to /data/mhwang/Rec/GRID/logs/inference/runs/2025-09-22/08-44-16/pickle/predictions_1_20250922T004719172.pkl.
[2025-09-22 08:47:20,380][src.utils.inference_utils][INFO] - Global Rank: 0 wrote 64 rows to /data/mhwang/Rec/GRID/logs/inference/runs/2025-09-22/08-44-16/pickle/predictions_0_20250922T004720364.pkl.
[2025-09-22 08:47:21,703][src.utils.inference_utils][INFO] - Global Rank: 1 wrote 64 rows to /data/mhwang/Rec/GRID/logs/inference/runs/2025-09-22/08-44-16/pickle/predictions_1_20250922T004721687.pkl.
[2025-09-22 08:47:21,860][src.utils.inference_utils][INFO] - Global Rank: 0 wrote 64 rows to /data/mhwang/Rec/GRID/logs/inference/runs/2025-09-22/08-44-16/pickle/predictions_0_20250922T004721844.pkl.
[2025-09-22 08:47:23,345][src.utils.inference_utils][INFO] - Global Rank: 0 wrote 64 rows to /data/mhwang/Rec/GRID/logs/inference/runs/2025-09-22/08-44-16/pickle/predictions_0_20250922T004723328.pkl.
[2025-09-22 08:47:24,775][src.utils.inference_utils][INFO] - Global Rank: 1 wrote 64 rows to /data/mhwang/Rec/GRID/logs/inference/runs/2025-09-22/08-44-16/pickle/predictions_1_20250922T004724759.pkl.
[2025-09-22 08:47:24,830][src.utils.inference_utils][INFO] - Global Rank: 0 wrote 64 rows to /data/mhwang/Rec/GRID/logs/inference/runs/2025-09-22/08-44-16/pickle/predictions_0_20250922T004724814.pkl.
[2025-09-22 08:47:26,316][src.utils.inference_utils][INFO] - Global Rank: 0 wrote 64 rows to /data/mhwang/Rec/GRID/logs/inference/runs/2025-09-22/08-44-16/pickle/predictions_0_20250922T004726300.pkl.
[2025-09-22 08:47:27,802][src.utils.inference_utils][INFO] - Global Rank: 0 wrote 64 rows to /data/mhwang/Rec/GRID/logs/inference/runs/2025-09-22/08-44-16/pickle/predictions_0_20250922T004727786.pkl.
[2025-09-22 08:47:27,852][src.utils.inference_utils][INFO] - Global Rank: 1 wrote 64 rows to /data/mhwang/Rec/GRID/logs/inference/runs/2025-09-22/08-44-16/pickle/predictions_1_20250922T004727836.pkl.
[2025-09-22 08:47:29,737][src.utils.inference_utils][INFO] - Global Rank: 0 wrote 64 rows to /data/mhwang/Rec/GRID/logs/inference/runs/2025-09-22/08-44-16/pickle/predictions_0_20250922T004729721.pkl.
[2025-09-22 08:47:29,745][src.utils.inference_utils][INFO] - Global Rank: 1 wrote 64 rows to /data/mhwang/Rec/GRID/logs/inference/runs/2025-09-22/08-44-16/pickle/predictions_1_20250922T004729729.pkl.
[2025-09-22 08:47:31,452][src.utils.inference_utils][INFO] - Global Rank: 1 wrote 64 rows to /data/mhwang/Rec/GRID/logs/inference/runs/2025-09-22/08-44-16/pickle/predictions_1_20250922T004731434.pkl.
[2025-09-22 08:47:32,008][src.utils.inference_utils][INFO] - Global Rank: 0 wrote 64 rows to /data/mhwang/Rec/GRID/logs/inference/runs/2025-09-22/08-44-16/pickle/predictions_0_20250922T004731992.pkl.
[2025-09-22 08:47:32,924][src.utils.inference_utils][INFO] - Global Rank: 1 wrote 64 rows to /data/mhwang/Rec/GRID/logs/inference/runs/2025-09-22/08-44-16/pickle/predictions_1_20250922T004732908.pkl.
[2025-09-22 08:47:34,394][src.utils.inference_utils][INFO] - Global Rank: 1 wrote 64 rows to /data/mhwang/Rec/GRID/logs/inference/runs/2025-09-22/08-44-16/pickle/predictions_1_20250922T004734378.pkl.
[2025-09-22 08:47:34,817][src.utils.inference_utils][INFO] - Global Rank: 0 wrote 64 rows to /data/mhwang/Rec/GRID/logs/inference/runs/2025-09-22/08-44-16/pickle/predictions_0_20250922T004734801.pkl.
[2025-09-22 08:47:36,298][src.utils.inference_utils][INFO] - Global Rank: 0 wrote 64 rows to /data/mhwang/Rec/GRID/logs/inference/runs/2025-09-22/08-44-16/pickle/predictions_0_20250922T004736282.pkl.
[2025-09-22 08:47:37,227][src.utils.inference_utils][INFO] - Global Rank: 1 wrote 64 rows to /data/mhwang/Rec/GRID/logs/inference/runs/2025-09-22/08-44-16/pickle/predictions_1_20250922T004737211.pkl.
[2025-09-22 08:47:37,778][src.utils.inference_utils][INFO] - Global Rank: 0 wrote 64 rows to /data/mhwang/Rec/GRID/logs/inference/runs/2025-09-22/08-44-16/pickle/predictions_0_20250922T004737762.pkl.
[2025-09-22 08:47:39,261][src.utils.inference_utils][INFO] - Global Rank: 0 wrote 64 rows to /data/mhwang/Rec/GRID/logs/inference/runs/2025-09-22/08-44-16/pickle/predictions_0_20250922T004739245.pkl.
[2025-09-22 08:47:40,299][src.utils.inference_utils][INFO] - Global Rank: 1 wrote 64 rows to /data/mhwang/Rec/GRID/logs/inference/runs/2025-09-22/08-44-16/pickle/predictions_1_20250922T004740283.pkl.
[2025-09-22 08:47:40,751][src.utils.inference_utils][INFO] - Global Rank: 0 wrote 64 rows to /data/mhwang/Rec/GRID/logs/inference/runs/2025-09-22/08-44-16/pickle/predictions_0_20250922T004740732.pkl.
[2025-09-22 08:47:42,237][src.utils.inference_utils][INFO] - Global Rank: 0 wrote 64 rows to /data/mhwang/Rec/GRID/logs/inference/runs/2025-09-22/08-44-16/pickle/predictions_0_20250922T004742221.pkl.
[2025-09-22 08:47:43,149][src.utils.inference_utils][INFO] - Global Rank: 1 wrote 64 rows to /data/mhwang/Rec/GRID/logs/inference/runs/2025-09-22/08-44-16/pickle/predictions_1_20250922T004743125.pkl.
[2025-09-22 08:47:44,077][src.utils.inference_utils][INFO] - Global Rank: 0 wrote 64 rows to /data/mhwang/Rec/GRID/logs/inference/runs/2025-09-22/08-44-16/pickle/predictions_0_20250922T004744060.pkl.
[2025-09-22 08:47:44,905][src.utils.inference_utils][INFO] - Global Rank: 1 wrote 64 rows to /data/mhwang/Rec/GRID/logs/inference/runs/2025-09-22/08-44-16/pickle/predictions_1_20250922T004744885.pkl.
[2025-09-22 08:47:46,265][src.utils.inference_utils][INFO] - Global Rank: 0 wrote 64 rows to /data/mhwang/Rec/GRID/logs/inference/runs/2025-09-22/08-44-16/pickle/predictions_0_20250922T004746248.pkl.
[2025-09-22 08:47:46,494][src.utils.inference_utils][INFO] - Global Rank: 1 wrote 64 rows to /data/mhwang/Rec/GRID/logs/inference/runs/2025-09-22/08-44-16/pickle/predictions_1_20250922T004746478.pkl.
[2025-09-22 08:47:47,968][src.utils.inference_utils][INFO] - Global Rank: 1 wrote 64 rows to /data/mhwang/Rec/GRID/logs/inference/runs/2025-09-22/08-44-16/pickle/predictions_1_20250922T004747952.pkl.
[2025-09-22 08:47:49,338][src.utils.inference_utils][INFO] - Global Rank: 0 wrote 64 rows to /data/mhwang/Rec/GRID/logs/inference/runs/2025-09-22/08-44-16/pickle/predictions_0_20250922T004749321.pkl.
[2025-09-22 08:47:49,437][src.utils.inference_utils][INFO] - Global Rank: 1 wrote 64 rows to /data/mhwang/Rec/GRID/logs/inference/runs/2025-09-22/08-44-16/pickle/predictions_1_20250922T004749421.pkl.
[2025-09-22 08:47:51,131][src.utils.inference_utils][INFO] - Global Rank: 0 wrote 64 rows to /data/mhwang/Rec/GRID/logs/inference/runs/2025-09-22/08-44-16/pickle/predictions_0_20250922T004751115.pkl.
[2025-09-22 08:47:51,902][src.utils.inference_utils][INFO] - Global Rank: 1 wrote 64 rows to /data/mhwang/Rec/GRID/logs/inference/runs/2025-09-22/08-44-16/pickle/predictions_1_20250922T004751886.pkl.
[2025-09-22 08:47:52,621][src.utils.inference_utils][INFO] - Global Rank: 0 wrote 64 rows to /data/mhwang/Rec/GRID/logs/inference/runs/2025-09-22/08-44-16/pickle/predictions_0_20250922T004752599.pkl.
[2025-09-22 08:47:54,113][src.utils.inference_utils][INFO] - Global Rank: 0 wrote 64 rows to /data/mhwang/Rec/GRID/logs/inference/runs/2025-09-22/08-44-16/pickle/predictions_0_20250922T004754096.pkl.
[2025-09-22 08:47:54,973][src.utils.inference_utils][INFO] - Global Rank: 1 wrote 64 rows to /data/mhwang/Rec/GRID/logs/inference/runs/2025-09-22/08-44-16/pickle/predictions_1_20250922T004754957.pkl.
[2025-09-22 08:47:55,599][src.utils.inference_utils][INFO] - Global Rank: 0 wrote 64 rows to /data/mhwang/Rec/GRID/logs/inference/runs/2025-09-22/08-44-16/pickle/predictions_0_20250922T004755583.pkl.
[2025-09-22 08:47:57,098][src.utils.inference_utils][INFO] - Global Rank: 0 wrote 64 rows to /data/mhwang/Rec/GRID/logs/inference/runs/2025-09-22/08-44-16/pickle/predictions_0_20250922T004757082.pkl.
[2025-09-22 08:47:58,044][src.utils.inference_utils][INFO] - Global Rank: 1 wrote 64 rows to /data/mhwang/Rec/GRID/logs/inference/runs/2025-09-22/08-44-16/pickle/predictions_1_20250922T004758028.pkl.
[2025-09-22 08:47:58,587][src.utils.inference_utils][INFO] - Global Rank: 0 wrote 64 rows to /data/mhwang/Rec/GRID/logs/inference/runs/2025-09-22/08-44-16/pickle/predictions_0_20250922T004758570.pkl.
[2025-09-22 08:48:00,066][src.utils.inference_utils][INFO] - Global Rank: 0 wrote 64 rows to /data/mhwang/Rec/GRID/logs/inference/runs/2025-09-22/08-44-16/pickle/predictions_0_20250922T004800050.pkl.
[2025-09-22 08:48:00,860][src.utils.inference_utils][INFO] - Global Rank: 1 wrote 64 rows to /data/mhwang/Rec/GRID/logs/inference/runs/2025-09-22/08-44-16/pickle/predictions_1_20250922T004800843.pkl.
[2025-09-22 08:48:02,143][src.utils.inference_utils][INFO] - Global Rank: 0 wrote 64 rows to /data/mhwang/Rec/GRID/logs/inference/runs/2025-09-22/08-44-16/pickle/predictions_0_20250922T004802126.pkl.
[2025-09-22 08:48:03,104][src.utils.inference_utils][INFO] - Global Rank: 1 wrote 64 rows to /data/mhwang/Rec/GRID/logs/inference/runs/2025-09-22/08-44-16/pickle/predictions_1_20250922T004803088.pkl.
[2025-09-22 08:48:04,442][src.utils.inference_utils][INFO] - Global Rank: 0 wrote 64 rows to /data/mhwang/Rec/GRID/logs/inference/runs/2025-09-22/08-44-16/pickle/predictions_0_20250922T004804420.pkl.
[2025-09-22 08:48:04,636][src.utils.inference_utils][INFO] - Global Rank: 1 wrote 64 rows to /data/mhwang/Rec/GRID/logs/inference/runs/2025-09-22/08-44-16/pickle/predictions_1_20250922T004804620.pkl.
[2025-09-22 08:48:06,102][src.utils.inference_utils][INFO] - Global Rank: 1 wrote 64 rows to /data/mhwang/Rec/GRID/logs/inference/runs/2025-09-22/08-44-16/pickle/predictions_1_20250922T004806085.pkl.
[2025-09-22 08:48:07,082][src.utils.inference_utils][INFO] - Global Rank: 0 wrote 64 rows to /data/mhwang/Rec/GRID/logs/inference/runs/2025-09-22/08-44-16/pickle/predictions_0_20250922T004807066.pkl.
[2025-09-22 08:48:08,539][src.utils.inference_utils][INFO] - Global Rank: 1 wrote 64 rows to /data/mhwang/Rec/GRID/logs/inference/runs/2025-09-22/08-44-16/pickle/predictions_1_20250922T004808523.pkl.
[2025-09-22 08:48:08,572][src.utils.inference_utils][INFO] - Global Rank: 0 wrote 64 rows to /data/mhwang/Rec/GRID/logs/inference/runs/2025-09-22/08-44-16/pickle/predictions_0_20250922T004808556.pkl.
[2025-09-22 08:48:10,060][src.utils.inference_utils][INFO] - Global Rank: 0 wrote 64 rows to /data/mhwang/Rec/GRID/logs/inference/runs/2025-09-22/08-44-16/pickle/predictions_0_20250922T004810044.pkl.
[2025-09-22 08:48:11,550][src.utils.inference_utils][INFO] - Global Rank: 0 wrote 64 rows to /data/mhwang/Rec/GRID/logs/inference/runs/2025-09-22/08-44-16/pickle/predictions_0_20250922T004811533.pkl.
[2025-09-22 08:48:11,610][src.utils.inference_utils][INFO] - Global Rank: 1 wrote 64 rows to /data/mhwang/Rec/GRID/logs/inference/runs/2025-09-22/08-44-16/pickle/predictions_1_20250922T004811595.pkl.
[2025-09-22 08:48:13,045][src.utils.inference_utils][INFO] - Global Rank: 0 wrote 64 rows to /data/mhwang/Rec/GRID/logs/inference/runs/2025-09-22/08-44-16/pickle/predictions_0_20250922T004813028.pkl.
[2025-09-22 08:48:14,535][src.utils.inference_utils][INFO] - Global Rank: 0 wrote 64 rows to /data/mhwang/Rec/GRID/logs/inference/runs/2025-09-22/08-44-16/pickle/predictions_0_20250922T004814519.pkl.
[2025-09-22 08:48:14,680][src.utils.inference_utils][INFO] - Global Rank: 1 wrote 64 rows to /data/mhwang/Rec/GRID/logs/inference/runs/2025-09-22/08-44-16/pickle/predictions_1_20250922T004814664.pkl.
[2025-09-22 08:48:16,185][src.utils.inference_utils][INFO] - Global Rank: 0 wrote 64 rows to /data/mhwang/Rec/GRID/logs/inference/runs/2025-09-22/08-44-16/pickle/predictions_0_20250922T004816168.pkl.
[2025-09-22 08:48:16,668][src.utils.inference_utils][INFO] - Global Rank: 1 wrote 64 rows to /data/mhwang/Rec/GRID/logs/inference/runs/2025-09-22/08-44-16/pickle/predictions_1_20250922T004816652.pkl.
[2025-09-22 08:48:18,264][src.utils.inference_utils][INFO] - Global Rank: 1 wrote 64 rows to /data/mhwang/Rec/GRID/logs/inference/runs/2025-09-22/08-44-16/pickle/predictions_1_20250922T004818247.pkl.
[2025-09-22 08:48:18,685][src.utils.inference_utils][INFO] - Global Rank: 0 wrote 64 rows to /data/mhwang/Rec/GRID/logs/inference/runs/2025-09-22/08-44-16/pickle/predictions_0_20250922T004818668.pkl.
[2025-09-22 08:48:20,054][src.utils.inference_utils][INFO] - Global Rank: 1 wrote 64 rows to /data/mhwang/Rec/GRID/logs/inference/runs/2025-09-22/08-44-16/pickle/predictions_1_20250922T004820038.pkl.
[2025-09-22 08:48:20,961][src.utils.inference_utils][INFO] - Global Rank: 0 wrote 64 rows to /data/mhwang/Rec/GRID/logs/inference/runs/2025-09-22/08-44-16/pickle/predictions_0_20250922T004820944.pkl.
[2025-09-22 08:48:21,521][src.utils.inference_utils][INFO] - Global Rank: 1 wrote 64 rows to /data/mhwang/Rec/GRID/logs/inference/runs/2025-09-22/08-44-16/pickle/predictions_1_20250922T004821505.pkl.
[2025-09-22 08:48:22,989][src.utils.inference_utils][INFO] - Global Rank: 1 wrote 64 rows to /data/mhwang/Rec/GRID/logs/inference/runs/2025-09-22/08-44-16/pickle/predictions_1_20250922T004822973.pkl.
[2025-09-22 08:48:23,566][src.utils.inference_utils][INFO] - Global Rank: 0 wrote 64 rows to /data/mhwang/Rec/GRID/logs/inference/runs/2025-09-22/08-44-16/pickle/predictions_0_20250922T004823550.pkl.
[2025-09-22 08:48:23,574][src.utils.inference_utils][INFO] - Buffer is empty, nothing to flush.
[2025-09-22 08:48:23,574][src.utils.inference_utils][INFO] - Rank 0 finished writing predictions.
[2025-09-22 08:48:25,807][src.utils.inference_utils][INFO] - Global Rank: 1 wrote 64 rows to /data/mhwang/Rec/GRID/logs/inference/runs/2025-09-22/08-44-16/pickle/predictions_1_20250922T004825790.pkl.
[2025-09-22 08:48:28,884][src.utils.inference_utils][INFO] - Global Rank: 1 wrote 64 rows to /data/mhwang/Rec/GRID/logs/inference/runs/2025-09-22/08-44-16/pickle/predictions_1_20250922T004828868.pkl.
[2025-09-22 08:48:31,335][src.utils.inference_utils][INFO] - Global Rank: 1 wrote 64 rows to /data/mhwang/Rec/GRID/logs/inference/runs/2025-09-22/08-44-16/pickle/predictions_1_20250922T004831319.pkl.
[2025-09-22 08:48:33,231][src.utils.inference_utils][INFO] - Global Rank: 1 wrote 64 rows to /data/mhwang/Rec/GRID/logs/inference/runs/2025-09-22/08-44-16/pickle/predictions_1_20250922T004833214.pkl.
[2025-09-22 08:48:34,892][src.utils.inference_utils][INFO] - Global Rank: 1 wrote 64 rows to /data/mhwang/Rec/GRID/logs/inference/runs/2025-09-22/08-44-16/pickle/predictions_1_20250922T004834876.pkl.
[2025-09-22 08:48:36,365][src.utils.inference_utils][INFO] - Global Rank: 1 wrote 64 rows to /data/mhwang/Rec/GRID/logs/inference/runs/2025-09-22/08-44-16/pickle/predictions_1_20250922T004836349.pkl.
[2025-09-22 08:48:38,103][src.utils.inference_utils][INFO] - Global Rank: 1 wrote 64 rows to /data/mhwang/Rec/GRID/logs/inference/runs/2025-09-22/08-44-16/pickle/predictions_1_20250922T004838087.pkl.
[2025-09-22 08:48:41,171][src.utils.inference_utils][INFO] - Global Rank: 1 wrote 64 rows to /data/mhwang/Rec/GRID/logs/inference/runs/2025-09-22/08-44-16/pickle/predictions_1_20250922T004841155.pkl.
[2025-09-22 08:48:44,244][src.utils.inference_utils][INFO] - Global Rank: 1 wrote 64 rows to /data/mhwang/Rec/GRID/logs/inference/runs/2025-09-22/08-44-16/pickle/predictions_1_20250922T004844227.pkl.
[2025-09-22 08:48:46,336][src.utils.inference_utils][INFO] - Global Rank: 1 wrote 64 rows to /data/mhwang/Rec/GRID/logs/inference/runs/2025-09-22/08-44-16/pickle/predictions_1_20250922T004846317.pkl.
[2025-09-22 08:48:48,019][src.utils.inference_utils][INFO] - Global Rank: 1 wrote 64 rows to /data/mhwang/Rec/GRID/logs/inference/runs/2025-09-22/08-44-16/pickle/predictions_1_20250922T004848002.pkl.
[2025-09-22 08:48:49,496][src.utils.inference_utils][INFO] - Global Rank: 1 wrote 64 rows to /data/mhwang/Rec/GRID/logs/inference/runs/2025-09-22/08-44-16/pickle/predictions_1_20250922T004849479.pkl.
[2025-09-22 08:48:50,969][src.utils.inference_utils][INFO] - Global Rank: 1 wrote 64 rows to /data/mhwang/Rec/GRID/logs/inference/runs/2025-09-22/08-44-16/pickle/predictions_1_20250922T004850951.pkl.
[2025-09-22 08:48:53,567][src.utils.inference_utils][INFO] - Global Rank: 1 wrote 64 rows to /data/mhwang/Rec/GRID/logs/inference/runs/2025-09-22/08-44-16/pickle/predictions_1_20250922T004853550.pkl.
[2025-09-22 08:48:56,637][src.utils.inference_utils][INFO] - Global Rank: 1 wrote 64 rows to /data/mhwang/Rec/GRID/logs/inference/runs/2025-09-22/08-44-16/pickle/predictions_1_20250922T004856620.pkl.
[2025-09-22 08:48:57,407][src.utils.inference_utils][INFO] - Global Rank: 1 wrote 20 rows to /data/mhwang/Rec/GRID/logs/inference/runs/2025-09-22/08-44-16/pickle/predictions_1_20250922T004857402.pkl.
[2025-09-22 08:48:57,409][src.utils.inference_utils][INFO] - Rank 1 finished writing predictions.
[2025-09-22 08:48:57,411][src.utils.inference_utils][INFO] - Merging pickle files on main process.
[2025-09-22 08:49:05,193][src.utils.inference_utils][INFO] - Merged 11924 rows into merged_predictions.pkl.
[2025-09-22 08:49:14,390][src.utils.inference_utils][INFO] - Merged 11924 rows into merged_predictions_tensor.pt. as pytorch tensor
