CONFIG
├── data_loading
│   └── features_config:                                                        
│         features:                                                             
│         - name: sequence_data                                                 
│           num_placeholder_tokens: 0                                           
│           semantic_ids: ???                                                   
│           is_item_ids: true                                                   
│           type:                                                               
│             _target_: torch.__dict__.get                                      
│             _args_:                                                           
│             - int32                                                           
│         - name: embedding                                                     
│           type:                                                               
│             _target_: torch.__dict__.get                                      
│             _args_:                                                           
│             - float32                                                         
│         - name: text                                                          
│           type:                                                               
│             _target_: torch.__dict__.get                                      
│             _args_:                                                           
│             - bytes                                                           
│         - name: user_id                                                       
│           is_item_ids: true                                                   
│           type:                                                               
│             _target_: torch.__dict__.get                                      
│             _args_:                                                           
│             - int32                                                           
│       dataset_config:                                                         
│         dataset:                                                              
│           _target_: src.data.loading.components.interfaces.SemanticIDDatasetCo
│           user_id_field: user_id                                              
│           min_sequence_length: 1                                              
│           iterate_per_row: true                                               
│           keep_user_id: true                                                  
│           features_to_consider:                                               
│           - sequence_data                                                     
│           - user_id                                                           
│           num_placeholder_tokens_map:                                         
│             sequence_data: 0                                                  
│           semantic_id_map: {}                                                 
│           data_iterator:                                                      
│             _target_: src.data.loading.components.iterators.TFRecordIterator  
│           preprocessing_functions:                                            
│           - _target_: src.data.loading.components.pre_processing.filter_featur
│             _partial_: true                                                   
│           - _target_: src.data.loading.components.pre_processing.convert_to_de
│             _partial_: true                                                   
│           - _target_: src.data.loading.components.pre_processing.convert_field
│             _partial_: true                                                   
│           - _target_: src.data.loading.components.pre_processing.map_sparse_id
│             _partial_: true                                                   
│             features_to_apply:                                                
│             - sequence_data                                                   
│             num_hierarchies: 5                                                
│       train_dataloader_config:                                                
│         dataloader:                                                           
│           _target_: src.data.loading.components.interfaces.SequenceDataloaderC
│           dataset_class:                                                      
│             _target_: src.data.loading.components.dataloading.UnboundedSequenc
│             _partial_: true                                                   
│           data_folder: /home/jcyin/Tiger/data/amazon_data/beauty/training     
│           should_shuffle_rows: true                                           
│           labels:                                                             
│             sequence_data:                                                    
│               transform:                                                      
│                 _target_: src.data.loading.components.label_function.NextKToke
│                 next_k: 5                                                     
│           batch_size_per_device: 32                                           
│           num_workers: 8                                                      
│           timeout: 60                                                         
│           assign_files_by_size: false                                         
│           oov_token: null                                                     
│           masking_token: -1                                                   
│           sequence_length: 120                                                
│           padding_token: -1                                                   
│           drop_last: true                                                     
│           persistent_workers: true                                            
│           collate_fn:                                                         
│             _target_: src.data.loading.components.collate_functions.collate_wi
│             _partial_: true                                                   
│             sequence_length: 120                                              
│             padding_token: -1                                                 
│             sequence_field_name: sequence_data                                
│             sid_hierarchy: 5                                                  
│             max_batch_size: 512                                               
│           dataset_config:                                                     
│             _target_: src.data.loading.components.interfaces.SemanticIDDataset
│             user_id_field: user_id                                            
│             min_sequence_length: 1                                            
│             iterate_per_row: true                                             
│             keep_user_id: true                                                
│             features_to_consider:                                             
│             - sequence_data                                                   
│             - user_id                                                         
│             num_placeholder_tokens_map:                                       
│               sequence_data: 0                                                
│             semantic_id_map:                                                  
│               sequence_data:                                                  
│                 _target_: torch.load                                          
│                 _args_:                                                       
│                 - _target_: src.utils.file_utils.open_local_or_remote         
│                   file_path: /home/jcyin/Tiger/artifacts/beauty/semantic_ids.p
│                   mode: rb                                                    
│             data_iterator:                                                    
│               _target_: src.data.loading.components.iterators.TFRecordIterator
│             preprocessing_functions:                                          
│             - _target_: src.data.loading.components.pre_processing.filter_feat
│               _partial_: true                                                 
│             - _target_: src.data.loading.components.pre_processing.convert_to_
│               _partial_: true                                                 
│             - _target_: src.data.loading.components.pre_processing.convert_fie
│               _partial_: true                                                 
│             - _target_: src.data.loading.components.pre_processing.map_sparse_
│               _partial_: true                                                 
│               features_to_apply:                                              
│               - sequence_data                                                 
│               num_hierarchies: 5                                              
│           assign_all_files_per_worker: true                                   
│       val_dataloader_config:                                                  
│         dataloader:                                                           
│           _target_: src.data.loading.components.interfaces.SequenceDataloaderC
│           dataset_class:                                                      
│             _target_: src.data.loading.components.dataloading.UnboundedSequenc
│             _partial_: true                                                   
│           data_folder: /home/jcyin/Tiger/data/amazon_data/beauty/evaluation   
│           should_shuffle_rows: false                                          
│           labels:                                                             
│             sequence_data:                                                    
│               transform:                                                      
│                 _target_: src.data.loading.components.label_function.NextKToke
│                 next_k: 5                                                     
│           batch_size_per_device: 8                                            
│           num_workers: 8                                                      
│           timeout: 60                                                         
│           assign_files_by_size: true                                          
│           oov_token: null                                                     
│           masking_token: -1                                                   
│           sequence_length: 120                                                
│           padding_token: -1                                                   
│           drop_last: false                                                    
│           persistent_workers: false                                           
│           collate_fn:                                                         
│             _target_: src.data.loading.components.collate_functions.collate_fn
│             _partial_: true                                                   
│             sequence_length: 120                                              
│             padding_token: -1                                                 
│           dataset_config:                                                     
│             _target_: src.data.loading.components.interfaces.SemanticIDDataset
│             user_id_field: user_id                                            
│             min_sequence_length: 1                                            
│             iterate_per_row: true                                             
│             keep_user_id: true                                                
│             features_to_consider:                                             
│             - sequence_data                                                   
│             - user_id                                                         
│             num_placeholder_tokens_map:                                       
│               sequence_data: 0                                                
│             semantic_id_map:                                                  
│               sequence_data:                                                  
│                 _target_: torch.load                                          
│                 _args_:                                                       
│                 - _target_: src.utils.file_utils.open_local_or_remote         
│                   file_path: /home/jcyin/Tiger/artifacts/beauty/semantic_ids.p
│                   mode: rb                                                    
│             data_iterator:                                                    
│               _target_: src.data.loading.components.iterators.TFRecordIterator
│             preprocessing_functions:                                          
│             - _target_: src.data.loading.components.pre_processing.filter_feat
│               _partial_: true                                                 
│             - _target_: src.data.loading.components.pre_processing.convert_to_
│               _partial_: true                                                 
│             - _target_: src.data.loading.components.pre_processing.convert_fie
│               _partial_: true                                                 
│             - _target_: src.data.loading.components.pre_processing.map_sparse_
│               _partial_: true                                                 
│               features_to_apply:                                              
│               - sequence_data                                                 
│               num_hierarchies: 5                                              
│           pin_memory: false                                                   
│       test_dataloader_config:                                                 
│         dataloader:                                                           
│           _target_: src.data.loading.components.interfaces.SequenceDataloaderC
│           dataset_class:                                                      
│             _target_: src.data.loading.components.dataloading.UnboundedSequenc
│             _partial_: true                                                   
│           data_folder: /home/jcyin/Tiger/data/amazon_data/beauty/testing      
│           should_shuffle_rows: false                                          
│           labels:                                                             
│             sequence_data:                                                    
│               transform:                                                      
│                 _target_: src.data.loading.components.label_function.NextKToke
│                 next_k: 5                                                     
│           batch_size_per_device: 8                                            
│           num_workers: 8                                                      
│           timeout: 60                                                         
│           assign_files_by_size: true                                          
│           oov_token: null                                                     
│           masking_token: -1                                                   
│           sequence_length: 120                                                
│           padding_token: -1                                                   
│           drop_last: false                                                    
│           persistent_workers: false                                           
│           collate_fn:                                                         
│             _target_: src.data.loading.components.collate_functions.collate_fn
│             _partial_: true                                                   
│             sequence_length: 120                                              
│             padding_token: -1                                                 
│           dataset_config:                                                     
│             _target_: src.data.loading.components.interfaces.SemanticIDDataset
│             user_id_field: user_id                                            
│             min_sequence_length: 1                                            
│             iterate_per_row: true                                             
│             keep_user_id: true                                                
│             features_to_consider:                                             
│             - sequence_data                                                   
│             - user_id                                                         
│             num_placeholder_tokens_map:                                       
│               sequence_data: 0                                                
│             semantic_id_map:                                                  
│               sequence_data:                                                  
│                 _target_: torch.load                                          
│                 _args_:                                                       
│                 - _target_: src.utils.file_utils.open_local_or_remote         
│                   file_path: /home/jcyin/Tiger/artifacts/beauty/semantic_ids.p
│                   mode: rb                                                    
│             data_iterator:                                                    
│               _target_: src.data.loading.components.iterators.TFRecordIterator
│             preprocessing_functions:                                          
│             - _target_: src.data.loading.components.pre_processing.filter_feat
│               _partial_: true                                                 
│             - _target_: src.data.loading.components.pre_processing.convert_to_
│               _partial_: true                                                 
│             - _target_: src.data.loading.components.pre_processing.convert_fie
│               _partial_: true                                                 
│             - _target_: src.data.loading.components.pre_processing.map_sparse_
│               _partial_: true                                                 
│               features_to_apply:                                              
│               - sequence_data                                                 
│               num_hierarchies: 5                                              
│           pin_memory: false                                                   
│       datamodule:                                                             
│         _target_: src.data.loading.datamodules.sequence_datamodule.SequenceDat
│         train_dataloader_config:                                              
│           _target_: src.data.loading.components.interfaces.SequenceDataloaderC
│           dataset_class:                                                      
│             _target_: src.data.loading.components.dataloading.UnboundedSequenc
│             _partial_: true                                                   
│           data_folder: /home/jcyin/Tiger/data/amazon_data/beauty/training     
│           should_shuffle_rows: true                                           
│           labels:                                                             
│             sequence_data:                                                    
│               transform:                                                      
│                 _target_: src.data.loading.components.label_function.NextKToke
│                 next_k: 5                                                     
│           batch_size_per_device: 32                                           
│           num_workers: 8                                                      
│           timeout: 60                                                         
│           assign_files_by_size: false                                         
│           oov_token: null                                                     
│           masking_token: -1                                                   
│           sequence_length: 120                                                
│           padding_token: -1                                                   
│           drop_last: true                                                     
│           persistent_workers: true                                            
│           collate_fn:                                                         
│             _target_: src.data.loading.components.collate_functions.collate_wi
│             _partial_: true                                                   
│             sequence_length: 120                                              
│             padding_token: -1                                                 
│             sequence_field_name: sequence_data                                
│             sid_hierarchy: 5                                                  
│             max_batch_size: 512                                               
│           dataset_config:                                                     
│             _target_: src.data.loading.components.interfaces.SemanticIDDataset
│             user_id_field: user_id                                            
│             min_sequence_length: 1                                            
│             iterate_per_row: true                                             
│             keep_user_id: true                                                
│             features_to_consider:                                             
│             - sequence_data                                                   
│             - user_id                                                         
│             num_placeholder_tokens_map:                                       
│               sequence_data: 0                                                
│             semantic_id_map:                                                  
│               sequence_data:                                                  
│                 _target_: torch.load                                          
│                 _args_:                                                       
│                 - _target_: src.utils.file_utils.open_local_or_remote         
│                   file_path: /home/jcyin/Tiger/artifacts/beauty/semantic_ids.p
│                   mode: rb                                                    
│             data_iterator:                                                    
│               _target_: src.data.loading.components.iterators.TFRecordIterator
│             preprocessing_functions:                                          
│             - _target_: src.data.loading.components.pre_processing.filter_feat
│               _partial_: true                                                 
│             - _target_: src.data.loading.components.pre_processing.convert_to_
│               _partial_: true                                                 
│             - _target_: src.data.loading.components.pre_processing.convert_fie
│               _partial_: true                                                 
│             - _target_: src.data.loading.components.pre_processing.map_sparse_
│               _partial_: true                                                 
│               features_to_apply:                                              
│               - sequence_data                                                 
│               num_hierarchies: 5                                              
│           assign_all_files_per_worker: true                                   
│         val_dataloader_config:                                                
│           _target_: src.data.loading.components.interfaces.SequenceDataloaderC
│           dataset_class:                                                      
│             _target_: src.data.loading.components.dataloading.UnboundedSequenc
│             _partial_: true                                                   
│           data_folder: /home/jcyin/Tiger/data/amazon_data/beauty/evaluation   
│           should_shuffle_rows: false                                          
│           labels:                                                             
│             sequence_data:                                                    
│               transform:                                                      
│                 _target_: src.data.loading.components.label_function.NextKToke
│                 next_k: 5                                                     
│           batch_size_per_device: 8                                            
│           num_workers: 8                                                      
│           timeout: 60                                                         
│           assign_files_by_size: true                                          
│           oov_token: null                                                     
│           masking_token: -1                                                   
│           sequence_length: 120                                                
│           padding_token: -1                                                   
│           drop_last: false                                                    
│           persistent_workers: false                                           
│           collate_fn:                                                         
│             _target_: src.data.loading.components.collate_functions.collate_fn
│             _partial_: true                                                   
│             sequence_length: 120                                              
│             padding_token: -1                                                 
│           dataset_config:                                                     
│             _target_: src.data.loading.components.interfaces.SemanticIDDataset
│             user_id_field: user_id                                            
│             min_sequence_length: 1                                            
│             iterate_per_row: true                                             
│             keep_user_id: true                                                
│             features_to_consider:                                             
│             - sequence_data                                                   
│             - user_id                                                         
│             num_placeholder_tokens_map:                                       
│               sequence_data: 0                                                
│             semantic_id_map:                                                  
│               sequence_data:                                                  
│                 _target_: torch.load                                          
│                 _args_:                                                       
│                 - _target_: src.utils.file_utils.open_local_or_remote         
│                   file_path: /home/jcyin/Tiger/artifacts/beauty/semantic_ids.p
│                   mode: rb                                                    
│             data_iterator:                                                    
│               _target_: src.data.loading.components.iterators.TFRecordIterator
│             preprocessing_functions:                                          
│             - _target_: src.data.loading.components.pre_processing.filter_feat
│               _partial_: true                                                 
│             - _target_: src.data.loading.components.pre_processing.convert_to_
│               _partial_: true                                                 
│             - _target_: src.data.loading.components.pre_processing.convert_fie
│               _partial_: true                                                 
│             - _target_: src.data.loading.components.pre_processing.map_sparse_
│               _partial_: true                                                 
│               features_to_apply:                                              
│               - sequence_data                                                 
│               num_hierarchies: 5                                              
│           pin_memory: false                                                   
│         test_dataloader_config:                                               
│           _target_: src.data.loading.components.interfaces.SequenceDataloaderC
│           dataset_class:                                                      
│             _target_: src.data.loading.components.dataloading.UnboundedSequenc
│             _partial_: true                                                   
│           data_folder: /home/jcyin/Tiger/data/amazon_data/beauty/testing      
│           should_shuffle_rows: false                                          
│           labels:                                                             
│             sequence_data:                                                    
│               transform:                                                      
│                 _target_: src.data.loading.components.label_function.NextKToke
│                 next_k: 5                                                     
│           batch_size_per_device: 8                                            
│           num_workers: 8                                                      
│           timeout: 60                                                         
│           assign_files_by_size: true                                          
│           oov_token: null                                                     
│           masking_token: -1                                                   
│           sequence_length: 120                                                
│           padding_token: -1                                                   
│           drop_last: false                                                    
│           persistent_workers: false                                           
│           collate_fn:                                                         
│             _target_: src.data.loading.components.collate_functions.collate_fn
│             _partial_: true                                                   
│             sequence_length: 120                                              
│             padding_token: -1                                                 
│           dataset_config:                                                     
│             _target_: src.data.loading.components.interfaces.SemanticIDDataset
│             user_id_field: user_id                                            
│             min_sequence_length: 1                                            
│             iterate_per_row: true                                             
│             keep_user_id: true                                                
│             features_to_consider:                                             
│             - sequence_data                                                   
│             - user_id                                                         
│             num_placeholder_tokens_map:                                       
│               sequence_data: 0                                                
│             semantic_id_map:                                                  
│               sequence_data:                                                  
│                 _target_: torch.load                                          
│                 _args_:                                                       
│                 - _target_: src.utils.file_utils.open_local_or_remote         
│                   file_path: /home/jcyin/Tiger/artifacts/beauty/semantic_ids.p
│                   mode: rb                                                    
│             data_iterator:                                                    
│               _target_: src.data.loading.components.iterators.TFRecordIterator
│             preprocessing_functions:                                          
│             - _target_: src.data.loading.components.pre_processing.filter_feat
│               _partial_: true                                                 
│             - _target_: src.data.loading.components.pre_processing.convert_to_
│               _partial_: true                                                 
│             - _target_: src.data.loading.components.pre_processing.convert_fie
│               _partial_: true                                                 
│             - _target_: src.data.loading.components.pre_processing.map_sparse_
│               _partial_: true                                                 
│               features_to_apply:                                              
│               - sequence_data                                                 
│               num_hierarchies: 5                                              
│           pin_memory: false                                                   
│                                                                               
├── model
│   └── huggingface_model:                                                      
│         _target_: transformers.T5EncoderModel                                 
│         config:                                                               
│           _target_: transformers.T5Config                                     
│           vocab_size: 256                                                     
│           d_model: 128                                                        
│           num_heads: 6                                                        
│           dropout_rate: 0.15                                                  
│           d_ff: 1024                                                          
│           d_kv: 64                                                            
│           num_layers: 4                                                       
│       _target_: src.models.modules.semantic_id.tiger_generation_model.Semantic
│       feature_to_model_input_map:                                             
│         sequence_data: input_ids                                              
│         user_id: user_id                                                      
│       postprocessor: null                                                     
│       aggregator: null                                                        
│       loss_function:                                                          
│         _target_: torch.nn.CrossEntropyLoss                                   
│       optimizer:                                                              
│         _target_: torch.optim.Adam                                            
│         _partial_: true                                                       
│         lr: 0.001                                                             
│         weight_decay: 0.0001                                                  
│       scheduler: null                                                         
│       evaluator:                                                              
│         _target_: src.components.eval_metrics.SIDRetrievalEvaluator           
│         top_k_list:                                                           
│         - 5                                                                   
│         - 10                                                                  
│         metrics:                                                              
│           ndcg:                                                               
│             _target_: src.components.eval_metrics.NDCG                        
│             _partial_: true                                                   
│           recall:                                                             
│             _target_: src.components.eval_metrics.Recall                      
│             _partial_: true                                                   
│       weight_tying: true                                                      
│       compile: false                                                          
│       decoder:                                                                
│         _target_: transformers.models.t5.modeling_t5.T5Stack                  
│         config:                                                               
│           _target_: transformers.models.t5.configuration_t5.T5Config          
│           vocab_size: 256                                                     
│           d_model: 128                                                        
│           num_heads: 6                                                        
│           dropout_rate: 0.15                                                  
│           d_ff: 1024                                                          
│           d_kv: 64                                                            
│           num_layers: 4                                                       
│           is_decoder: true                                                    
│           is_encoder_decoder: false                                           
│         embed_tokens:                                                         
│           _target_: torch.nn.Embedding                                        
│           num_embeddings: 256                                                 
│           embedding_dim: 128                                                  
│       num_hierarchies: 5                                                      
│       num_user_bins: null                                                     
│       codebooks:                                                              
│         _target_: torch.load                                                  
│         _args_:                                                               
│         - _target_: src.utils.file_utils.open_local_or_remote                 
│           file_path: /home/jcyin/Tiger/artifacts/beauty/semantic_ids.pt       
│           mode: rb                                                            
│       mlp_layers: 2                                                           
│                                                                               
├── callbacks
│   └── model_checkpoint:                                                       
│         _target_: lightning.pytorch.callbacks.ModelCheckpoint                 
│         dirpath: /home/jcyin/Tiger/experiments/05_tiger_full/beauty_3gpu_seed4
│         filename: checkpoint_{epoch:03d}_{step:06d}                           
│         monitor: val/recall@5                                                 
│         verbose: true                                                         
│         save_last: null                                                       
│         save_top_k: 1                                                         
│         mode: max                                                             
│         auto_insert_metric_name: true                                         
│         save_weights_only: false                                              
│         every_n_train_steps: null                                             
│         train_time_interval: null                                             
│         every_n_epochs: null                                                  
│         save_on_train_epoch_end: false                                        
│       early_stopping:                                                         
│         _target_: lightning.pytorch.callbacks.EarlyStopping                   
│         monitor: val/recall@5                                                 
│         min_delta: 0.0                                                        
│         patience: 10                                                          
│         verbose: true                                                         
│         mode: max                                                             
│         strict: true                                                          
│         check_finite: true                                                    
│         stopping_threshold: null                                              
│         divergence_threshold: null                                            
│         check_on_train_epoch_end: false                                       
│       model_summary:                                                          
│         _target_: lightning.pytorch.callbacks.RichModelSummary                
│         max_depth: -1                                                         
│       restart_job:                                                            
│         _target_: src.utils.restart_job.RestartAndLoadCheckpointCallback      
│         metadata_dir: /home/jcyin/Tiger/experiments/05_tiger_full/beauty_3gpu_
│                                                                               
├── logger
│   └── csv:                                                                    
│         _target_: lightning.pytorch.loggers.csv_logs.CSVLogger                
│         save_dir: /home/jcyin/Tiger/experiments/05_tiger_full/beauty_3gpu_seed
│         name: csv/                                                            
│         prefix: ''                                                            
│                                                                               
├── trainer
│   └── _target_: lightning.pytorch.trainer.Trainer                             
│       default_root_dir: /home/jcyin/Tiger/experiments/05_tiger_full/beauty_3gp
│       min_steps: 1                                                            
│       max_steps: 320000                                                       
│       max_epochs: 10                                                          
│       accelerator: gpu                                                        
│       devices: 3                                                              
│       num_nodes: 1                                                            
│       precision: 32-true                                                      
│       log_every_n_steps: 100                                                  
│       val_check_interval: 1600                                                
│       deterministic: false                                                    
│       accumulate_grad_batches: 16                                             
│       profiler:                                                               
│         _target_: lightning.pytorch.profilers.PassThroughProfiler             
│       strategy: ddp                                                           
│       sync_batchnorm: true                                                    
│       num_sanity_val_steps: 0                                                 
│       min_epochs: 0                                                           
│                                                                               
├── paths
│   └── root_dir: /home/jcyin/Tiger/repos/GRID                                  
│       data_dir: /home/jcyin/Tiger/data/amazon_data/beauty                     
│       log_dir: /home/jcyin/Tiger/repos/GRID/logs                              
│       output_dir: /home/jcyin/Tiger/experiments/05_tiger_full/beauty_3gpu_seed
│       work_dir: /home/jcyin/Tiger/repos/GRID                                  
│       profile_dir: /home/jcyin/Tiger/experiments/05_tiger_full/beauty_3gpu_see
│       metadata_dir: /home/jcyin/Tiger/experiments/05_tiger_full/beauty_3gpu_se
│                                                                               
├── extras
│   └── ignore_warnings: false                                                  
│       enforce_tags: true                                                      
│       print_config_warnings: true                                             
│       print_config: true                                                      
│                                                                               
├── task_name
│   └── train                                                                   
├── id
│   └── 2026-10-03/10-10-05                                                     
├── tags
│   └── ['amazon-p5-gr-train']                                                  
├── train
│   └── True                                                                    
├── test
│   └── False                                                                   
├── ckpt_path
│   └── None                                                                    
├── seed
│   └── 42                                                                      
├── data_dir
│   └── /home/jcyin/Tiger/data/amazon_data/beauty                               
├── semantic_id_path
│   └── /home/jcyin/Tiger/artifacts/beauty/semantic_ids.pt                      
├── num_hierarchies
│   └── 5                                                                       
├── sequence_length
│   └── 120                                                                     
├── loss
│   └── loss_function:                                                          
│         _target_: torch.nn.CrossEntropyLoss                                   
│                                                                               
├── optim
│   └── optimizer:                                                              
│         _target_: torch.optim.Adam                                            
│         _partial_: true                                                       
│         lr: 0.001                                                             
│         weight_decay: 0.0001                                                  
│       scheduler: null                                                         
│                                                                               
├── eval
│   └── evaluator:                                                              
│         _target_: src.components.eval_metrics.SIDRetrievalEvaluator           
│         top_k_list:                                                           
│         - 5                                                                   
│         - 10                                                                  
│         metrics:                                                              
│           ndcg:                                                               
│             _target_: src.components.eval_metrics.NDCG                        
│             _partial_: true                                                   
│           recall:                                                             
│             _target_: src.components.eval_metrics.Recall                      
│             _partial_: true                                                   
│                                                                               
└── should_skip_retry
    └── True                                                                    
