[2026-10-03 10:09:58,395][src.utils.utils][INFO] - [rank: 0] Enforcing tags! <cfg.extras.enforce_tags=True>
[2026-10-03 10:09:58,399][src.utils.utils][INFO] - [rank: 0] Printing config tree with Rich! <cfg.extras.print_config=True>
[2026-10-03 10:09:58,664][src.utils.restart_job][INFO] - [rank: 0] Using metadata dir: /home/jcyin/Tiger/experiments/05_tiger_full/beauty_3gpu_seed42/metadata
[2026-10-03 10:09:58,664][src.utils.restart_job][INFO] - [rank: 0] Starting job (attempt 1/4): /home/jcyin/Tiger/environments/grid/bin/python /home/jcyin/Tiger/repos/GRID/src/train.py experiment=tiger_train_flat data_dir=/home/jcyin/Tiger/data/amazon_data/beauty semantic_id_path=/home/jcyin/Tiger/artifacts/beauty/semantic_ids.pt num_hierarchies=5 seed=42 train=true test=false paths.root_dir=/home/jcyin/Tiger/repos/GRID paths.data_dir=/home/jcyin/Tiger/data/amazon_data/beauty hydra.run.dir=/home/jcyin/Tiger/experiments/05_tiger_full/beauty_3gpu_seed42 trainer.devices=3 ++should_skip_retry=True
[2026-10-03 10:10:05,706][src.utils.utils][INFO] - [rank: 0] Enforcing tags! <cfg.extras.enforce_tags=True>
[2026-10-03 10:10:05,710][src.utils.utils][INFO] - [rank: 0] Printing config tree with Rich! <cfg.extras.print_config=True>
[2026-10-03 10:10:05,970][src.utils.restart_job][INFO] - [rank: 0] should_skip_retry set to True. Skipping retry logic.
[2026-10-03 10:10:05,972][src.utils.launcher_utils][INFO] - [rank: 0] Instantiating datamodule <src.data.loading.datamodules.sequence_datamodule.SequenceDataModule>
[2026-10-03 10:10:06,029][src.utils.launcher_utils][INFO] - [rank: 0] Instantiating model <src.models.modules.semantic_id.tiger_generation_model.SemanticIDEncoderDecoder>
[2026-10-03 10:10:06,251][src.utils.launcher_utils][INFO] - [rank: 0] Instantiating callbacks...
[2026-10-03 10:10:06,251][src.utils.instantiators][INFO] - [rank: 0] Instantiating callback <lightning.pytorch.callbacks.ModelCheckpoint>
[2026-10-03 10:10:06,254][src.utils.instantiators][INFO] - [rank: 0] Instantiating callback <lightning.pytorch.callbacks.EarlyStopping>
[2026-10-03 10:10:06,257][src.utils.instantiators][INFO] - [rank: 0] Instantiating callback <lightning.pytorch.callbacks.RichModelSummary>
[2026-10-03 10:10:06,257][src.utils.instantiators][INFO] - [rank: 0] Instantiating callback <src.utils.restart_job.RestartAndLoadCheckpointCallback>
[2026-10-03 10:10:06,259][src.utils.restart_job_utils][INFO] - [rank: 0] Trying to load metadata from /home/jcyin/Tiger/experiments/05_tiger_full/beauty_3gpu_seed42/metadata/restart_metadata.json
[2026-10-03 10:10:06,260][src.utils.restart_job_utils][WARNING] - [rank: 0] Metadata file not found at /home/jcyin/Tiger/experiments/05_tiger_full/beauty_3gpu_seed42/metadata/restart_metadata.json. Creating empty metadata.
[2026-10-03 10:10:06,260][src.utils.restart_job_utils][INFO] - [rank: 0] Saving metadata to /home/jcyin/Tiger/experiments/05_tiger_full/beauty_3gpu_seed42/metadata/restart_metadata.json. {'start_time': '2026-10-03T10:10:06.260290', 'restarts': [], 'current_run': 0, 'used_ports': [], 'world_size': 0, 'node_rank': 0, 'master_addr': '', 'original_args': ['/home/jcyin/Tiger/repos/GRID/src/train.py', 'experiment=tiger_train_flat', 'data_dir=/home/jcyin/Tiger/data/amazon_data/beauty', 'semantic_id_path=/home/jcyin/Tiger/artifacts/beauty/semantic_ids.pt', 'num_hierarchies=5', 'seed=42', 'train=true', 'test=false', 'paths.root_dir=/home/jcyin/Tiger/repos/GRID', 'paths.data_dir=/home/jcyin/Tiger/data/amazon_data/beauty', 'hydra.run.dir=/home/jcyin/Tiger/experiments/05_tiger_full/beauty_3gpu_seed42', 'trainer.devices=3', '++should_skip_retry=True']}
[2026-10-03 10:10:06,260][src.utils.launcher_utils][INFO] - [rank: 0] Instantiating loggers...
[2026-10-03 10:10:06,260][src.utils.instantiators][INFO] - [rank: 0] Instantiating logger <lightning.pytorch.loggers.csv_logs.CSVLogger>
[2026-10-03 10:10:06,262][src.utils.launcher_utils][INFO] - [rank: 0] Instantiating trainer <lightning.pytorch.trainer.Trainer>
[2026-10-03 10:10:06,264][src.utils.restart_job_utils][INFO] - [rank: 0] Trying to load metadata from /home/jcyin/Tiger/experiments/05_tiger_full/beauty_3gpu_seed42/metadata/restart_metadata.json
[2026-10-03 10:10:06,264][src.utils.restart_job_utils][INFO] - [rank: 0] Metadata loaded successfully from /home/jcyin/Tiger/experiments/05_tiger_full/beauty_3gpu_seed42/metadata/restart_metadata.json
[2026-10-03 10:10:06,264][src.utils.restart_job_utils][INFO] - [rank: 0] Retrieved current_run: 0 from metadata /home/jcyin/Tiger/experiments/05_tiger_full/beauty_3gpu_seed42/metadata/restart_metadata.json
[2026-10-03 10:10:06,354][src.utils.launcher_utils][INFO] - [rank: 0] Logging hyperparameters!
[2026-10-03 10:10:06,510][__main__][INFO] - [rank: 0] Starting training!
[2026-10-03 10:10:16,049][src.utils.restart_job_utils][INFO] - [rank: 0] Saving metadata to /home/jcyin/Tiger/experiments/05_tiger_full/beauty_3gpu_seed42/metadata/restart_metadata.json. {'start_time': '2026-10-03T10:10:06.260290', 'restarts': [], 'current_run': 0, 'used_ports': ['36083'], 'world_size': 3, 'node_rank': 0, 'master_addr': '127.0.0.1', 'original_args': ['/home/jcyin/Tiger/repos/GRID/src/train.py', 'experiment=tiger_train_flat', 'data_dir=/home/jcyin/Tiger/data/amazon_data/beauty', 'semantic_id_path=/home/jcyin/Tiger/artifacts/beauty/semantic_ids.pt', 'num_hierarchies=5', 'seed=42', 'train=true', 'test=false', 'paths.root_dir=/home/jcyin/Tiger/repos/GRID', 'paths.data_dir=/home/jcyin/Tiger/data/amazon_data/beauty', 'hydra.run.dir=/home/jcyin/Tiger/experiments/05_tiger_full/beauty_3gpu_seed42', 'trainer.devices=3', '++should_skip_retry=True']}
[2026-10-03 20:02:57,918][__main__][INFO] - [rank: 0] Metrics: {'train/loss': tensor(7.5826), 'train/loss_step': tensor(4.1269), 'val/loss': tensor(11.5388), 'val/ndcg@5': tensor(0.0310), 'val/ndcg@10': tensor(0.0361), 'val/recall@5': tensor(0.0429), 'val/recall@10': tensor(0.0587), 'train/loss_epoch': tensor(7.5826)}
[2026-10-03 20:03:02,081][src.utils.restart_job][INFO] - [rank: 0] Job finished successfully.
