[2025-10-29 23:38:53,979][src.utils.utils][INFO] - [rank: 0] Enforcing tags! <cfg.extras.enforce_tags=True>
[2025-10-29 23:38:53,984][src.utils.utils][INFO] - [rank: 0] Printing config tree with Rich! <cfg.extras.print_config=True>
[2025-10-29 23:38:53,984][src.utils.restart_job][INFO] - [rank: 0] should_skip_retry set to True. Skipping retry logic.
[2025-10-29 23:38:53,986][src.utils.launcher_utils][INFO] - [rank: 0] Instantiating datamodule <src.data.loading.datamodules.sequence_datamodule.SequenceDataModule>
[2025-10-29 23:38:54,036][src.utils.launcher_utils][INFO] - [rank: 0] Instantiating model <src.models.modules.semantic_id.tiger_generation_model.SemanticIDEncoderDecoder>
[2025-10-29 23:38:54,171][src.models.modules.semantic_id.tiger_generation_model][INFO] - [rank: 0] i am here
[2025-10-29 23:38:54,334][src.utils.launcher_utils][INFO] - [rank: 0] Instantiating callbacks...
[2025-10-29 23:38:54,334][src.utils.instantiators][INFO] - [rank: 0] Instantiating callback <lightning.pytorch.callbacks.ModelCheckpoint>
[2025-10-29 23:38:54,337][src.utils.instantiators][INFO] - [rank: 0] Instantiating callback <lightning.pytorch.callbacks.EarlyStopping>
[2025-10-29 23:38:54,339][src.utils.instantiators][INFO] - [rank: 0] Instantiating callback <lightning.pytorch.callbacks.RichModelSummary>
[2025-10-29 23:38:54,339][src.utils.instantiators][INFO] - [rank: 0] Instantiating callback <src.utils.restart_job.RestartAndLoadCheckpointCallback>
[2025-10-29 23:38:54,341][src.utils.restart_job_utils][INFO] - [rank: 0] Trying to load metadata from /data/mhwang/Rec/GRID/logs/train/runs/2025-10-29/23-38-53/metadata/restart_metadata.json
[2025-10-29 23:38:54,341][src.utils.restart_job_utils][WARNING] - [rank: 0] Metadata file not found at /data/mhwang/Rec/GRID/logs/train/runs/2025-10-29/23-38-53/metadata/restart_metadata.json. Creating empty metadata.
[2025-10-29 23:38:54,341][src.utils.restart_job_utils][INFO] - [rank: 0] Saving metadata to /data/mhwang/Rec/GRID/logs/train/runs/2025-10-29/23-38-53/metadata/restart_metadata.json. {'start_time': '2025-10-29T23:38:54.341612', 'restarts': [], 'current_run': 0, 'used_ports': [], 'world_size': 0, 'node_rank': 0, 'master_addr': '', 'original_args': ['/data/mhwang/Rec/GRID/src/train.py', 'experiment=tiger_train_flat', 'data_dir=/data/mhwang/Rec/GRID/amazon_data/toys', 'semantic_id_path=/data/mhwang/Rec/GRID/logs/inference/runs/2025-09-22/10-05-01/pickle/merged_predictions_tensor.pt', 'num_hierarchies=4', '++should_skip_retry=True']}
[2025-10-29 23:38:54,342][src.utils.launcher_utils][INFO] - [rank: 0] Instantiating loggers...
[2025-10-29 23:38:54,342][src.utils.instantiators][INFO] - [rank: 0] Instantiating logger <lightning.pytorch.loggers.csv_logs.CSVLogger>
[2025-10-29 23:38:54,343][src.utils.launcher_utils][INFO] - [rank: 0] Instantiating trainer <lightning.pytorch.trainer.Trainer>
[2025-10-29 23:38:54,344][src.utils.restart_job_utils][INFO] - [rank: 0] Trying to load metadata from /data/mhwang/Rec/GRID/logs/train/runs/2025-10-29/23-38-53/metadata/restart_metadata.json
[2025-10-29 23:38:54,345][src.utils.restart_job_utils][INFO] - [rank: 0] Metadata loaded successfully from /data/mhwang/Rec/GRID/logs/train/runs/2025-10-29/23-38-53/metadata/restart_metadata.json
[2025-10-29 23:38:54,345][src.utils.restart_job_utils][INFO] - [rank: 0] Retrieved current_run: 0 from metadata /data/mhwang/Rec/GRID/logs/train/runs/2025-10-29/23-38-53/metadata/restart_metadata.json
[2025-10-29 23:38:54,428][src.utils.launcher_utils][INFO] - [rank: 0] Logging hyperparameters!
[2025-10-29 23:38:54,655][__main__][INFO] - [rank: 0] Starting training!
[2025-10-29 23:38:57,323][src.utils.restart_job_utils][INFO] - [rank: 0] Saving metadata to /data/mhwang/Rec/GRID/logs/train/runs/2025-10-29/23-38-53/metadata/restart_metadata.json. {'start_time': '2025-10-29T23:38:54.341612', 'restarts': [], 'current_run': 0, 'used_ports': ['57665'], 'world_size': 1, 'node_rank': 0, 'master_addr': '127.0.0.1', 'original_args': ['/data/mhwang/Rec/GRID/src/train.py', 'experiment=tiger_train_flat', 'data_dir=/data/mhwang/Rec/GRID/amazon_data/toys', 'semantic_id_path=/data/mhwang/Rec/GRID/logs/inference/runs/2025-09-22/10-05-01/pickle/merged_predictions_tensor.pt', 'num_hierarchies=4', '++should_skip_retry=True']}
[2025-10-30 09:05:08,055][__main__][INFO] - [rank: 0] Starting testing!
[2025-10-30 09:08:09,522][__main__][INFO] - [rank: 0] Best ckpt path: /data/mhwang/Rec/GRID/logs/train/runs/2025-10-29/23-38-53/checkpoints/checkpoint_epoch=000_step=005700.ckpt
[2025-10-30 09:08:09,528][__main__][INFO] - [rank: 0] Metrics: {'train/loss': tensor(7.2809), 'train/loss_step': tensor(5.0825), 'val/loss': tensor(10.6622), 'val/ndcg@5': tensor(0.0311), 'val/ndcg@10': tensor(0.0363), 'val/recall@5': tensor(0.0435), 'val/recall@10': tensor(0.0595), 'train/loss_epoch': tensor(7.2809), 'test/loss': tensor(11.0456), 'test/ndcg@5': tensor(0.0225), 'test/ndcg@10': tensor(0.0266), 'test/recall@5': tensor(0.0332), 'test/recall@10': tensor(0.0460)}
