[2025-09-17 19:40:47,143][src.utils.utils][INFO] - [rank: 0] Enforcing tags! <cfg.extras.enforce_tags=True>
[2025-09-17 19:40:47,148][src.utils.utils][WARNING] - [rank: 0] Config loss was not found in the config tree. Make sure this is expected.
[2025-09-17 19:40:47,148][src.utils.utils][WARNING] - [rank: 0] Config optim was not found in the config tree. Make sure this is expected.
[2025-09-17 19:40:47,148][src.utils.utils][WARNING] - [rank: 0] Config eval was not found in the config tree. Make sure this is expected.
[2025-09-17 19:40:50,149][src.utils.utils][INFO] - [rank: 0] Printing config tree with Rich! <cfg.extras.print_config=True>
[2025-09-17 19:40:50,155][src.utils.launcher_utils][INFO] - [rank: 0] Instantiating datamodule <src.data.loading.datamodules.sequence_datamodule.ItemDataModule>
[2025-09-17 19:40:50,704][src.utils.launcher_utils][INFO] - [rank: 0] Instantiating model <src.modules.semantic_embedding_inference_module.SemanticEmbeddingInferenceModule>
[2025-09-17 19:40:54,510][src.utils.launcher_utils][INFO] - [rank: 0] Instantiating callbacks...
[2025-09-17 19:40:54,511][src.utils.instantiators][INFO] - [rank: 0] Instantiating callback <src.utils.inference_utils.LocalPickleWriter>
[2025-09-17 19:40:54,651][src.utils.launcher_utils][INFO] - [rank: 0] Instantiating loggers...
[2025-09-17 19:40:54,651][src.utils.instantiators][INFO] - [rank: 0] Instantiating logger <lightning.pytorch.loggers.csv_logs.CSVLogger>
[2025-09-17 19:40:54,653][src.utils.launcher_utils][INFO] - [rank: 0] Instantiating trainer <lightning.pytorch.trainer.Trainer>
[2025-09-17 19:40:54,759][src.utils.launcher_utils][INFO] - [rank: 0] Logging hyperparameters!
[2025-09-17 19:40:54,888][__main__][INFO] - [rank: 0] Starting inference!
[2025-09-17 19:40:54,888][__main__][WARNING] - [rank: 0] No ckpt_path was provided. If using a model you trained, this is mandatory. Only leave ckpt_path=None if using a pre-trained model.
[2025-09-17 19:41:12,426][src.utils.inference_utils][INFO] - Rank 1 initialized for inference.
[2025-09-17 19:41:12,426][src.utils.inference_utils][INFO] - Rank 0 initialized for inference.
[2025-09-17 19:41:14,625][src.utils.inference_utils][INFO] - Global Rank: 0 wrote 64 rows to /data/mhwang/Rec/GRID/logs/inference/runs/2025-09-17/19-40-47/pickle/predictions_0_20250917T114114621.pkl.
[2025-09-17 19:41:14,741][src.utils.inference_utils][INFO] - Global Rank: 1 wrote 64 rows to /data/mhwang/Rec/GRID/logs/inference/runs/2025-09-17/19-40-47/pickle/predictions_1_20250917T114114738.pkl.
[2025-09-17 19:41:14,906][src.utils.inference_utils][INFO] - Global Rank: 0 wrote 64 rows to /data/mhwang/Rec/GRID/logs/inference/runs/2025-09-17/19-40-47/pickle/predictions_0_20250917T114114903.pkl.
[2025-09-17 19:41:15,028][src.utils.inference_utils][INFO] - Global Rank: 1 wrote 64 rows to /data/mhwang/Rec/GRID/logs/inference/runs/2025-09-17/19-40-47/pickle/predictions_1_20250917T114115024.pkl.
[2025-09-17 19:41:15,188][src.utils.inference_utils][INFO] - Global Rank: 0 wrote 64 rows to /data/mhwang/Rec/GRID/logs/inference/runs/2025-09-17/19-40-47/pickle/predictions_0_20250917T114115185.pkl.
[2025-09-17 19:41:15,316][src.utils.inference_utils][INFO] - Global Rank: 1 wrote 64 rows to /data/mhwang/Rec/GRID/logs/inference/runs/2025-09-17/19-40-47/pickle/predictions_1_20250917T114115312.pkl.
[2025-09-17 19:41:15,469][src.utils.inference_utils][INFO] - Global Rank: 0 wrote 64 rows to /data/mhwang/Rec/GRID/logs/inference/runs/2025-09-17/19-40-47/pickle/predictions_0_20250917T114115465.pkl.
[2025-09-17 19:41:15,608][src.utils.inference_utils][INFO] - Global Rank: 1 wrote 64 rows to /data/mhwang/Rec/GRID/logs/inference/runs/2025-09-17/19-40-47/pickle/predictions_1_20250917T114115605.pkl.
[2025-09-17 19:41:15,753][src.utils.inference_utils][INFO] - Global Rank: 0 wrote 64 rows to /data/mhwang/Rec/GRID/logs/inference/runs/2025-09-17/19-40-47/pickle/predictions_0_20250917T114115749.pkl.
[2025-09-17 19:41:15,893][src.utils.inference_utils][INFO] - Global Rank: 1 wrote 64 rows to /data/mhwang/Rec/GRID/logs/inference/runs/2025-09-17/19-40-47/pickle/predictions_1_20250917T114115889.pkl.
[2025-09-17 19:41:16,049][src.utils.inference_utils][INFO] - Global Rank: 0 wrote 64 rows to /data/mhwang/Rec/GRID/logs/inference/runs/2025-09-17/19-40-47/pickle/predictions_0_20250917T114116045.pkl.
[2025-09-17 19:41:16,181][src.utils.inference_utils][INFO] - Global Rank: 1 wrote 64 rows to /data/mhwang/Rec/GRID/logs/inference/runs/2025-09-17/19-40-47/pickle/predictions_1_20250917T114116177.pkl.
[2025-09-17 19:41:16,336][src.utils.inference_utils][INFO] - Global Rank: 0 wrote 64 rows to /data/mhwang/Rec/GRID/logs/inference/runs/2025-09-17/19-40-47/pickle/predictions_0_20250917T114116332.pkl.
[2025-09-17 19:41:16,471][src.utils.inference_utils][INFO] - Global Rank: 1 wrote 64 rows to /data/mhwang/Rec/GRID/logs/inference/runs/2025-09-17/19-40-47/pickle/predictions_1_20250917T114116467.pkl.
[2025-09-17 19:41:16,617][src.utils.inference_utils][INFO] - Global Rank: 0 wrote 64 rows to /data/mhwang/Rec/GRID/logs/inference/runs/2025-09-17/19-40-47/pickle/predictions_0_20250917T114116613.pkl.
[2025-09-17 19:41:16,753][src.utils.inference_utils][INFO] - Global Rank: 1 wrote 64 rows to /data/mhwang/Rec/GRID/logs/inference/runs/2025-09-17/19-40-47/pickle/predictions_1_20250917T114116749.pkl.
[2025-09-17 19:41:16,895][src.utils.inference_utils][INFO] - Global Rank: 0 wrote 64 rows to /data/mhwang/Rec/GRID/logs/inference/runs/2025-09-17/19-40-47/pickle/predictions_0_20250917T114116892.pkl.
[2025-09-17 19:41:17,036][src.utils.inference_utils][INFO] - Global Rank: 1 wrote 64 rows to /data/mhwang/Rec/GRID/logs/inference/runs/2025-09-17/19-40-47/pickle/predictions_1_20250917T114117032.pkl.
[2025-09-17 19:41:17,174][src.utils.inference_utils][INFO] - Global Rank: 0 wrote 64 rows to /data/mhwang/Rec/GRID/logs/inference/runs/2025-09-17/19-40-47/pickle/predictions_0_20250917T114117170.pkl.
[2025-09-17 19:41:17,322][src.utils.inference_utils][INFO] - Global Rank: 1 wrote 64 rows to /data/mhwang/Rec/GRID/logs/inference/runs/2025-09-17/19-40-47/pickle/predictions_1_20250917T114117318.pkl.
[2025-09-17 19:41:17,470][src.utils.inference_utils][INFO] - Global Rank: 0 wrote 64 rows to /data/mhwang/Rec/GRID/logs/inference/runs/2025-09-17/19-40-47/pickle/predictions_0_20250917T114117466.pkl.
[2025-09-17 19:41:17,605][src.utils.inference_utils][INFO] - Global Rank: 1 wrote 64 rows to /data/mhwang/Rec/GRID/logs/inference/runs/2025-09-17/19-40-47/pickle/predictions_1_20250917T114117601.pkl.
[2025-09-17 19:41:17,751][src.utils.inference_utils][INFO] - Global Rank: 0 wrote 64 rows to /data/mhwang/Rec/GRID/logs/inference/runs/2025-09-17/19-40-47/pickle/predictions_0_20250917T114117748.pkl.
[2025-09-17 19:41:17,901][src.utils.inference_utils][INFO] - Global Rank: 1 wrote 64 rows to /data/mhwang/Rec/GRID/logs/inference/runs/2025-09-17/19-40-47/pickle/predictions_1_20250917T114117897.pkl.
[2025-09-17 19:41:18,043][src.utils.inference_utils][INFO] - Global Rank: 0 wrote 64 rows to /data/mhwang/Rec/GRID/logs/inference/runs/2025-09-17/19-40-47/pickle/predictions_0_20250917T114118040.pkl.
[2025-09-17 19:41:18,191][src.utils.inference_utils][INFO] - Global Rank: 1 wrote 64 rows to /data/mhwang/Rec/GRID/logs/inference/runs/2025-09-17/19-40-47/pickle/predictions_1_20250917T114118186.pkl.
[2025-09-17 19:41:18,322][src.utils.inference_utils][INFO] - Global Rank: 0 wrote 64 rows to /data/mhwang/Rec/GRID/logs/inference/runs/2025-09-17/19-40-47/pickle/predictions_0_20250917T114118318.pkl.
[2025-09-17 19:41:18,481][src.utils.inference_utils][INFO] - Global Rank: 1 wrote 64 rows to /data/mhwang/Rec/GRID/logs/inference/runs/2025-09-17/19-40-47/pickle/predictions_1_20250917T114118477.pkl.
[2025-09-17 19:41:18,603][src.utils.inference_utils][INFO] - Global Rank: 0 wrote 64 rows to /data/mhwang/Rec/GRID/logs/inference/runs/2025-09-17/19-40-47/pickle/predictions_0_20250917T114118599.pkl.
[2025-09-17 19:41:18,762][src.utils.inference_utils][INFO] - Global Rank: 1 wrote 64 rows to /data/mhwang/Rec/GRID/logs/inference/runs/2025-09-17/19-40-47/pickle/predictions_1_20250917T114118758.pkl.
[2025-09-17 19:41:18,882][src.utils.inference_utils][INFO] - Global Rank: 0 wrote 64 rows to /data/mhwang/Rec/GRID/logs/inference/runs/2025-09-17/19-40-47/pickle/predictions_0_20250917T114118878.pkl.
[2025-09-17 19:41:19,049][src.utils.inference_utils][INFO] - Global Rank: 1 wrote 64 rows to /data/mhwang/Rec/GRID/logs/inference/runs/2025-09-17/19-40-47/pickle/predictions_1_20250917T114119044.pkl.
[2025-09-17 19:41:19,161][src.utils.inference_utils][INFO] - Global Rank: 0 wrote 64 rows to /data/mhwang/Rec/GRID/logs/inference/runs/2025-09-17/19-40-47/pickle/predictions_0_20250917T114119157.pkl.
[2025-09-17 19:41:19,334][src.utils.inference_utils][INFO] - Global Rank: 1 wrote 64 rows to /data/mhwang/Rec/GRID/logs/inference/runs/2025-09-17/19-40-47/pickle/predictions_1_20250917T114119330.pkl.
[2025-09-17 19:41:19,464][src.utils.inference_utils][INFO] - Global Rank: 0 wrote 64 rows to /data/mhwang/Rec/GRID/logs/inference/runs/2025-09-17/19-40-47/pickle/predictions_0_20250917T114119460.pkl.
[2025-09-17 19:41:19,615][src.utils.inference_utils][INFO] - Global Rank: 1 wrote 64 rows to /data/mhwang/Rec/GRID/logs/inference/runs/2025-09-17/19-40-47/pickle/predictions_1_20250917T114119611.pkl.
[2025-09-17 19:41:19,773][src.utils.inference_utils][INFO] - Global Rank: 0 wrote 64 rows to /data/mhwang/Rec/GRID/logs/inference/runs/2025-09-17/19-40-47/pickle/predictions_0_20250917T114119770.pkl.
[2025-09-17 19:41:19,902][src.utils.inference_utils][INFO] - Global Rank: 1 wrote 64 rows to /data/mhwang/Rec/GRID/logs/inference/runs/2025-09-17/19-40-47/pickle/predictions_1_20250917T114119898.pkl.
[2025-09-17 19:41:20,061][src.utils.inference_utils][INFO] - Global Rank: 0 wrote 64 rows to /data/mhwang/Rec/GRID/logs/inference/runs/2025-09-17/19-40-47/pickle/predictions_0_20250917T114120058.pkl.
[2025-09-17 19:41:20,183][src.utils.inference_utils][INFO] - Global Rank: 1 wrote 64 rows to /data/mhwang/Rec/GRID/logs/inference/runs/2025-09-17/19-40-47/pickle/predictions_1_20250917T114120180.pkl.
[2025-09-17 19:41:20,344][src.utils.inference_utils][INFO] - Global Rank: 0 wrote 64 rows to /data/mhwang/Rec/GRID/logs/inference/runs/2025-09-17/19-40-47/pickle/predictions_0_20250917T114120341.pkl.
[2025-09-17 19:41:20,470][src.utils.inference_utils][INFO] - Global Rank: 1 wrote 64 rows to /data/mhwang/Rec/GRID/logs/inference/runs/2025-09-17/19-40-47/pickle/predictions_1_20250917T114120466.pkl.
[2025-09-17 19:41:20,651][src.utils.inference_utils][INFO] - Global Rank: 0 wrote 64 rows to /data/mhwang/Rec/GRID/logs/inference/runs/2025-09-17/19-40-47/pickle/predictions_0_20250917T114120644.pkl.
[2025-09-17 19:41:20,762][src.utils.inference_utils][INFO] - Global Rank: 1 wrote 64 rows to /data/mhwang/Rec/GRID/logs/inference/runs/2025-09-17/19-40-47/pickle/predictions_1_20250917T114120759.pkl.
[2025-09-17 19:41:20,957][src.utils.inference_utils][INFO] - Global Rank: 0 wrote 64 rows to /data/mhwang/Rec/GRID/logs/inference/runs/2025-09-17/19-40-47/pickle/predictions_0_20250917T114120953.pkl.
[2025-09-17 19:41:21,043][src.utils.inference_utils][INFO] - Global Rank: 1 wrote 64 rows to /data/mhwang/Rec/GRID/logs/inference/runs/2025-09-17/19-40-47/pickle/predictions_1_20250917T114121039.pkl.
[2025-09-17 19:41:21,249][src.utils.inference_utils][INFO] - Global Rank: 0 wrote 64 rows to /data/mhwang/Rec/GRID/logs/inference/runs/2025-09-17/19-40-47/pickle/predictions_0_20250917T114121245.pkl.
[2025-09-17 19:41:21,328][src.utils.inference_utils][INFO] - Global Rank: 1 wrote 64 rows to /data/mhwang/Rec/GRID/logs/inference/runs/2025-09-17/19-40-47/pickle/predictions_1_20250917T114121324.pkl.
[2025-09-17 19:41:21,539][src.utils.inference_utils][INFO] - Global Rank: 0 wrote 64 rows to /data/mhwang/Rec/GRID/logs/inference/runs/2025-09-17/19-40-47/pickle/predictions_0_20250917T114121535.pkl.
[2025-09-17 19:41:21,613][src.utils.inference_utils][INFO] - Global Rank: 1 wrote 64 rows to /data/mhwang/Rec/GRID/logs/inference/runs/2025-09-17/19-40-47/pickle/predictions_1_20250917T114121609.pkl.
[2025-09-17 19:41:21,828][src.utils.inference_utils][INFO] - Global Rank: 0 wrote 64 rows to /data/mhwang/Rec/GRID/logs/inference/runs/2025-09-17/19-40-47/pickle/predictions_0_20250917T114121824.pkl.
[2025-09-17 19:41:21,914][src.utils.inference_utils][INFO] - Global Rank: 1 wrote 64 rows to /data/mhwang/Rec/GRID/logs/inference/runs/2025-09-17/19-40-47/pickle/predictions_1_20250917T114121910.pkl.
[2025-09-17 19:41:22,121][src.utils.inference_utils][INFO] - Global Rank: 0 wrote 64 rows to /data/mhwang/Rec/GRID/logs/inference/runs/2025-09-17/19-40-47/pickle/predictions_0_20250917T114122117.pkl.
[2025-09-17 19:41:22,198][src.utils.inference_utils][INFO] - Global Rank: 1 wrote 64 rows to /data/mhwang/Rec/GRID/logs/inference/runs/2025-09-17/19-40-47/pickle/predictions_1_20250917T114122194.pkl.
[2025-09-17 19:41:22,411][src.utils.inference_utils][INFO] - Global Rank: 0 wrote 64 rows to /data/mhwang/Rec/GRID/logs/inference/runs/2025-09-17/19-40-47/pickle/predictions_0_20250917T114122407.pkl.
[2025-09-17 19:41:22,478][src.utils.inference_utils][INFO] - Global Rank: 1 wrote 64 rows to /data/mhwang/Rec/GRID/logs/inference/runs/2025-09-17/19-40-47/pickle/predictions_1_20250917T114122474.pkl.
[2025-09-17 19:41:22,698][src.utils.inference_utils][INFO] - Global Rank: 0 wrote 64 rows to /data/mhwang/Rec/GRID/logs/inference/runs/2025-09-17/19-40-47/pickle/predictions_0_20250917T114122694.pkl.
[2025-09-17 19:41:22,758][src.utils.inference_utils][INFO] - Global Rank: 1 wrote 64 rows to /data/mhwang/Rec/GRID/logs/inference/runs/2025-09-17/19-40-47/pickle/predictions_1_20250917T114122755.pkl.
[2025-09-17 19:41:22,977][src.utils.inference_utils][INFO] - Global Rank: 0 wrote 64 rows to /data/mhwang/Rec/GRID/logs/inference/runs/2025-09-17/19-40-47/pickle/predictions_0_20250917T114122974.pkl.
[2025-09-17 19:41:23,042][src.utils.inference_utils][INFO] - Global Rank: 1 wrote 64 rows to /data/mhwang/Rec/GRID/logs/inference/runs/2025-09-17/19-40-47/pickle/predictions_1_20250917T114123038.pkl.
[2025-09-17 19:41:23,254][src.utils.inference_utils][INFO] - Global Rank: 0 wrote 64 rows to /data/mhwang/Rec/GRID/logs/inference/runs/2025-09-17/19-40-47/pickle/predictions_0_20250917T114123251.pkl.
[2025-09-17 19:41:23,322][src.utils.inference_utils][INFO] - Global Rank: 1 wrote 64 rows to /data/mhwang/Rec/GRID/logs/inference/runs/2025-09-17/19-40-47/pickle/predictions_1_20250917T114123318.pkl.
[2025-09-17 19:41:23,547][src.utils.inference_utils][INFO] - Global Rank: 0 wrote 64 rows to /data/mhwang/Rec/GRID/logs/inference/runs/2025-09-17/19-40-47/pickle/predictions_0_20250917T114123542.pkl.
[2025-09-17 19:41:23,604][src.utils.inference_utils][INFO] - Global Rank: 1 wrote 64 rows to /data/mhwang/Rec/GRID/logs/inference/runs/2025-09-17/19-40-47/pickle/predictions_1_20250917T114123600.pkl.
[2025-09-17 19:41:23,836][src.utils.inference_utils][INFO] - Global Rank: 0 wrote 64 rows to /data/mhwang/Rec/GRID/logs/inference/runs/2025-09-17/19-40-47/pickle/predictions_0_20250917T114123832.pkl.
[2025-09-17 19:41:23,884][src.utils.inference_utils][INFO] - Global Rank: 1 wrote 64 rows to /data/mhwang/Rec/GRID/logs/inference/runs/2025-09-17/19-40-47/pickle/predictions_1_20250917T114123880.pkl.
[2025-09-17 19:41:24,121][src.utils.inference_utils][INFO] - Global Rank: 0 wrote 64 rows to /data/mhwang/Rec/GRID/logs/inference/runs/2025-09-17/19-40-47/pickle/predictions_0_20250917T114124118.pkl.
[2025-09-17 19:41:24,164][src.utils.inference_utils][INFO] - Global Rank: 1 wrote 64 rows to /data/mhwang/Rec/GRID/logs/inference/runs/2025-09-17/19-40-47/pickle/predictions_1_20250917T114124160.pkl.
[2025-09-17 19:41:24,406][src.utils.inference_utils][INFO] - Global Rank: 0 wrote 64 rows to /data/mhwang/Rec/GRID/logs/inference/runs/2025-09-17/19-40-47/pickle/predictions_0_20250917T114124403.pkl.
[2025-09-17 19:41:24,445][src.utils.inference_utils][INFO] - Global Rank: 1 wrote 64 rows to /data/mhwang/Rec/GRID/logs/inference/runs/2025-09-17/19-40-47/pickle/predictions_1_20250917T114124441.pkl.
[2025-09-17 19:41:24,693][src.utils.inference_utils][INFO] - Global Rank: 0 wrote 64 rows to /data/mhwang/Rec/GRID/logs/inference/runs/2025-09-17/19-40-47/pickle/predictions_0_20250917T114124688.pkl.
[2025-09-17 19:41:24,725][src.utils.inference_utils][INFO] - Global Rank: 1 wrote 64 rows to /data/mhwang/Rec/GRID/logs/inference/runs/2025-09-17/19-40-47/pickle/predictions_1_20250917T114124721.pkl.
[2025-09-17 19:41:24,984][src.utils.inference_utils][INFO] - Global Rank: 0 wrote 64 rows to /data/mhwang/Rec/GRID/logs/inference/runs/2025-09-17/19-40-47/pickle/predictions_0_20250917T114124976.pkl.
[2025-09-17 19:41:25,015][src.utils.inference_utils][INFO] - Global Rank: 1 wrote 64 rows to /data/mhwang/Rec/GRID/logs/inference/runs/2025-09-17/19-40-47/pickle/predictions_1_20250917T114125010.pkl.
[2025-09-17 19:41:25,264][src.utils.inference_utils][INFO] - Global Rank: 0 wrote 64 rows to /data/mhwang/Rec/GRID/logs/inference/runs/2025-09-17/19-40-47/pickle/predictions_0_20250917T114125260.pkl.
[2025-09-17 19:41:25,293][src.utils.inference_utils][INFO] - Global Rank: 1 wrote 64 rows to /data/mhwang/Rec/GRID/logs/inference/runs/2025-09-17/19-40-47/pickle/predictions_1_20250917T114125289.pkl.
[2025-09-17 19:41:25,543][src.utils.inference_utils][INFO] - Global Rank: 0 wrote 64 rows to /data/mhwang/Rec/GRID/logs/inference/runs/2025-09-17/19-40-47/pickle/predictions_0_20250917T114125539.pkl.
[2025-09-17 19:41:25,574][src.utils.inference_utils][INFO] - Global Rank: 1 wrote 64 rows to /data/mhwang/Rec/GRID/logs/inference/runs/2025-09-17/19-40-47/pickle/predictions_1_20250917T114125570.pkl.
[2025-09-17 19:41:25,824][src.utils.inference_utils][INFO] - Global Rank: 0 wrote 64 rows to /data/mhwang/Rec/GRID/logs/inference/runs/2025-09-17/19-40-47/pickle/predictions_0_20250917T114125820.pkl.
[2025-09-17 19:41:25,855][src.utils.inference_utils][INFO] - Global Rank: 1 wrote 64 rows to /data/mhwang/Rec/GRID/logs/inference/runs/2025-09-17/19-40-47/pickle/predictions_1_20250917T114125851.pkl.
[2025-09-17 19:41:26,101][src.utils.inference_utils][INFO] - Global Rank: 0 wrote 64 rows to /data/mhwang/Rec/GRID/logs/inference/runs/2025-09-17/19-40-47/pickle/predictions_0_20250917T114126098.pkl.
[2025-09-17 19:41:26,136][src.utils.inference_utils][INFO] - Global Rank: 1 wrote 64 rows to /data/mhwang/Rec/GRID/logs/inference/runs/2025-09-17/19-40-47/pickle/predictions_1_20250917T114126131.pkl.
[2025-09-17 19:41:26,392][src.utils.inference_utils][INFO] - Global Rank: 0 wrote 64 rows to /data/mhwang/Rec/GRID/logs/inference/runs/2025-09-17/19-40-47/pickle/predictions_0_20250917T114126389.pkl.
[2025-09-17 19:41:26,416][src.utils.inference_utils][INFO] - Global Rank: 1 wrote 64 rows to /data/mhwang/Rec/GRID/logs/inference/runs/2025-09-17/19-40-47/pickle/predictions_1_20250917T114126412.pkl.
[2025-09-17 19:41:26,677][src.utils.inference_utils][INFO] - Global Rank: 0 wrote 64 rows to /data/mhwang/Rec/GRID/logs/inference/runs/2025-09-17/19-40-47/pickle/predictions_0_20250917T114126673.pkl.
[2025-09-17 19:41:26,703][src.utils.inference_utils][INFO] - Global Rank: 1 wrote 64 rows to /data/mhwang/Rec/GRID/logs/inference/runs/2025-09-17/19-40-47/pickle/predictions_1_20250917T114126699.pkl.
[2025-09-17 19:41:26,965][src.utils.inference_utils][INFO] - Global Rank: 0 wrote 64 rows to /data/mhwang/Rec/GRID/logs/inference/runs/2025-09-17/19-40-47/pickle/predictions_0_20250917T114126962.pkl.
[2025-09-17 19:41:26,983][src.utils.inference_utils][INFO] - Global Rank: 1 wrote 64 rows to /data/mhwang/Rec/GRID/logs/inference/runs/2025-09-17/19-40-47/pickle/predictions_1_20250917T114126979.pkl.
[2025-09-17 19:41:27,257][src.utils.inference_utils][INFO] - Global Rank: 0 wrote 64 rows to /data/mhwang/Rec/GRID/logs/inference/runs/2025-09-17/19-40-47/pickle/predictions_0_20250917T114127254.pkl.
[2025-09-17 19:41:27,263][src.utils.inference_utils][INFO] - Global Rank: 1 wrote 64 rows to /data/mhwang/Rec/GRID/logs/inference/runs/2025-09-17/19-40-47/pickle/predictions_1_20250917T114127259.pkl.
[2025-09-17 19:41:27,545][src.utils.inference_utils][INFO] - Global Rank: 1 wrote 64 rows to /data/mhwang/Rec/GRID/logs/inference/runs/2025-09-17/19-40-47/pickle/predictions_1_20250917T114127541.pkl.
[2025-09-17 19:41:27,557][src.utils.inference_utils][INFO] - Global Rank: 0 wrote 64 rows to /data/mhwang/Rec/GRID/logs/inference/runs/2025-09-17/19-40-47/pickle/predictions_0_20250917T114127554.pkl.
[2025-09-17 19:41:27,824][src.utils.inference_utils][INFO] - Global Rank: 1 wrote 64 rows to /data/mhwang/Rec/GRID/logs/inference/runs/2025-09-17/19-40-47/pickle/predictions_1_20250917T114127821.pkl.
[2025-09-17 19:41:27,837][src.utils.inference_utils][INFO] - Global Rank: 0 wrote 64 rows to /data/mhwang/Rec/GRID/logs/inference/runs/2025-09-17/19-40-47/pickle/predictions_0_20250917T114127834.pkl.
[2025-09-17 19:41:28,108][src.utils.inference_utils][INFO] - Global Rank: 1 wrote 64 rows to /data/mhwang/Rec/GRID/logs/inference/runs/2025-09-17/19-40-47/pickle/predictions_1_20250917T114128104.pkl.
[2025-09-17 19:41:28,128][src.utils.inference_utils][INFO] - Global Rank: 0 wrote 64 rows to /data/mhwang/Rec/GRID/logs/inference/runs/2025-09-17/19-40-47/pickle/predictions_0_20250917T114128125.pkl.
[2025-09-17 19:41:28,391][src.utils.inference_utils][INFO] - Global Rank: 1 wrote 64 rows to /data/mhwang/Rec/GRID/logs/inference/runs/2025-09-17/19-40-47/pickle/predictions_1_20250917T114128387.pkl.
[2025-09-17 19:41:28,414][src.utils.inference_utils][INFO] - Global Rank: 0 wrote 64 rows to /data/mhwang/Rec/GRID/logs/inference/runs/2025-09-17/19-40-47/pickle/predictions_0_20250917T114128412.pkl.
[2025-09-17 19:41:28,677][src.utils.inference_utils][INFO] - Global Rank: 1 wrote 64 rows to /data/mhwang/Rec/GRID/logs/inference/runs/2025-09-17/19-40-47/pickle/predictions_1_20250917T114128674.pkl.
[2025-09-17 19:41:28,702][src.utils.inference_utils][INFO] - Global Rank: 0 wrote 64 rows to /data/mhwang/Rec/GRID/logs/inference/runs/2025-09-17/19-40-47/pickle/predictions_0_20250917T114128698.pkl.
[2025-09-17 19:41:28,958][src.utils.inference_utils][INFO] - Global Rank: 1 wrote 64 rows to /data/mhwang/Rec/GRID/logs/inference/runs/2025-09-17/19-40-47/pickle/predictions_1_20250917T114128954.pkl.
[2025-09-17 19:41:28,989][src.utils.inference_utils][INFO] - Global Rank: 0 wrote 64 rows to /data/mhwang/Rec/GRID/logs/inference/runs/2025-09-17/19-40-47/pickle/predictions_0_20250917T114128986.pkl.
[2025-09-17 19:41:29,239][src.utils.inference_utils][INFO] - Global Rank: 1 wrote 64 rows to /data/mhwang/Rec/GRID/logs/inference/runs/2025-09-17/19-40-47/pickle/predictions_1_20250917T114129235.pkl.
[2025-09-17 19:41:29,275][src.utils.inference_utils][INFO] - Global Rank: 0 wrote 64 rows to /data/mhwang/Rec/GRID/logs/inference/runs/2025-09-17/19-40-47/pickle/predictions_0_20250917T114129272.pkl.
[2025-09-17 19:41:29,521][src.utils.inference_utils][INFO] - Global Rank: 1 wrote 64 rows to /data/mhwang/Rec/GRID/logs/inference/runs/2025-09-17/19-40-47/pickle/predictions_1_20250917T114129516.pkl.
[2025-09-17 19:41:29,562][src.utils.inference_utils][INFO] - Global Rank: 0 wrote 64 rows to /data/mhwang/Rec/GRID/logs/inference/runs/2025-09-17/19-40-47/pickle/predictions_0_20250917T114129558.pkl.
[2025-09-17 19:41:29,799][src.utils.inference_utils][INFO] - Global Rank: 1 wrote 64 rows to /data/mhwang/Rec/GRID/logs/inference/runs/2025-09-17/19-40-47/pickle/predictions_1_20250917T114129796.pkl.
[2025-09-17 19:41:29,851][src.utils.inference_utils][INFO] - Global Rank: 0 wrote 64 rows to /data/mhwang/Rec/GRID/logs/inference/runs/2025-09-17/19-40-47/pickle/predictions_0_20250917T114129848.pkl.
[2025-09-17 19:41:30,087][src.utils.inference_utils][INFO] - Global Rank: 1 wrote 64 rows to /data/mhwang/Rec/GRID/logs/inference/runs/2025-09-17/19-40-47/pickle/predictions_1_20250917T114130083.pkl.
[2025-09-17 19:41:30,137][src.utils.inference_utils][INFO] - Global Rank: 0 wrote 64 rows to /data/mhwang/Rec/GRID/logs/inference/runs/2025-09-17/19-40-47/pickle/predictions_0_20250917T114130134.pkl.
[2025-09-17 19:41:30,369][src.utils.inference_utils][INFO] - Global Rank: 1 wrote 64 rows to /data/mhwang/Rec/GRID/logs/inference/runs/2025-09-17/19-40-47/pickle/predictions_1_20250917T114130364.pkl.
[2025-09-17 19:41:30,425][src.utils.inference_utils][INFO] - Global Rank: 0 wrote 64 rows to /data/mhwang/Rec/GRID/logs/inference/runs/2025-09-17/19-40-47/pickle/predictions_0_20250917T114130422.pkl.
[2025-09-17 19:41:30,652][src.utils.inference_utils][INFO] - Global Rank: 1 wrote 64 rows to /data/mhwang/Rec/GRID/logs/inference/runs/2025-09-17/19-40-47/pickle/predictions_1_20250917T114130648.pkl.
[2025-09-17 19:41:30,713][src.utils.inference_utils][INFO] - Global Rank: 0 wrote 64 rows to /data/mhwang/Rec/GRID/logs/inference/runs/2025-09-17/19-40-47/pickle/predictions_0_20250917T114130708.pkl.
[2025-09-17 19:41:30,934][src.utils.inference_utils][INFO] - Global Rank: 1 wrote 64 rows to /data/mhwang/Rec/GRID/logs/inference/runs/2025-09-17/19-40-47/pickle/predictions_1_20250917T114130930.pkl.
[2025-09-17 19:41:31,001][src.utils.inference_utils][INFO] - Global Rank: 0 wrote 64 rows to /data/mhwang/Rec/GRID/logs/inference/runs/2025-09-17/19-40-47/pickle/predictions_0_20250917T114130998.pkl.
[2025-09-17 19:41:31,215][src.utils.inference_utils][INFO] - Global Rank: 1 wrote 64 rows to /data/mhwang/Rec/GRID/logs/inference/runs/2025-09-17/19-40-47/pickle/predictions_1_20250917T114131211.pkl.
[2025-09-17 19:41:31,288][src.utils.inference_utils][INFO] - Global Rank: 0 wrote 64 rows to /data/mhwang/Rec/GRID/logs/inference/runs/2025-09-17/19-40-47/pickle/predictions_0_20250917T114131285.pkl.
[2025-09-17 19:41:31,496][src.utils.inference_utils][INFO] - Global Rank: 1 wrote 64 rows to /data/mhwang/Rec/GRID/logs/inference/runs/2025-09-17/19-40-47/pickle/predictions_1_20250917T114131492.pkl.
[2025-09-17 19:41:31,572][src.utils.inference_utils][INFO] - Global Rank: 0 wrote 64 rows to /data/mhwang/Rec/GRID/logs/inference/runs/2025-09-17/19-40-47/pickle/predictions_0_20250917T114131569.pkl.
[2025-09-17 19:41:31,776][src.utils.inference_utils][INFO] - Global Rank: 1 wrote 64 rows to /data/mhwang/Rec/GRID/logs/inference/runs/2025-09-17/19-40-47/pickle/predictions_1_20250917T114131773.pkl.
[2025-09-17 19:41:31,849][src.utils.inference_utils][INFO] - Global Rank: 0 wrote 64 rows to /data/mhwang/Rec/GRID/logs/inference/runs/2025-09-17/19-40-47/pickle/predictions_0_20250917T114131847.pkl.
[2025-09-17 19:41:32,064][src.utils.inference_utils][INFO] - Global Rank: 1 wrote 64 rows to /data/mhwang/Rec/GRID/logs/inference/runs/2025-09-17/19-40-47/pickle/predictions_1_20250917T114132060.pkl.
[2025-09-17 19:41:32,131][src.utils.inference_utils][INFO] - Global Rank: 0 wrote 64 rows to /data/mhwang/Rec/GRID/logs/inference/runs/2025-09-17/19-40-47/pickle/predictions_0_20250917T114132128.pkl.
[2025-09-17 19:41:32,346][src.utils.inference_utils][INFO] - Global Rank: 1 wrote 64 rows to /data/mhwang/Rec/GRID/logs/inference/runs/2025-09-17/19-40-47/pickle/predictions_1_20250917T114132342.pkl.
[2025-09-17 19:41:32,411][src.utils.inference_utils][INFO] - Global Rank: 0 wrote 64 rows to /data/mhwang/Rec/GRID/logs/inference/runs/2025-09-17/19-40-47/pickle/predictions_0_20250917T114132409.pkl.
[2025-09-17 19:41:32,630][src.utils.inference_utils][INFO] - Global Rank: 1 wrote 64 rows to /data/mhwang/Rec/GRID/logs/inference/runs/2025-09-17/19-40-47/pickle/predictions_1_20250917T114132626.pkl.
[2025-09-17 19:41:32,690][src.utils.inference_utils][INFO] - Global Rank: 0 wrote 64 rows to /data/mhwang/Rec/GRID/logs/inference/runs/2025-09-17/19-40-47/pickle/predictions_0_20250917T114132687.pkl.
[2025-09-17 19:41:32,913][src.utils.inference_utils][INFO] - Global Rank: 1 wrote 64 rows to /data/mhwang/Rec/GRID/logs/inference/runs/2025-09-17/19-40-47/pickle/predictions_1_20250917T114132909.pkl.
[2025-09-17 19:41:32,969][src.utils.inference_utils][INFO] - Global Rank: 0 wrote 64 rows to /data/mhwang/Rec/GRID/logs/inference/runs/2025-09-17/19-40-47/pickle/predictions_0_20250917T114132966.pkl.
[2025-09-17 19:41:33,197][src.utils.inference_utils][INFO] - Global Rank: 1 wrote 64 rows to /data/mhwang/Rec/GRID/logs/inference/runs/2025-09-17/19-40-47/pickle/predictions_1_20250917T114133193.pkl.
[2025-09-17 19:41:33,253][src.utils.inference_utils][INFO] - Global Rank: 0 wrote 64 rows to /data/mhwang/Rec/GRID/logs/inference/runs/2025-09-17/19-40-47/pickle/predictions_0_20250917T114133250.pkl.
[2025-09-17 19:41:33,479][src.utils.inference_utils][INFO] - Global Rank: 1 wrote 64 rows to /data/mhwang/Rec/GRID/logs/inference/runs/2025-09-17/19-40-47/pickle/predictions_1_20250917T114133475.pkl.
[2025-09-17 19:41:33,533][src.utils.inference_utils][INFO] - Global Rank: 0 wrote 64 rows to /data/mhwang/Rec/GRID/logs/inference/runs/2025-09-17/19-40-47/pickle/predictions_0_20250917T114133530.pkl.
[2025-09-17 19:41:33,760][src.utils.inference_utils][INFO] - Global Rank: 1 wrote 64 rows to /data/mhwang/Rec/GRID/logs/inference/runs/2025-09-17/19-40-47/pickle/predictions_1_20250917T114133756.pkl.
[2025-09-17 19:41:33,812][src.utils.inference_utils][INFO] - Global Rank: 0 wrote 64 rows to /data/mhwang/Rec/GRID/logs/inference/runs/2025-09-17/19-40-47/pickle/predictions_0_20250917T114133809.pkl.
[2025-09-17 19:41:34,042][src.utils.inference_utils][INFO] - Global Rank: 1 wrote 64 rows to /data/mhwang/Rec/GRID/logs/inference/runs/2025-09-17/19-40-47/pickle/predictions_1_20250917T114134039.pkl.
[2025-09-17 19:41:34,093][src.utils.inference_utils][INFO] - Global Rank: 0 wrote 64 rows to /data/mhwang/Rec/GRID/logs/inference/runs/2025-09-17/19-40-47/pickle/predictions_0_20250917T114134090.pkl.
[2025-09-17 19:41:34,324][src.utils.inference_utils][INFO] - Global Rank: 1 wrote 64 rows to /data/mhwang/Rec/GRID/logs/inference/runs/2025-09-17/19-40-47/pickle/predictions_1_20250917T114134320.pkl.
[2025-09-17 19:41:34,372][src.utils.inference_utils][INFO] - Global Rank: 0 wrote 64 rows to /data/mhwang/Rec/GRID/logs/inference/runs/2025-09-17/19-40-47/pickle/predictions_0_20250917T114134370.pkl.
[2025-09-17 19:41:34,606][src.utils.inference_utils][INFO] - Global Rank: 1 wrote 64 rows to /data/mhwang/Rec/GRID/logs/inference/runs/2025-09-17/19-40-47/pickle/predictions_1_20250917T114134602.pkl.
[2025-09-17 19:41:34,655][src.utils.inference_utils][INFO] - Global Rank: 0 wrote 64 rows to /data/mhwang/Rec/GRID/logs/inference/runs/2025-09-17/19-40-47/pickle/predictions_0_20250917T114134652.pkl.
[2025-09-17 19:41:34,886][src.utils.inference_utils][INFO] - Global Rank: 1 wrote 64 rows to /data/mhwang/Rec/GRID/logs/inference/runs/2025-09-17/19-40-47/pickle/predictions_1_20250917T114134882.pkl.
[2025-09-17 19:41:34,936][src.utils.inference_utils][INFO] - Global Rank: 0 wrote 64 rows to /data/mhwang/Rec/GRID/logs/inference/runs/2025-09-17/19-40-47/pickle/predictions_0_20250917T114134933.pkl.
[2025-09-17 19:41:35,170][src.utils.inference_utils][INFO] - Global Rank: 1 wrote 64 rows to /data/mhwang/Rec/GRID/logs/inference/runs/2025-09-17/19-40-47/pickle/predictions_1_20250917T114135166.pkl.
[2025-09-17 19:41:35,213][src.utils.inference_utils][INFO] - Global Rank: 0 wrote 64 rows to /data/mhwang/Rec/GRID/logs/inference/runs/2025-09-17/19-40-47/pickle/predictions_0_20250917T114135211.pkl.
[2025-09-17 19:41:35,453][src.utils.inference_utils][INFO] - Global Rank: 1 wrote 64 rows to /data/mhwang/Rec/GRID/logs/inference/runs/2025-09-17/19-40-47/pickle/predictions_1_20250917T114135449.pkl.
[2025-09-17 19:41:35,493][src.utils.inference_utils][INFO] - Global Rank: 0 wrote 64 rows to /data/mhwang/Rec/GRID/logs/inference/runs/2025-09-17/19-40-47/pickle/predictions_0_20250917T114135489.pkl.
[2025-09-17 19:41:35,734][src.utils.inference_utils][INFO] - Global Rank: 1 wrote 64 rows to /data/mhwang/Rec/GRID/logs/inference/runs/2025-09-17/19-40-47/pickle/predictions_1_20250917T114135730.pkl.
[2025-09-17 19:41:35,778][src.utils.inference_utils][INFO] - Global Rank: 0 wrote 64 rows to /data/mhwang/Rec/GRID/logs/inference/runs/2025-09-17/19-40-47/pickle/predictions_0_20250917T114135774.pkl.
[2025-09-17 19:41:36,014][src.utils.inference_utils][INFO] - Global Rank: 1 wrote 64 rows to /data/mhwang/Rec/GRID/logs/inference/runs/2025-09-17/19-40-47/pickle/predictions_1_20250917T114136010.pkl.
[2025-09-17 19:41:36,063][src.utils.inference_utils][INFO] - Global Rank: 0 wrote 64 rows to /data/mhwang/Rec/GRID/logs/inference/runs/2025-09-17/19-40-47/pickle/predictions_0_20250917T114136060.pkl.
[2025-09-17 19:41:36,296][src.utils.inference_utils][INFO] - Global Rank: 1 wrote 64 rows to /data/mhwang/Rec/GRID/logs/inference/runs/2025-09-17/19-40-47/pickle/predictions_1_20250917T114136291.pkl.
[2025-09-17 19:41:36,350][src.utils.inference_utils][INFO] - Global Rank: 0 wrote 64 rows to /data/mhwang/Rec/GRID/logs/inference/runs/2025-09-17/19-40-47/pickle/predictions_0_20250917T114136347.pkl.
[2025-09-17 19:41:36,579][src.utils.inference_utils][INFO] - Global Rank: 1 wrote 64 rows to /data/mhwang/Rec/GRID/logs/inference/runs/2025-09-17/19-40-47/pickle/predictions_1_20250917T114136575.pkl.
[2025-09-17 19:41:36,631][src.utils.inference_utils][INFO] - Global Rank: 0 wrote 64 rows to /data/mhwang/Rec/GRID/logs/inference/runs/2025-09-17/19-40-47/pickle/predictions_0_20250917T114136628.pkl.
[2025-09-17 19:41:36,870][src.utils.inference_utils][INFO] - Global Rank: 1 wrote 64 rows to /data/mhwang/Rec/GRID/logs/inference/runs/2025-09-17/19-40-47/pickle/predictions_1_20250917T114136867.pkl.
[2025-09-17 19:41:36,911][src.utils.inference_utils][INFO] - Global Rank: 0 wrote 64 rows to /data/mhwang/Rec/GRID/logs/inference/runs/2025-09-17/19-40-47/pickle/predictions_0_20250917T114136908.pkl.
[2025-09-17 19:41:37,156][src.utils.inference_utils][INFO] - Global Rank: 1 wrote 64 rows to /data/mhwang/Rec/GRID/logs/inference/runs/2025-09-17/19-40-47/pickle/predictions_1_20250917T114137152.pkl.
[2025-09-17 19:41:37,190][src.utils.inference_utils][INFO] - Global Rank: 0 wrote 64 rows to /data/mhwang/Rec/GRID/logs/inference/runs/2025-09-17/19-40-47/pickle/predictions_0_20250917T114137187.pkl.
[2025-09-17 19:41:37,440][src.utils.inference_utils][INFO] - Global Rank: 1 wrote 64 rows to /data/mhwang/Rec/GRID/logs/inference/runs/2025-09-17/19-40-47/pickle/predictions_1_20250917T114137435.pkl.
[2025-09-17 19:41:37,469][src.utils.inference_utils][INFO] - Global Rank: 0 wrote 64 rows to /data/mhwang/Rec/GRID/logs/inference/runs/2025-09-17/19-40-47/pickle/predictions_0_20250917T114137466.pkl.
[2025-09-17 19:41:37,721][src.utils.inference_utils][INFO] - Global Rank: 1 wrote 64 rows to /data/mhwang/Rec/GRID/logs/inference/runs/2025-09-17/19-40-47/pickle/predictions_1_20250917T114137718.pkl.
[2025-09-17 19:41:37,754][src.utils.inference_utils][INFO] - Global Rank: 0 wrote 64 rows to /data/mhwang/Rec/GRID/logs/inference/runs/2025-09-17/19-40-47/pickle/predictions_0_20250917T114137750.pkl.
[2025-09-17 19:41:38,004][src.utils.inference_utils][INFO] - Global Rank: 1 wrote 64 rows to /data/mhwang/Rec/GRID/logs/inference/runs/2025-09-17/19-40-47/pickle/predictions_1_20250917T114138000.pkl.
[2025-09-17 19:41:38,037][src.utils.inference_utils][INFO] - Global Rank: 0 wrote 64 rows to /data/mhwang/Rec/GRID/logs/inference/runs/2025-09-17/19-40-47/pickle/predictions_0_20250917T114138034.pkl.
[2025-09-17 19:41:38,287][src.utils.inference_utils][INFO] - Global Rank: 1 wrote 64 rows to /data/mhwang/Rec/GRID/logs/inference/runs/2025-09-17/19-40-47/pickle/predictions_1_20250917T114138283.pkl.
[2025-09-17 19:41:38,318][src.utils.inference_utils][INFO] - Global Rank: 0 wrote 64 rows to /data/mhwang/Rec/GRID/logs/inference/runs/2025-09-17/19-40-47/pickle/predictions_0_20250917T114138315.pkl.
[2025-09-17 19:41:38,569][src.utils.inference_utils][INFO] - Global Rank: 1 wrote 64 rows to /data/mhwang/Rec/GRID/logs/inference/runs/2025-09-17/19-40-47/pickle/predictions_1_20250917T114138565.pkl.
[2025-09-17 19:41:38,598][src.utils.inference_utils][INFO] - Global Rank: 0 wrote 64 rows to /data/mhwang/Rec/GRID/logs/inference/runs/2025-09-17/19-40-47/pickle/predictions_0_20250917T114138594.pkl.
[2025-09-17 19:41:38,851][src.utils.inference_utils][INFO] - Global Rank: 1 wrote 64 rows to /data/mhwang/Rec/GRID/logs/inference/runs/2025-09-17/19-40-47/pickle/predictions_1_20250917T114138847.pkl.
[2025-09-17 19:41:38,885][src.utils.inference_utils][INFO] - Global Rank: 0 wrote 64 rows to /data/mhwang/Rec/GRID/logs/inference/runs/2025-09-17/19-40-47/pickle/predictions_0_20250917T114138881.pkl.
[2025-09-17 19:41:39,132][src.utils.inference_utils][INFO] - Global Rank: 1 wrote 64 rows to /data/mhwang/Rec/GRID/logs/inference/runs/2025-09-17/19-40-47/pickle/predictions_1_20250917T114139128.pkl.
[2025-09-17 19:41:39,162][src.utils.inference_utils][INFO] - Global Rank: 0 wrote 64 rows to /data/mhwang/Rec/GRID/logs/inference/runs/2025-09-17/19-40-47/pickle/predictions_0_20250917T114139159.pkl.
[2025-09-17 19:41:39,417][src.utils.inference_utils][INFO] - Global Rank: 1 wrote 64 rows to /data/mhwang/Rec/GRID/logs/inference/runs/2025-09-17/19-40-47/pickle/predictions_1_20250917T114139413.pkl.
[2025-09-17 19:41:39,438][src.utils.inference_utils][INFO] - Global Rank: 0 wrote 64 rows to /data/mhwang/Rec/GRID/logs/inference/runs/2025-09-17/19-40-47/pickle/predictions_0_20250917T114139435.pkl.
[2025-09-17 19:41:39,708][src.utils.inference_utils][INFO] - Global Rank: 1 wrote 64 rows to /data/mhwang/Rec/GRID/logs/inference/runs/2025-09-17/19-40-47/pickle/predictions_1_20250917T114139704.pkl.
[2025-09-17 19:41:39,716][src.utils.inference_utils][INFO] - Global Rank: 0 wrote 64 rows to /data/mhwang/Rec/GRID/logs/inference/runs/2025-09-17/19-40-47/pickle/predictions_0_20250917T114139713.pkl.
[2025-09-17 19:41:39,992][src.utils.inference_utils][INFO] - Global Rank: 1 wrote 64 rows to /data/mhwang/Rec/GRID/logs/inference/runs/2025-09-17/19-40-47/pickle/predictions_1_20250917T114139988.pkl.
[2025-09-17 19:41:40,006][src.utils.inference_utils][INFO] - Global Rank: 0 wrote 64 rows to /data/mhwang/Rec/GRID/logs/inference/runs/2025-09-17/19-40-47/pickle/predictions_0_20250917T114140002.pkl.
[2025-09-17 19:41:40,278][src.utils.inference_utils][INFO] - Global Rank: 1 wrote 64 rows to /data/mhwang/Rec/GRID/logs/inference/runs/2025-09-17/19-40-47/pickle/predictions_1_20250917T114140274.pkl.
[2025-09-17 19:41:40,332][src.utils.inference_utils][INFO] - Global Rank: 0 wrote 64 rows to /data/mhwang/Rec/GRID/logs/inference/runs/2025-09-17/19-40-47/pickle/predictions_0_20250917T114140329.pkl.
[2025-09-17 19:41:40,568][src.utils.inference_utils][INFO] - Global Rank: 1 wrote 64 rows to /data/mhwang/Rec/GRID/logs/inference/runs/2025-09-17/19-40-47/pickle/predictions_1_20250917T114140564.pkl.
[2025-09-17 19:41:40,626][src.utils.inference_utils][INFO] - Global Rank: 0 wrote 64 rows to /data/mhwang/Rec/GRID/logs/inference/runs/2025-09-17/19-40-47/pickle/predictions_0_20250917T114140621.pkl.
[2025-09-17 19:41:40,850][src.utils.inference_utils][INFO] - Global Rank: 1 wrote 64 rows to /data/mhwang/Rec/GRID/logs/inference/runs/2025-09-17/19-40-47/pickle/predictions_1_20250917T114140845.pkl.
[2025-09-17 19:41:40,931][src.utils.inference_utils][INFO] - Global Rank: 0 wrote 64 rows to /data/mhwang/Rec/GRID/logs/inference/runs/2025-09-17/19-40-47/pickle/predictions_0_20250917T114140927.pkl.
[2025-09-17 19:41:40,933][src.utils.inference_utils][INFO] - Global Rank: 0 wrote 5 rows to /data/mhwang/Rec/GRID/logs/inference/runs/2025-09-17/19-40-47/pickle/predictions_0_20250917T114140933.pkl.
[2025-09-17 19:41:40,934][src.utils.inference_utils][INFO] - Rank 0 finished writing predictions.
[2025-09-17 19:41:41,140][src.utils.inference_utils][INFO] - Global Rank: 1 wrote 64 rows to /data/mhwang/Rec/GRID/logs/inference/runs/2025-09-17/19-40-47/pickle/predictions_1_20250917T114141137.pkl.
[2025-09-17 19:41:41,425][src.utils.inference_utils][INFO] - Global Rank: 1 wrote 64 rows to /data/mhwang/Rec/GRID/logs/inference/runs/2025-09-17/19-40-47/pickle/predictions_1_20250917T114141421.pkl.
[2025-09-17 19:41:41,704][src.utils.inference_utils][INFO] - Global Rank: 1 wrote 64 rows to /data/mhwang/Rec/GRID/logs/inference/runs/2025-09-17/19-40-47/pickle/predictions_1_20250917T114141700.pkl.
[2025-09-17 19:41:41,706][src.utils.inference_utils][INFO] - Buffer is empty, nothing to flush.
[2025-09-17 19:41:41,706][src.utils.inference_utils][INFO] - Rank 1 finished writing predictions.
[2025-09-17 19:41:41,707][src.utils.inference_utils][INFO] - Merging pickle files on main process.
[2025-09-17 19:41:44,481][src.utils.inference_utils][INFO] - Merged 12101 rows into merged_predictions.pkl.
[2025-09-17 19:41:47,043][src.utils.inference_utils][INFO] - Merged 12101 rows into merged_predictions_tensor.pt. as pytorch tensor
